Adding 668 nodes
Adding 1576 edges with 0 duplicates removed
Adding 908 triangles  with 0 duplicate removed
Adding 2340 nodes
Adding 6819 edges with 0 duplicates removed
Adding 4480 triangles  with 0 duplicate removed
Adding 125 nodes
Adding 316 edges with 0 duplicates removed
Adding 192 triangles  with 0 duplicate removed
Adding 75 nodes
Adding 170 edges with 0 duplicates removed
Adding 96 triangles  with 0 duplicate removed
Contact body in region bulk with 65 nodes
Contact drain in region bulk with 21 nodes
Contact gate in region oxide with 25 nodes
Contact source in region bulk with 21 nodes
Adding interface bulk_oxide with 23, 23 nodes
Replacing Node Model DrainDoping in region bulk of material Silicon
Replacing Node Model NetDoping in region bulk of material Silicon
Replacing Node Model SourceDoping in region bulk of material Silicon
Replacing Node Model gatenodemodel in region oxide of material Oxide
number of equations 2415
Iteration: 0
  Device: "part1_baseline"	RelError: 2.00000e+00	AbsError: 2.02815e-01
    Region: "bulk"	RelError: 1.00000e+00	AbsError: 2.02815e-01
      Equation: "PotentialEquation"	RelError: 1.00000e+00	AbsError: 2.02815e-01
    Region: "oxide"	RelError: 1.00000e+00	AbsError: 1.30188e-01
      Equation: "PotentialEquation"	RelError: 1.00000e+00	AbsError: 1.30188e-01
Iteration: 1
  Device: "part1_baseline"	RelError: 9.97437e-01	AbsError: 2.02372e-01
    Region: "bulk"	RelError: 4.99593e-01	AbsError: 2.02372e-01
      Equation: "PotentialEquation"	RelError: 4.99593e-01	AbsError: 2.02372e-01
    Region: "oxide"	RelError: 4.97843e-01	AbsError: 1.29070e-01
      Equation: "PotentialEquation"	RelError: 4.97843e-01	AbsError: 1.29070e-01
Iteration: 2
  Device: "part1_baseline"	RelError: 1.25414e+00	AbsError: 1.49632e-01
    Region: "bulk"	RelError: 7.16929e-01	AbsError: 1.49632e-01
      Equation: "PotentialEquation"	RelError: 7.16929e-01	AbsError: 1.49632e-01
    Region: "oxide"	RelError: 5.37207e-01	AbsError: 8.49428e-02
      Equation: "PotentialEquation"	RelError: 5.37207e-01	AbsError: 8.49428e-02
Iteration: 3
  Device: "part1_baseline"	RelError: 4.23366e+00	AbsError: 9.29867e-02
    Region: "bulk"	RelError: 2.65900e+00	AbsError: 9.29867e-02
      Equation: "PotentialEquation"	RelError: 2.65900e+00	AbsError: 9.29867e-02
    Region: "oxide"	RelError: 1.57466e+00	AbsError: 5.43379e-02
      Equation: "PotentialEquation"	RelError: 1.57466e+00	AbsError: 5.43379e-02
Iteration: 4
  Device: "part1_baseline"	RelError: 5.69586e+02	AbsError: 9.39761e-02
    Region: "bulk"	RelError: 5.66721e+02	AbsError: 9.39761e-02
      Equation: "PotentialEquation"	RelError: 5.66721e+02	AbsError: 9.39761e-02
    Region: "oxide"	RelError: 2.86554e+00	AbsError: 5.15901e-02
      Equation: "PotentialEquation"	RelError: 2.86554e+00	AbsError: 5.15901e-02
Iteration: 5
  Device: "part1_baseline"	RelError: 8.48137e+02	AbsError: 9.34526e-02
    Region: "bulk"	RelError: 8.36161e+02	AbsError: 9.34526e-02
      Equation: "PotentialEquation"	RelError: 8.36161e+02	AbsError: 9.34526e-02
    Region: "oxide"	RelError: 1.19765e+01	AbsError: 4.72709e-02
      Equation: "PotentialEquation"	RelError: 1.19765e+01	AbsError: 4.72709e-02
Iteration: 6
  Device: "part1_baseline"	RelError: 1.66609e+02	AbsError: 9.24270e-02
    Region: "bulk"	RelError: 1.47796e+02	AbsError: 9.24270e-02
      Equation: "PotentialEquation"	RelError: 1.47796e+02	AbsError: 9.24270e-02
    Region: "oxide"	RelError: 1.88131e+01	AbsError: 4.16976e-02
      Equation: "PotentialEquation"	RelError: 1.88131e+01	AbsError: 4.16976e-02
Iteration: 7
  Device: "part1_baseline"	RelError: 2.45582e+02	AbsError: 9.06462e-02
    Region: "bulk"	RelError: 2.17406e+02	AbsError: 9.06462e-02
      Equation: "PotentialEquation"	RelError: 2.17406e+02	AbsError: 9.06462e-02
    Region: "oxide"	RelError: 2.81768e+01	AbsError: 3.42780e-02
      Equation: "PotentialEquation"	RelError: 2.81768e+01	AbsError: 3.42780e-02
Iteration: 8
  Device: "part1_baseline"	RelError: 3.10733e+03	AbsError: 8.46760e-02
    Region: "bulk"	RelError: 3.10597e+03	AbsError: 8.46760e-02
      Equation: "PotentialEquation"	RelError: 3.10597e+03	AbsError: 8.46760e-02
    Region: "oxide"	RelError: 1.35663e+00	AbsError: 2.40370e-02
      Equation: "PotentialEquation"	RelError: 1.35663e+00	AbsError: 2.40370e-02
Iteration: 9
  Device: "part1_baseline"	RelError: 1.81287e+02	AbsError: 7.52804e-02
    Region: "bulk"	RelError: 1.76957e+02	AbsError: 7.52804e-02
      Equation: "PotentialEquation"	RelError: 1.76957e+02	AbsError: 7.52804e-02
    Region: "oxide"	RelError: 4.32987e+00	AbsError: 1.97799e-02
      Equation: "PotentialEquation"	RelError: 4.32987e+00	AbsError: 1.97799e-02
Iteration: 10
  Device: "part1_baseline"	RelError: 6.51937e+02	AbsError: 6.25318e-02
    Region: "bulk"	RelError: 6.50083e+02	AbsError: 6.25318e-02
      Equation: "PotentialEquation"	RelError: 6.50083e+02	AbsError: 6.25318e-02
    Region: "oxide"	RelError: 1.85435e+00	AbsError: 7.64903e-03
      Equation: "PotentialEquation"	RelError: 1.85435e+00	AbsError: 7.64903e-03
Iteration: 11
  Device: "part1_baseline"	RelError: 4.84308e+00	AbsError: 3.81833e-02
    Region: "bulk"	RelError: 4.60955e+00	AbsError: 3.81833e-02
      Equation: "PotentialEquation"	RelError: 4.60955e+00	AbsError: 3.81833e-02
    Region: "oxide"	RelError: 2.33529e-01	AbsError: 8.73038e-04
      Equation: "PotentialEquation"	RelError: 2.33529e-01	AbsError: 8.73038e-04
Iteration: 12
  Device: "part1_baseline"	RelError: 1.98669e+01	AbsError: 2.54298e-02
    Region: "bulk"	RelError: 1.98403e+01	AbsError: 2.54298e-02
      Equation: "PotentialEquation"	RelError: 1.98403e+01	AbsError: 2.54298e-02
    Region: "oxide"	RelError: 2.65926e-02	AbsError: 9.87906e-05
      Equation: "PotentialEquation"	RelError: 2.65926e-02	AbsError: 9.87906e-05
Iteration: 13
  Device: "part1_baseline"	RelError: 1.04011e+00	AbsError: 9.23775e-03
    Region: "bulk"	RelError: 1.03822e+00	AbsError: 9.23775e-03
      Equation: "PotentialEquation"	RelError: 1.03822e+00	AbsError: 9.23775e-03
    Region: "oxide"	RelError: 1.89955e-03	AbsError: 6.94987e-06
      Equation: "PotentialEquation"	RelError: 1.89955e-03	AbsError: 6.94987e-06
Iteration: 14
  Device: "part1_baseline"	RelError: 1.97450e-02	AbsError: 8.80457e-05
    Region: "bulk"	RelError: 1.97272e-02	AbsError: 8.80457e-05
      Equation: "PotentialEquation"	RelError: 1.97272e-02	AbsError: 8.80457e-05
    Region: "oxide"	RelError: 1.78451e-05	AbsError: 6.52923e-08
      Equation: "PotentialEquation"	RelError: 1.78451e-05	AbsError: 6.52923e-08
Iteration: 15
  Device: "part1_baseline"	RelError: 9.77685e-06	AbsError: 7.34970e-08
    Region: "bulk"	RelError: 9.77464e-06	AbsError: 7.34970e-08
      Equation: "PotentialEquation"	RelError: 9.77464e-06	AbsError: 7.34970e-08
    Region: "oxide"	RelError: 2.21004e-09	AbsError: 8.10989e-12
      Equation: "PotentialEquation"	RelError: 2.21004e-09	AbsError: 8.10989e-12
Iteration: 16
  Device: "part1_baseline"	RelError: 4.11599e-12	AbsError: 5.26973e-14
    Region: "bulk"	RelError: 4.11536e-12	AbsError: 5.26973e-14
      Equation: "PotentialEquation"	RelError: 4.11536e-12	AbsError: 5.26973e-14
    Region: "oxide"	RelError: 6.37866e-16	AbsError: 2.35341e-18
      Equation: "PotentialEquation"	RelError: 6.37866e-16	AbsError: 2.35341e-18
Warning: Replacing equation with equation of the same name.
Region: bulk, Equation: PotentialEquation, Variable: Potential
number of equations 7095
Iteration: 0
  Device: "part1_baseline"	RelError: 3.76015e-24	AbsError: 1.73744e-08
    Region: "bulk"	RelError: 3.75997e-24	AbsError: 1.73744e-08
      Equation: "ElectronContinuityEquation"	RelError: 1.10104e-24	AbsError: 3.86185e-09
      Equation: "HoleContinuityEquation"	RelError: 1.10104e-24	AbsError: 1.35126e-08
      Equation: "PotentialEquation"	RelError: 1.55788e-24	AbsError: 2.85029e-26
    Region: "oxide"	RelError: 1.87389e-28	AbsError: 6.89011e-31
      Equation: "PotentialEquation"	RelError: 1.87389e-28	AbsError: 6.89011e-31
number of equations 7095
Iteration: 0
  Device: "part1_baseline"	RelError: 2.07563e+03	AbsError: 9.34241e+16
    Region: "bulk"	RelError: 2.06684e+03	AbsError: 9.34241e+16
      Equation: "ElectronContinuityEquation"	RelError: 1.04496e+03	AbsError: 9.06246e+16
      Equation: "HoleContinuityEquation"	RelError: 9.99000e+02	AbsError: 2.79945e+15
      Equation: "PotentialEquation"	RelError: 2.28785e+01	AbsError: 4.09542e-02
    Region: "oxide"	RelError: 8.78931e+00	AbsError: 1.83655e-02
      Equation: "PotentialEquation"	RelError: 8.78931e+00	AbsError: 1.83655e-02
Iteration: 1
  Device: "part1_baseline"	RelError: 1.00789e+03	AbsError: 1.42592e+15
    Region: "bulk"	RelError: 1.00784e+03	AbsError: 1.42592e+15
      Equation: "ElectronContinuityEquation"	RelError: 9.99000e+02	AbsError: 1.00233e+15
      Equation: "HoleContinuityEquation"	RelError: 9.98716e-01	AbsError: 4.23583e+14
      Equation: "PotentialEquation"	RelError: 7.83870e+00	AbsError: 3.07633e-02
    Region: "oxide"	RelError: 5.20302e-02	AbsError: 8.34500e-03
      Equation: "PotentialEquation"	RelError: 5.20302e-02	AbsError: 8.34500e-03
Iteration: 2
  Device: "part1_baseline"	RelError: 1.01345e+03	AbsError: 2.35918e+14
    Region: "bulk"	RelError: 1.01344e+03	AbsError: 2.35918e+14
      Equation: "ElectronContinuityEquation"	RelError: 1.26215e+01	AbsError: 2.03976e+14
      Equation: "HoleContinuityEquation"	RelError: 9.99000e+02	AbsError: 3.19415e+13
      Equation: "PotentialEquation"	RelError: 1.81905e+00	AbsError: 2.50179e-02
    Region: "oxide"	RelError: 5.11227e-03	AbsError: 9.26171e-06
      Equation: "PotentialEquation"	RelError: 5.11227e-03	AbsError: 9.26171e-06
Iteration: 3
  Device: "part1_baseline"	RelError: 1.76754e+00	AbsError: 1.50963e+15
    Region: "bulk"	RelError: 1.76723e+00	AbsError: 1.50963e+15
      Equation: "ElectronContinuityEquation"	RelError: 7.53199e-01	AbsError: 1.50843e+15
      Equation: "HoleContinuityEquation"	RelError: 9.97693e-01	AbsError: 1.19576e+12
      Equation: "PotentialEquation"	RelError: 1.63431e-02	AbsError: 9.16562e-03
    Region: "oxide"	RelError: 3.08590e-04	AbsError: 2.70905e-06
      Equation: "PotentialEquation"	RelError: 3.08590e-04	AbsError: 2.70905e-06
Iteration: 4
  Device: "part1_baseline"	RelError: 4.76304e-01	AbsError: 1.68044e+15
    Region: "bulk"	RelError: 4.73864e-01	AbsError: 1.68044e+15
      Equation: "ElectronContinuityEquation"	RelError: 5.83666e-02	AbsError: 1.67878e+15
      Equation: "HoleContinuityEquation"	RelError: 4.06255e-01	AbsError: 1.65811e+12
      Equation: "PotentialEquation"	RelError: 9.24232e-03	AbsError: 1.96121e-04
    Region: "oxide"	RelError: 2.43978e-03	AbsError: 2.05199e-06
      Equation: "PotentialEquation"	RelError: 2.43978e-03	AbsError: 2.05199e-06
Iteration: 5
  Device: "part1_baseline"	RelError: 6.35864e-04	AbsError: 1.59890e+12
    Region: "bulk"	RelError: 6.34916e-04	AbsError: 1.59890e+12
      Equation: "ElectronContinuityEquation"	RelError: 1.03204e-04	AbsError: 1.59810e+12
      Equation: "HoleContinuityEquation"	RelError: 5.27105e-04	AbsError: 7.96066e+08
      Equation: "PotentialEquation"	RelError: 4.60673e-06	AbsError: 1.72796e-07
    Region: "oxide"	RelError: 9.47787e-07	AbsError: 6.22947e-10
      Equation: "PotentialEquation"	RelError: 9.47787e-07	AbsError: 6.22947e-10
Iteration: 6
  Device: "part1_baseline"	RelError: 6.63111e-10	AbsError: 1.36664e+06
    Region: "bulk"	RelError: 6.62422e-10	AbsError: 1.36664e+06
      Equation: "ElectronContinuityEquation"	RelError: 1.14196e-10	AbsError: 1.36601e+06
      Equation: "HoleContinuityEquation"	RelError: 5.44695e-10	AbsError: 6.28053e+02
      Equation: "PotentialEquation"	RelError: 3.52994e-12	AbsError: 1.46800e-13
    Region: "oxide"	RelError: 6.89705e-13	AbsError: 4.48876e-16
      Equation: "PotentialEquation"	RelError: 6.89705e-13	AbsError: 4.48876e-16
number of equations 7095
Iteration: 0
  Device: "part1_baseline"	RelError: 2.19530e+03	AbsError: 9.20348e+16
    Region: "bulk"	RelError: 2.19360e+03	AbsError: 9.20348e+16
      Equation: "ElectronContinuityEquation"	RelError: 9.99000e+02	AbsError: 8.91839e+16
      Equation: "HoleContinuityEquation"	RelError: 9.99000e+02	AbsError: 2.85089e+15
      Equation: "PotentialEquation"	RelError: 1.95604e+02	AbsError: 4.09542e-02
    Region: "oxide"	RelError: 1.69534e+00	AbsError: 1.83382e-02
      Equation: "PotentialEquation"	RelError: 1.69534e+00	AbsError: 1.83382e-02
Iteration: 1
  Device: "part1_baseline"	RelError: 1.01410e+03	AbsError: 1.52193e+15
    Region: "bulk"	RelError: 1.01405e+03	AbsError: 1.52193e+15
      Equation: "ElectronContinuityEquation"	RelError: 9.99000e+02	AbsError: 1.08472e+15
      Equation: "HoleContinuityEquation"	RelError: 9.98610e-01	AbsError: 4.37212e+14
      Equation: "PotentialEquation"	RelError: 1.40527e+01	AbsError: 3.07633e-02
    Region: "oxide"	RelError: 4.45874e-02	AbsError: 8.34018e-03
      Equation: "PotentialEquation"	RelError: 4.45874e-02	AbsError: 8.34018e-03
Iteration: 2
  Device: "part1_baseline"	RelError: 1.00581e+03	AbsError: 2.12639e+14
    Region: "bulk"	RelError: 1.00581e+03	AbsError: 2.12639e+14
      Equation: "ElectronContinuityEquation"	RelError: 5.98826e+00	AbsError: 1.80023e+14
      Equation: "HoleContinuityEquation"	RelError: 9.99000e+02	AbsError: 3.26163e+13
      Equation: "PotentialEquation"	RelError: 8.25774e-01	AbsError: 2.49182e-02
    Region: "oxide"	RelError: 3.63638e-04	AbsError: 2.70225e-06
      Equation: "PotentialEquation"	RelError: 3.63638e-04	AbsError: 2.70225e-06
Iteration: 3
  Device: "part1_baseline"	RelError: 1.79451e+00	AbsError: 1.28093e+15
    Region: "bulk"	RelError: 1.79435e+00	AbsError: 1.28093e+15
      Equation: "ElectronContinuityEquation"	RelError: 7.82502e-01	AbsError: 1.28003e+15
      Equation: "HoleContinuityEquation"	RelError: 9.98091e-01	AbsError: 9.04989e+11
      Equation: "PotentialEquation"	RelError: 1.37611e-02	AbsError: 9.16557e-03
    Region: "oxide"	RelError: 1.58953e-04	AbsError: 4.95257e-07
      Equation: "PotentialEquation"	RelError: 1.58953e-04	AbsError: 4.95257e-07
Iteration: 4
  Device: "part1_baseline"	RelError: 4.07744e-01	AbsError: 1.43557e+15
    Region: "bulk"	RelError: 4.07376e-01	AbsError: 1.43557e+15
      Equation: "ElectronContinuityEquation"	RelError: 6.02503e-02	AbsError: 1.43432e+15
      Equation: "HoleContinuityEquation"	RelError: 3.33283e-01	AbsError: 1.24532e+12
      Equation: "PotentialEquation"	RelError: 1.38428e-02	AbsError: 1.65989e-04
    Region: "oxide"	RelError: 3.68142e-04	AbsError: 1.11746e-06
      Equation: "PotentialEquation"	RelError: 3.68142e-04	AbsError: 1.11746e-06
Iteration: 5
  Device: "part1_baseline"	RelError: 2.02529e-04	AbsError: 1.23116e+12
    Region: "bulk"	RelError: 2.02357e-04	AbsError: 1.23116e+12
      Equation: "ElectronContinuityEquation"	RelError: 8.80097e-05	AbsError: 1.23058e+12
      Equation: "HoleContinuityEquation"	RelError: 1.09587e-04	AbsError: 5.82125e+08
      Equation: "PotentialEquation"	RelError: 4.76033e-06	AbsError: 1.33485e-07
    Region: "oxide"	RelError: 1.72474e-07	AbsError: 4.66205e-10
      Equation: "PotentialEquation"	RelError: 1.72474e-07	AbsError: 4.66205e-10
Iteration: 6
  Device: "part1_baseline"	RelError: 1.70501e-10	AbsError: 8.55481e+05
    Region: "bulk"	RelError: 1.70390e-10	AbsError: 8.55481e+05
      Equation: "ElectronContinuityEquation"	RelError: 7.87659e-11	AbsError: 8.55107e+05
      Equation: "HoleContinuityEquation"	RelError: 8.89833e-11	AbsError: 3.73670e+02
      Equation: "PotentialEquation"	RelError: 2.64089e-12	AbsError: 9.23641e-14
    Region: "oxide"	RelError: 1.11421e-13	AbsError: 3.03251e-16
      Equation: "PotentialEquation"	RelError: 1.11421e-13	AbsError: 3.03251e-16
number of equations 7095
Iteration: 0
  Device: "part1_baseline"	RelError: 2.09955e+03	AbsError: 8.99042e+16
    Region: "bulk"	RelError: 2.09720e+03	AbsError: 8.99042e+16
      Equation: "ElectronContinuityEquation"	RelError: 9.99000e+02	AbsError: 8.72235e+16
      Equation: "HoleContinuityEquation"	RelError: 9.99000e+02	AbsError: 2.68066e+15
      Equation: "PotentialEquation"	RelError: 9.92046e+01	AbsError: 4.09542e-02
    Region: "oxide"	RelError: 2.34964e+00	AbsError: 1.83373e-02
      Equation: "PotentialEquation"	RelError: 2.34964e+00	AbsError: 1.83373e-02
Iteration: 1
  Device: "part1_baseline"	RelError: 2.00157e+03	AbsError: 1.51351e+15
    Region: "bulk"	RelError: 2.00153e+03	AbsError: 1.51351e+15
      Equation: "ElectronContinuityEquation"	RelError: 9.99000e+02	AbsError: 1.18537e+15
      Equation: "HoleContinuityEquation"	RelError: 9.99000e+02	AbsError: 3.28142e+14
      Equation: "PotentialEquation"	RelError: 3.53299e+00	AbsError: 3.07633e-02
    Region: "oxide"	RelError: 3.90413e-02	AbsError: 8.34429e-03
      Equation: "PotentialEquation"	RelError: 3.90413e-02	AbsError: 8.34429e-03
Iteration: 2
  Device: "part1_baseline"	RelError: 1.00360e+03	AbsError: 1.72545e+14
    Region: "bulk"	RelError: 1.00360e+03	AbsError: 1.72545e+14
      Equation: "ElectronContinuityEquation"	RelError: 4.44913e+00	AbsError: 1.54928e+14
      Equation: "HoleContinuityEquation"	RelError: 9.99000e+02	AbsError: 1.76171e+13
      Equation: "PotentialEquation"	RelError: 1.49329e-01	AbsError: 2.58562e-02
    Region: "oxide"	RelError: 2.17546e-04	AbsError: 8.63049e-07
      Equation: "PotentialEquation"	RelError: 2.17546e-04	AbsError: 8.63049e-07
Iteration: 3
  Device: "part1_baseline"	RelError: 1.84525e+00	AbsError: 1.69641e+15
    Region: "bulk"	RelError: 1.84483e+00	AbsError: 1.69641e+15
      Equation: "ElectronContinuityEquation"	RelError: 8.04212e-01	AbsError: 1.69502e+15
      Equation: "HoleContinuityEquation"	RelError: 1.00000e+00	AbsError: 1.38813e+12
      Equation: "PotentialEquation"	RelError: 4.06228e-02	AbsError: 9.16579e-03
    Region: "oxide"	RelError: 4.18516e-04	AbsError: 7.72893e-07
      Equation: "PotentialEquation"	RelError: 4.18516e-04	AbsError: 7.72893e-07
Iteration: 4
  Device: "part1_baseline"	RelError: 1.66620e-01	AbsError: 1.79727e+15
    Region: "bulk"	RelError: 1.66060e-01	AbsError: 1.79727e+15
      Equation: "ElectronContinuityEquation"	RelError: 6.16246e-02	AbsError: 1.79563e+15
      Equation: "HoleContinuityEquation"	RelError: 5.26746e-02	AbsError: 1.64827e+12
      Equation: "PotentialEquation"	RelError: 5.17605e-02	AbsError: 2.25555e-04
    Region: "oxide"	RelError: 5.60108e-04	AbsError: 1.14855e-06
      Equation: "PotentialEquation"	RelError: 5.60108e-04	AbsError: 1.14855e-06
Iteration: 5
  Device: "part1_baseline"	RelError: 1.90756e-04	AbsError: 1.77815e+12
    Region: "bulk"	RelError: 1.90421e-04	AbsError: 1.77815e+12
      Equation: "ElectronContinuityEquation"	RelError: 1.45443e-04	AbsError: 1.77716e+12
      Equation: "HoleContinuityEquation"	RelError: 1.42681e-05	AbsError: 9.91037e+08
      Equation: "PotentialEquation"	RelError: 3.07105e-05	AbsError: 2.07143e-07
    Region: "oxide"	RelError: 3.34926e-07	AbsError: 6.51958e-10
      Equation: "PotentialEquation"	RelError: 3.34926e-07	AbsError: 6.51958e-10
Iteration: 6
  Device: "part1_baseline"	RelError: 2.48458e-10	AbsError: 1.70649e+06
    Region: "bulk"	RelError: 2.48226e-10	AbsError: 1.70649e+06
      Equation: "ElectronContinuityEquation"	RelError: 2.12154e-10	AbsError: 1.70575e+06
      Equation: "HoleContinuityEquation"	RelError: 1.48191e-11	AbsError: 7.37837e+02
      Equation: "PotentialEquation"	RelError: 2.12527e-11	AbsError: 1.91218e-13
    Region: "oxide"	RelError: 2.31985e-13	AbsError: 4.50830e-16
      Equation: "PotentialEquation"	RelError: 2.31985e-13	AbsError: 4.50830e-16
number of equations 7095
Iteration: 0
  Device: "part1_baseline"	RelError: 2.04092e+03	AbsError: 8.72787e+16
    Region: "bulk"	RelError: 2.04001e+03	AbsError: 8.72787e+16
      Equation: "ElectronContinuityEquation"	RelError: 9.99000e+02	AbsError: 8.49744e+16
      Equation: "HoleContinuityEquation"	RelError: 9.99000e+02	AbsError: 2.30435e+15
      Equation: "PotentialEquation"	RelError: 4.20096e+01	AbsError: 4.09542e-02
    Region: "oxide"	RelError: 9.06388e-01	AbsError: 1.83426e-02
      Equation: "PotentialEquation"	RelError: 9.06388e-01	AbsError: 1.83426e-02
Iteration: 1
  Device: "part1_baseline"	RelError: 2.01590e+03	AbsError: 1.57252e+15
    Region: "bulk"	RelError: 2.01587e+03	AbsError: 1.57252e+15
      Equation: "ElectronContinuityEquation"	RelError: 9.99000e+02	AbsError: 1.24186e+15
      Equation: "HoleContinuityEquation"	RelError: 9.99000e+02	AbsError: 3.30660e+14
      Equation: "PotentialEquation"	RelError: 1.78663e+01	AbsError: 3.07632e-02
    Region: "oxide"	RelError: 3.47323e-02	AbsError: 8.35039e-03
      Equation: "PotentialEquation"	RelError: 3.47323e-02	AbsError: 8.35039e-03
Iteration: 2
  Device: "part1_baseline"	RelError: 1.00256e+03	AbsError: 1.45002e+14
    Region: "bulk"	RelError: 1.00256e+03	AbsError: 1.45002e+14
      Equation: "ElectronContinuityEquation"	RelError: 3.38302e+00	AbsError: 1.33410e+14
      Equation: "HoleContinuityEquation"	RelError: 9.99000e+02	AbsError: 1.15922e+13
      Equation: "PotentialEquation"	RelError: 1.79271e-01	AbsError: 2.57941e-02
    Region: "oxide"	RelError: 4.60553e-05	AbsError: 3.68736e-07
      Equation: "PotentialEquation"	RelError: 4.60553e-05	AbsError: 3.68736e-07
Iteration: 3
  Device: "part1_baseline"	RelError: 1.84620e+00	AbsError: 1.52142e+15
    Region: "bulk"	RelError: 1.84605e+00	AbsError: 1.52142e+15
      Equation: "ElectronContinuityEquation"	RelError: 8.20541e-01	AbsError: 1.52033e+15
      Equation: "HoleContinuityEquation"	RelError: 1.00000e+00	AbsError: 1.08373e+12
      Equation: "PotentialEquation"	RelError: 2.55076e-02	AbsError: 9.16572e-03
    Region: "oxide"	RelError: 1.48307e-04	AbsError: 7.18778e-07
      Equation: "PotentialEquation"	RelError: 1.48307e-04	AbsError: 7.18778e-07
Iteration: 4
  Device: "part1_baseline"	RelError: 9.66988e-02	AbsError: 1.61689e+15
    Region: "bulk"	RelError: 9.65156e-02	AbsError: 1.61689e+15
      Equation: "ElectronContinuityEquation"	RelError: 6.29677e-02	AbsError: 1.61558e+15
      Equation: "HoleContinuityEquation"	RelError: 2.78964e-03	AbsError: 1.31366e+12
      Equation: "PotentialEquation"	RelError: 3.07582e-02	AbsError: 2.00724e-04
    Region: "oxide"	RelError: 1.83265e-04	AbsError: 9.33826e-07
      Equation: "PotentialEquation"	RelError: 1.83265e-04	AbsError: 9.33826e-07
Iteration: 5
  Device: "part1_baseline"	RelError: 3.68523e-04	AbsError: 1.53800e+12
    Region: "bulk"	RelError: 3.68415e-04	AbsError: 1.53800e+12
      Equation: "ElectronContinuityEquation"	RelError: 1.26559e-04	AbsError: 1.53725e+12
      Equation: "HoleContinuityEquation"	RelError: 2.22423e-04	AbsError: 7.52346e+08
      Equation: "PotentialEquation"	RelError: 1.94327e-05	AbsError: 1.77754e-07
    Region: "oxide"	RelError: 1.08341e-07	AbsError: 5.36747e-10
      Equation: "PotentialEquation"	RelError: 1.08341e-07	AbsError: 5.36747e-10
Iteration: 6
  Device: "part1_baseline"	RelError: 3.50725e-10	AbsError: 1.35116e+06
    Region: "bulk"	RelError: 3.50658e-10	AbsError: 1.35116e+06
      Equation: "ElectronContinuityEquation"	RelError: 1.53978e-10	AbsError: 1.35065e+06
      Equation: "HoleContinuityEquation"	RelError: 1.84001e-10	AbsError: 5.11461e+02
      Equation: "PotentialEquation"	RelError: 1.26788e-11	AbsError: 1.49950e-13
    Region: "oxide"	RelError: 6.75201e-14	AbsError: 3.33482e-16
      Equation: "PotentialEquation"	RelError: 6.75201e-14	AbsError: 3.33482e-16
number of equations 7095
Iteration: 0
  Device: "part1_baseline"	RelError: 5.26098e+05	AbsError: 8.49730e+16
    Region: "bulk"	RelError: 5.26086e+05	AbsError: 8.49730e+16
      Equation: "ElectronContinuityEquation"	RelError: 9.99000e+02	AbsError: 8.25514e+16
      Equation: "HoleContinuityEquation"	RelError: 5.25004e+05	AbsError: 2.42163e+15
      Equation: "PotentialEquation"	RelError: 8.25208e+01	AbsError: 4.09542e-02
    Region: "oxide"	RelError: 1.19469e+01	AbsError: 1.83489e-02
      Equation: "PotentialEquation"	RelError: 1.19469e+01	AbsError: 1.83489e-02
Iteration: 1
  Device: "part1_baseline"	RelError: 2.06499e+03	AbsError: 1.59294e+15
    Region: "bulk"	RelError: 2.06492e+03	AbsError: 1.59294e+15
      Equation: "ElectronContinuityEquation"	RelError: 9.99000e+02	AbsError: 1.27486e+15
      Equation: "HoleContinuityEquation"	RelError: 9.99000e+02	AbsError: 3.18083e+14
      Equation: "PotentialEquation"	RelError: 6.69155e+01	AbsError: 3.07632e-02
    Region: "oxide"	RelError: 7.35030e-02	AbsError: 8.35660e-03
      Equation: "PotentialEquation"	RelError: 7.35030e-02	AbsError: 8.35660e-03
Iteration: 2
  Device: "part1_baseline"	RelError: 1.00086e+03	AbsError: 1.27977e+14
    Region: "bulk"	RelError: 1.00086e+03	AbsError: 1.27977e+14
      Equation: "ElectronContinuityEquation"	RelError: 1.76876e+00	AbsError: 1.12671e+14
      Equation: "HoleContinuityEquation"	RelError: 9.99000e+02	AbsError: 1.53065e+13
      Equation: "PotentialEquation"	RelError: 8.68285e-02	AbsError: 2.57402e-02
    Region: "oxide"	RelError: 4.01112e-04	AbsError: 1.89939e-07
      Equation: "PotentialEquation"	RelError: 4.01112e-04	AbsError: 1.89939e-07
Iteration: 3
  Device: "part1_baseline"	RelError: 1.87425e+00	AbsError: 1.35064e+15
    Region: "bulk"	RelError: 1.87245e+00	AbsError: 1.35064e+15
      Equation: "ElectronContinuityEquation"	RelError: 8.31753e-01	AbsError: 1.34976e+15
      Equation: "HoleContinuityEquation"	RelError: 1.00000e+00	AbsError: 8.74350e+11
      Equation: "PotentialEquation"	RelError: 4.06945e-02	AbsError: 9.16566e-03
    Region: "oxide"	RelError: 1.80042e-03	AbsError: 6.32571e-07
      Equation: "PotentialEquation"	RelError: 1.80042e-03	AbsError: 6.32571e-07
Iteration: 4
  Device: "part1_baseline"	RelError: 1.56008e-01	AbsError: 1.43911e+15
    Region: "bulk"	RelError: 1.53846e-01	AbsError: 1.43911e+15
      Equation: "ElectronContinuityEquation"	RelError: 6.41158e-02	AbsError: 1.43804e+15
      Equation: "HoleContinuityEquation"	RelError: 3.88117e-02	AbsError: 1.06344e+12
      Equation: "PotentialEquation"	RelError: 5.09188e-02	AbsError: 1.76963e-04
    Region: "oxide"	RelError: 2.16181e-03	AbsError: 7.77795e-07
      Equation: "PotentialEquation"	RelError: 2.16181e-03	AbsError: 7.77795e-07
Iteration: 5
  Device: "part1_baseline"	RelError: 2.81882e-03	AbsError: 1.28205e+12
    Region: "bulk"	RelError: 2.81761e-03	AbsError: 1.28205e+12
      Equation: "ElectronContinuityEquation"	RelError: 1.12884e-04	AbsError: 1.28148e+12
      Equation: "HoleContinuityEquation"	RelError: 2.67603e-03	AbsError: 5.71255e+08
      Equation: "PotentialEquation"	RelError: 2.86925e-05	AbsError: 1.47125e-07
    Region: "oxide"	RelError: 1.21059e-06	AbsError: 4.28135e-10
      Equation: "PotentialEquation"	RelError: 1.21059e-06	AbsError: 4.28135e-10
Iteration: 6
  Device: "part1_baseline"	RelError: 1.69019e-09	AbsError: 9.79473e+05
    Region: "bulk"	RelError: 1.68954e-09	AbsError: 9.79473e+05
      Equation: "ElectronContinuityEquation"	RelError: 1.01747e-10	AbsError: 9.79133e+05
      Equation: "HoleContinuityEquation"	RelError: 1.57222e-09	AbsError: 3.40021e+02
      Equation: "PotentialEquation"	RelError: 1.55671e-11	AbsError: 1.08020e-13
    Region: "oxide"	RelError: 6.55659e-13	AbsError: 2.30952e-16
      Equation: "PotentialEquation"	RelError: 6.55659e-13	AbsError: 2.30952e-16
number of equations 7095
Iteration: 0
  Device: "part1_baseline"	RelError: 2.01534e+03	AbsError: 8.23695e+16
    Region: "bulk"	RelError: 2.01415e+03	AbsError: 8.23695e+16
      Equation: "ElectronContinuityEquation"	RelError: 9.99000e+02	AbsError: 8.00137e+16
      Equation: "HoleContinuityEquation"	RelError: 9.99000e+02	AbsError: 2.35577e+15
      Equation: "PotentialEquation"	RelError: 1.61525e+01	AbsError: 4.09542e-02
    Region: "oxide"	RelError: 1.18439e+00	AbsError: 1.83551e-02
      Equation: "PotentialEquation"	RelError: 1.18439e+00	AbsError: 1.83551e-02
Iteration: 1
  Device: "part1_baseline"	RelError: 2.00776e+03	AbsError: 1.54714e+15
    Region: "bulk"	RelError: 2.00773e+03	AbsError: 1.54714e+15
      Equation: "ElectronContinuityEquation"	RelError: 9.99000e+02	AbsError: 1.29784e+15
      Equation: "HoleContinuityEquation"	RelError: 9.99000e+02	AbsError: 2.49298e+14
      Equation: "PotentialEquation"	RelError: 9.73059e+00	AbsError: 3.07632e-02
    Region: "oxide"	RelError: 2.84588e-02	AbsError: 8.36245e-03
      Equation: "PotentialEquation"	RelError: 2.84588e-02	AbsError: 8.36245e-03
Iteration: 2
  Device: "part1_baseline"	RelError: 1.00006e+03	AbsError: 1.09394e+14
    Region: "bulk"	RelError: 1.00006e+03	AbsError: 1.09394e+14
      Equation: "ElectronContinuityEquation"	RelError: 9.99998e-01	AbsError: 1.00837e+14
      Equation: "HoleContinuityEquation"	RelError: 9.99000e+02	AbsError: 8.55645e+12
      Equation: "PotentialEquation"	RelError: 5.72565e-02	AbsError: 2.56944e-02
    Region: "oxide"	RelError: 3.36998e-05	AbsError: 1.43733e-07
      Equation: "PotentialEquation"	RelError: 3.36998e-05	AbsError: 1.43733e-07
Iteration: 3
  Device: "part1_baseline"	RelError: 1.83860e+00	AbsError: 1.18782e+15
    Region: "bulk"	RelError: 1.83844e+00	AbsError: 1.18782e+15
      Equation: "ElectronContinuityEquation"	RelError: 8.27860e-01	AbsError: 1.18713e+15
      Equation: "HoleContinuityEquation"	RelError: 1.00000e+00	AbsError: 6.93064e+11
      Equation: "PotentialEquation"	RelError: 1.05770e-02	AbsError: 9.16561e-03
    Region: "oxide"	RelError: 1.68305e-04	AbsError: 5.39592e-07
      Equation: "PotentialEquation"	RelError: 1.68305e-04	AbsError: 5.39592e-07
Iteration: 4
  Device: "part1_baseline"	RelError: 1.35661e-01	AbsError: 1.26832e+15
    Region: "bulk"	RelError: 1.35460e-01	AbsError: 1.26832e+15
      Equation: "ElectronContinuityEquation"	RelError: 6.51067e-02	AbsError: 1.26747e+15
      Equation: "HoleContinuityEquation"	RelError: 5.77567e-02	AbsError: 8.47136e+11
      Equation: "PotentialEquation"	RelError: 1.25963e-02	AbsError: 1.54673e-04
    Region: "oxide"	RelError: 2.00864e-04	AbsError: 6.53103e-07
      Equation: "PotentialEquation"	RelError: 2.00864e-04	AbsError: 6.53103e-07
Iteration: 5
  Device: "part1_baseline"	RelError: 4.09248e-03	AbsError: 1.03442e+12
    Region: "bulk"	RelError: 4.09238e-03	AbsError: 1.03442e+12
      Equation: "ElectronContinuityEquation"	RelError: 9.83118e-05	AbsError: 1.03400e+12
      Equation: "HoleContinuityEquation"	RelError: 3.98734e-03	AbsError: 4.21619e+08
      Equation: "PotentialEquation"	RelError: 6.73164e-06	AbsError: 1.17989e-07
    Region: "oxide"	RelError: 1.04016e-07	AbsError: 3.32342e-10
      Equation: "PotentialEquation"	RelError: 1.04016e-07	AbsError: 3.32342e-10
Iteration: 6
  Device: "part1_baseline"	RelError: 2.20149e-09	AbsError: 6.57616e+05
    Region: "bulk"	RelError: 2.20145e-09	AbsError: 6.57616e+05
      Equation: "ElectronContinuityEquation"	RelError: 7.47133e-11	AbsError: 6.57404e+05
      Equation: "HoleContinuityEquation"	RelError: 2.12335e-09	AbsError: 2.11899e+02
      Equation: "PotentialEquation"	RelError: 3.38328e-12	AbsError: 7.22430e-14
    Region: "oxide"	RelError: 4.75673e-14	AbsError: 1.51044e-16
      Equation: "PotentialEquation"	RelError: 4.75673e-14	AbsError: 1.51044e-16
number of equations 7095
Iteration: 0
  Device: "part1_baseline"	RelError: 2.69365e+03	AbsError: 7.94814e+16
    Region: "bulk"	RelError: 2.68796e+03	AbsError: 7.94814e+16
      Equation: "ElectronContinuityEquation"	RelError: 9.99000e+02	AbsError: 7.73931e+16
      Equation: "HoleContinuityEquation"	RelError: 9.99000e+02	AbsError: 2.08830e+15
      Equation: "PotentialEquation"	RelError: 6.89955e+02	AbsError: 4.09542e-02
    Region: "oxide"	RelError: 5.69981e+00	AbsError: 1.83608e-02
      Equation: "PotentialEquation"	RelError: 5.69981e+00	AbsError: 1.83608e-02
Iteration: 1
  Device: "part1_baseline"	RelError: 2.01127e+03	AbsError: 1.53628e+15
    Region: "bulk"	RelError: 2.01123e+03	AbsError: 1.53628e+15
      Equation: "ElectronContinuityEquation"	RelError: 9.99000e+02	AbsError: 1.31556e+15
      Equation: "HoleContinuityEquation"	RelError: 9.99000e+02	AbsError: 2.20725e+14
      Equation: "PotentialEquation"	RelError: 1.32322e+01	AbsError: 3.07632e-02
    Region: "oxide"	RelError: 3.79524e-02	AbsError: 8.36783e-03
      Equation: "PotentialEquation"	RelError: 3.79524e-02	AbsError: 8.36783e-03
Iteration: 2
  Device: "part1_baseline"	RelError: 3.99866e+01	AbsError: 9.54225e+13
    Region: "bulk"	RelError: 3.99865e+01	AbsError: 9.54225e+13
      Equation: "ElectronContinuityEquation"	RelError: 9.99998e-01	AbsError: 9.00903e+13
      Equation: "HoleContinuityEquation"	RelError: 3.89432e+01	AbsError: 5.33221e+12
      Equation: "PotentialEquation"	RelError: 4.32207e-02	AbsError: 2.56563e-02
    Region: "oxide"	RelError: 1.23928e-04	AbsError: 1.14370e-07
      Equation: "PotentialEquation"	RelError: 1.23928e-04	AbsError: 1.14370e-07
Iteration: 3
  Device: "part1_baseline"	RelError: 1.69899e+00	AbsError: 1.03586e+15
    Region: "bulk"	RelError: 1.69835e+00	AbsError: 1.03586e+15
      Equation: "ElectronContinuityEquation"	RelError: 7.59808e-01	AbsError: 1.03532e+15
      Equation: "HoleContinuityEquation"	RelError: 9.22531e-01	AbsError: 5.38966e+11
      Equation: "PotentialEquation"	RelError: 1.60078e-02	AbsError: 9.16556e-03
    Region: "oxide"	RelError: 6.46463e-04	AbsError: 4.53273e-07
      Equation: "PotentialEquation"	RelError: 6.46463e-04	AbsError: 4.53273e-07
Iteration: 4
  Device: "part1_baseline"	RelError: 1.46313e-01	AbsError: 1.10794e+15
    Region: "bulk"	RelError: 1.45536e-01	AbsError: 1.10794e+15
      Equation: "ElectronContinuityEquation"	RelError: 6.59698e-02	AbsError: 1.10727e+15
      Equation: "HoleContinuityEquation"	RelError: 5.99620e-02	AbsError: 6.63634e+11
      Equation: "PotentialEquation"	RelError: 1.96046e-02	AbsError: 1.34140e-04
    Region: "oxide"	RelError: 7.76326e-04	AbsError: 5.49331e-07
      Equation: "PotentialEquation"	RelError: 7.76326e-04	AbsError: 5.49331e-07
Iteration: 5
  Device: "part1_baseline"	RelError: 4.28065e-03	AbsError: 8.11166e+11
    Region: "bulk"	RelError: 4.28028e-03	AbsError: 8.11166e+11
      Equation: "ElectronContinuityEquation"	RelError: 8.11176e-05	AbsError: 8.10862e+11
      Equation: "HoleContinuityEquation"	RelError: 4.19007e-03	AbsError: 3.03588e+08
      Equation: "PotentialEquation"	RelError: 9.09197e-06	AbsError: 9.20563e-08
    Region: "oxide"	RelError: 3.61454e-07	AbsError: 2.52170e-10
      Equation: "PotentialEquation"	RelError: 3.61454e-07	AbsError: 2.52170e-10
Iteration: 6
  Device: "part1_baseline"	RelError: 2.13874e-09	AbsError: 4.13170e+05
    Region: "bulk"	RelError: 2.13861e-09	AbsError: 4.13170e+05
      Equation: "ElectronContinuityEquation"	RelError: 5.23962e-11	AbsError: 4.13047e+05
      Equation: "HoleContinuityEquation"	RelError: 2.08281e-09	AbsError: 1.22882e+02
      Equation: "PotentialEquation"	RelError: 3.39619e-12	AbsError: 4.52873e-14
    Region: "oxide"	RelError: 1.35245e-13	AbsError: 9.38239e-17
      Equation: "PotentialEquation"	RelError: 1.35245e-13	AbsError: 9.38239e-17
number of equations 7095
Iteration: 0
  Device: "part1_baseline"	RelError: 2.07604e+03	AbsError: 7.66424e+16
    Region: "bulk"	RelError: 2.07519e+03	AbsError: 7.66424e+16
      Equation: "ElectronContinuityEquation"	RelError: 9.99000e+02	AbsError: 7.47055e+16
      Equation: "HoleContinuityEquation"	RelError: 9.99000e+02	AbsError: 1.93696e+15
      Equation: "PotentialEquation"	RelError: 7.71911e+01	AbsError: 4.09542e-02
    Region: "oxide"	RelError: 8.47547e-01	AbsError: 1.83661e-02
      Equation: "PotentialEquation"	RelError: 8.47547e-01	AbsError: 1.83661e-02
Iteration: 1
  Device: "part1_baseline"	RelError: 2.02694e+03	AbsError: 1.58348e+15
    Region: "bulk"	RelError: 2.02692e+03	AbsError: 1.58348e+15
      Equation: "ElectronContinuityEquation"	RelError: 9.99000e+02	AbsError: 1.33174e+15
      Equation: "HoleContinuityEquation"	RelError: 9.99000e+02	AbsError: 2.51735e+14
      Equation: "PotentialEquation"	RelError: 2.89193e+01	AbsError: 3.07632e-02
    Region: "oxide"	RelError: 2.41073e-02	AbsError: 8.37275e-03
      Equation: "PotentialEquation"	RelError: 2.41073e-02	AbsError: 8.37275e-03
Iteration: 2
  Device: "part1_baseline"	RelError: 1.83663e+01	AbsError: 8.24116e+13
    Region: "bulk"	RelError: 1.83663e+01	AbsError: 8.24116e+13
      Equation: "ElectronContinuityEquation"	RelError: 9.99997e-01	AbsError: 7.92959e+13
      Equation: "HoleContinuityEquation"	RelError: 1.73309e+01	AbsError: 3.11569e+12
      Equation: "PotentialEquation"	RelError: 3.54201e-02	AbsError: 2.56257e-02
    Region: "oxide"	RelError: 1.61628e-05	AbsError: 9.38627e-08
      Equation: "PotentialEquation"	RelError: 1.61628e-05	AbsError: 9.38627e-08
Iteration: 3
  Device: "part1_baseline"	RelError: 1.51690e+00	AbsError: 8.96642e+14
    Region: "bulk"	RelError: 1.51682e+00	AbsError: 8.96642e+14
      Equation: "ElectronContinuityEquation"	RelError: 6.66399e-01	AbsError: 8.96221e+14
      Equation: "HoleContinuityEquation"	RelError: 8.43357e-01	AbsError: 4.21712e+11
      Equation: "PotentialEquation"	RelError: 7.06009e-03	AbsError: 9.16551e-03
    Region: "oxide"	RelError: 8.26864e-05	AbsError: 3.77066e-07
      Equation: "PotentialEquation"	RelError: 8.26864e-05	AbsError: 3.77066e-07
Iteration: 4
  Device: "part1_baseline"	RelError: 1.35295e-01	AbsError: 9.60293e+14
    Region: "bulk"	RelError: 1.35195e-01	AbsError: 9.60293e+14
      Equation: "ElectronContinuityEquation"	RelError: 6.67272e-02	AbsError: 9.59765e+14
      Equation: "HoleContinuityEquation"	RelError: 5.89982e-02	AbsError: 5.28110e+11
      Equation: "PotentialEquation"	RelError: 9.46971e-03	AbsError: 1.15530e-04
    Region: "oxide"	RelError: 1.00299e-04	AbsError: 4.61782e-07
      Equation: "PotentialEquation"	RelError: 1.00299e-04	AbsError: 4.61782e-07
Iteration: 5
  Device: "part1_baseline"	RelError: 4.10961e-03	AbsError: 6.20576e+11
    Region: "bulk"	RelError: 4.10956e-03	AbsError: 6.20576e+11
      Equation: "ElectronContinuityEquation"	RelError: 7.30625e-05	AbsError: 6.20367e+11
      Equation: "HoleContinuityEquation"	RelError: 4.03439e-03	AbsError: 2.09428e+08
      Equation: "PotentialEquation"	RelError: 2.11282e-06	AbsError: 7.01367e-08
    Region: "oxide"	RelError: 4.12832e-08	AbsError: 1.87739e-10
      Equation: "PotentialEquation"	RelError: 4.12832e-08	AbsError: 1.87739e-10
Iteration: 6
  Device: "part1_baseline"	RelError: 1.84794e-09	AbsError: 2.45193e+05
    Region: "bulk"	RelError: 1.84793e-09	AbsError: 2.45193e+05
      Equation: "ElectronContinuityEquation"	RelError: 3.43577e-11	AbsError: 2.45126e+05
      Equation: "HoleContinuityEquation"	RelError: 1.81289e-09	AbsError: 6.76600e+01
      Equation: "PotentialEquation"	RelError: 6.88144e-13	AbsError: 2.68443e-14
    Region: "oxide"	RelError: 1.22881e-14	AbsError: 5.56330e-17
      Equation: "PotentialEquation"	RelError: 1.22881e-14	AbsError: 5.56330e-17
number of equations 7095
Iteration: 0
  Device: "part1_baseline"	RelError: 2.06931e+03	AbsError: 7.40110e+16
    Region: "bulk"	RelError: 2.06849e+03	AbsError: 7.40110e+16
      Equation: "ElectronContinuityEquation"	RelError: 9.99000e+02	AbsError: 7.19574e+16
      Equation: "HoleContinuityEquation"	RelError: 9.99000e+02	AbsError: 2.05356e+15
      Equation: "PotentialEquation"	RelError: 7.04902e+01	AbsError: 4.09542e-02
    Region: "oxide"	RelError: 8.22074e-01	AbsError: 1.83709e-02
      Equation: "PotentialEquation"	RelError: 8.22074e-01	AbsError: 1.83709e-02
Iteration: 1
  Device: "part1_baseline"	RelError: 2.37072e+03	AbsError: 1.57196e+15
    Region: "bulk"	RelError: 2.37070e+03	AbsError: 1.57196e+15
      Equation: "ElectronContinuityEquation"	RelError: 9.99000e+02	AbsError: 1.34806e+15
      Equation: "HoleContinuityEquation"	RelError: 9.99000e+02	AbsError: 2.23895e+14
      Equation: "PotentialEquation"	RelError: 3.72699e+02	AbsError: 3.07632e-02
    Region: "oxide"	RelError: 2.23955e-02	AbsError: 8.37725e-03
      Equation: "PotentialEquation"	RelError: 2.23955e-02	AbsError: 8.37725e-03
Iteration: 2
  Device: "part1_baseline"	RelError: 2.22547e+01	AbsError: 7.47607e+13
    Region: "bulk"	RelError: 2.22547e+01	AbsError: 7.47607e+13
      Equation: "ElectronContinuityEquation"	RelError: 9.99998e-01	AbsError: 6.93118e+13
      Equation: "HoleContinuityEquation"	RelError: 2.11844e+01	AbsError: 5.44895e+12
      Equation: "PotentialEquation"	RelError: 7.03015e-02	AbsError: 2.56019e-02
    Region: "oxide"	RelError: 1.44017e-05	AbsError: 8.22539e-08
      Equation: "PotentialEquation"	RelError: 1.44017e-05	AbsError: 8.22539e-08
Iteration: 3
  Device: "part1_baseline"	RelError: 1.70041e+00	AbsError: 7.71128e+14
    Region: "bulk"	RelError: 1.70035e+00	AbsError: 7.71128e+14
      Equation: "ElectronContinuityEquation"	RelError: 5.56239e-01	AbsError: 7.70799e+14
      Equation: "HoleContinuityEquation"	RelError: 8.69091e-01	AbsError: 3.28419e+11
      Equation: "PotentialEquation"	RelError: 2.75017e-01	AbsError: 9.16547e-03
    Region: "oxide"	RelError: 6.69924e-05	AbsError: 3.11216e-07
      Equation: "PotentialEquation"	RelError: 6.69924e-05	AbsError: 3.11216e-07
Iteration: 4
  Device: "part1_baseline"	RelError: 3.75521e-01	AbsError: 8.26674e+14
    Region: "bulk"	RelError: 3.75439e-01	AbsError: 8.26674e+14
      Equation: "ElectronContinuityEquation"	RelError: 6.73963e-02	AbsError: 8.26248e+14
      Equation: "HoleContinuityEquation"	RelError: 5.41729e-02	AbsError: 4.26008e+11
      Equation: "PotentialEquation"	RelError: 2.53870e-01	AbsError: 9.89043e-05
    Region: "oxide"	RelError: 8.25050e-05	AbsError: 3.87749e-07
      Equation: "PotentialEquation"	RelError: 8.25050e-05	AbsError: 3.87749e-07
Iteration: 5
  Device: "part1_baseline"	RelError: 3.42631e-03	AbsError: 4.64836e+11
    Region: "bulk"	RelError: 3.42628e-03	AbsError: 4.64836e+11
      Equation: "ElectronContinuityEquation"	RelError: 6.51745e-05	AbsError: 4.64688e+11
      Equation: "HoleContinuityEquation"	RelError: 3.26682e-03	AbsError: 1.47370e+08
      Equation: "PotentialEquation"	RelError: 9.42864e-05	AbsError: 5.23598e-08
    Region: "oxide"	RelError: 2.96071e-08	AbsError: 1.37580e-10
      Equation: "PotentialEquation"	RelError: 2.96071e-08	AbsError: 1.37580e-10
Iteration: 6
  Device: "part1_baseline"	RelError: 1.44903e-09	AbsError: 1.38599e+05
    Region: "bulk"	RelError: 1.44902e-09	AbsError: 1.38599e+05
      Equation: "ElectronContinuityEquation"	RelError: 2.14368e-11	AbsError: 1.38563e+05
      Equation: "HoleContinuityEquation"	RelError: 1.40475e-09	AbsError: 3.61669e+01
      Equation: "PotentialEquation"	RelError: 2.28287e-11	AbsError: 1.51672e-14
    Region: "oxide"	RelError: 6.82972e-15	AbsError: 3.16495e-17
      Equation: "PotentialEquation"	RelError: 6.82972e-15	AbsError: 3.16495e-17
number of equations 7095
Iteration: 0
  Device: "part1_baseline"	RelError: 3.31975e+03	AbsError: 7.11809e+16
    Region: "bulk"	RelError: 3.31467e+03	AbsError: 7.11809e+16
      Equation: "ElectronContinuityEquation"	RelError: 9.99000e+02	AbsError: 6.91525e+16
      Equation: "HoleContinuityEquation"	RelError: 2.30911e+03	AbsError: 2.02836e+15
      Equation: "PotentialEquation"	RelError: 6.56536e+00	AbsError: 4.09542e-02
    Region: "oxide"	RelError: 5.08094e+00	AbsError: 1.83752e-02
      Equation: "PotentialEquation"	RelError: 5.08094e+00	AbsError: 1.83752e-02
Iteration: 1
  Device: "part1_baseline"	RelError: 1.01789e+03	AbsError: 1.55001e+15
    Region: "bulk"	RelError: 1.01787e+03	AbsError: 1.55001e+15
      Equation: "ElectronContinuityEquation"	RelError: 9.99000e+02	AbsError: 1.36448e+15
      Equation: "HoleContinuityEquation"	RelError: 6.53245e+00	AbsError: 1.85531e+14
      Equation: "PotentialEquation"	RelError: 1.23337e+01	AbsError: 3.07632e-02
    Region: "oxide"	RelError: 2.83337e-02	AbsError: 8.38138e-03
      Equation: "PotentialEquation"	RelError: 2.83337e-02	AbsError: 8.38138e-03
Iteration: 2
  Device: "part1_baseline"	RelError: 8.57623e+00	AbsError: 6.49255e+13
    Region: "bulk"	RelError: 8.57615e+00	AbsError: 6.49255e+13
      Equation: "ElectronContinuityEquation"	RelError: 9.99998e-01	AbsError: 6.18634e+13
      Equation: "HoleContinuityEquation"	RelError: 7.54370e+00	AbsError: 3.06217e+12
      Equation: "PotentialEquation"	RelError: 3.24549e-02	AbsError: 2.55841e-02
    Region: "oxide"	RelError: 8.56517e-05	AbsError: 7.62249e-08
      Equation: "PotentialEquation"	RelError: 8.56517e-05	AbsError: 7.62249e-08
Iteration: 3
  Device: "part1_baseline"	RelError: 1.11935e+00	AbsError: 6.59503e+14
    Region: "bulk"	RelError: 1.11900e+00	AbsError: 6.59503e+14
      Equation: "ElectronContinuityEquation"	RelError: 4.18235e-01	AbsError: 6.59249e+14
      Equation: "HoleContinuityEquation"	RelError: 6.94689e-01	AbsError: 2.54060e+11
      Equation: "PotentialEquation"	RelError: 6.07336e-03	AbsError: 9.16544e-03
    Region: "oxide"	RelError: 3.48000e-04	AbsError: 2.54940e-07
      Equation: "PotentialEquation"	RelError: 3.48000e-04	AbsError: 2.54940e-07
Iteration: 4
  Device: "part1_baseline"	RelError: 1.17089e-01	AbsError: 7.07486e+14
    Region: "bulk"	RelError: 1.16652e-01	AbsError: 7.07486e+14
      Equation: "ElectronContinuityEquation"	RelError: 6.79903e-02	AbsError: 7.07146e+14
      Equation: "HoleContinuityEquation"	RelError: 4.27531e-02	AbsError: 3.40638e+11
      Equation: "PotentialEquation"	RelError: 5.90818e-03	AbsError: 8.42341e-05
    Region: "oxide"	RelError: 4.37200e-04	AbsError: 3.25273e-07
      Equation: "PotentialEquation"	RelError: 4.37200e-04	AbsError: 3.25273e-07
Iteration: 5
  Device: "part1_baseline"	RelError: 2.02961e-03	AbsError: 3.41987e+11
    Region: "bulk"	RelError: 2.02947e-03	AbsError: 3.41987e+11
      Equation: "ElectronContinuityEquation"	RelError: 5.76060e-05	AbsError: 3.41885e+11
      Equation: "HoleContinuityEquation"	RelError: 1.97024e-03	AbsError: 1.01971e+08
      Equation: "PotentialEquation"	RelError: 1.62734e-06	AbsError: 3.84191e-08
    Region: "oxide"	RelError: 1.35190e-07	AbsError: 9.95050e-11
      Equation: "PotentialEquation"	RelError: 1.35190e-07	AbsError: 9.95050e-11
Iteration: 6
  Device: "part1_baseline"	RelError: 9.65243e-10	AbsError: 7.51863e+04
    Region: "bulk"	RelError: 9.65219e-10	AbsError: 7.51863e+04
      Equation: "ElectronContinuityEquation"	RelError: 1.39724e-11	AbsError: 7.51675e+04
      Equation: "HoleContinuityEquation"	RelError: 9.50943e-10	AbsError: 1.88660e+01
      Equation: "PotentialEquation"	RelError: 3.03917e-13	AbsError: 8.22767e-15
    Region: "oxide"	RelError: 2.35995e-14	AbsError: 1.73557e-17
      Equation: "PotentialEquation"	RelError: 2.35995e-14	AbsError: 1.73557e-17
number of equations 7095
Iteration: 0
  Device: "part1_baseline"	RelError: 2.08078e+03	AbsError: 6.81521e+16
    Region: "bulk"	RelError: 2.07955e+03	AbsError: 6.81521e+16
      Equation: "ElectronContinuityEquation"	RelError: 9.99000e+02	AbsError: 6.62934e+16
      Equation: "HoleContinuityEquation"	RelError: 9.99000e+02	AbsError: 1.85865e+15
      Equation: "PotentialEquation"	RelError: 8.15451e+01	AbsError: 4.09542e-02
    Region: "oxide"	RelError: 1.23366e+00	AbsError: 1.83793e-02
      Equation: "PotentialEquation"	RelError: 1.23366e+00	AbsError: 1.83793e-02
Iteration: 1
  Device: "part1_baseline"	RelError: 1.00226e+03	AbsError: 1.54387e+15
    Region: "bulk"	RelError: 1.00224e+03	AbsError: 1.54387e+15
      Equation: "ElectronContinuityEquation"	RelError: 9.99000e+02	AbsError: 1.38092e+15
      Equation: "HoleContinuityEquation"	RelError: 9.98150e-01	AbsError: 1.62956e+14
      Equation: "PotentialEquation"	RelError: 2.24582e+00	AbsError: 3.07632e-02
    Region: "oxide"	RelError: 1.96107e-02	AbsError: 8.38516e-03
      Equation: "PotentialEquation"	RelError: 1.96107e-02	AbsError: 8.38516e-03
Iteration: 2
  Device: "part1_baseline"	RelError: 4.61245e+00	AbsError: 5.71647e+13
    Region: "bulk"	RelError: 4.61243e+00	AbsError: 5.71647e+13
      Equation: "ElectronContinuityEquation"	RelError: 9.99997e-01	AbsError: 5.54446e+13
      Equation: "HoleContinuityEquation"	RelError: 3.58485e+00	AbsError: 1.72016e+12
      Equation: "PotentialEquation"	RelError: 2.75803e-02	AbsError: 2.55714e-02
    Region: "oxide"	RelError: 1.89349e-05	AbsError: 7.10482e-08
      Equation: "PotentialEquation"	RelError: 1.89349e-05	AbsError: 7.10482e-08
Iteration: 3
  Device: "part1_baseline"	RelError: 7.59970e-01	AbsError: 5.61382e+14
    Region: "bulk"	RelError: 7.59903e-01	AbsError: 5.61382e+14
      Equation: "ElectronContinuityEquation"	RelError: 2.56653e-01	AbsError: 5.61182e+14
      Equation: "HoleContinuityEquation"	RelError: 4.97574e-01	AbsError: 1.99672e+11
      Equation: "PotentialEquation"	RelError: 5.67647e-03	AbsError: 9.16542e-03
    Region: "oxide"	RelError: 6.65863e-05	AbsError: 2.07942e-07
      Equation: "PotentialEquation"	RelError: 6.65863e-05	AbsError: 2.07942e-07
Iteration: 4
  Device: "part1_baseline"	RelError: 1.08980e-01	AbsError: 6.02482e+14
    Region: "bulk"	RelError: 1.08895e-01	AbsError: 6.02482e+14
      Equation: "ElectronContinuityEquation"	RelError: 6.85193e-02	AbsError: 6.02207e+14
      Equation: "HoleContinuityEquation"	RelError: 3.48416e-02	AbsError: 2.75679e+11
      Equation: "PotentialEquation"	RelError: 5.53366e-03	AbsError: 7.14262e-05
    Region: "oxide"	RelError: 8.59043e-05	AbsError: 2.72731e-07
      Equation: "PotentialEquation"	RelError: 8.59043e-05	AbsError: 2.72731e-07
Iteration: 5
  Device: "part1_baseline"	RelError: 1.87064e-03	AbsError: 2.47837e+11
    Region: "bulk"	RelError: 1.87061e-03	AbsError: 2.47837e+11
      Equation: "ElectronContinuityEquation"	RelError: 5.04092e-05	AbsError: 2.47768e+11
      Equation: "HoleContinuityEquation"	RelError: 1.81873e-03	AbsError: 6.94467e+07
      Equation: "PotentialEquation"	RelError: 1.47139e-06	AbsError: 2.77831e-08
    Region: "oxide"	RelError: 2.26604e-08	AbsError: 7.11865e-11
      Equation: "PotentialEquation"	RelError: 2.26604e-08	AbsError: 7.11865e-11
Iteration: 6
  Device: "part1_baseline"	RelError: 5.51923e-10	AbsError: 3.94012e+04
    Region: "bulk"	RelError: 5.51920e-10	AbsError: 3.94012e+04
      Equation: "ElectronContinuityEquation"	RelError: 8.89327e-12	AbsError: 3.93917e+04
      Equation: "HoleContinuityEquation"	RelError: 5.42836e-10	AbsError: 9.50953e+00
      Equation: "PotentialEquation"	RelError: 1.90860e-13	AbsError: 4.31281e-15
    Region: "oxide"	RelError: 2.93100e-15	AbsError: 9.21733e-18
      Equation: "PotentialEquation"	RelError: 2.93100e-15	AbsError: 9.21733e-18
number of equations 7095
Iteration: 0
  Device: "part1_baseline"	RelError: 3.04156e+03	AbsError: 6.79480e+16
    Region: "bulk"	RelError: 3.03598e+03	AbsError: 6.79480e+16
      Equation: "ElectronContinuityEquation"	RelError: 9.99000e+02	AbsError: 6.62248e+16
      Equation: "HoleContinuityEquation"	RelError: 9.99000e+02	AbsError: 1.72319e+15
      Equation: "PotentialEquation"	RelError: 1.03798e+03	AbsError: 4.09542e-02
    Region: "oxide"	RelError: 5.57465e+00	AbsError: 1.83829e-02
      Equation: "PotentialEquation"	RelError: 5.57465e+00	AbsError: 1.83829e-02
Iteration: 1
  Device: "part1_baseline"	RelError: 1.00816e+03	AbsError: 1.57535e+15
    Region: "bulk"	RelError: 1.00812e+03	AbsError: 1.57535e+15
      Equation: "ElectronContinuityEquation"	RelError: 9.99000e+02	AbsError: 1.39752e+15
      Equation: "HoleContinuityEquation"	RelError: 9.98528e-01	AbsError: 1.77826e+14
      Equation: "PotentialEquation"	RelError: 8.11970e+00	AbsError: 3.07632e-02
    Region: "oxide"	RelError: 3.75773e-02	AbsError: 8.38863e-03
      Equation: "PotentialEquation"	RelError: 3.75773e-02	AbsError: 8.38863e-03
Iteration: 2
  Device: "part1_baseline"	RelError: 4.71009e+00	AbsError: 5.02107e+13
    Region: "bulk"	RelError: 4.71001e+00	AbsError: 5.02107e+13
      Equation: "ElectronContinuityEquation"	RelError: 9.99581e-01	AbsError: 4.93142e+13
      Equation: "HoleContinuityEquation"	RelError: 3.68633e+00	AbsError: 8.96587e+11
      Equation: "PotentialEquation"	RelError: 2.40928e-02	AbsError: 2.55630e-02
    Region: "oxide"	RelError: 8.46297e-05	AbsError: 6.57177e-08
      Equation: "PotentialEquation"	RelError: 8.46297e-05	AbsError: 6.57177e-08
Iteration: 3
  Device: "part1_baseline"	RelError: 7.23585e-01	AbsError: 4.75966e+14
    Region: "bulk"	RelError: 7.23297e-01	AbsError: 4.75966e+14
      Equation: "ElectronContinuityEquation"	RelError: 2.13628e-01	AbsError: 4.75810e+14
      Equation: "HoleContinuityEquation"	RelError: 5.01139e-01	AbsError: 1.56072e+11
      Equation: "PotentialEquation"	RelError: 8.53000e-03	AbsError: 9.16541e-03
    Region: "oxide"	RelError: 2.88188e-04	AbsError: 1.68338e-07
      Equation: "PotentialEquation"	RelError: 2.88188e-04	AbsError: 1.68338e-07
Iteration: 4
  Device: "part1_baseline"	RelError: 1.22180e-01	AbsError: 5.10921e+14
    Region: "bulk"	RelError: 1.21797e-01	AbsError: 5.10921e+14
      Equation: "ElectronContinuityEquation"	RelError: 6.89887e-02	AbsError: 5.10702e+14
      Equation: "HoleContinuityEquation"	RelError: 4.14739e-02	AbsError: 2.19659e+11
      Equation: "PotentialEquation"	RelError: 1.13347e-02	AbsError: 6.03443e-05
    Region: "oxide"	RelError: 3.82793e-04	AbsError: 2.28709e-07
      Equation: "PotentialEquation"	RelError: 3.82793e-04	AbsError: 2.28709e-07
Iteration: 5
  Device: "part1_baseline"	RelError: 2.28288e-03	AbsError: 1.77365e+11
    Region: "bulk"	RelError: 2.28279e-03	AbsError: 1.77365e+11
      Equation: "ElectronContinuityEquation"	RelError: 4.34704e-05	AbsError: 1.77317e+11
      Equation: "HoleContinuityEquation"	RelError: 2.23677e-03	AbsError: 4.77924e+07
      Equation: "PotentialEquation"	RelError: 2.55656e-06	AbsError: 1.98494e-08
    Region: "oxide"	RelError: 8.56893e-08	AbsError: 5.04713e-11
      Equation: "PotentialEquation"	RelError: 8.56893e-08	AbsError: 5.04713e-11
Iteration: 6
  Device: "part1_baseline"	RelError: 2.58173e-10	AbsError: 2.00629e+04
    Region: "bulk"	RelError: 2.58165e-10	AbsError: 2.00629e+04
      Equation: "ElectronContinuityEquation"	RelError: 5.51469e-12	AbsError: 2.00582e+04
      Equation: "HoleContinuityEquation"	RelError: 2.52409e-10	AbsError: 4.68840e+00
      Equation: "PotentialEquation"	RelError: 2.41313e-13	AbsError: 2.19699e-15
    Region: "oxide"	RelError: 8.06627e-15	AbsError: 4.76336e-18
      Equation: "PotentialEquation"	RelError: 8.06627e-15	AbsError: 4.76336e-18
number of equations 7095
Iteration: 0
  Device: "part1_baseline"	RelError: 2.02187e+03	AbsError: 6.92349e+16
    Region: "bulk"	RelError: 2.02066e+03	AbsError: 6.92349e+16
      Equation: "ElectronContinuityEquation"	RelError: 9.99000e+02	AbsError: 6.76101e+16
      Equation: "HoleContinuityEquation"	RelError: 9.99000e+02	AbsError: 1.62481e+15
      Equation: "PotentialEquation"	RelError: 2.26622e+01	AbsError: 4.09542e-02
    Region: "oxide"	RelError: 1.20588e+00	AbsError: 1.83863e-02
      Equation: "PotentialEquation"	RelError: 1.20588e+00	AbsError: 1.83863e-02
Iteration: 1
  Device: "part1_baseline"	RelError: 1.00451e+03	AbsError: 1.59582e+15
    Region: "bulk"	RelError: 1.00449e+03	AbsError: 1.59582e+15
      Equation: "ElectronContinuityEquation"	RelError: 9.99000e+02	AbsError: 1.41361e+15
      Equation: "HoleContinuityEquation"	RelError: 9.98367e-01	AbsError: 1.82213e+14
      Equation: "PotentialEquation"	RelError: 4.48941e+00	AbsError: 3.07632e-02
    Region: "oxide"	RelError: 1.74419e-02	AbsError: 8.39181e-03
      Equation: "PotentialEquation"	RelError: 1.74419e-02	AbsError: 8.39181e-03
Iteration: 2
  Device: "part1_baseline"	RelError: 3.32321e+00	AbsError: 4.48197e+13
    Region: "bulk"	RelError: 3.32319e+00	AbsError: 4.48197e+13
      Equation: "ElectronContinuityEquation"	RelError: 9.99212e-01	AbsError: 4.40092e+13
      Equation: "HoleContinuityEquation"	RelError: 2.30252e+00	AbsError: 8.10514e+11
      Equation: "PotentialEquation"	RelError: 2.14588e-02	AbsError: 2.55583e-02
    Region: "oxide"	RelError: 1.68832e-05	AbsError: 6.25672e-08
      Equation: "PotentialEquation"	RelError: 1.68832e-05	AbsError: 6.25672e-08
Iteration: 3
  Device: "part1_baseline"	RelError: 5.60894e-01	AbsError: 4.02216e+14
    Region: "bulk"	RelError: 5.60847e-01	AbsError: 4.02216e+14
      Equation: "ElectronContinuityEquation"	RelError: 1.74894e-01	AbsError: 4.02097e+14
      Equation: "HoleContinuityEquation"	RelError: 3.80912e-01	AbsError: 1.19604e+11
      Equation: "PotentialEquation"	RelError: 5.04027e-03	AbsError: 9.16540e-03
    Region: "oxide"	RelError: 4.79407e-05	AbsError: 1.34871e-07
      Equation: "PotentialEquation"	RelError: 4.79407e-05	AbsError: 1.34871e-07
Iteration: 4
  Device: "part1_baseline"	RelError: 1.18125e-01	AbsError: 4.31776e+14
    Region: "bulk"	RelError: 1.18058e-01	AbsError: 4.31776e+14
      Equation: "ElectronContinuityEquation"	RelError: 6.93956e-02	AbsError: 4.31601e+14
      Equation: "HoleContinuityEquation"	RelError: 4.72243e-02	AbsError: 1.75183e+11
      Equation: "PotentialEquation"	RelError: 1.43823e-03	AbsError: 5.08281e-05
    Region: "oxide"	RelError: 6.63530e-05	AbsError: 1.91960e-07
      Equation: "PotentialEquation"	RelError: 6.63530e-05	AbsError: 1.91960e-07
Iteration: 5
  Device: "part1_baseline"	RelError: 2.63716e-03	AbsError: 1.25622e+11
    Region: "bulk"	RelError: 2.63715e-03	AbsError: 1.25622e+11
      Equation: "ElectronContinuityEquation"	RelError: 3.63740e-05	AbsError: 1.25590e+11
      Equation: "HoleContinuityEquation"	RelError: 2.60051e-03	AbsError: 3.16521e+07
      Equation: "PotentialEquation"	RelError: 2.69792e-07	AbsError: 1.40401e-08
    Region: "oxide"	RelError: 1.24643e-08	AbsError: 3.55224e-11
      Equation: "PotentialEquation"	RelError: 1.24643e-08	AbsError: 3.55224e-11
Iteration: 6
  Device: "part1_baseline"	RelError: 9.77121e-11	AbsError: 9.97642e+03
    Region: "bulk"	RelError: 9.77113e-11	AbsError: 9.97642e+03
      Equation: "ElectronContinuityEquation"	RelError: 3.28684e-12	AbsError: 9.97421e+03
      Equation: "HoleContinuityEquation"	RelError: 9.44063e-11	AbsError: 2.21669e+00
      Equation: "PotentialEquation"	RelError: 1.81827e-14	AbsError: 1.09305e-15
    Region: "oxide"	RelError: 8.40222e-16	AbsError: 2.40600e-18
      Equation: "PotentialEquation"	RelError: 8.40222e-16	AbsError: 2.40600e-18
number of equations 7095
Iteration: 0
  Device: "part1_baseline"	RelError: 2.00354e+03	AbsError: 7.06597e+16
    Region: "bulk"	RelError: 2.00299e+03	AbsError: 7.06597e+16
      Equation: "ElectronContinuityEquation"	RelError: 9.99000e+02	AbsError: 6.90454e+16
      Equation: "HoleContinuityEquation"	RelError: 9.99000e+02	AbsError: 1.61440e+15
      Equation: "PotentialEquation"	RelError: 4.99364e+00	AbsError: 4.09542e-02
    Region: "oxide"	RelError: 5.47815e-01	AbsError: 1.83894e-02
      Equation: "PotentialEquation"	RelError: 5.47815e-01	AbsError: 1.83894e-02
Iteration: 1
  Device: "part1_baseline"	RelError: 1.30208e+03	AbsError: 1.58660e+15
    Region: "bulk"	RelError: 1.30206e+03	AbsError: 1.58660e+15
      Equation: "ElectronContinuityEquation"	RelError: 1.29761e+03	AbsError: 1.42758e+15
      Equation: "HoleContinuityEquation"	RelError: 9.98227e-01	AbsError: 1.59026e+14
      Equation: "PotentialEquation"	RelError: 3.45316e+00	AbsError: 3.07632e-02
    Region: "oxide"	RelError: 1.65279e-02	AbsError: 8.39473e-03
      Equation: "PotentialEquation"	RelError: 1.65279e-02	AbsError: 8.39473e-03
Iteration: 2
  Device: "part1_baseline"	RelError: 2.31157e+00	AbsError: 4.51951e+13
    Region: "bulk"	RelError: 2.31156e+00	AbsError: 4.51951e+13
      Equation: "ElectronContinuityEquation"	RelError: 9.99614e-01	AbsError: 4.45562e+13
      Equation: "HoleContinuityEquation"	RelError: 1.29257e+00	AbsError: 6.38901e+11
      Equation: "PotentialEquation"	RelError: 1.93724e-02	AbsError: 2.55564e-02
    Region: "oxide"	RelError: 7.48259e-06	AbsError: 6.03436e-08
      Equation: "PotentialEquation"	RelError: 7.48259e-06	AbsError: 6.03436e-08
Iteration: 3
  Device: "part1_baseline"	RelError: 3.94483e-01	AbsError: 3.38971e+14
    Region: "bulk"	RelError: 3.94466e-01	AbsError: 3.38971e+14
      Equation: "ElectronContinuityEquation"	RelError: 1.51703e-01	AbsError: 3.38878e+14
      Equation: "HoleContinuityEquation"	RelError: 2.37986e-01	AbsError: 9.28849e+10
      Equation: "PotentialEquation"	RelError: 4.77754e-03	AbsError: 9.16539e-03
    Region: "oxide"	RelError: 1.74021e-05	AbsError: 1.06648e-07
      Equation: "PotentialEquation"	RelError: 1.74021e-05	AbsError: 1.06648e-07
Iteration: 4
  Device: "part1_baseline"	RelError: 1.22046e-01	AbsError: 3.63851e+14
    Region: "bulk"	RelError: 1.22021e-01	AbsError: 3.63851e+14
      Equation: "ElectronContinuityEquation"	RelError: 6.97166e-02	AbsError: 3.63710e+14
      Equation: "HoleContinuityEquation"	RelError: 5.14709e-02	AbsError: 1.40248e+11
      Equation: "PotentialEquation"	RelError: 8.33493e-04	AbsError: 4.27072e-05
    Region: "oxide"	RelError: 2.53674e-05	AbsError: 1.61379e-07
      Equation: "PotentialEquation"	RelError: 2.53674e-05	AbsError: 1.61379e-07
Iteration: 5
  Device: "part1_baseline"	RelError: 2.89274e-03	AbsError: 8.82225e+10
    Region: "bulk"	RelError: 2.89274e-03	AbsError: 8.82225e+10
      Equation: "ElectronContinuityEquation"	RelError: 3.11599e-05	AbsError: 8.82010e+10
      Equation: "HoleContinuityEquation"	RelError: 2.86146e-03	AbsError: 2.15306e+07
      Equation: "PotentialEquation"	RelError: 1.14307e-07	AbsError: 9.84984e-09
    Region: "oxide"	RelError: 3.97117e-09	AbsError: 2.48855e-11
      Equation: "PotentialEquation"	RelError: 3.97117e-09	AbsError: 2.48855e-11
Iteration: 6
  Device: "part1_baseline"	RelError: 3.08176e-11	AbsError: 4.86553e+03
    Region: "bulk"	RelError: 3.08174e-11	AbsError: 4.86553e+03
      Equation: "ElectronContinuityEquation"	RelError: 1.80663e-12	AbsError: 4.86448e+03
      Equation: "HoleContinuityEquation"	RelError: 2.90052e-11	AbsError: 1.05332e+00
      Equation: "PotentialEquation"	RelError: 5.57234e-15	AbsError: 5.33389e-16
    Region: "oxide"	RelError: 1.89181e-16	AbsError: 1.19210e-18
      Equation: "PotentialEquation"	RelError: 1.89181e-16	AbsError: 1.19210e-18
number of equations 7095
Iteration: 0
  Device: "part1_baseline"	RelError: 2.00798e+03	AbsError: 7.21416e+16
    Region: "bulk"	RelError: 2.00734e+03	AbsError: 7.21416e+16
      Equation: "ElectronContinuityEquation"	RelError: 9.99000e+02	AbsError: 7.05230e+16
      Equation: "HoleContinuityEquation"	RelError: 9.99000e+02	AbsError: 1.61865e+15
      Equation: "PotentialEquation"	RelError: 9.34024e+00	AbsError: 4.09542e-02
    Region: "oxide"	RelError: 6.36204e-01	AbsError: 1.83922e-02
      Equation: "PotentialEquation"	RelError: 6.36204e-01	AbsError: 1.83922e-02
Iteration: 1
  Device: "part1_baseline"	RelError: 1.00997e+03	AbsError: 1.57771e+15
    Region: "bulk"	RelError: 1.00996e+03	AbsError: 1.57771e+15
      Equation: "ElectronContinuityEquation"	RelError: 9.99000e+02	AbsError: 1.43803e+15
      Equation: "HoleContinuityEquation"	RelError: 9.98289e-01	AbsError: 1.39678e+14
      Equation: "PotentialEquation"	RelError: 9.95891e+00	AbsError: 3.07632e-02
    Region: "oxide"	RelError: 1.57048e-02	AbsError: 8.39740e-03
      Equation: "PotentialEquation"	RelError: 1.57048e-02	AbsError: 8.39740e-03
Iteration: 2
  Device: "part1_baseline"	RelError: 2.43354e+00	AbsError: 4.86349e+13
    Region: "bulk"	RelError: 2.43354e+00	AbsError: 4.86349e+13
      Equation: "ElectronContinuityEquation"	RelError: 9.99322e-01	AbsError: 4.81561e+13
      Equation: "HoleContinuityEquation"	RelError: 1.41656e+00	AbsError: 4.78723e+11
      Equation: "PotentialEquation"	RelError: 1.76530e-02	AbsError: 2.55566e-02
    Region: "oxide"	RelError: 8.51979e-06	AbsError: 5.85748e-08
      Equation: "PotentialEquation"	RelError: 8.51979e-06	AbsError: 5.85748e-08
Iteration: 3
  Device: "part1_baseline"	RelError: 1.99790e-01	AbsError: 2.85023e+14
    Region: "bulk"	RelError: 1.99774e-01	AbsError: 2.85023e+14
      Equation: "ElectronContinuityEquation"	RelError: 1.31625e-01	AbsError: 2.84953e+14
      Equation: "HoleContinuityEquation"	RelError: 6.36082e-02	AbsError: 7.02115e+10
      Equation: "PotentialEquation"	RelError: 4.54084e-03	AbsError: 9.16538e-03
    Region: "oxide"	RelError: 1.59772e-05	AbsError: 8.28679e-08
      Equation: "PotentialEquation"	RelError: 1.59772e-05	AbsError: 8.28679e-08
Iteration: 4
  Device: "part1_baseline"	RelError: 1.26097e-01	AbsError: 3.05892e+14
    Region: "bulk"	RelError: 1.26072e-01	AbsError: 3.05892e+14
      Equation: "ElectronContinuityEquation"	RelError: 6.98970e-02	AbsError: 3.05779e+14
      Equation: "HoleContinuityEquation"	RelError: 5.39749e-02	AbsError: 1.12993e+11
      Equation: "PotentialEquation"	RelError: 2.19974e-03	AbsError: 3.58123e-05
    Region: "oxide"	RelError: 2.48960e-05	AbsError: 1.36002e-07
      Equation: "PotentialEquation"	RelError: 2.48960e-05	AbsError: 1.36002e-07
Iteration: 5
  Device: "part1_baseline"	RelError: 3.02228e-03	AbsError: 6.15299e+10
    Region: "bulk"	RelError: 3.02227e-03	AbsError: 6.15299e+10
      Equation: "ElectronContinuityEquation"	RelError: 2.68750e-05	AbsError: 6.15158e+10
      Equation: "HoleContinuityEquation"	RelError: 2.99513e-03	AbsError: 1.40824e+07
      Equation: "PotentialEquation"	RelError: 2.62726e-07	AbsError: 6.86415e-09
    Region: "oxide"	RelError: 3.22724e-09	AbsError: 1.73505e-11
      Equation: "PotentialEquation"	RelError: 3.22724e-09	AbsError: 1.73505e-11
Iteration: 6
  Device: "part1_baseline"	RelError: 2.13256e-11	AbsError: 2.33571e+03
    Region: "bulk"	RelError: 2.13255e-11	AbsError: 2.33571e+03
      Equation: "ElectronContinuityEquation"	RelError: 9.05609e-13	AbsError: 2.33523e+03
      Equation: "HoleContinuityEquation"	RelError: 2.04110e-11	AbsError: 4.81724e-01
      Equation: "PotentialEquation"	RelError: 8.90030e-15	AbsError: 2.56209e-16
    Region: "oxide"	RelError: 1.07466e-16	AbsError: 5.81386e-19
      Equation: "PotentialEquation"	RelError: 1.07466e-16	AbsError: 5.81386e-19
number of equations 7095
Iteration: 0
  Device: "part1_baseline"	RelError: 2.26612e+03	AbsError: 7.35775e+16
    Region: "bulk"	RelError: 2.26430e+03	AbsError: 7.35775e+16
      Equation: "ElectronContinuityEquation"	RelError: 9.99000e+02	AbsError: 7.20342e+16
      Equation: "HoleContinuityEquation"	RelError: 1.24479e+03	AbsError: 1.54335e+15
      Equation: "PotentialEquation"	RelError: 2.05185e+01	AbsError: 4.09542e-02
    Region: "oxide"	RelError: 1.81711e+00	AbsError: 1.83947e-02
      Equation: "PotentialEquation"	RelError: 1.81711e+00	AbsError: 1.83947e-02
Iteration: 1
  Device: "part1_baseline"	RelError: 1.00529e+03	AbsError: 1.56982e+15
    Region: "bulk"	RelError: 1.00528e+03	AbsError: 1.56982e+15
      Equation: "ElectronContinuityEquation"	RelError: 9.99000e+02	AbsError: 1.44410e+15
      Equation: "HoleContinuityEquation"	RelError: 9.98103e-01	AbsError: 1.25725e+14
      Equation: "PotentialEquation"	RelError: 5.27856e+00	AbsError: 3.07632e-02
    Region: "oxide"	RelError: 1.49597e-02	AbsError: 8.39981e-03
      Equation: "PotentialEquation"	RelError: 1.49597e-02	AbsError: 8.39981e-03
Iteration: 2
  Device: "part1_baseline"	RelError: 2.15531e+00	AbsError: 5.18106e+13
    Region: "bulk"	RelError: 2.15529e+00	AbsError: 5.18106e+13
      Equation: "ElectronContinuityEquation"	RelError: 9.99448e-01	AbsError: 5.14017e+13
      Equation: "HoleContinuityEquation"	RelError: 1.13964e+00	AbsError: 4.08948e+11
      Equation: "PotentialEquation"	RelError: 1.61981e-02	AbsError: 2.55581e-02
    Region: "oxide"	RelError: 2.40741e-05	AbsError: 5.75097e-08
      Equation: "PotentialEquation"	RelError: 2.40741e-05	AbsError: 5.75097e-08
Iteration: 3
  Device: "part1_baseline"	RelError: 1.55371e-01	AbsError: 2.39210e+14
    Region: "bulk"	RelError: 1.55335e-01	AbsError: 2.39210e+14
      Equation: "ElectronContinuityEquation"	RelError: 1.12359e-01	AbsError: 2.39157e+14
      Equation: "HoleContinuityEquation"	RelError: 3.86496e-02	AbsError: 5.33763e+10
      Equation: "PotentialEquation"	RelError: 4.32649e-03	AbsError: 9.16537e-03
    Region: "oxide"	RelError: 3.53915e-05	AbsError: 6.28345e-08
      Equation: "PotentialEquation"	RelError: 3.53915e-05	AbsError: 6.28345e-08
Iteration: 4
  Device: "part1_baseline"	RelError: 1.25547e-01	AbsError: 2.56667e+14
    Region: "bulk"	RelError: 1.25487e-01	AbsError: 2.56667e+14
      Equation: "ElectronContinuityEquation"	RelError: 6.97075e-02	AbsError: 2.56575e+14
      Equation: "HoleContinuityEquation"	RelError: 5.47300e-02	AbsError: 9.10414e+10
      Equation: "PotentialEquation"	RelError: 1.04927e-03	AbsError: 2.99819e-05
    Region: "oxide"	RelError: 6.01509e-05	AbsError: 1.14991e-07
      Equation: "PotentialEquation"	RelError: 6.01509e-05	AbsError: 1.14991e-07
Iteration: 5
  Device: "part1_baseline"	RelError: 3.01336e-03	AbsError: 4.26728e+10
    Region: "bulk"	RelError: 3.01335e-03	AbsError: 4.26728e+10
      Equation: "ElectronContinuityEquation"	RelError: 2.30827e-05	AbsError: 4.26633e+10
      Equation: "HoleContinuityEquation"	RelError: 2.99016e-03	AbsError: 9.48691e+06
      Equation: "PotentialEquation"	RelError: 1.07228e-07	AbsError: 4.75753e-09
    Region: "oxide"	RelError: 6.41753e-09	AbsError: 1.20494e-11
      Equation: "PotentialEquation"	RelError: 6.41753e-09	AbsError: 1.20494e-11
Iteration: 6
  Device: "part1_baseline"	RelError: 2.17154e-11	AbsError: 1.10696e+03
    Region: "bulk"	RelError: 2.17153e-11	AbsError: 1.10696e+03
      Equation: "ElectronContinuityEquation"	RelError: 5.44023e-13	AbsError: 1.10674e+03
      Equation: "HoleContinuityEquation"	RelError: 2.11687e-11	AbsError: 2.21848e-01
      Equation: "PotentialEquation"	RelError: 2.50214e-15	AbsError: 1.21499e-16
    Region: "oxide"	RelError: 1.48022e-16	AbsError: 2.79882e-19
      Equation: "PotentialEquation"	RelError: 1.48022e-16	AbsError: 2.79882e-19
number of equations 7095
Iteration: 0
  Device: "part1_baseline"	RelError: 1.18016e+04	AbsError: 7.50048e+16
    Region: "bulk"	RelError: 1.17995e+04	AbsError: 7.50048e+16
      Equation: "ElectronContinuityEquation"	RelError: 9.99000e+02	AbsError: 7.35678e+16
      Equation: "HoleContinuityEquation"	RelError: 1.07941e+04	AbsError: 1.43707e+15
      Equation: "PotentialEquation"	RelError: 6.31948e+00	AbsError: 4.09542e-02
    Region: "oxide"	RelError: 2.17443e+00	AbsError: 1.83971e-02
      Equation: "PotentialEquation"	RelError: 2.17443e+00	AbsError: 1.83971e-02
Iteration: 1
  Device: "part1_baseline"	RelError: 1.00207e+03	AbsError: 1.55897e+15
    Region: "bulk"	RelError: 1.00206e+03	AbsError: 1.55897e+15
      Equation: "ElectronContinuityEquation"	RelError: 9.99000e+02	AbsError: 1.44513e+15
      Equation: "HoleContinuityEquation"	RelError: 9.99734e-01	AbsError: 1.13842e+14
      Equation: "PotentialEquation"	RelError: 2.05891e+00	AbsError: 3.07632e-02
    Region: "oxide"	RelError: 1.42819e-02	AbsError: 8.40199e-03
      Equation: "PotentialEquation"	RelError: 1.42819e-02	AbsError: 8.40199e-03
Iteration: 2
  Device: "part1_baseline"	RelError: 1.92915e+00	AbsError: 5.45478e+13
    Region: "bulk"	RelError: 1.92913e+00	AbsError: 5.45478e+13
      Equation: "ElectronContinuityEquation"	RelError: 9.99306e-01	AbsError: 5.42392e+13
      Equation: "HoleContinuityEquation"	RelError: 9.14870e-01	AbsError: 3.08623e+11
      Equation: "PotentialEquation"	RelError: 1.49504e-02	AbsError: 2.55605e-02
    Region: "oxide"	RelError: 2.77583e-05	AbsError: 5.67878e-08
      Equation: "PotentialEquation"	RelError: 2.77583e-05	AbsError: 5.67878e-08
Iteration: 3
  Device: "part1_baseline"	RelError: 1.36388e-01	AbsError: 2.00442e+14
    Region: "bulk"	RelError: 1.36357e-01	AbsError: 2.00442e+14
      Equation: "ElectronContinuityEquation"	RelError: 9.40262e-02	AbsError: 2.00402e+14
      Equation: "HoleContinuityEquation"	RelError: 3.81993e-02	AbsError: 3.99159e+10
      Equation: "PotentialEquation"	RelError: 4.13147e-03	AbsError: 9.16537e-03
    Region: "oxide"	RelError: 3.12450e-05	AbsError: 4.59564e-08
      Equation: "PotentialEquation"	RelError: 3.12450e-05	AbsError: 4.59564e-08
Iteration: 4
  Device: "part1_baseline"	RelError: 1.22619e-01	AbsError: 2.15017e+14
    Region: "bulk"	RelError: 1.22560e-01	AbsError: 2.15017e+14
      Equation: "ElectronContinuityEquation"	RelError: 6.85929e-02	AbsError: 2.14943e+14
      Equation: "HoleContinuityEquation"	RelError: 5.37272e-02	AbsError: 7.45330e+10
      Equation: "PotentialEquation"	RelError: 2.39557e-04	AbsError: 2.50679e-05
    Region: "oxide"	RelError: 5.95767e-05	AbsError: 9.76302e-08
      Equation: "PotentialEquation"	RelError: 5.95767e-05	AbsError: 9.76302e-08
Iteration: 5
  Device: "part1_baseline"	RelError: 2.85546e-03	AbsError: 2.94594e+10
    Region: "bulk"	RelError: 2.85545e-03	AbsError: 2.94594e+10
      Equation: "ElectronContinuityEquation"	RelError: 1.97461e-05	AbsError: 2.94532e+10
      Equation: "HoleContinuityEquation"	RelError: 2.83569e-03	AbsError: 6.24328e+06
      Equation: "PotentialEquation"	RelError: 2.00713e-08	AbsError: 3.28288e-09
    Region: "oxide"	RelError: 5.20080e-09	AbsError: 8.34213e-12
      Equation: "PotentialEquation"	RelError: 5.20080e-09	AbsError: 8.34213e-12
Iteration: 6
  Device: "part1_baseline"	RelError: 2.11673e-11	AbsError: 5.19189e+02
    Region: "bulk"	RelError: 2.11672e-11	AbsError: 5.19189e+02
      Equation: "ElectronContinuityEquation"	RelError: 3.24117e-13	AbsError: 5.19089e+02
      Equation: "HoleContinuityEquation"	RelError: 2.08427e-11	AbsError: 1.00445e-01
      Equation: "PotentialEquation"	RelError: 3.18188e-16	AbsError: 5.70187e-17
    Region: "oxide"	RelError: 8.24903e-17	AbsError: 1.33375e-19
      Equation: "PotentialEquation"	RelError: 8.24903e-17	AbsError: 1.33375e-19
number of equations 7095
Iteration: 0
  Device: "part1_baseline"	RelError: 1.20019e+03	AbsError: 7.64652e+16
    Region: "bulk"	RelError: 1.19880e+03	AbsError: 7.64652e+16
      Equation: "ElectronContinuityEquation"	RelError: 4.13168e+01	AbsError: 7.51092e+16
      Equation: "HoleContinuityEquation"	RelError: 9.99000e+02	AbsError: 1.35606e+15
      Equation: "PotentialEquation"	RelError: 1.58483e+02	AbsError: 4.09542e-02
    Region: "oxide"	RelError: 1.38949e+00	AbsError: 1.83992e-02
      Equation: "PotentialEquation"	RelError: 1.38949e+00	AbsError: 1.83992e-02
Iteration: 1
  Device: "part1_baseline"	RelError: 1.00129e+03	AbsError: 1.54401e+15
    Region: "bulk"	RelError: 1.00127e+03	AbsError: 1.54401e+15
      Equation: "ElectronContinuityEquation"	RelError: 9.99000e+02	AbsError: 1.44029e+15
      Equation: "HoleContinuityEquation"	RelError: 9.98387e-01	AbsError: 1.03715e+14
      Equation: "PotentialEquation"	RelError: 1.27507e+00	AbsError: 3.07632e-02
    Region: "oxide"	RelError: 1.36627e-02	AbsError: 8.40395e-03
      Equation: "PotentialEquation"	RelError: 1.36627e-02	AbsError: 8.40395e-03
Iteration: 2
  Device: "part1_baseline"	RelError: 1.84212e+00	AbsError: 5.68512e+13
    Region: "bulk"	RelError: 1.84210e+00	AbsError: 5.68512e+13
      Equation: "ElectronContinuityEquation"	RelError: 9.99133e-01	AbsError: 5.65953e+13
      Equation: "HoleContinuityEquation"	RelError: 8.29098e-01	AbsError: 2.55855e+11
      Equation: "PotentialEquation"	RelError: 1.38712e-02	AbsError: 2.55632e-02
    Region: "oxide"	RelError: 1.80100e-05	AbsError: 5.63854e-08
      Equation: "PotentialEquation"	RelError: 1.80100e-05	AbsError: 5.63854e-08
Iteration: 3
  Device: "part1_baseline"	RelError: 1.17092e-01	AbsError: 1.67733e+14
    Region: "bulk"	RelError: 1.17076e-01	AbsError: 1.67733e+14
      Equation: "ElectronContinuityEquation"	RelError: 7.65962e-02	AbsError: 1.67704e+14
      Equation: "HoleContinuityEquation"	RelError: 3.65265e-02	AbsError: 2.87945e+10
      Equation: "PotentialEquation"	RelError: 3.95327e-03	AbsError: 9.16536e-03
    Region: "oxide"	RelError: 1.64394e-05	AbsError: 3.17358e-08
      Equation: "PotentialEquation"	RelError: 1.64394e-05	AbsError: 3.17358e-08
Iteration: 4
  Device: "part1_baseline"	RelError: 1.20089e-01	AbsError: 1.79884e+14
    Region: "bulk"	RelError: 1.20053e-01	AbsError: 1.79884e+14
      Equation: "ElectronContinuityEquation"	RelError: 6.52375e-02	AbsError: 1.79823e+14
      Equation: "HoleContinuityEquation"	RelError: 5.26088e-02	AbsError: 6.00712e+10
      Equation: "PotentialEquation"	RelError: 2.20670e-03	AbsError: 2.09371e-05
    Region: "oxide"	RelError: 3.57569e-05	AbsError: 8.33084e-08
      Equation: "PotentialEquation"	RelError: 3.57569e-05	AbsError: 8.33084e-08
Iteration: 5
  Device: "part1_baseline"	RelError: 2.89021e-03	AbsError: 2.02620e+10
    Region: "bulk"	RelError: 2.89021e-03	AbsError: 2.02620e+10
      Equation: "ElectronContinuityEquation"	RelError: 1.68198e-05	AbsError: 2.02578e+10
      Equation: "HoleContinuityEquation"	RelError: 2.87323e-03	AbsError: 4.15993e+06
      Equation: "PotentialEquation"	RelError: 1.56712e-07	AbsError: 2.25720e-09
    Region: "oxide"	RelError: 2.55173e-09	AbsError: 5.76210e-12
      Equation: "PotentialEquation"	RelError: 2.55173e-09	AbsError: 5.76210e-12
Iteration: 6
  Device: "part1_baseline"	RelError: 1.95974e-11	AbsError: 2.41470e+02
    Region: "bulk"	RelError: 1.95974e-11	AbsError: 2.41470e+02
      Equation: "ElectronContinuityEquation"	RelError: 1.91587e-13	AbsError: 2.41425e+02
      Equation: "HoleContinuityEquation"	RelError: 1.94041e-11	AbsError: 4.51768e-02
      Equation: "PotentialEquation"	RelError: 1.69578e-15	AbsError: 2.65380e-17
    Region: "oxide"	RelError: 2.75863e-17	AbsError: 6.28916e-20
      Equation: "PotentialEquation"	RelError: 2.75863e-17	AbsError: 6.28916e-20
number of equations 7095
Iteration: 0
  Device: "part1_baseline"	RelError: 1.07053e+03	AbsError: 7.79298e+16
    Region: "bulk"	RelError: 1.06713e+03	AbsError: 7.79298e+16
      Equation: "ElectronContinuityEquation"	RelError: 1.80595e+01	AbsError: 7.66406e+16
      Equation: "HoleContinuityEquation"	RelError: 9.99000e+02	AbsError: 1.28919e+15
      Equation: "PotentialEquation"	RelError: 5.00753e+01	AbsError: 4.09542e-02
    Region: "oxide"	RelError: 3.39759e+00	AbsError: 1.84011e-02
      Equation: "PotentialEquation"	RelError: 3.39759e+00	AbsError: 1.84011e-02
Iteration: 1
  Device: "part1_baseline"	RelError: 1.01376e+03	AbsError: 1.53179e+15
    Region: "bulk"	RelError: 1.01374e+03	AbsError: 1.53179e+15
      Equation: "ElectronContinuityEquation"	RelError: 9.99000e+02	AbsError: 1.42859e+15
      Equation: "HoleContinuityEquation"	RelError: 9.98378e-01	AbsError: 1.03209e+14
      Equation: "PotentialEquation"	RelError: 1.37385e+01	AbsError: 3.07632e-02
    Region: "oxide"	RelError: 1.83644e-02	AbsError: 8.40570e-03
      Equation: "PotentialEquation"	RelError: 1.83644e-02	AbsError: 8.40570e-03
Iteration: 2
  Device: "part1_baseline"	RelError: 1.82311e+00	AbsError: 5.86599e+13
    Region: "bulk"	RelError: 1.82307e+00	AbsError: 5.86599e+13
      Equation: "ElectronContinuityEquation"	RelError: 9.99004e-01	AbsError: 5.83933e+13
      Equation: "HoleContinuityEquation"	RelError: 8.11134e-01	AbsError: 2.66587e+11
      Equation: "PotentialEquation"	RelError: 1.29305e-02	AbsError: 2.55662e-02
    Region: "oxide"	RelError: 4.27242e-05	AbsError: 5.62877e-08
      Equation: "PotentialEquation"	RelError: 4.27242e-05	AbsError: 5.62877e-08
Iteration: 3
  Device: "part1_baseline"	RelError: 1.01416e-01	AbsError: 1.40204e+14
    Region: "bulk"	RelError: 1.01389e-01	AbsError: 1.40204e+14
      Equation: "ElectronContinuityEquation"	RelError: 6.12080e-02	AbsError: 1.40183e+14
      Equation: "HoleContinuityEquation"	RelError: 3.63915e-02	AbsError: 2.10690e+10
      Equation: "PotentialEquation"	RelError: 3.78980e-03	AbsError: 9.16536e-03
    Region: "oxide"	RelError: 2.70621e-05	AbsError: 2.03913e-08
      Equation: "PotentialEquation"	RelError: 2.70621e-05	AbsError: 2.03913e-08
Iteration: 4
  Device: "part1_baseline"	RelError: 1.15457e-01	AbsError: 1.50322e+14
    Region: "bulk"	RelError: 1.15385e-01	AbsError: 1.50322e+14
      Equation: "ElectronContinuityEquation"	RelError: 5.93927e-02	AbsError: 1.50273e+14
      Equation: "HoleContinuityEquation"	RelError: 5.41487e-02	AbsError: 4.91042e+10
      Equation: "PotentialEquation"	RelError: 1.84317e-03	AbsError: 1.74721e-05
    Region: "oxide"	RelError: 7.23268e-05	AbsError: 7.15099e-08
      Equation: "PotentialEquation"	RelError: 7.23268e-05	AbsError: 7.15099e-08
Iteration: 5
  Device: "part1_baseline"	RelError: 2.95697e-03	AbsError: 1.38941e+10
    Region: "bulk"	RelError: 2.95696e-03	AbsError: 1.38941e+10
      Equation: "ElectronContinuityEquation"	RelError: 1.42496e-05	AbsError: 1.38914e+10
      Equation: "HoleContinuityEquation"	RelError: 2.94260e-03	AbsError: 2.74230e+06
      Equation: "PotentialEquation"	RelError: 1.10717e-07	AbsError: 1.54748e-09
    Region: "oxide"	RelError: 4.17744e-09	AbsError: 3.97353e-12
      Equation: "PotentialEquation"	RelError: 4.17744e-09	AbsError: 3.97353e-12
Iteration: 6
  Device: "part1_baseline"	RelError: 1.72327e-11	AbsError: 1.11549e+02
    Region: "bulk"	RelError: 1.72327e-11	AbsError: 1.11549e+02
      Equation: "ElectronContinuityEquation"	RelError: 1.12291e-13	AbsError: 1.11529e+02
      Equation: "HoleContinuityEquation"	RelError: 1.71196e-11	AbsError: 2.01899e-02
      Equation: "PotentialEquation"	RelError: 8.09531e-16	AbsError: 1.22621e-17
    Region: "oxide"	RelError: 3.05689e-17	AbsError: 2.93925e-20
      Equation: "PotentialEquation"	RelError: 3.05689e-17	AbsError: 2.93925e-20
number of equations 7095
Iteration: 0
  Device: "part1_baseline"	RelError: 1.02003e+03	AbsError: 7.93708e+16
    Region: "bulk"	RelError: 1.01926e+03	AbsError: 7.93708e+16
      Equation: "ElectronContinuityEquation"	RelError: 7.20657e+00	AbsError: 7.81417e+16
      Equation: "HoleContinuityEquation"	RelError: 9.99000e+02	AbsError: 1.22913e+15
      Equation: "PotentialEquation"	RelError: 1.30524e+01	AbsError: 4.09542e-02
    Region: "oxide"	RelError: 7.71258e-01	AbsError: 1.84028e-02
      Equation: "PotentialEquation"	RelError: 7.71258e-01	AbsError: 1.84028e-02
Iteration: 1
  Device: "part1_baseline"	RelError: 3.44540e+00	AbsError: 1.50465e+15
    Region: "bulk"	RelError: 3.43283e+00	AbsError: 1.50465e+15
      Equation: "ElectronContinuityEquation"	RelError: 1.37735e+00	AbsError: 1.40898e+15
      Equation: "HoleContinuityEquation"	RelError: 9.98160e-01	AbsError: 9.56710e+13
      Equation: "PotentialEquation"	RelError: 1.05732e+00	AbsError: 3.07632e-02
    Region: "oxide"	RelError: 1.25722e-02	AbsError: 8.40726e-03
      Equation: "PotentialEquation"	RelError: 1.25722e-02	AbsError: 8.40726e-03
Iteration: 2
  Device: "part1_baseline"	RelError: 1.36334e+00	AbsError: 5.97960e+13
    Region: "bulk"	RelError: 1.36333e+00	AbsError: 5.97960e+13
      Equation: "ElectronContinuityEquation"	RelError: 5.81240e-01	AbsError: 5.95671e+13
      Equation: "HoleContinuityEquation"	RelError: 7.69992e-01	AbsError: 2.28835e+11
      Equation: "PotentialEquation"	RelError: 1.21030e-02	AbsError: 2.55693e-02
    Region: "oxide"	RelError: 9.81677e-06	AbsError: 5.64539e-08
      Equation: "PotentialEquation"	RelError: 9.81677e-06	AbsError: 5.64539e-08
Iteration: 3
  Device: "part1_baseline"	RelError: 9.70980e-02	AbsError: 1.17080e+14
    Region: "bulk"	RelError: 9.70941e-02	AbsError: 1.17080e+14
      Equation: "ElectronContinuityEquation"	RelError: 5.65026e-02	AbsError: 1.17065e+14
      Equation: "HoleContinuityEquation"	RelError: 3.69522e-02	AbsError: 1.45144e+10
      Equation: "PotentialEquation"	RelError: 3.63932e-03	AbsError: 9.16535e-03
    Region: "oxide"	RelError: 3.91553e-06	AbsError: 1.12832e-08
      Equation: "PotentialEquation"	RelError: 3.91553e-06	AbsError: 1.12832e-08
Iteration: 4
  Device: "part1_baseline"	RelError: 1.15118e-01	AbsError: 1.25498e+14
    Region: "bulk"	RelError: 1.15104e-01	AbsError: 1.25498e+14
      Equation: "ElectronContinuityEquation"	RelError: 5.99206e-02	AbsError: 1.25459e+14
      Equation: "HoleContinuityEquation"	RelError: 5.48837e-02	AbsError: 3.95344e+10
      Equation: "PotentialEquation"	RelError: 2.99686e-04	AbsError: 1.45706e-05
    Region: "oxide"	RelError: 1.42181e-05	AbsError: 6.18007e-08
      Equation: "PotentialEquation"	RelError: 1.42181e-05	AbsError: 6.18007e-08
Iteration: 5
  Device: "part1_baseline"	RelError: 2.97135e-03	AbsError: 9.50439e+09
    Region: "bulk"	RelError: 2.97135e-03	AbsError: 9.50439e+09
      Equation: "ElectronContinuityEquation"	RelError: 1.19693e-05	AbsError: 9.50256e+09
      Equation: "HoleContinuityEquation"	RelError: 2.95937e-03	AbsError: 1.83345e+06
      Equation: "PotentialEquation"	RelError: 1.43127e-08	AbsError: 1.05845e-09
    Region: "oxide"	RelError: 6.60823e-10	AbsError: 2.73738e-12
      Equation: "PotentialEquation"	RelError: 6.60823e-10	AbsError: 2.73738e-12
Iteration: 6
  Device: "part1_baseline"	RelError: 1.44117e-11	AbsError: 5.12527e+01
    Region: "bulk"	RelError: 1.44117e-11	AbsError: 5.12527e+01
      Equation: "ElectronContinuityEquation"	RelError: 6.50827e-14	AbsError: 5.12437e+01
      Equation: "HoleContinuityEquation"	RelError: 1.43466e-11	AbsError: 9.06572e-03
      Equation: "PotentialEquation"	RelError: 7.07386e-17	AbsError: 5.63974e-18
    Region: "oxide"	RelError: 3.27208e-18	AbsError: 1.36919e-20
      Equation: "PotentialEquation"	RelError: 3.27208e-18	AbsError: 1.36919e-20
number of equations 7095
Iteration: 0
  Device: "part1_baseline"	RelError: 5.64606e-18	AbsError: 8.96424e-11
    Region: "bulk"	RelError: 5.64606e-18	AbsError: 8.96424e-11
      Equation: "ElectronContinuityEquation"	RelError: 5.64606e-18	AbsError: 8.95525e-11
      Equation: "HoleContinuityEquation"	RelError: 3.41199e-26	AbsError: 8.98793e-14
      Equation: "PotentialEquation"	RelError: 5.64758e-28	AbsError: 2.22928e-29
    Region: "oxide"	RelError: 2.41465e-29	AbsError: 9.04485e-32
      Equation: "PotentialEquation"	RelError: 2.41465e-29	AbsError: 9.04485e-32
PROBE_RESULT={"status": "OK", "Vg_V": 0.0, "Id_A_per_um": 1.3642605451630095e-14, "Is_A_per_um": -1.3609154514718749e-14, "Ib_A_per_um": -3.345093691134594e-17, "current_balance_A_per_um": -2.465190328815662e-31, "relative_current_balance": 1.8069791269387675e-17}
