Creating Region air
Creating Region bulk
Creating Region gate_metal
Creating Region oxide
Contact: source region bulk ni: 0 ci: 51 (0, 0, 0)
Contact: body region bulk ni: 70 ci: 86 (0, 5e-05, 0)
Contact: source region bulk ni: 2 ci: 95 (2.5e-06, 0, 0)
Contact: body region bulk ni: 71 ci: 130 (2.5e-06, 5e-05, 0)
Contact: source region bulk ni: 72 ci: 139 (5e-06, 0, 0)
Contact: body region bulk ni: 107 ci: 174 (5e-06, 5e-05, 0)
Contact: source region bulk ni: 108 ci: 183 (7.5e-06, 0, 0)
Contact: body region bulk ni: 143 ci: 218 (7.5e-06, 5e-05, 0)
Contact: source region bulk ni: 144 ci: 227 (1e-05, 0, 0)
Contact: body region bulk ni: 179 ci: 262 (1e-05, 5e-05, 0)
Contact: source region bulk ni: 180 ci: 271 (1.25e-05, 0, 0)
Contact: body region bulk ni: 215 ci: 306 (1.25e-05, 5e-05, 0)
Contact: source region bulk ni: 216 ci: 315 (1.5e-05, 0, 0)
Contact: body region bulk ni: 251 ci: 350 (1.5e-05, 5e-05, 0)
Contact: source region bulk ni: 252 ci: 359 (1.75e-05, 0, 0)
Contact: body region bulk ni: 287 ci: 394 (1.75e-05, 5e-05, 0)
Contact: source region bulk ni: 288 ci: 403 (2e-05, 0, 0)
Contact: body region bulk ni: 323 ci: 438 (2e-05, 5e-05, 0)
Contact: source region bulk ni: 324 ci: 447 (2.25e-05, 0, 0)
Contact: body region bulk ni: 359 ci: 482 (2.25e-05, 5e-05, 0)
Contact: source region bulk ni: 360 ci: 491 (2.5e-05, 0, 0)
Contact: body region bulk ni: 395 ci: 526 (2.5e-05, 5e-05, 0)
Contact: source region bulk ni: 396 ci: 535 (2.75e-05, 0, 0)
Contact: body region bulk ni: 431 ci: 570 (2.75e-05, 5e-05, 0)
Contact: source region bulk ni: 432 ci: 579 (3e-05, 0, 0)
Contact: body region bulk ni: 467 ci: 614 (3e-05, 5e-05, 0)
Contact: source region bulk ni: 468 ci: 623 (3.25e-05, 0, 0)
Contact: body region bulk ni: 503 ci: 658 (3.25e-05, 5e-05, 0)
Contact: source region bulk ni: 504 ci: 667 (3.5e-05, 0, 0)
Contact: body region bulk ni: 539 ci: 702 (3.5e-05, 5e-05, 0)
Contact: source region bulk ni: 540 ci: 711 (3.75e-05, 0, 0)
Contact: body region bulk ni: 575 ci: 746 (3.75e-05, 5e-05, 0)
Contact: source region bulk ni: 576 ci: 755 (4e-05, 0, 0)
Contact: body region bulk ni: 611 ci: 790 (4e-05, 5e-05, 0)
Contact: source region bulk ni: 612 ci: 799 (4.25e-05, 0, 0)
Contact: body region bulk ni: 647 ci: 834 (4.25e-05, 5e-05, 0)
Contact: source region bulk ni: 648 ci: 843 (4.5e-05, 0, 0)
Contact: body region bulk ni: 683 ci: 878 (4.5e-05, 5e-05, 0)
Contact: source region bulk ni: 684 ci: 887 (4.75e-05, 0, 0)
Contact: body region bulk ni: 719 ci: 922 (4.75e-05, 5e-05, 0)
Contact: gate region oxide ni: 0 ci: 929 (5e-05, -4.5e-07, 0)
Contact: source region bulk ni: 720 ci: 931 (5e-05, 0, 0)
Contact: body region bulk ni: 755 ci: 966 (5e-05, 5e-05, 0)
Contact: gate region oxide ni: 2 ci: 973 (5.25e-05, -4.5e-07, 0)
Contact: body region bulk ni: 791 ci: 1010 (5.25e-05, 5e-05, 0)
Contact: gate region oxide ni: 6 ci: 1017 (5.5e-05, -4.5e-07, 0)
Contact: body region bulk ni: 827 ci: 1054 (5.5e-05, 5e-05, 0)
Contact: gate region oxide ni: 9 ci: 1061 (5.75e-05, -4.5e-07, 0)
Contact: body region bulk ni: 863 ci: 1098 (5.75e-05, 5e-05, 0)
Contact: gate region oxide ni: 12 ci: 1105 (6e-05, -4.5e-07, 0)
Contact: body region bulk ni: 899 ci: 1142 (6e-05, 5e-05, 0)
Contact: gate region oxide ni: 15 ci: 1149 (6.25e-05, -4.5e-07, 0)
Contact: body region bulk ni: 935 ci: 1186 (6.25e-05, 5e-05, 0)
Contact: gate region oxide ni: 18 ci: 1193 (6.5e-05, -4.5e-07, 0)
Contact: body region bulk ni: 971 ci: 1230 (6.5e-05, 5e-05, 0)
Contact: gate region oxide ni: 21 ci: 1237 (6.75e-05, -4.5e-07, 0)
Contact: body region bulk ni: 1007 ci: 1274 (6.75e-05, 5e-05, 0)
Contact: gate region oxide ni: 24 ci: 1281 (7e-05, -4.5e-07, 0)
Contact: body region bulk ni: 1043 ci: 1318 (7e-05, 5e-05, 0)
Contact: gate region oxide ni: 27 ci: 1325 (7.25e-05, -4.5e-07, 0)
Contact: body region bulk ni: 1079 ci: 1362 (7.25e-05, 5e-05, 0)
Contact: gate region oxide ni: 30 ci: 1369 (7.5e-05, -4.5e-07, 0)
Contact: body region bulk ni: 1115 ci: 1406 (7.5e-05, 5e-05, 0)
Contact: gate region oxide ni: 33 ci: 1413 (7.75e-05, -4.5e-07, 0)
Contact: body region bulk ni: 1151 ci: 1450 (7.75e-05, 5e-05, 0)
Contact: gate region oxide ni: 36 ci: 1457 (8e-05, -4.5e-07, 0)
Contact: body region bulk ni: 1187 ci: 1494 (8e-05, 5e-05, 0)
Contact: gate region oxide ni: 39 ci: 1501 (8.25e-05, -4.5e-07, 0)
Contact: body region bulk ni: 1223 ci: 1538 (8.25e-05, 5e-05, 0)
Contact: gate region oxide ni: 42 ci: 1545 (8.5e-05, -4.5e-07, 0)
Contact: body region bulk ni: 1259 ci: 1582 (8.5e-05, 5e-05, 0)
Contact: gate region oxide ni: 45 ci: 1589 (8.75e-05, -4.5e-07, 0)
Contact: body region bulk ni: 1295 ci: 1626 (8.75e-05, 5e-05, 0)
Contact: gate region oxide ni: 48 ci: 1633 (9e-05, -4.5e-07, 0)
Contact: body region bulk ni: 1331 ci: 1670 (9e-05, 5e-05, 0)
Contact: gate region oxide ni: 51 ci: 1677 (9.25e-05, -4.5e-07, 0)
Contact: body region bulk ni: 1367 ci: 1714 (9.25e-05, 5e-05, 0)
Contact: gate region oxide ni: 54 ci: 1721 (9.5e-05, -4.5e-07, 0)
Contact: body region bulk ni: 1403 ci: 1758 (9.5e-05, 5e-05, 0)
Contact: gate region oxide ni: 57 ci: 1765 (9.75e-05, -4.5e-07, 0)
Contact: body region bulk ni: 1439 ci: 1802 (9.75e-05, 5e-05, 0)
Contact: gate region oxide ni: 60 ci: 1809 (0.0001, -4.5e-07, 0)
Contact: body region bulk ni: 1475 ci: 1846 (0.0001, 5e-05, 0)
Contact: gate region oxide ni: 63 ci: 1853 (0.0001025, -4.5e-07, 0)
Contact: body region bulk ni: 1511 ci: 1890 (0.0001025, 5e-05, 0)
Contact: gate region oxide ni: 66 ci: 1897 (0.000105, -4.5e-07, 0)
Contact: body region bulk ni: 1547 ci: 1934 (0.000105, 5e-05, 0)
Contact: gate region oxide ni: 69 ci: 1941 (0.0001075, -4.5e-07, 0)
Contact: body region bulk ni: 1583 ci: 1978 (0.0001075, 5e-05, 0)
Contact: gate region oxide ni: 72 ci: 1985 (0.00011, -4.5e-07, 0)
Contact: drain region bulk ni: 1584 ci: 1987 (0.00011, 0, 0)
Contact: body region bulk ni: 1619 ci: 2022 (0.00011, 5e-05, 0)
Contact: drain region bulk ni: 1620 ci: 2031 (0.0001125, 0, 0)
Contact: body region bulk ni: 1655 ci: 2066 (0.0001125, 5e-05, 0)
Contact: drain region bulk ni: 1656 ci: 2075 (0.000115, 0, 0)
Contact: body region bulk ni: 1691 ci: 2110 (0.000115, 5e-05, 0)
Contact: drain region bulk ni: 1692 ci: 2119 (0.0001175, 0, 0)
Contact: body region bulk ni: 1727 ci: 2154 (0.0001175, 5e-05, 0)
Contact: drain region bulk ni: 1728 ci: 2163 (0.00012, 0, 0)
Contact: body region bulk ni: 1763 ci: 2198 (0.00012, 5e-05, 0)
Contact: drain region bulk ni: 1764 ci: 2207 (0.0001225, 0, 0)
Contact: body region bulk ni: 1799 ci: 2242 (0.0001225, 5e-05, 0)
Contact: drain region bulk ni: 1800 ci: 2251 (0.000125, 0, 0)
Contact: body region bulk ni: 1835 ci: 2286 (0.000125, 5e-05, 0)
Contact: drain region bulk ni: 1836 ci: 2295 (0.0001275, 0, 0)
Contact: body region bulk ni: 1871 ci: 2330 (0.0001275, 5e-05, 0)
Contact: drain region bulk ni: 1872 ci: 2339 (0.00013, 0, 0)
Contact: body region bulk ni: 1907 ci: 2374 (0.00013, 5e-05, 0)
Contact: drain region bulk ni: 1908 ci: 2383 (0.0001325, 0, 0)
Contact: body region bulk ni: 1943 ci: 2418 (0.0001325, 5e-05, 0)
Contact: drain region bulk ni: 1944 ci: 2427 (0.000135, 0, 0)
Contact: body region bulk ni: 1979 ci: 2462 (0.000135, 5e-05, 0)
Contact: drain region bulk ni: 1980 ci: 2471 (0.0001375, 0, 0)
Contact: body region bulk ni: 2015 ci: 2506 (0.0001375, 5e-05, 0)
Contact: drain region bulk ni: 2016 ci: 2515 (0.00014, 0, 0)
Contact: body region bulk ni: 2051 ci: 2550 (0.00014, 5e-05, 0)
Contact: drain region bulk ni: 2052 ci: 2559 (0.0001425, 0, 0)
Contact: body region bulk ni: 2087 ci: 2594 (0.0001425, 5e-05, 0)
Contact: drain region bulk ni: 2088 ci: 2603 (0.000145, 0, 0)
Contact: body region bulk ni: 2123 ci: 2638 (0.000145, 5e-05, 0)
Contact: drain region bulk ni: 2124 ci: 2647 (0.0001475, 0, 0)
Contact: body region bulk ni: 2159 ci: 2682 (0.0001475, 5e-05, 0)
Contact: drain region bulk ni: 2160 ci: 2691 (0.00015, 0, 0)
Contact: body region bulk ni: 2195 ci: 2726 (0.00015, 5e-05, 0)
Contact: drain region bulk ni: 2196 ci: 2735 (0.0001525, 0, 0)
Contact: body region bulk ni: 2231 ci: 2770 (0.0001525, 5e-05, 0)
Contact: drain region bulk ni: 2232 ci: 2779 (0.000155, 0, 0)
Contact: body region bulk ni: 2267 ci: 2814 (0.000155, 5e-05, 0)
Contact: drain region bulk ni: 2268 ci: 2823 (0.0001575, 0, 0)
Contact: body region bulk ni: 2303 ci: 2858 (0.0001575, 5e-05, 0)
Contact: drain region bulk ni: 2304 ci: 2867 (0.00016, 0, 0)
Contact: body region bulk ni: 2339 ci: 2902 (0.00016, 5e-05, 0)
Adding 668 nodes
Adding 1576 edges with 1148 duplicates removed
Adding 908 triangles  with 0 duplicate removed
Adding 2340 nodes
Adding 6819 edges with 6621 duplicates removed
Adding 4480 triangles  with 0 duplicate removed
Adding 125 nodes
Adding 316 edges with 260 duplicates removed
Adding 192 triangles  with 0 duplicate removed
Adding 75 nodes
Adding 170 edges with 118 duplicates removed
Adding 96 triangles  with 0 duplicate removed
Contact body in region bulk with 65 nodes
Contact drain in region bulk with 21 nodes
Contact gate in region oxide with 25 nodes
Contact source in region bulk with 21 nodes
Interface bulk_oxide bulk oxide has 23 node pairs
Adding interface bulk_oxide with 23, 23 nodes
Replacing Node Model gatenodemodel in region oxide of material Oxide
number of equations 2415
Iteration: 0
  Device: "mos_light"	RelError: 2.00000e+00	AbsError: 2.02815e-01
    Region: "bulk"	RelError: 1.00000e+00	AbsError: 2.02815e-01
      Equation: "PotentialEquation"	RelError: 1.00000e+00	AbsError: 2.02815e-01
    Region: "oxide"	RelError: 1.00000e+00	AbsError: 1.30188e-01
      Equation: "PotentialEquation"	RelError: 1.00000e+00	AbsError: 1.30188e-01
Iteration: 1
  Device: "mos_light"	RelError: 9.97437e-01	AbsError: 2.02372e-01
    Region: "bulk"	RelError: 4.99593e-01	AbsError: 2.02372e-01
      Equation: "PotentialEquation"	RelError: 4.99593e-01	AbsError: 2.02372e-01
    Region: "oxide"	RelError: 4.97843e-01	AbsError: 1.29070e-01
      Equation: "PotentialEquation"	RelError: 4.97843e-01	AbsError: 1.29070e-01
Iteration: 2
  Device: "mos_light"	RelError: 1.25414e+00	AbsError: 1.49632e-01
    Region: "bulk"	RelError: 7.16929e-01	AbsError: 1.49632e-01
      Equation: "PotentialEquation"	RelError: 7.16929e-01	AbsError: 1.49632e-01
    Region: "oxide"	RelError: 5.37207e-01	AbsError: 8.49428e-02
      Equation: "PotentialEquation"	RelError: 5.37207e-01	AbsError: 8.49428e-02
Iteration: 3
  Device: "mos_light"	RelError: 4.23366e+00	AbsError: 9.29867e-02
    Region: "bulk"	RelError: 2.65900e+00	AbsError: 9.29867e-02
      Equation: "PotentialEquation"	RelError: 2.65900e+00	AbsError: 9.29867e-02
    Region: "oxide"	RelError: 1.57466e+00	AbsError: 5.43379e-02
      Equation: "PotentialEquation"	RelError: 1.57466e+00	AbsError: 5.43379e-02
Iteration: 4
  Device: "mos_light"	RelError: 5.69586e+02	AbsError: 9.39761e-02
    Region: "bulk"	RelError: 5.66721e+02	AbsError: 9.39761e-02
      Equation: "PotentialEquation"	RelError: 5.66721e+02	AbsError: 9.39761e-02
    Region: "oxide"	RelError: 2.86554e+00	AbsError: 5.15901e-02
      Equation: "PotentialEquation"	RelError: 2.86554e+00	AbsError: 5.15901e-02
Iteration: 5
  Device: "mos_light"	RelError: 8.48137e+02	AbsError: 9.34526e-02
    Region: "bulk"	RelError: 8.36161e+02	AbsError: 9.34526e-02
      Equation: "PotentialEquation"	RelError: 8.36161e+02	AbsError: 9.34526e-02
    Region: "oxide"	RelError: 1.19765e+01	AbsError: 4.72709e-02
      Equation: "PotentialEquation"	RelError: 1.19765e+01	AbsError: 4.72709e-02
Iteration: 6
  Device: "mos_light"	RelError: 1.66609e+02	AbsError: 9.24270e-02
    Region: "bulk"	RelError: 1.47796e+02	AbsError: 9.24270e-02
      Equation: "PotentialEquation"	RelError: 1.47796e+02	AbsError: 9.24270e-02
    Region: "oxide"	RelError: 1.88131e+01	AbsError: 4.16976e-02
      Equation: "PotentialEquation"	RelError: 1.88131e+01	AbsError: 4.16976e-02
Iteration: 7
  Device: "mos_light"	RelError: 2.45582e+02	AbsError: 9.06462e-02
    Region: "bulk"	RelError: 2.17406e+02	AbsError: 9.06462e-02
      Equation: "PotentialEquation"	RelError: 2.17406e+02	AbsError: 9.06462e-02
    Region: "oxide"	RelError: 2.81768e+01	AbsError: 3.42780e-02
      Equation: "PotentialEquation"	RelError: 2.81768e+01	AbsError: 3.42780e-02
Iteration: 8
  Device: "mos_light"	RelError: 3.10733e+03	AbsError: 8.46760e-02
    Region: "bulk"	RelError: 3.10597e+03	AbsError: 8.46760e-02
      Equation: "PotentialEquation"	RelError: 3.10597e+03	AbsError: 8.46760e-02
    Region: "oxide"	RelError: 1.35663e+00	AbsError: 2.40370e-02
      Equation: "PotentialEquation"	RelError: 1.35663e+00	AbsError: 2.40370e-02
Iteration: 9
  Device: "mos_light"	RelError: 1.81287e+02	AbsError: 7.52804e-02
    Region: "bulk"	RelError: 1.76957e+02	AbsError: 7.52804e-02
      Equation: "PotentialEquation"	RelError: 1.76957e+02	AbsError: 7.52804e-02
    Region: "oxide"	RelError: 4.32987e+00	AbsError: 1.97799e-02
      Equation: "PotentialEquation"	RelError: 4.32987e+00	AbsError: 1.97799e-02
Iteration: 10
  Device: "mos_light"	RelError: 6.51937e+02	AbsError: 6.25318e-02
    Region: "bulk"	RelError: 6.50083e+02	AbsError: 6.25318e-02
      Equation: "PotentialEquation"	RelError: 6.50083e+02	AbsError: 6.25318e-02
    Region: "oxide"	RelError: 1.85435e+00	AbsError: 7.64903e-03
      Equation: "PotentialEquation"	RelError: 1.85435e+00	AbsError: 7.64903e-03
Iteration: 11
  Device: "mos_light"	RelError: 4.84308e+00	AbsError: 3.81833e-02
    Region: "bulk"	RelError: 4.60955e+00	AbsError: 3.81833e-02
      Equation: "PotentialEquation"	RelError: 4.60955e+00	AbsError: 3.81833e-02
    Region: "oxide"	RelError: 2.33529e-01	AbsError: 8.73038e-04
      Equation: "PotentialEquation"	RelError: 2.33529e-01	AbsError: 8.73038e-04
Iteration: 12
  Device: "mos_light"	RelError: 1.98669e+01	AbsError: 2.54298e-02
    Region: "bulk"	RelError: 1.98403e+01	AbsError: 2.54298e-02
      Equation: "PotentialEquation"	RelError: 1.98403e+01	AbsError: 2.54298e-02
    Region: "oxide"	RelError: 2.65926e-02	AbsError: 9.87906e-05
      Equation: "PotentialEquation"	RelError: 2.65926e-02	AbsError: 9.87906e-05
Iteration: 13
  Device: "mos_light"	RelError: 1.04011e+00	AbsError: 9.23775e-03
    Region: "bulk"	RelError: 1.03822e+00	AbsError: 9.23775e-03
      Equation: "PotentialEquation"	RelError: 1.03822e+00	AbsError: 9.23775e-03
    Region: "oxide"	RelError: 1.89955e-03	AbsError: 6.94987e-06
      Equation: "PotentialEquation"	RelError: 1.89955e-03	AbsError: 6.94987e-06
Iteration: 14
  Device: "mos_light"	RelError: 1.97450e-02	AbsError: 8.80457e-05
    Region: "bulk"	RelError: 1.97272e-02	AbsError: 8.80457e-05
      Equation: "PotentialEquation"	RelError: 1.97272e-02	AbsError: 8.80457e-05
    Region: "oxide"	RelError: 1.78451e-05	AbsError: 6.52923e-08
      Equation: "PotentialEquation"	RelError: 1.78451e-05	AbsError: 6.52923e-08
Iteration: 15
  Device: "mos_light"	RelError: 9.77685e-06	AbsError: 7.34970e-08
    Region: "bulk"	RelError: 9.77464e-06	AbsError: 7.34970e-08
      Equation: "PotentialEquation"	RelError: 9.77464e-06	AbsError: 7.34970e-08
    Region: "oxide"	RelError: 2.21004e-09	AbsError: 8.10989e-12
      Equation: "PotentialEquation"	RelError: 2.21004e-09	AbsError: 8.10989e-12
Iteration: 16
  Device: "mos_light"	RelError: 4.11599e-12	AbsError: 5.26973e-14
    Region: "bulk"	RelError: 4.11536e-12	AbsError: 5.26973e-14
      Equation: "PotentialEquation"	RelError: 4.11536e-12	AbsError: 5.26973e-14
    Region: "oxide"	RelError: 6.37866e-16	AbsError: 2.35341e-18
      Equation: "PotentialEquation"	RelError: 6.37866e-16	AbsError: 2.35341e-18
Warning: Replacing equation with equation of the same name.
Region: bulk, Equation: PotentialEquation, Variable: Potential
number of equations 7095
Iteration: 0
  Device: "mos_light"	RelError: 3.75662e-24	AbsError: 1.73594e-08
    Region: "bulk"	RelError: 3.75644e-24	AbsError: 1.73594e-08
      Equation: "ElectronContinuityEquation"	RelError: 1.10098e-24	AbsError: 3.84755e-09
      Equation: "HoleContinuityEquation"	RelError: 1.10098e-24	AbsError: 1.35118e-08
      Equation: "PotentialEquation"	RelError: 1.55448e-24	AbsError: 2.85013e-26
    Region: "oxide"	RelError: 1.84162e-28	AbsError: 6.79516e-31
      Equation: "PotentialEquation"	RelError: 1.84162e-28	AbsError: 6.79516e-31
number of equations 7095
Iteration: 0
  Device: "mos_light"	RelError: 2.02970e+03	AbsError: 7.10390e+16
    Region: "bulk"	RelError: 2.02167e+03	AbsError: 7.10390e+16
      Equation: "ElectronContinuityEquation"	RelError: 9.99000e+02	AbsError: 6.59478e+16
      Equation: "HoleContinuityEquation"	RelError: 9.99000e+02	AbsError: 5.09116e+15
      Equation: "PotentialEquation"	RelError: 2.36723e+01	AbsError: 4.09542e-02
    Region: "oxide"	RelError: 8.02956e+00	AbsError: 7.46617e-03
      Equation: "PotentialEquation"	RelError: 8.02956e+00	AbsError: 7.46617e-03
Iteration: 1
  Device: "mos_light"	RelError: 7.15012e+00	AbsError: 3.59086e+15
    Region: "bulk"	RelError: 6.18070e+00	AbsError: 3.59086e+15
      Equation: "ElectronContinuityEquation"	RelError: 9.98655e-01	AbsError: 2.19729e+15
      Equation: "HoleContinuityEquation"	RelError: 9.98675e-01	AbsError: 1.39357e+15
      Equation: "PotentialEquation"	RelError: 4.18337e+00	AbsError: 3.07632e-02
    Region: "oxide"	RelError: 9.69416e-01	AbsError: 6.37981e-04
      Equation: "PotentialEquation"	RelError: 9.69416e-01	AbsError: 6.37981e-04
Iteration: 2
  Device: "mos_light"	RelError: 1.00803e+03	AbsError: 4.21545e+14
    Region: "bulk"	RelError: 1.00794e+03	AbsError: 4.21545e+14
      Equation: "ElectronContinuityEquation"	RelError: 9.99000e+02	AbsError: 1.89698e+14
      Equation: "HoleContinuityEquation"	RelError: 8.64977e+00	AbsError: 2.31847e+14
      Equation: "PotentialEquation"	RelError: 2.89858e-01	AbsError: 2.57764e-02
    Region: "oxide"	RelError: 8.86599e-02	AbsError: 6.79466e-05
      Equation: "PotentialEquation"	RelError: 8.86599e-02	AbsError: 6.79466e-05
Iteration: 3
  Device: "mos_light"	RelError: 1.53062e+00	AbsError: 8.18009e+13
    Region: "bulk"	RelError: 1.52384e+00	AbsError: 8.18009e+13
      Equation: "ElectronContinuityEquation"	RelError: 9.97954e-01	AbsError: 7.85664e+12
      Equation: "HoleContinuityEquation"	RelError: 5.06604e-01	AbsError: 7.39443e+13
      Equation: "PotentialEquation"	RelError: 1.92769e-02	AbsError: 9.16776e-03
    Region: "oxide"	RelError: 6.78171e-03	AbsError: 6.89718e-06
      Equation: "PotentialEquation"	RelError: 6.78171e-03	AbsError: 6.89718e-06
Iteration: 4
  Device: "mos_light"	RelError: 3.35126e-01	AbsError: 6.08247e+13
    Region: "bulk"	RelError: 3.27747e-01	AbsError: 6.08247e+13
      Equation: "ElectronContinuityEquation"	RelError: 2.94251e-01	AbsError: 3.78254e+13
      Equation: "HoleContinuityEquation"	RelError: 4.45262e-03	AbsError: 2.29993e+13
      Equation: "PotentialEquation"	RelError: 2.90433e-02	AbsError: 6.73082e-05
    Region: "oxide"	RelError: 7.37909e-03	AbsError: 3.49497e-06
      Equation: "PotentialEquation"	RelError: 7.37909e-03	AbsError: 3.49497e-06
Iteration: 5
  Device: "mos_light"	RelError: 7.35588e-05	AbsError: 6.35244e+09
    Region: "bulk"	RelError: 7.33637e-05	AbsError: 6.35244e+09
      Equation: "ElectronContinuityEquation"	RelError: 6.48709e-05	AbsError: 1.60415e+09
      Equation: "HoleContinuityEquation"	RelError: 7.95515e-06	AbsError: 4.74829e+09
      Equation: "PotentialEquation"	RelError: 5.37620e-07	AbsError: 6.43170e-09
    Region: "oxide"	RelError: 1.95107e-07	AbsError: 1.98427e-10
      Equation: "PotentialEquation"	RelError: 1.95107e-07	AbsError: 1.98427e-10
Iteration: 6
  Device: "mos_light"	RelError: 5.08585e-12	AbsError: 2.19103e+02
    Region: "bulk"	RelError: 5.08435e-12	AbsError: 2.19103e+02
      Equation: "ElectronContinuityEquation"	RelError: 4.35085e-12	AbsError: 5.76462e+01
      Equation: "HoleContinuityEquation"	RelError: 7.23711e-13	AbsError: 1.61457e+02
      Equation: "PotentialEquation"	RelError: 9.79053e-15	AbsError: 2.58834e-16
    Region: "oxide"	RelError: 1.50103e-15	AbsError: 5.71149e-19
      Equation: "PotentialEquation"	RelError: 1.50103e-15	AbsError: 5.71149e-19
number of equations 7095
Iteration: 0
  Device: "mos_light"	RelError: 2.02219e+03	AbsError: 6.64593e+16
    Region: "bulk"	RelError: 2.02127e+03	AbsError: 6.64593e+16
      Equation: "ElectronContinuityEquation"	RelError: 9.99000e+02	AbsError: 6.19406e+16
      Equation: "HoleContinuityEquation"	RelError: 9.99000e+02	AbsError: 4.51876e+15
      Equation: "PotentialEquation"	RelError: 2.32651e+01	AbsError: 4.09542e-02
    Region: "oxide"	RelError: 9.28880e-01	AbsError: 6.37609e-03
      Equation: "PotentialEquation"	RelError: 9.28880e-01	AbsError: 6.37609e-03
Iteration: 1
  Device: "mos_light"	RelError: 1.00497e+03	AbsError: 3.13235e+15
    Region: "bulk"	RelError: 1.00492e+03	AbsError: 3.13235e+15
      Equation: "ElectronContinuityEquation"	RelError: 9.99000e+02	AbsError: 1.96098e+15
      Equation: "HoleContinuityEquation"	RelError: 9.98649e-01	AbsError: 1.17137e+15
      Equation: "PotentialEquation"	RelError: 4.91967e+00	AbsError: 3.07632e-02
    Region: "oxide"	RelError: 4.91028e-02	AbsError: 4.40700e-04
      Equation: "PotentialEquation"	RelError: 4.91028e-02	AbsError: 4.40700e-04
Iteration: 2
  Device: "mos_light"	RelError: 1.29955e+01	AbsError: 3.34049e+14
    Region: "bulk"	RelError: 1.29908e+01	AbsError: 3.34049e+14
      Equation: "ElectronContinuityEquation"	RelError: 4.02632e+00	AbsError: 1.52278e+14
      Equation: "HoleContinuityEquation"	RelError: 8.78552e+00	AbsError: 1.81771e+14
      Equation: "PotentialEquation"	RelError: 1.78978e-01	AbsError: 2.58708e-02
    Region: "oxide"	RelError: 4.68875e-03	AbsError: 4.62408e-05
      Equation: "PotentialEquation"	RelError: 4.68875e-03	AbsError: 4.62408e-05
Iteration: 3
  Device: "mos_light"	RelError: 1.16254e+00	AbsError: 5.31983e+13
    Region: "bulk"	RelError: 1.16238e+00	AbsError: 5.31983e+13
      Equation: "ElectronContinuityEquation"	RelError: 6.37736e-01	AbsError: 1.26377e+13
      Equation: "HoleContinuityEquation"	RelError: 5.08716e-01	AbsError: 4.05606e+13
      Equation: "PotentialEquation"	RelError: 1.59273e-02	AbsError: 9.16736e-03
    Region: "oxide"	RelError: 1.59475e-04	AbsError: 3.46338e-06
      Equation: "PotentialEquation"	RelError: 1.59475e-04	AbsError: 3.46338e-06
Iteration: 4
  Device: "mos_light"	RelError: 3.48625e-02	AbsError: 6.43340e+13
    Region: "bulk"	RelError: 3.43144e-02	AbsError: 6.43340e+13
      Equation: "ElectronContinuityEquation"	RelError: 4.42526e-03	AbsError: 3.83616e+13
      Equation: "HoleContinuityEquation"	RelError: 6.02285e-03	AbsError: 2.59724e+13
      Equation: "PotentialEquation"	RelError: 2.38663e-02	AbsError: 7.55389e-05
    Region: "oxide"	RelError: 5.48056e-04	AbsError: 3.43337e-06
      Equation: "PotentialEquation"	RelError: 5.48056e-04	AbsError: 3.43337e-06
Iteration: 5
  Device: "mos_light"	RelError: 1.46695e-05	AbsError: 9.64137e+09
    Region: "bulk"	RelError: 1.46609e-05	AbsError: 9.64137e+09
      Equation: "ElectronContinuityEquation"	RelError: 1.97961e-06	AbsError: 2.77736e+09
      Equation: "HoleContinuityEquation"	RelError: 1.18476e-05	AbsError: 6.86401e+09
      Equation: "PotentialEquation"	RelError: 8.33687e-07	AbsError: 1.18889e-08
    Region: "oxide"	RelError: 8.63667e-09	AbsError: 1.48742e-10
      Equation: "PotentialEquation"	RelError: 8.63667e-09	AbsError: 1.48742e-10
Iteration: 6
  Device: "mos_light"	RelError: 2.29123e-12	AbsError: 5.97935e+02
    Region: "bulk"	RelError: 2.29114e-12	AbsError: 5.97935e+02
      Equation: "ElectronContinuityEquation"	RelError: 3.38380e-13	AbsError: 2.29358e+02
      Equation: "HoleContinuityEquation"	RelError: 1.90658e-12	AbsError: 3.68578e+02
      Equation: "PotentialEquation"	RelError: 4.61763e-14	AbsError: 1.11307e-15
    Region: "oxide"	RelError: 8.90396e-17	AbsError: 1.08518e-18
      Equation: "PotentialEquation"	RelError: 8.90396e-17	AbsError: 1.08518e-18
number of equations 7095
Iteration: 0
  Device: "mos_light"	RelError: 2.00911e+03	AbsError: 6.25343e+16
    Region: "bulk"	RelError: 2.00864e+03	AbsError: 6.25343e+16
      Equation: "ElectronContinuityEquation"	RelError: 9.99000e+02	AbsError: 5.83344e+16
      Equation: "HoleContinuityEquation"	RelError: 9.99000e+02	AbsError: 4.19999e+15
      Equation: "PotentialEquation"	RelError: 1.06359e+01	AbsError: 4.09542e-02
    Region: "oxide"	RelError: 4.69369e-01	AbsError: 5.61494e-03
      Equation: "PotentialEquation"	RelError: 4.69369e-01	AbsError: 5.61494e-03
Iteration: 1
  Device: "mos_light"	RelError: 1.00220e+03	AbsError: 2.74947e+15
    Region: "bulk"	RelError: 1.00218e+03	AbsError: 2.74947e+15
      Equation: "ElectronContinuityEquation"	RelError: 9.99000e+02	AbsError: 1.75563e+15
      Equation: "HoleContinuityEquation"	RelError: 9.98163e-01	AbsError: 9.93843e+14
      Equation: "PotentialEquation"	RelError: 2.18576e+00	AbsError: 3.07632e-02
    Region: "oxide"	RelError: 2.05334e-02	AbsError: 3.21465e-04
      Equation: "PotentialEquation"	RelError: 2.05334e-02	AbsError: 3.21465e-04
Iteration: 2
  Device: "mos_light"	RelError: 1.00875e+01	AbsError: 2.68903e+14
    Region: "bulk"	RelError: 1.00856e+01	AbsError: 2.68903e+14
      Equation: "ElectronContinuityEquation"	RelError: 1.06861e+00	AbsError: 1.23566e+14
      Equation: "HoleContinuityEquation"	RelError: 8.95331e+00	AbsError: 1.45338e+14
      Equation: "PotentialEquation"	RelError: 6.36815e-02	AbsError: 2.58060e-02
    Region: "oxide"	RelError: 1.86946e-03	AbsError: 3.26204e-05
      Equation: "PotentialEquation"	RelError: 1.86946e-03	AbsError: 3.26204e-05
Iteration: 3
  Device: "mos_light"	RelError: 7.79405e-01	AbsError: 4.57584e+13
    Region: "bulk"	RelError: 7.79375e-01	AbsError: 4.57584e+13
      Equation: "ElectronContinuityEquation"	RelError: 2.49454e-01	AbsError: 1.63083e+13
      Equation: "HoleContinuityEquation"	RelError: 5.16353e-01	AbsError: 2.94501e+13
      Equation: "PotentialEquation"	RelError: 1.35684e-02	AbsError: 9.16660e-03
    Region: "oxide"	RelError: 3.01273e-05	AbsError: 1.53570e-06
      Equation: "PotentialEquation"	RelError: 3.01273e-05	AbsError: 1.53570e-06
Iteration: 4
  Device: "mos_light"	RelError: 2.69448e-02	AbsError: 6.48557e+13
    Region: "bulk"	RelError: 2.66469e-02	AbsError: 6.48557e+13
      Equation: "ElectronContinuityEquation"	RelError: 7.63670e-03	AbsError: 3.86011e+13
      Equation: "HoleContinuityEquation"	RelError: 7.91524e-03	AbsError: 2.62546e+13
      Equation: "PotentialEquation"	RelError: 1.10950e-02	AbsError: 7.30089e-05
    Region: "oxide"	RelError: 2.97823e-04	AbsError: 3.39205e-06
      Equation: "PotentialEquation"	RelError: 2.97823e-04	AbsError: 3.39205e-06
Iteration: 5
  Device: "mos_light"	RelError: 1.66554e-05	AbsError: 1.17779e+10
    Region: "bulk"	RelError: 1.66537e-05	AbsError: 1.17779e+10
      Equation: "ElectronContinuityEquation"	RelError: 1.41508e-06	AbsError: 3.42321e+09
      Equation: "HoleContinuityEquation"	RelError: 1.43493e-05	AbsError: 8.35471e+09
      Equation: "PotentialEquation"	RelError: 8.89319e-07	AbsError: 1.51149e-08
    Region: "oxide"	RelError: 1.70491e-09	AbsError: 8.68970e-11
      Equation: "PotentialEquation"	RelError: 1.70491e-09	AbsError: 8.68970e-11
Iteration: 6
  Device: "mos_light"	RelError: 2.97004e-12	AbsError: 1.20675e+03
    Region: "bulk"	RelError: 2.96983e-12	AbsError: 1.20675e+03
      Equation: "ElectronContinuityEquation"	RelError: 1.29004e-13	AbsError: 4.33675e+02
      Equation: "HoleContinuityEquation"	RelError: 2.74623e-12	AbsError: 7.73075e+02
      Equation: "PotentialEquation"	RelError: 9.45991e-14	AbsError: 2.05267e-15
    Region: "oxide"	RelError: 2.07535e-16	AbsError: 1.37674e-18
      Equation: "PotentialEquation"	RelError: 2.07535e-16	AbsError: 1.37674e-18
number of equations 7095
Iteration: 0
  Device: "mos_light"	RelError: 2.07869e+03	AbsError: 5.89819e+16
    Region: "bulk"	RelError: 2.07807e+03	AbsError: 5.89819e+16
      Equation: "ElectronContinuityEquation"	RelError: 9.99000e+02	AbsError: 5.50806e+16
      Equation: "HoleContinuityEquation"	RelError: 9.99000e+02	AbsError: 3.90127e+15
      Equation: "PotentialEquation"	RelError: 8.00676e+01	AbsError: 4.09542e-02
    Region: "oxide"	RelError: 6.23719e-01	AbsError: 5.05369e-03
      Equation: "PotentialEquation"	RelError: 6.23719e-01	AbsError: 5.05369e-03
Iteration: 1
  Device: "mos_light"	RelError: 1.00251e+03	AbsError: 2.41075e+15
    Region: "bulk"	RelError: 1.00249e+03	AbsError: 2.41075e+15
      Equation: "ElectronContinuityEquation"	RelError: 9.99000e+02	AbsError: 1.57742e+15
      Equation: "HoleContinuityEquation"	RelError: 9.98184e-01	AbsError: 8.33324e+14
      Equation: "PotentialEquation"	RelError: 2.49354e+00	AbsError: 3.07632e-02
    Region: "oxide"	RelError: 2.17485e-02	AbsError: 2.44282e-04
      Equation: "PotentialEquation"	RelError: 2.17485e-02	AbsError: 2.44282e-04
Iteration: 2
  Device: "mos_light"	RelError: 9.96908e+00	AbsError: 2.22175e+14
    Region: "bulk"	RelError: 9.96724e+00	AbsError: 2.22175e+14
      Equation: "ElectronContinuityEquation"	RelError: 9.99998e-01	AbsError: 1.00665e+14
      Equation: "HoleContinuityEquation"	RelError: 8.76261e+00	AbsError: 1.21510e+14
      Equation: "PotentialEquation"	RelError: 2.04630e-01	AbsError: 2.58983e-02
    Region: "oxide"	RelError: 1.83891e-03	AbsError: 2.33039e-05
      Equation: "PotentialEquation"	RelError: 1.83891e-03	AbsError: 2.33039e-05
Iteration: 3
  Device: "mos_light"	RelError: 7.91729e-01	AbsError: 4.42541e+13
    Region: "bulk"	RelError: 7.91614e-01	AbsError: 4.42541e+13
      Equation: "ElectronContinuityEquation"	RelError: 2.09840e-01	AbsError: 1.87747e+13
      Equation: "HoleContinuityEquation"	RelError: 5.20971e-01	AbsError: 2.54794e+13
      Equation: "PotentialEquation"	RelError: 6.08031e-02	AbsError: 9.16630e-03
    Region: "oxide"	RelError: 1.14705e-04	AbsError: 5.08834e-07
      Equation: "PotentialEquation"	RelError: 1.14705e-04	AbsError: 5.08834e-07
Iteration: 4
  Device: "mos_light"	RelError: 1.20134e-01	AbsError: 6.40760e+13
    Region: "bulk"	RelError: 1.19719e-01	AbsError: 6.40760e+13
      Equation: "ElectronContinuityEquation"	RelError: 1.40975e-02	AbsError: 3.86818e+13
      Equation: "HoleContinuityEquation"	RelError: 5.50655e-03	AbsError: 2.53942e+13
      Equation: "PotentialEquation"	RelError: 1.00115e-01	AbsError: 7.58914e-05
    Region: "oxide"	RelError: 4.14638e-04	AbsError: 3.34032e-06
      Equation: "PotentialEquation"	RelError: 4.14638e-04	AbsError: 3.34032e-06
Iteration: 5
  Device: "mos_light"	RelError: 1.72069e-05	AbsError: 9.29738e+09
    Region: "bulk"	RelError: 1.72013e-05	AbsError: 9.29738e+09
      Equation: "ElectronContinuityEquation"	RelError: 2.27243e-06	AbsError: 2.05232e+09
      Equation: "HoleContinuityEquation"	RelError: 8.19025e-06	AbsError: 7.24507e+09
      Equation: "PotentialEquation"	RelError: 6.73858e-06	AbsError: 8.85432e-09
    Region: "oxide"	RelError: 5.66513e-09	AbsError: 4.05298e-11
      Equation: "PotentialEquation"	RelError: 5.66513e-09	AbsError: 4.05298e-11
Iteration: 6
  Device: "mos_light"	RelError: 1.26914e-12	AbsError: 7.54938e+02
    Region: "bulk"	RelError: 1.26843e-12	AbsError: 7.54938e+02
      Equation: "ElectronContinuityEquation"	RelError: 1.33631e-13	AbsError: 1.44622e+02
      Equation: "HoleContinuityEquation"	RelError: 6.23475e-13	AbsError: 6.10316e+02
      Equation: "PotentialEquation"	RelError: 5.11328e-13	AbsError: 9.03251e-16
    Region: "oxide"	RelError: 7.00779e-16	AbsError: 3.17369e-18
      Equation: "PotentialEquation"	RelError: 7.00779e-16	AbsError: 3.17369e-18
number of equations 7095
Iteration: 0
  Device: "mos_light"	RelError: 2.00949e+03	AbsError: 5.57428e+16
    Region: "bulk"	RelError: 2.00816e+03	AbsError: 5.57428e+16
      Equation: "ElectronContinuityEquation"	RelError: 9.99000e+02	AbsError: 5.21352e+16
      Equation: "HoleContinuityEquation"	RelError: 9.99000e+02	AbsError: 3.60754e+15
      Equation: "PotentialEquation"	RelError: 1.01591e+01	AbsError: 4.09542e-02
    Region: "oxide"	RelError: 1.33552e+00	AbsError: 4.62239e-03
      Equation: "PotentialEquation"	RelError: 1.33552e+00	AbsError: 4.62239e-03
Iteration: 1
  Device: "mos_light"	RelError: 1.00051e+03	AbsError: 2.14476e+15
    Region: "bulk"	RelError: 1.00047e+03	AbsError: 2.14476e+15
      Equation: "ElectronContinuityEquation"	RelError: 9.99000e+02	AbsError: 1.42345e+15
      Equation: "HoleContinuityEquation"	RelError: 9.98659e-01	AbsError: 7.21309e+14
      Equation: "PotentialEquation"	RelError: 4.73227e-01	AbsError: 3.07632e-02
    Region: "oxide"	RelError: 4.05222e-02	AbsError: 1.91779e-04
      Equation: "PotentialEquation"	RelError: 4.05222e-02	AbsError: 1.91779e-04
Iteration: 2
  Device: "mos_light"	RelError: 9.49774e+00	AbsError: 1.82252e+14
    Region: "bulk"	RelError: 9.49451e+00	AbsError: 1.82252e+14
      Equation: "ElectronContinuityEquation"	RelError: 9.99998e-01	AbsError: 8.25909e+13
      Equation: "HoleContinuityEquation"	RelError: 8.45827e+00	AbsError: 9.96613e+13
      Equation: "PotentialEquation"	RelError: 3.62412e-02	AbsError: 2.56633e-02
    Region: "oxide"	RelError: 3.23070e-03	AbsError: 1.72360e-05
      Equation: "PotentialEquation"	RelError: 3.23070e-03	AbsError: 1.72360e-05
Iteration: 3
  Device: "mos_light"	RelError: 7.36013e-01	AbsError: 4.79799e+13
    Region: "bulk"	RelError: 7.35632e-01	AbsError: 4.79799e+13
      Equation: "ElectronContinuityEquation"	RelError: 2.02160e-01	AbsError: 2.11688e+13
      Equation: "HoleContinuityEquation"	RelError: 5.23004e-01	AbsError: 2.68111e+13
      Equation: "PotentialEquation"	RelError: 1.04681e-02	AbsError: 9.16560e-03
    Region: "oxide"	RelError: 3.80784e-04	AbsError: 8.72331e-07
      Equation: "PotentialEquation"	RelError: 3.80784e-04	AbsError: 8.72331e-07
Iteration: 4
  Device: "mos_light"	RelError: 5.96635e-02	AbsError: 6.54399e+13
    Region: "bulk"	RelError: 5.87061e-02	AbsError: 6.54399e+13
      Equation: "ElectronContinuityEquation"	RelError: 4.23411e-02	AbsError: 3.93377e+13
      Equation: "HoleContinuityEquation"	RelError: 5.54684e-03	AbsError: 2.61022e+13
      Equation: "PotentialEquation"	RelError: 1.08182e-02	AbsError: 8.77955e-05
    Region: "oxide"	RelError: 9.57350e-04	AbsError: 3.44710e-06
      Equation: "PotentialEquation"	RelError: 9.57350e-04	AbsError: 3.44710e-06
Iteration: 5
  Device: "mos_light"	RelError: 1.39181e-05	AbsError: 1.05667e+10
    Region: "bulk"	RelError: 1.38935e-05	AbsError: 1.05667e+10
      Equation: "ElectronContinuityEquation"	RelError: 4.36151e-06	AbsError: 3.27328e+09
      Equation: "HoleContinuityEquation"	RelError: 9.25416e-06	AbsError: 7.29342e+09
      Equation: "PotentialEquation"	RelError: 2.77820e-07	AbsError: 1.56040e-08
    Region: "oxide"	RelError: 2.45743e-08	AbsError: 4.91222e-11
      Equation: "PotentialEquation"	RelError: 2.45743e-08	AbsError: 4.91222e-11
Iteration: 6
  Device: "mos_light"	RelError: 2.27853e-12	AbsError: 7.88862e+02
    Region: "bulk"	RelError: 2.27649e-12	AbsError: 7.88862e+02
      Equation: "ElectronContinuityEquation"	RelError: 8.99079e-13	AbsError: 2.85004e+02
      Equation: "HoleContinuityEquation"	RelError: 1.35435e-12	AbsError: 5.03858e+02
      Equation: "PotentialEquation"	RelError: 2.30631e-14	AbsError: 1.54167e-15
    Region: "oxide"	RelError: 2.04026e-15	AbsError: 4.35988e-18
      Equation: "PotentialEquation"	RelError: 2.04026e-15	AbsError: 4.35988e-18
number of equations 7095
Iteration: 0
  Device: "mos_light"	RelError: 3.18468e+03	AbsError: 4.15058e+16
    Region: "bulk"	RelError: 3.18397e+03	AbsError: 4.15058e+16
      Equation: "ElectronContinuityEquation"	RelError: 1.93608e+03	AbsError: 4.03269e+16
      Equation: "HoleContinuityEquation"	RelError: 9.99000e+02	AbsError: 1.17892e+15
      Equation: "PotentialEquation"	RelError: 2.48895e+02	AbsError: 2.78470e-02
    Region: "oxide"	RelError: 7.04143e-01	AbsError: 1.34055e-02
      Equation: "PotentialEquation"	RelError: 7.04143e-01	AbsError: 1.34055e-02
Iteration: 1
  Device: "mos_light"	RelError: 1.06562e+03	AbsError: 3.14087e+14
    Region: "bulk"	RelError: 1.06562e+03	AbsError: 3.14087e+14
      Equation: "ElectronContinuityEquation"	RelError: 9.99063e-01	AbsError: 2.50067e+14
      Equation: "HoleContinuityEquation"	RelError: 9.99000e+02	AbsError: 6.40201e+13
      Equation: "PotentialEquation"	RelError: 6.56196e+01	AbsError: 2.21530e-02
    Region: "oxide"	RelError: 2.33024e-04	AbsError: 3.92919e-06
      Equation: "PotentialEquation"	RelError: 2.33024e-04	AbsError: 3.92919e-06
Iteration: 2
  Device: "mos_light"	RelError: 1.33697e+00	AbsError: 3.77847e+13
    Region: "bulk"	RelError: 1.33687e+00	AbsError: 3.77847e+13
      Equation: "ElectronContinuityEquation"	RelError: 3.27238e-01	AbsError: 3.76636e+13
      Equation: "HoleContinuityEquation"	RelError: 9.99250e-01	AbsError: 1.21060e+11
      Equation: "PotentialEquation"	RelError: 1.03854e-02	AbsError: 6.60955e-06
    Region: "oxide"	RelError: 9.81251e-05	AbsError: 1.39158e-06
      Equation: "PotentialEquation"	RelError: 9.81251e-05	AbsError: 1.39158e-06
Iteration: 3
  Device: "mos_light"	RelError: 7.04230e-03	AbsError: 8.20107e+08
    Region: "bulk"	RelError: 7.04229e-03	AbsError: 8.20107e+08
      Equation: "ElectronContinuityEquation"	RelError: 1.16102e-05	AbsError: 8.19133e+08
      Equation: "HoleContinuityEquation"	RelError: 7.03062e-03	AbsError: 9.73917e+05
      Equation: "PotentialEquation"	RelError: 6.12613e-08	AbsError: 1.76639e-10
    Region: "oxide"	RelError: 2.10109e-09	AbsError: 2.17654e-11
      Equation: "PotentialEquation"	RelError: 2.10109e-09	AbsError: 2.17654e-11
Iteration: 4
  Device: "mos_light"	RelError: 1.51933e-11	AbsError: 5.44986e-01
    Region: "bulk"	RelError: 1.51933e-11	AbsError: 5.44986e-01
      Equation: "ElectronContinuityEquation"	RelError: 1.29371e-14	AbsError: 5.44558e-01
      Equation: "HoleContinuityEquation"	RelError: 1.51803e-11	AbsError: 4.28163e-04
      Equation: "PotentialEquation"	RelError: 1.92457e-17	AbsError: 1.17061e-19
    Region: "oxide"	RelError: 1.14608e-18	AbsError: 1.56110e-20
      Equation: "PotentialEquation"	RelError: 1.14608e-18	AbsError: 1.56110e-20
number of equations 7095
Iteration: 0
  Device: "mos_light"	RelError: 1.26338e+03	AbsError: 5.59013e+16
    Region: "bulk"	RelError: 1.13158e+03	AbsError: 5.59013e+16
      Equation: "ElectronContinuityEquation"	RelError: 7.78821e-01	AbsError: 5.34243e+16
      Equation: "HoleContinuityEquation"	RelError: 9.99000e+02	AbsError: 2.47694e+15
      Equation: "PotentialEquation"	RelError: 1.31801e+02	AbsError: 3.90161e-02
    Region: "oxide"	RelError: 1.31801e+02	AbsError: 4.01180e-02
      Equation: "PotentialEquation"	RelError: 1.31801e+02	AbsError: 4.01180e-02
Iteration: 1
  Device: "mos_light"	RelError: 1.14590e+03	AbsError: 6.76149e+14
    Region: "bulk"	RelError: 1.07295e+03	AbsError: 6.76149e+14
      Equation: "ElectronContinuityEquation"	RelError: 9.99000e+02	AbsError: 3.11755e+14
      Equation: "HoleContinuityEquation"	RelError: 9.98115e-01	AbsError: 3.64394e+14
      Equation: "PotentialEquation"	RelError: 7.29490e+01	AbsError: 2.85121e-02
    Region: "oxide"	RelError: 7.29490e+01	AbsError: 2.97802e-02
      Equation: "PotentialEquation"	RelError: 7.29490e+01	AbsError: 2.97802e-02
Iteration: 2
  Device: "mos_light"	RelError: 1.65309e+03	AbsError: 1.00619e+14
    Region: "bulk"	RelError: 1.65198e+03	AbsError: 1.00619e+14
      Equation: "ElectronContinuityEquation"	RelError: 9.99689e-01	AbsError: 7.72665e+13
      Equation: "HoleContinuityEquation"	RelError: 9.99000e+02	AbsError: 2.33528e+13
      Equation: "PotentialEquation"	RelError: 6.51979e+02	AbsError: 2.34604e-02
    Region: "oxide"	RelError: 1.10651e+00	AbsError: 2.58529e-02
      Equation: "PotentialEquation"	RelError: 1.10651e+00	AbsError: 2.58529e-02
Iteration: 3
  Device: "mos_light"	RelError: 1.32809e+00	AbsError: 5.89221e+12
    Region: "bulk"	RelError: 1.25374e+00	AbsError: 5.89221e+12
      Equation: "ElectronContinuityEquation"	RelError: 2.56408e-01	AbsError: 5.88934e+12
      Equation: "HoleContinuityEquation"	RelError: 9.96994e-01	AbsError: 2.86167e+09
      Equation: "PotentialEquation"	RelError: 3.39742e-04	AbsError: 2.93638e-07
    Region: "oxide"	RelError: 7.43452e-02	AbsError: 8.04859e-03
      Equation: "PotentialEquation"	RelError: 7.43452e-02	AbsError: 8.04859e-03
Iteration: 4
  Device: "mos_light"	RelError: 1.88781e-02	AbsError: 6.15677e+06
    Region: "bulk"	RelError: 1.88781e-02	AbsError: 6.15677e+06
      Equation: "ElectronContinuityEquation"	RelError: 4.96036e-04	AbsError: 6.15668e+06
      Equation: "HoleContinuityEquation"	RelError: 1.83821e-02	AbsError: 8.30286e+01
      Equation: "PotentialEquation"	RelError: 2.08718e-10	AbsError: 2.74847e-13
    Region: "oxide"	RelError: 1.00715e-12	AbsError: 1.99480e-13
      Equation: "PotentialEquation"	RelError: 1.00715e-12	AbsError: 1.99480e-13
Iteration: 5
  Device: "mos_light"	RelError: 1.11784e-13	AbsError: 4.06738e-02
    Region: "bulk"	RelError: 1.11784e-13	AbsError: 4.06738e-02
      Equation: "ElectronContinuityEquation"	RelError: 6.85349e-19	AbsError: 4.01557e-02
      Equation: "HoleContinuityEquation"	RelError: 1.11763e-13	AbsError: 5.18115e-04
      Equation: "PotentialEquation"	RelError: 2.05230e-17	AbsError: 2.68313e-20
    Region: "oxide"	RelError: 1.07966e-19	AbsError: 2.34117e-21
      Equation: "PotentialEquation"	RelError: 1.07966e-19	AbsError: 2.34117e-21
number of equations 7095
Iteration: 0
  Device: "mos_light"	RelError: 1.03238e+03	AbsError: 5.58635e+16
    Region: "bulk"	RelError: 1.03173e+03	AbsError: 5.58635e+16
      Equation: "ElectronContinuityEquation"	RelError: 7.79088e-01	AbsError: 5.34448e+16
      Equation: "HoleContinuityEquation"	RelError: 9.99000e+02	AbsError: 2.41872e+15
      Equation: "PotentialEquation"	RelError: 3.19516e+01	AbsError: 3.90443e-02
    Region: "oxide"	RelError: 6.48076e-01	AbsError: 4.01180e-02
      Equation: "PotentialEquation"	RelError: 6.48076e-01	AbsError: 4.01180e-02
Iteration: 1
  Device: "mos_light"	RelError: 1.09652e+03	AbsError: 1.27354e+15
    Region: "bulk"	RelError: 1.09620e+03	AbsError: 1.27354e+15
      Equation: "ElectronContinuityEquation"	RelError: 9.99000e+02	AbsError: 9.56310e+14
      Equation: "HoleContinuityEquation"	RelError: 9.97978e-01	AbsError: 3.17226e+14
      Equation: "PotentialEquation"	RelError: 9.62017e+01	AbsError: 2.85405e-02
    Region: "oxide"	RelError: 3.21449e-01	AbsError: 2.97802e-02
      Equation: "PotentialEquation"	RelError: 3.21449e-01	AbsError: 2.97802e-02
Iteration: 2
  Device: "mos_light"	RelError: 1.06300e+03	AbsError: 3.54496e+14
    Region: "bulk"	RelError: 1.06279e+03	AbsError: 3.54496e+14
      Equation: "ElectronContinuityEquation"	RelError: 9.99646e-01	AbsError: 3.31318e+14
      Equation: "HoleContinuityEquation"	RelError: 9.99000e+02	AbsError: 2.31778e+13
      Equation: "PotentialEquation"	RelError: 6.27865e+01	AbsError: 2.35174e-02
    Region: "oxide"	RelError: 2.09408e-01	AbsError: 2.58517e-02
      Equation: "PotentialEquation"	RelError: 2.09408e-01	AbsError: 2.58517e-02
Iteration: 3
  Device: "mos_light"	RelError: 1.33596e+00	AbsError: 5.50524e+13
    Region: "bulk"	RelError: 1.29656e+00	AbsError: 5.50524e+13
      Equation: "ElectronContinuityEquation"	RelError: 2.99178e-01	AbsError: 5.50489e+13
      Equation: "HoleContinuityEquation"	RelError: 9.97210e-01	AbsError: 3.45608e+09
      Equation: "PotentialEquation"	RelError: 1.71023e-04	AbsError: 3.13305e-06
    Region: "oxide"	RelError: 3.94037e-02	AbsError: 8.04859e-03
      Equation: "PotentialEquation"	RelError: 3.94037e-02	AbsError: 8.04859e-03
Iteration: 4
  Device: "mos_light"	RelError: 3.98225e-02	AbsError: 6.18709e+08
    Region: "bulk"	RelError: 3.98225e-02	AbsError: 6.18709e+08
      Equation: "ElectronContinuityEquation"	RelError: 9.66091e-06	AbsError: 6.18692e+08
      Equation: "HoleContinuityEquation"	RelError: 3.98128e-02	AbsError: 1.73644e+04
      Equation: "PotentialEquation"	RelError: 3.13959e-09	AbsError: 3.47843e-11
    Region: "oxide"	RelError: 9.83107e-11	AbsError: 2.62705e-11
      Equation: "PotentialEquation"	RelError: 9.83107e-11	AbsError: 2.62705e-11
Iteration: 5
  Device: "mos_light"	RelError: 4.46488e-11	AbsError: 6.55974e-02
    Region: "bulk"	RelError: 4.46488e-11	AbsError: 6.55974e-02
      Equation: "ElectronContinuityEquation"	RelError: 9.57135e-16	AbsError: 6.55805e-02
      Equation: "HoleContinuityEquation"	RelError: 4.46478e-11	AbsError: 1.69298e-05
      Equation: "PotentialEquation"	RelError: 3.53020e-19	AbsError: 5.67713e-21
    Region: "oxide"	RelError: 1.39413e-20	AbsError: 3.72537e-21
      Equation: "PotentialEquation"	RelError: 1.39413e-20	AbsError: 3.72537e-21
number of equations 7095
Iteration: 0
  Device: "mos_light"	RelError: 2.22026e+03	AbsError: 5.54180e+16
    Region: "bulk"	RelError: 2.22000e+03	AbsError: 5.54180e+16
      Equation: "ElectronContinuityEquation"	RelError: 7.79268e-01	AbsError: 5.32549e+16
      Equation: "HoleContinuityEquation"	RelError: 9.99000e+02	AbsError: 2.16305e+15
      Equation: "PotentialEquation"	RelError: 1.22022e+03	AbsError: 3.90665e-02
    Region: "oxide"	RelError: 2.58085e-01	AbsError: 4.01180e-02
      Equation: "PotentialEquation"	RelError: 2.58085e-01	AbsError: 4.01180e-02
Iteration: 1
  Device: "mos_light"	RelError: 2.05352e+03	AbsError: 3.90566e+15
    Region: "bulk"	RelError: 2.05336e+03	AbsError: 3.90566e+15
      Equation: "ElectronContinuityEquation"	RelError: 9.99000e+02	AbsError: 3.63502e+15
      Equation: "HoleContinuityEquation"	RelError: 9.98998e+02	AbsError: 2.70631e+14
      Equation: "PotentialEquation"	RelError: 5.53657e+01	AbsError: 2.85620e-02
    Region: "oxide"	RelError: 1.58737e-01	AbsError: 2.97802e-02
      Equation: "PotentialEquation"	RelError: 1.58737e-01	AbsError: 2.97802e-02
Iteration: 2
  Device: "mos_light"	RelError: 1.03725e+03	AbsError: 1.85700e+15
    Region: "bulk"	RelError: 1.03713e+03	AbsError: 1.85700e+15
      Equation: "ElectronContinuityEquation"	RelError: 9.99660e-01	AbsError: 1.84688e+15
      Equation: "HoleContinuityEquation"	RelError: 9.99000e+02	AbsError: 1.01230e+13
      Equation: "PotentialEquation"	RelError: 3.71311e+01	AbsError: 2.35604e-02
    Region: "oxide"	RelError: 1.15780e-01	AbsError: 2.58457e-02
      Equation: "PotentialEquation"	RelError: 1.15780e-01	AbsError: 2.58457e-02
Iteration: 3
  Device: "mos_light"	RelError: 1.36780e+00	AbsError: 4.16050e+14
    Region: "bulk"	RelError: 1.34099e+00	AbsError: 4.16050e+14
      Equation: "ElectronContinuityEquation"	RelError: 3.25386e-01	AbsError: 4.16004e+14
      Equation: "HoleContinuityEquation"	RelError: 9.96857e-01	AbsError: 4.57605e+10
      Equation: "PotentialEquation"	RelError: 1.87505e-02	AbsError: 2.86205e-05
    Region: "oxide"	RelError: 2.68054e-02	AbsError: 8.04859e-03
      Equation: "PotentialEquation"	RelError: 2.68054e-02	AbsError: 8.04859e-03
Iteration: 4
  Device: "mos_light"	RelError: 5.80226e-02	AbsError: 4.94896e+10
    Region: "bulk"	RelError: 5.80226e-02	AbsError: 4.94896e+10
      Equation: "ElectronContinuityEquation"	RelError: 1.09559e-04	AbsError: 4.94824e+10
      Equation: "HoleContinuityEquation"	RelError: 5.79105e-02	AbsError: 7.17180e+06
      Equation: "PotentialEquation"	RelError: 2.52818e-06	AbsError: 2.92207e-09
    Region: "oxide"	RelError: 6.99106e-09	AbsError: 2.34282e-09
      Equation: "PotentialEquation"	RelError: 6.99106e-09	AbsError: 2.34282e-09
Iteration: 5
  Device: "mos_light"	RelError: 7.52771e-09	AbsError: 4.34713e+02
    Region: "bulk"	RelError: 7.52771e-09	AbsError: 4.34713e+02
      Equation: "ElectronContinuityEquation"	RelError: 2.54158e-12	AbsError: 4.34647e+02
      Equation: "HoleContinuityEquation"	RelError: 7.52513e-09	AbsError: 6.64747e-02
      Equation: "PotentialEquation"	RelError: 4.23083e-14	AbsError: 4.70704e-17
    Region: "oxide"	RelError: 9.91267e-17	AbsError: 3.32191e-17
      Equation: "PotentialEquation"	RelError: 9.91267e-17	AbsError: 3.32191e-17
number of equations 7095
Iteration: 0
  Device: "mos_light"	RelError: 1.02343e+03	AbsError: 5.40632e+16
    Region: "bulk"	RelError: 1.02327e+03	AbsError: 5.40632e+16
      Equation: "ElectronContinuityEquation"	RelError: 7.79399e-01	AbsError: 5.19773e+16
      Equation: "HoleContinuityEquation"	RelError: 9.99000e+02	AbsError: 2.08587e+15
      Equation: "PotentialEquation"	RelError: 2.34940e+01	AbsError: 3.90819e-02
    Region: "oxide"	RelError: 1.61113e-01	AbsError: 4.01180e-02
      Equation: "PotentialEquation"	RelError: 1.61113e-01	AbsError: 4.01180e-02
Iteration: 1
  Device: "mos_light"	RelError: 2.00969e+03	AbsError: 1.82475e+16
    Region: "bulk"	RelError: 2.00958e+03	AbsError: 1.82475e+16
      Equation: "ElectronContinuityEquation"	RelError: 9.99000e+02	AbsError: 1.80069e+16
      Equation: "HoleContinuityEquation"	RelError: 9.98996e+02	AbsError: 2.40576e+14
      Equation: "PotentialEquation"	RelError: 1.15857e+01	AbsError: 2.85714e-02
    Region: "oxide"	RelError: 1.05373e-01	AbsError: 2.97802e-02
      Equation: "PotentialEquation"	RelError: 1.05373e-01	AbsError: 2.97802e-02
Iteration: 2
  Device: "mos_light"	RelError: 1.26552e+03	AbsError: 1.10091e+16
    Region: "bulk"	RelError: 1.26544e+03	AbsError: 1.10091e+16
      Equation: "ElectronContinuityEquation"	RelError: 9.99688e-01	AbsError: 1.10051e+16
      Equation: "HoleContinuityEquation"	RelError: 9.99000e+02	AbsError: 4.00770e+12
      Equation: "PotentialEquation"	RelError: 2.65439e+02	AbsError: 2.35653e-02
    Region: "oxide"	RelError: 7.99606e-02	AbsError: 2.58153e-02
      Equation: "PotentialEquation"	RelError: 7.99606e-02	AbsError: 2.58153e-02
Iteration: 3
  Device: "mos_light"	RelError: 1.40756e+00	AbsError: 3.04019e+15
    Region: "bulk"	RelError: 1.38725e+00	AbsError: 3.04019e+15
      Equation: "ElectronContinuityEquation"	RelError: 2.51821e-01	AbsError: 3.03958e+15
      Equation: "HoleContinuityEquation"	RelError: 9.96746e-01	AbsError: 6.07308e+11
      Equation: "PotentialEquation"	RelError: 1.38679e-01	AbsError: 1.60236e-04
    Region: "oxide"	RelError: 2.03114e-02	AbsError: 8.04859e-03
      Equation: "PotentialEquation"	RelError: 2.03114e-02	AbsError: 8.04859e-03
Iteration: 4
  Device: "mos_light"	RelError: 5.63019e-02	AbsError: 1.29088e+12
    Region: "bulk"	RelError: 5.63016e-02	AbsError: 1.29088e+12
      Equation: "ElectronContinuityEquation"	RelError: 7.45824e-04	AbsError: 1.29004e+12
      Equation: "HoleContinuityEquation"	RelError: 5.52696e-02	AbsError: 8.39478e+08
      Equation: "PotentialEquation"	RelError: 2.86247e-04	AbsError: 1.16762e-07
    Region: "oxide"	RelError: 2.49011e-07	AbsError: 9.02979e-08
      Equation: "PotentialEquation"	RelError: 2.49011e-07	AbsError: 9.02979e-08
Iteration: 5
  Device: "mos_light"	RelError: 3.85040e-07	AbsError: 1.07127e+06
    Region: "bulk"	RelError: 3.85040e-07	AbsError: 1.07127e+06
      Equation: "ElectronContinuityEquation"	RelError: 6.62391e-10	AbsError: 1.07085e+06
      Equation: "HoleContinuityEquation"	RelError: 3.84236e-07	AbsError: 4.18327e+02
      Equation: "PotentialEquation"	RelError: 1.41876e-10	AbsError: 1.43322e-13
    Region: "oxide"	RelError: 3.05970e-13	AbsError: 1.10953e-13
      Equation: "PotentialEquation"	RelError: 3.05970e-13	AbsError: 1.10953e-13
number of equations 7095
Iteration: 0
  Device: "mos_light"	RelError: 1.03199e+03	AbsError: 1.03810e+17
    Region: "bulk"	RelError: 1.03187e+03	AbsError: 1.03810e+17
      Equation: "ElectronContinuityEquation"	RelError: 7.79205e-01	AbsError: 1.01838e+17
      Equation: "HoleContinuityEquation"	RelError: 9.99000e+02	AbsError: 1.97192e+15
      Equation: "PotentialEquation"	RelError: 3.20895e+01	AbsError: 3.90623e-02
    Region: "oxide"	RelError: 1.17035e-01	AbsError: 4.01180e-02
      Equation: "PotentialEquation"	RelError: 1.17035e-01	AbsError: 4.01180e-02
Iteration: 1
  Device: "mos_light"	RelError: 2.00879e+03	AbsError: 1.10936e+17
    Region: "bulk"	RelError: 2.00871e+03	AbsError: 1.10936e+17
      Equation: "ElectronContinuityEquation"	RelError: 9.99000e+02	AbsError: 1.10709e+17
      Equation: "HoleContinuityEquation"	RelError: 9.98993e+02	AbsError: 2.26529e+14
      Equation: "PotentialEquation"	RelError: 1.07189e+01	AbsError: 2.84484e-02
    Region: "oxide"	RelError: 7.85179e-02	AbsError: 2.97802e-02
      Equation: "PotentialEquation"	RelError: 7.85179e-02	AbsError: 2.97802e-02
Iteration: 2
  Device: "mos_light"	RelError: 1.17682e+02	AbsError: 4.06513e+16
    Region: "bulk"	RelError: 1.17623e+02	AbsError: 4.06513e+16
      Equation: "ElectronContinuityEquation"	RelError: 9.99480e-01	AbsError: 4.06332e+16
      Equation: "HoleContinuityEquation"	RelError: 1.11768e+02	AbsError: 1.81435e+13
      Equation: "PotentialEquation"	RelError: 4.85579e+00	AbsError: 2.29891e-02
    Region: "oxide"	RelError: 5.96015e-02	AbsError: 2.57113e-02
      Equation: "PotentialEquation"	RelError: 5.96015e-02	AbsError: 2.57113e-02
Iteration: 3
  Device: "mos_light"	RelError: 1.43765e+00	AbsError: 1.07408e+16
    Region: "bulk"	RelError: 1.42130e+00	AbsError: 1.07408e+16
      Equation: "ElectronContinuityEquation"	RelError: 2.33641e-01	AbsError: 1.07337e+16
      Equation: "HoleContinuityEquation"	RelError: 9.70895e-01	AbsError: 7.17860e+12
      Equation: "PotentialEquation"	RelError: 2.16768e-01	AbsError: 6.97026e-04
    Region: "oxide"	RelError: 1.63503e-02	AbsError: 8.04859e-03
      Equation: "PotentialEquation"	RelError: 1.63503e-02	AbsError: 8.04859e-03
Iteration: 4
  Device: "mos_light"	RelError: 3.94141e-02	AbsError: 2.86112e+13
    Region: "bulk"	RelError: 3.94075e-02	AbsError: 2.86112e+13
      Equation: "ElectronContinuityEquation"	RelError: 1.73434e-03	AbsError: 2.85923e+13
      Equation: "HoleContinuityEquation"	RelError: 3.71556e-02	AbsError: 1.88895e+10
      Equation: "PotentialEquation"	RelError: 5.17623e-04	AbsError: 3.27324e-06
    Region: "oxide"	RelError: 6.53786e-06	AbsError: 2.72807e-06
      Equation: "PotentialEquation"	RelError: 6.53786e-06	AbsError: 2.72807e-06
Iteration: 5
  Device: "mos_light"	RelError: 1.85707e-06	AbsError: 8.62864e+08
    Region: "bulk"	RelError: 1.85690e-06	AbsError: 8.62864e+08
      Equation: "ElectronContinuityEquation"	RelError: 2.97731e-08	AbsError: 8.62762e+08
      Equation: "HoleContinuityEquation"	RelError: 1.82113e-06	AbsError: 1.01849e+05
      Equation: "PotentialEquation"	RelError: 6.00475e-09	AbsError: 8.35050e-11
    Region: "oxide"	RelError: 1.69469e-10	AbsError: 7.07146e-11
      Equation: "PotentialEquation"	RelError: 1.69469e-10	AbsError: 7.07146e-11
Iteration: 6
  Device: "mos_light"	RelError: 3.91664e-16	AbsError: 8.77794e-01
    Region: "bulk"	RelError: 3.91526e-16	AbsError: 8.77794e-01
      Equation: "ElectronContinuityEquation"	RelError: 1.66063e-17	AbsError: 8.77726e-01
      Equation: "HoleContinuityEquation"	RelError: 3.68708e-16	AbsError: 6.80370e-05
      Equation: "PotentialEquation"	RelError: 6.21148e-18	AbsError: 6.61023e-20
    Region: "oxide"	RelError: 1.38123e-19	AbsError: 5.76349e-20
      Equation: "PotentialEquation"	RelError: 1.38123e-19	AbsError: 5.76349e-20
PROBE_RESULT={"status": "OK", "Vg_V": 0.48, "Id_A_per_um": 4.3703025358324784e-08, "Is_A_per_um": -4.3703025335837435e-08, "Ib_A_per_um": -2.2487348705018614e-17, "current_balance_A_per_um": -3.839562286819175e-25, "relative_current_balance": 8.785575495834168e-18}
