Adding 668 nodes
Adding 1576 edges with 0 duplicates removed
Adding 908 triangles  with 0 duplicate removed
Adding 2340 nodes
Adding 6819 edges with 0 duplicates removed
Adding 4480 triangles  with 0 duplicate removed
Adding 125 nodes
Adding 316 edges with 0 duplicates removed
Adding 192 triangles  with 0 duplicate removed
Adding 75 nodes
Adding 170 edges with 0 duplicates removed
Adding 96 triangles  with 0 duplicate removed
Contact body in region bulk with 65 nodes
Contact drain in region bulk with 21 nodes
Contact gate in region oxide with 25 nodes
Contact source in region bulk with 21 nodes
Adding interface bulk_oxide with 23, 23 nodes
Replacing Node Model DrainDoping in region bulk of material Silicon
Replacing Node Model NetDoping in region bulk of material Silicon
Replacing Node Model SourceDoping in region bulk of material Silicon
Replacing Node Model gatenodemodel in region oxide of material Oxide
number of equations 2415
Iteration: 0
  Device: "part1_baseline"	RelError: 2.00000e+00	AbsError: 2.02673e-01
    Region: "bulk"	RelError: 1.00000e+00	AbsError: 2.02673e-01
      Equation: "PotentialEquation"	RelError: 1.00000e+00	AbsError: 2.02673e-01
    Region: "oxide"	RelError: 1.00000e+00	AbsError: 1.29930e-01
      Equation: "PotentialEquation"	RelError: 1.00000e+00	AbsError: 1.29930e-01
Iteration: 1
  Device: "part1_baseline"	RelError: 9.70601e-01	AbsError: 1.90580e-01
    Region: "bulk"	RelError: 4.91346e-01	AbsError: 1.90580e-01
      Equation: "PotentialEquation"	RelError: 4.91346e-01	AbsError: 1.90580e-01
    Region: "oxide"	RelError: 4.79255e-01	AbsError: 1.19578e-01
      Equation: "PotentialEquation"	RelError: 4.79255e-01	AbsError: 1.19578e-01
Iteration: 2
  Device: "part1_baseline"	RelError: 5.79863e+00	AbsError: 1.16603e-01
    Region: "bulk"	RelError: 4.60886e+00	AbsError: 1.16603e-01
      Equation: "PotentialEquation"	RelError: 4.60886e+00	AbsError: 1.16603e-01
    Region: "oxide"	RelError: 1.18978e+00	AbsError: 5.09927e-02
      Equation: "PotentialEquation"	RelError: 1.18978e+00	AbsError: 5.09927e-02
Iteration: 3
  Device: "part1_baseline"	RelError: 2.43105e+01	AbsError: 7.66505e-02
    Region: "bulk"	RelError: 1.25391e+01	AbsError: 7.66505e-02
      Equation: "PotentialEquation"	RelError: 1.25391e+01	AbsError: 7.66505e-02
    Region: "oxide"	RelError: 1.17714e+01	AbsError: 4.69030e-02
      Equation: "PotentialEquation"	RelError: 1.17714e+01	AbsError: 4.69030e-02
Iteration: 4
  Device: "part1_baseline"	RelError: 1.90642e+03	AbsError: 8.64387e-02
    Region: "bulk"	RelError: 1.55271e+03	AbsError: 8.64387e-02
      Equation: "PotentialEquation"	RelError: 1.55271e+03	AbsError: 8.64387e-02
    Region: "oxide"	RelError: 3.53718e+02	AbsError: 4.25541e-02
      Equation: "PotentialEquation"	RelError: 3.53718e+02	AbsError: 4.25541e-02
Iteration: 5
  Device: "part1_baseline"	RelError: 8.94883e+02	AbsError: 9.18580e-02
    Region: "bulk"	RelError: 7.37036e+02	AbsError: 9.18580e-02
      Equation: "PotentialEquation"	RelError: 7.37036e+02	AbsError: 9.18580e-02
    Region: "oxide"	RelError: 1.57847e+02	AbsError: 3.81296e-02
      Equation: "PotentialEquation"	RelError: 1.57847e+02	AbsError: 3.81296e-02
Iteration: 6
  Device: "part1_baseline"	RelError: 2.43731e+03	AbsError: 9.16822e-02
    Region: "bulk"	RelError: 2.42843e+03	AbsError: 9.16822e-02
      Equation: "PotentialEquation"	RelError: 2.42843e+03	AbsError: 9.16822e-02
    Region: "oxide"	RelError: 8.87609e+00	AbsError: 3.11144e-02
      Equation: "PotentialEquation"	RelError: 8.87609e+00	AbsError: 3.11144e-02
Iteration: 7
  Device: "part1_baseline"	RelError: 2.41897e+02	AbsError: 8.55074e-02
    Region: "bulk"	RelError: 2.23827e+02	AbsError: 8.55074e-02
      Equation: "PotentialEquation"	RelError: 2.23827e+02	AbsError: 8.55074e-02
    Region: "oxide"	RelError: 1.80699e+01	AbsError: 2.56242e-02
      Equation: "PotentialEquation"	RelError: 1.80699e+01	AbsError: 2.56242e-02
Iteration: 8
  Device: "part1_baseline"	RelError: 3.65456e+01	AbsError: 7.99017e-02
    Region: "bulk"	RelError: 3.54092e+01	AbsError: 7.99017e-02
      Equation: "PotentialEquation"	RelError: 3.54092e+01	AbsError: 7.99017e-02
    Region: "oxide"	RelError: 1.13645e+00	AbsError: 1.88863e-02
      Equation: "PotentialEquation"	RelError: 1.13645e+00	AbsError: 1.88863e-02
Iteration: 9
  Device: "part1_baseline"	RelError: 1.69821e+02	AbsError: 7.16718e-02
    Region: "bulk"	RelError: 9.71303e+01	AbsError: 7.16718e-02
      Equation: "PotentialEquation"	RelError: 9.71303e+01	AbsError: 7.16718e-02
    Region: "oxide"	RelError: 7.26908e+01	AbsError: 1.09393e-02
      Equation: "PotentialEquation"	RelError: 7.26908e+01	AbsError: 1.09393e-02
Iteration: 10
  Device: "part1_baseline"	RelError: 1.13875e+02	AbsError: 5.67316e-02
    Region: "bulk"	RelError: 1.12828e+02	AbsError: 5.67316e-02
      Equation: "PotentialEquation"	RelError: 1.12828e+02	AbsError: 5.67316e-02
    Region: "oxide"	RelError: 1.04763e+00	AbsError: 2.01993e-03
      Equation: "PotentialEquation"	RelError: 1.04763e+00	AbsError: 2.01993e-03
Iteration: 11
  Device: "part1_baseline"	RelError: 1.55410e+01	AbsError: 3.97423e-02
    Region: "bulk"	RelError: 1.53686e+01	AbsError: 3.97423e-02
      Equation: "PotentialEquation"	RelError: 1.53686e+01	AbsError: 3.97423e-02
    Region: "oxide"	RelError: 1.72372e-01	AbsError: 3.40137e-04
      Equation: "PotentialEquation"	RelError: 1.72372e-01	AbsError: 3.40137e-04
Iteration: 12
  Device: "part1_baseline"	RelError: 2.32277e+00	AbsError: 2.58992e-02
    Region: "bulk"	RelError: 2.30184e+00	AbsError: 2.58992e-02
      Equation: "PotentialEquation"	RelError: 2.30184e+00	AbsError: 2.58992e-02
    Region: "oxide"	RelError: 2.09341e-02	AbsError: 3.99109e-05
      Equation: "PotentialEquation"	RelError: 2.09341e-02	AbsError: 3.99109e-05
Iteration: 13
  Device: "part1_baseline"	RelError: 9.06852e-01	AbsError: 8.48186e-03
    Region: "bulk"	RelError: 9.05505e-01	AbsError: 8.48186e-03
      Equation: "PotentialEquation"	RelError: 9.05505e-01	AbsError: 8.48186e-03
    Region: "oxide"	RelError: 1.34712e-03	AbsError: 2.45402e-06
      Equation: "PotentialEquation"	RelError: 1.34712e-03	AbsError: 2.45402e-06
Iteration: 14
  Device: "part1_baseline"	RelError: 6.56740e-02	AbsError: 2.78699e-04
    Region: "bulk"	RelError: 6.56538e-02	AbsError: 2.78699e-04
      Equation: "PotentialEquation"	RelError: 6.56538e-02	AbsError: 2.78699e-04
    Region: "oxide"	RelError: 2.02103e-05	AbsError: 3.68181e-08
      Equation: "PotentialEquation"	RelError: 2.02103e-05	AbsError: 3.68181e-08
Iteration: 15
  Device: "part1_baseline"	RelError: 9.63954e-05	AbsError: 4.31099e-07
    Region: "bulk"	RelError: 9.63803e-05	AbsError: 4.31099e-07
      Equation: "PotentialEquation"	RelError: 9.63803e-05	AbsError: 4.31099e-07
    Region: "oxide"	RelError: 1.51427e-08	AbsError: 2.75863e-11
      Equation: "PotentialEquation"	RelError: 1.51427e-08	AbsError: 2.75863e-11
Iteration: 16
  Device: "part1_baseline"	RelError: 2.44541e-10	AbsError: 1.16493e-12
    Region: "bulk"	RelError: 2.44520e-10	AbsError: 1.16493e-12
      Equation: "PotentialEquation"	RelError: 2.44520e-10	AbsError: 1.16493e-12
    Region: "oxide"	RelError: 2.12096e-14	AbsError: 3.86389e-17
      Equation: "PotentialEquation"	RelError: 2.12096e-14	AbsError: 3.86389e-17
Iteration: 17
  Device: "part1_baseline"	RelError: 1.80852e-21	AbsError: 9.78534e-24
    Region: "bulk"	RelError: 1.80842e-21	AbsError: 9.78534e-24
      Equation: "PotentialEquation"	RelError: 1.80842e-21	AbsError: 9.78534e-24
    Region: "oxide"	RelError: 9.38512e-26	AbsError: 1.70977e-28
      Equation: "PotentialEquation"	RelError: 9.38512e-26	AbsError: 1.70977e-28
Warning: Replacing equation with equation of the same name.
Region: bulk, Equation: PotentialEquation, Variable: Potential
number of equations 7095
Iteration: 0
  Device: "part1_baseline"	RelError: 3.18048e-31	AbsError: 3.37827e-14
    Region: "bulk"	RelError: 3.12097e-31	AbsError: 3.37827e-14
      Equation: "ElectronContinuityEquation"	RelError: 1.56853e-31	AbsError: 3.37508e-14
      Equation: "HoleContinuityEquation"	RelError: 4.99014e-32	AbsError: 3.19207e-17
      Equation: "PotentialEquation"	RelError: 1.05343e-31	AbsError: 1.12145e-34
    Region: "oxide"	RelError: 5.95148e-33	AbsError: 2.76343e-35
      Equation: "PotentialEquation"	RelError: 5.95148e-33	AbsError: 2.76343e-35
number of equations 7095
Iteration: 0
  Device: "part1_baseline"	RelError: 2.01623e+03	AbsError: 8.14336e+16
    Region: "bulk"	RelError: 2.01540e+03	AbsError: 8.14336e+16
      Equation: "ElectronContinuityEquation"	RelError: 9.99000e+02	AbsError: 7.84832e+16
      Equation: "HoleContinuityEquation"	RelError: 9.99000e+02	AbsError: 2.95041e+15
      Equation: "PotentialEquation"	RelError: 1.74039e+01	AbsError: 4.09542e-02
    Region: "oxide"	RelError: 8.27521e-01	AbsError: 1.87678e-02
      Equation: "PotentialEquation"	RelError: 8.27521e-01	AbsError: 1.87678e-02
Iteration: 1
  Device: "part1_baseline"	RelError: 6.29648e+00	AbsError: 2.36794e+15
    Region: "bulk"	RelError: 6.23559e+00	AbsError: 2.36794e+15
      Equation: "ElectronContinuityEquation"	RelError: 9.98561e-01	AbsError: 1.90421e+15
      Equation: "HoleContinuityEquation"	RelError: 9.98640e-01	AbsError: 4.63726e+14
      Equation: "PotentialEquation"	RelError: 4.23839e+00	AbsError: 3.07635e-02
    Region: "oxide"	RelError: 6.08879e-02	AbsError: 8.53158e-03
      Equation: "PotentialEquation"	RelError: 6.08879e-02	AbsError: 8.53158e-03
Iteration: 2
  Device: "part1_baseline"	RelError: 1.12836e+03	AbsError: 5.85422e+14
    Region: "bulk"	RelError: 1.12836e+03	AbsError: 5.85422e+14
      Equation: "ElectronContinuityEquation"	RelError: 2.57339e+00	AbsError: 5.21548e+14
      Equation: "HoleContinuityEquation"	RelError: 1.12534e+03	AbsError: 6.38739e+13
      Equation: "PotentialEquation"	RelError: 4.50489e-01	AbsError: 2.56169e-02
    Region: "oxide"	RelError: 2.21346e-03	AbsError: 4.91928e-05
      Equation: "PotentialEquation"	RelError: 2.21346e-03	AbsError: 4.91928e-05
Iteration: 3
  Device: "part1_baseline"	RelError: 1.32673e+00	AbsError: 1.52934e+15
    Region: "bulk"	RelError: 1.32577e+00	AbsError: 1.52934e+15
      Equation: "ElectronContinuityEquation"	RelError: 3.09494e-01	AbsError: 1.52730e+15
      Equation: "HoleContinuityEquation"	RelError: 9.97790e-01	AbsError: 2.04098e+12
      Equation: "PotentialEquation"	RelError: 1.84888e-02	AbsError: 9.16546e-03
    Region: "oxide"	RelError: 9.52300e-04	AbsError: 2.75824e-05
      Equation: "PotentialEquation"	RelError: 9.52300e-04	AbsError: 2.75824e-05
Iteration: 4
  Device: "part1_baseline"	RelError: 3.17683e-01	AbsError: 1.62342e+15
    Region: "bulk"	RelError: 3.16961e-01	AbsError: 1.62342e+15
      Equation: "ElectronContinuityEquation"	RelError: 2.71200e-02	AbsError: 1.62078e+15
      Equation: "HoleContinuityEquation"	RelError: 2.78516e-01	AbsError: 2.64568e+12
      Equation: "PotentialEquation"	RelError: 1.13258e-02	AbsError: 2.07711e-04
    Region: "oxide"	RelError: 7.21803e-04	AbsError: 1.14614e-05
      Equation: "PotentialEquation"	RelError: 7.21803e-04	AbsError: 1.14614e-05
Iteration: 5
  Device: "part1_baseline"	RelError: 4.29338e-04	AbsError: 9.12771e+11
    Region: "bulk"	RelError: 4.29175e-04	AbsError: 9.12771e+11
      Equation: "ElectronContinuityEquation"	RelError: 3.61540e-05	AbsError: 9.12105e+11
      Equation: "HoleContinuityEquation"	RelError: 3.89889e-04	AbsError: 6.65243e+08
      Equation: "PotentialEquation"	RelError: 3.13181e-06	AbsError: 1.00420e-07
    Region: "oxide"	RelError: 1.63408e-07	AbsError: 2.07857e-09
      Equation: "PotentialEquation"	RelError: 1.63408e-07	AbsError: 2.07857e-09
Iteration: 6
  Device: "part1_baseline"	RelError: 1.89531e-10	AbsError: 2.86455e+05
    Region: "bulk"	RelError: 1.89516e-10	AbsError: 2.86455e+05
      Equation: "ElectronContinuityEquation"	RelError: 1.20919e-11	AbsError: 2.86340e+05
      Equation: "HoleContinuityEquation"	RelError: 1.76946e-10	AbsError: 1.15046e+02
      Equation: "PotentialEquation"	RelError: 4.78454e-13	AbsError: 3.00770e-14
    Region: "oxide"	RelError: 1.46245e-14	AbsError: 1.67565e-16
      Equation: "PotentialEquation"	RelError: 1.46245e-14	AbsError: 1.67565e-16
number of equations 7095
Iteration: 0
  Device: "part1_baseline"	RelError: 2.28909e+03	AbsError: 8.29351e+16
    Region: "bulk"	RelError: 2.28810e+03	AbsError: 8.29351e+16
      Equation: "ElectronContinuityEquation"	RelError: 9.99000e+02	AbsError: 8.01135e+16
      Equation: "HoleContinuityEquation"	RelError: 9.99000e+02	AbsError: 2.82158e+15
      Equation: "PotentialEquation"	RelError: 2.90102e+02	AbsError: 4.09542e-02
    Region: "oxide"	RelError: 9.86174e-01	AbsError: 1.84785e-02
      Equation: "PotentialEquation"	RelError: 9.86174e-01	AbsError: 1.84785e-02
Iteration: 1
  Device: "part1_baseline"	RelError: 1.18693e+03	AbsError: 1.73825e+15
    Region: "bulk"	RelError: 1.18688e+03	AbsError: 1.73825e+15
      Equation: "ElectronContinuityEquation"	RelError: 9.99000e+02	AbsError: 1.32201e+15
      Equation: "HoleContinuityEquation"	RelError: 9.98563e-01	AbsError: 4.16245e+14
      Equation: "PotentialEquation"	RelError: 1.86885e+02	AbsError: 3.07634e-02
    Region: "oxide"	RelError: 5.03019e-02	AbsError: 8.39564e-03
      Equation: "PotentialEquation"	RelError: 5.03019e-02	AbsError: 8.39564e-03
Iteration: 2
  Device: "part1_baseline"	RelError: 1.00082e+03	AbsError: 3.19799e+14
    Region: "bulk"	RelError: 1.00082e+03	AbsError: 3.19799e+14
      Equation: "ElectronContinuityEquation"	RelError: 1.44153e+00	AbsError: 2.77587e+14
      Equation: "HoleContinuityEquation"	RelError: 9.99000e+02	AbsError: 4.22113e+13
      Equation: "PotentialEquation"	RelError: 3.81480e-01	AbsError: 2.54848e-02
    Region: "oxide"	RelError: 1.41536e-03	AbsError: 2.16101e-05
      Equation: "PotentialEquation"	RelError: 1.41536e-03	AbsError: 2.16101e-05
Iteration: 3
  Device: "part1_baseline"	RelError: 1.33611e+00	AbsError: 1.42351e+15
    Region: "bulk"	RelError: 1.33572e+00	AbsError: 1.42351e+15
      Equation: "ElectronContinuityEquation"	RelError: 3.23202e-01	AbsError: 1.42196e+15
      Equation: "HoleContinuityEquation"	RelError: 9.97240e-01	AbsError: 1.54660e+12
      Equation: "PotentialEquation"	RelError: 1.52780e-02	AbsError: 9.16560e-03
    Region: "oxide"	RelError: 3.93134e-04	AbsError: 1.00803e-05
      Equation: "PotentialEquation"	RelError: 3.93134e-04	AbsError: 1.00803e-05
Iteration: 4
  Device: "part1_baseline"	RelError: 4.57104e-01	AbsError: 1.53038e+15
    Region: "bulk"	RelError: 4.56565e-01	AbsError: 1.53038e+15
      Equation: "ElectronContinuityEquation"	RelError: 2.85892e-02	AbsError: 1.52838e+15
      Equation: "HoleContinuityEquation"	RelError: 2.45765e-01	AbsError: 1.99885e+12
      Equation: "PotentialEquation"	RelError: 1.82210e-01	AbsError: 1.91163e-04
    Region: "oxide"	RelError: 5.39383e-04	AbsError: 5.18707e-06
      Equation: "PotentialEquation"	RelError: 5.39383e-04	AbsError: 5.18707e-06
Iteration: 5
  Device: "part1_baseline"	RelError: 2.49628e-04	AbsError: 8.93265e+11
    Region: "bulk"	RelError: 2.49524e-04	AbsError: 8.93265e+11
      Equation: "ElectronContinuityEquation"	RelError: 3.00837e-05	AbsError: 8.92755e+11
      Equation: "HoleContinuityEquation"	RelError: 1.74979e-04	AbsError: 5.10070e+08
      Equation: "PotentialEquation"	RelError: 4.44614e-05	AbsError: 9.74685e-08
    Region: "oxide"	RelError: 1.03314e-07	AbsError: 7.49297e-10
      Equation: "PotentialEquation"	RelError: 1.03314e-07	AbsError: 7.49297e-10
Iteration: 6
  Device: "part1_baseline"	RelError: 1.01517e-10	AbsError: 2.92545e+05
    Region: "bulk"	RelError: 1.01503e-10	AbsError: 2.92545e+05
      Equation: "ElectronContinuityEquation"	RelError: 1.04102e-11	AbsError: 2.92436e+05
      Equation: "HoleContinuityEquation"	RelError: 8.33332e-11	AbsError: 1.09443e+02
      Equation: "PotentialEquation"	RelError: 7.75982e-12	AbsError: 3.09565e-14
    Region: "oxide"	RelError: 1.37207e-14	AbsError: 8.27500e-17
      Equation: "PotentialEquation"	RelError: 1.37207e-14	AbsError: 8.27500e-17
number of equations 7095
Iteration: 0
  Device: "part1_baseline"	RelError: 5.65202e+03	AbsError: 8.29087e+16
    Region: "bulk"	RelError: 5.57460e+03	AbsError: 8.29087e+16
      Equation: "ElectronContinuityEquation"	RelError: 9.99000e+02	AbsError: 8.04588e+16
      Equation: "HoleContinuityEquation"	RelError: 4.49817e+03	AbsError: 2.44990e+15
      Equation: "PotentialEquation"	RelError: 7.74226e+01	AbsError: 4.09542e-02
    Region: "oxide"	RelError: 7.74226e+01	AbsError: 1.83735e-02
      Equation: "PotentialEquation"	RelError: 7.74226e+01	AbsError: 1.83735e-02
Iteration: 1
  Device: "part1_baseline"	RelError: 1.03376e+03	AbsError: 1.35435e+15
    Region: "bulk"	RelError: 1.03329e+03	AbsError: 1.35435e+15
      Equation: "ElectronContinuityEquation"	RelError: 9.99000e+02	AbsError: 1.03150e+15
      Equation: "HoleContinuityEquation"	RelError: 9.99485e-01	AbsError: 3.22854e+14
      Equation: "PotentialEquation"	RelError: 3.32858e+01	AbsError: 3.07633e-02
    Region: "oxide"	RelError: 4.77373e-01	AbsError: 8.34889e-03
      Equation: "PotentialEquation"	RelError: 4.77373e-01	AbsError: 8.34889e-03
Iteration: 2
  Device: "part1_baseline"	RelError: 1.00030e+03	AbsError: 1.91870e+14
    Region: "bulk"	RelError: 1.00022e+03	AbsError: 1.91870e+14
      Equation: "ElectronContinuityEquation"	RelError: 1.10074e+00	AbsError: 1.51081e+14
      Equation: "HoleContinuityEquation"	RelError: 9.99000e+02	AbsError: 4.07886e+13
      Equation: "PotentialEquation"	RelError: 1.23072e-01	AbsError: 2.53691e-02
    Region: "oxide"	RelError: 7.51408e-02	AbsError: 9.19472e-06
      Equation: "PotentialEquation"	RelError: 7.51408e-02	AbsError: 9.19472e-06
Iteration: 3
  Device: "part1_baseline"	RelError: 1.38615e+00	AbsError: 1.31138e+15
    Region: "bulk"	RelError: 1.37522e+00	AbsError: 1.31138e+15
      Equation: "ElectronContinuityEquation"	RelError: 3.35482e-01	AbsError: 1.31001e+15
      Equation: "HoleContinuityEquation"	RelError: 9.96509e-01	AbsError: 1.37216e+12
      Equation: "PotentialEquation"	RelError: 4.32247e-02	AbsError: 9.16562e-03
    Region: "oxide"	RelError: 1.09317e-02	AbsError: 3.58572e-06
      Equation: "PotentialEquation"	RelError: 1.09317e-02	AbsError: 3.58572e-06
Iteration: 4
  Device: "part1_baseline"	RelError: 2.46525e-01	AbsError: 1.42370e+15
    Region: "bulk"	RelError: 2.12138e-01	AbsError: 1.42370e+15
      Equation: "ElectronContinuityEquation"	RelError: 2.99481e-02	AbsError: 1.42210e+15
      Equation: "HoleContinuityEquation"	RelError: 1.28140e-01	AbsError: 1.59554e+12
      Equation: "PotentialEquation"	RelError: 5.40497e-02	AbsError: 1.74522e-04
    Region: "oxide"	RelError: 3.43866e-02	AbsError: 2.75133e-06
      Equation: "PotentialEquation"	RelError: 3.43866e-02	AbsError: 2.75133e-06
Iteration: 5
  Device: "part1_baseline"	RelError: 8.89130e-05	AbsError: 8.33077e+11
    Region: "bulk"	RelError: 8.22225e-05	AbsError: 8.33077e+11
      Equation: "ElectronContinuityEquation"	RelError: 2.66213e-05	AbsError: 8.32667e+11
      Equation: "HoleContinuityEquation"	RelError: 4.38328e-05	AbsError: 4.10265e+08
      Equation: "PotentialEquation"	RelError: 1.17685e-05	AbsError: 9.06716e-08
    Region: "oxide"	RelError: 6.69043e-06	AbsError: 4.04060e-10
      Equation: "PotentialEquation"	RelError: 6.69043e-06	AbsError: 4.04060e-10
Iteration: 6
  Device: "part1_baseline"	RelError: 2.10674e-11	AbsError: 2.69447e+05
    Region: "bulk"	RelError: 1.97245e-11	AbsError: 2.69447e+05
      Equation: "ElectronContinuityEquation"	RelError: 9.19416e-12	AbsError: 2.69351e+05
      Equation: "HoleContinuityEquation"	RelError: 9.18758e-12	AbsError: 9.54090e+01
      Equation: "PotentialEquation"	RelError: 1.34281e-12	AbsError: 2.87408e-14
    Region: "oxide"	RelError: 1.34281e-12	AbsError: 7.78382e-17
      Equation: "PotentialEquation"	RelError: 1.34281e-12	AbsError: 7.78382e-17
number of equations 7095
Iteration: 0
  Device: "part1_baseline"	RelError: 2.22273e+03	AbsError: 8.23944e+16
    Region: "bulk"	RelError: 2.22152e+03	AbsError: 8.23944e+16
      Equation: "ElectronContinuityEquation"	RelError: 9.99000e+02	AbsError: 7.99140e+16
      Equation: "HoleContinuityEquation"	RelError: 1.14610e+03	AbsError: 2.48043e+15
      Equation: "PotentialEquation"	RelError: 7.64185e+01	AbsError: 4.09542e-02
    Region: "oxide"	RelError: 1.21833e+00	AbsError: 1.83392e-02
      Equation: "PotentialEquation"	RelError: 1.21833e+00	AbsError: 1.83392e-02
Iteration: 1
  Device: "part1_baseline"	RelError: 1.65905e+03	AbsError: 1.10074e+15
    Region: "bulk"	RelError: 1.65901e+03	AbsError: 1.10074e+15
      Equation: "ElectronContinuityEquation"	RelError: 9.99000e+02	AbsError: 7.75913e+14
      Equation: "HoleContinuityEquation"	RelError: 9.98392e-01	AbsError: 3.24824e+14
      Equation: "PotentialEquation"	RelError: 6.59014e+02	AbsError: 3.07633e-02
    Region: "oxide"	RelError: 3.78462e-02	AbsError: 8.33565e-03
      Equation: "PotentialEquation"	RelError: 3.78462e-02	AbsError: 8.33565e-03
Iteration: 2
  Device: "part1_baseline"	RelError: 1.48118e+01	AbsError: 1.67539e+14
    Region: "bulk"	RelError: 1.48113e+01	AbsError: 1.67539e+14
      Equation: "ElectronContinuityEquation"	RelError: 9.99989e-01	AbsError: 1.40754e+14
      Equation: "HoleContinuityEquation"	RelError: 1.32886e+01	AbsError: 2.67854e+13
      Equation: "PotentialEquation"	RelError: 5.22701e-01	AbsError: 2.52673e-02
    Region: "oxide"	RelError: 4.33823e-04	AbsError: 3.95372e-06
      Equation: "PotentialEquation"	RelError: 4.33823e-04	AbsError: 3.95372e-06
Iteration: 3
  Device: "part1_baseline"	RelError: 1.91875e+00	AbsError: 1.19550e+15
    Region: "bulk"	RelError: 1.91873e+00	AbsError: 1.19550e+15
      Equation: "ElectronContinuityEquation"	RelError: 3.45633e-01	AbsError: 1.19439e+15
      Equation: "HoleContinuityEquation"	RelError: 7.94220e-01	AbsError: 1.10472e+12
      Equation: "PotentialEquation"	RelError: 7.78874e-01	AbsError: 9.16559e-03
    Region: "oxide"	RelError: 2.39720e-05	AbsError: 1.17596e-06
      Equation: "PotentialEquation"	RelError: 2.39720e-05	AbsError: 1.17596e-06
Iteration: 4
  Device: "part1_baseline"	RelError: 5.49297e-01	AbsError: 1.30814e+15
    Region: "bulk"	RelError: 5.49015e-01	AbsError: 1.30814e+15
      Equation: "ElectronContinuityEquation"	RelError: 3.10757e-02	AbsError: 1.30686e+15
      Equation: "HoleContinuityEquation"	RelError: 1.46889e-02	AbsError: 1.28326e+12
      Equation: "PotentialEquation"	RelError: 5.03251e-01	AbsError: 1.58025e-04
    Region: "oxide"	RelError: 2.81666e-04	AbsError: 1.62888e-06
      Equation: "PotentialEquation"	RelError: 2.81666e-04	AbsError: 1.62888e-06
Iteration: 5
  Device: "part1_baseline"	RelError: 1.80906e-04	AbsError: 7.46369e+11
    Region: "bulk"	RelError: 1.80843e-04	AbsError: 7.46369e+11
      Equation: "ElectronContinuityEquation"	RelError: 2.44608e-05	AbsError: 7.46043e+11
      Equation: "HoleContinuityEquation"	RelError: 4.34986e-06	AbsError: 3.25971e+08
      Equation: "PotentialEquation"	RelError: 1.52033e-04	AbsError: 8.12592e-08
    Region: "oxide"	RelError: 6.26913e-08	AbsError: 3.06178e-10
      Equation: "PotentialEquation"	RelError: 6.26913e-08	AbsError: 3.06178e-10
Iteration: 6
  Device: "part1_baseline"	RelError: 4.76541e-11	AbsError: 2.27648e+05
    Region: "bulk"	RelError: 4.76393e-11	AbsError: 2.27648e+05
      Equation: "ElectronContinuityEquation"	RelError: 8.36672e-12	AbsError: 2.27570e+05
      Equation: "HoleContinuityEquation"	RelError: 1.64209e-12	AbsError: 7.84126e+01
      Equation: "PotentialEquation"	RelError: 3.76305e-11	AbsError: 2.44533e-14
    Region: "oxide"	RelError: 1.47716e-14	AbsError: 7.17771e-17
      Equation: "PotentialEquation"	RelError: 1.47716e-14	AbsError: 7.17771e-17
number of equations 7095
Iteration: 0
  Device: "part1_baseline"	RelError: 3.25393e+03	AbsError: 8.10490e+16
    Region: "bulk"	RelError: 3.25338e+03	AbsError: 8.10490e+16
      Equation: "ElectronContinuityEquation"	RelError: 9.99000e+02	AbsError: 7.87872e+16
      Equation: "HoleContinuityEquation"	RelError: 2.23594e+03	AbsError: 2.26179e+15
      Equation: "PotentialEquation"	RelError: 1.84421e+01	AbsError: 4.09542e-02
    Region: "oxide"	RelError: 5.50029e-01	AbsError: 1.83311e-02
      Equation: "PotentialEquation"	RelError: 5.50029e-01	AbsError: 1.83311e-02
Iteration: 1
  Device: "part1_baseline"	RelError: 1.02735e+03	AbsError: 1.09414e+15
    Region: "bulk"	RelError: 1.02731e+03	AbsError: 1.09414e+15
      Equation: "ElectronContinuityEquation"	RelError: 9.99000e+02	AbsError: 8.43583e+14
      Equation: "HoleContinuityEquation"	RelError: 9.98986e-01	AbsError: 2.50553e+14
      Equation: "PotentialEquation"	RelError: 2.73155e+01	AbsError: 3.07633e-02
    Region: "oxide"	RelError: 3.37566e-02	AbsError: 8.33483e-03
      Equation: "PotentialEquation"	RelError: 3.37566e-02	AbsError: 8.33483e-03
Iteration: 2
  Device: "part1_baseline"	RelError: 7.30073e+00	AbsError: 1.46457e+14
    Region: "bulk"	RelError: 7.30063e+00	AbsError: 1.46457e+14
      Equation: "ElectronContinuityEquation"	RelError: 9.99990e-01	AbsError: 1.28262e+14
      Equation: "HoleContinuityEquation"	RelError: 6.23008e+00	AbsError: 1.81947e+13
      Equation: "PotentialEquation"	RelError: 7.05618e-02	AbsError: 2.51780e-02
    Region: "oxide"	RelError: 1.00345e-04	AbsError: 1.75607e-06
      Equation: "PotentialEquation"	RelError: 1.00345e-04	AbsError: 1.75607e-06
Iteration: 3
  Device: "part1_baseline"	RelError: 1.02174e+00	AbsError: 1.07900e+15
    Region: "bulk"	RelError: 1.02170e+00	AbsError: 1.07900e+15
      Equation: "ElectronContinuityEquation"	RelError: 3.53607e-01	AbsError: 1.07810e+15
      Equation: "HoleContinuityEquation"	RelError: 6.42226e-01	AbsError: 8.95206e+11
      Equation: "PotentialEquation"	RelError: 2.58686e-02	AbsError: 9.16555e-03
    Region: "oxide"	RelError: 3.69314e-05	AbsError: 3.66457e-07
      Equation: "PotentialEquation"	RelError: 3.69314e-05	AbsError: 3.66457e-07
Iteration: 4
  Device: "part1_baseline"	RelError: 6.35412e-02	AbsError: 1.18823e+15
    Region: "bulk"	RelError: 6.34464e-02	AbsError: 1.18823e+15
      Equation: "ElectronContinuityEquation"	RelError: 3.19807e-02	AbsError: 1.18718e+15
      Equation: "HoleContinuityEquation"	RelError: 1.49480e-03	AbsError: 1.04290e+12
      Equation: "PotentialEquation"	RelError: 2.99709e-02	AbsError: 1.41916e-04
    Region: "oxide"	RelError: 9.47863e-05	AbsError: 1.08963e-06
      Equation: "PotentialEquation"	RelError: 9.47863e-05	AbsError: 1.08963e-06
Iteration: 5
  Device: "part1_baseline"	RelError: 5.20270e-05	AbsError: 6.45759e+11
    Region: "bulk"	RelError: 5.20033e-05	AbsError: 6.45759e+11
      Equation: "ElectronContinuityEquation"	RelError: 2.35264e-05	AbsError: 6.45498e+11
      Equation: "HoleContinuityEquation"	RelError: 2.31830e-05	AbsError: 2.60642e+08
      Equation: "PotentialEquation"	RelError: 5.29394e-06	AbsError: 7.04220e-08
    Region: "oxide"	RelError: 2.37164e-08	AbsError: 2.54713e-10
      Equation: "PotentialEquation"	RelError: 2.37164e-08	AbsError: 2.54713e-10
Iteration: 6
  Device: "part1_baseline"	RelError: 9.38918e-12	AbsError: 1.78248e+05
    Region: "bulk"	RelError: 9.38355e-12	AbsError: 1.78248e+05
      Equation: "ElectronContinuityEquation"	RelError: 6.88303e-12	AbsError: 1.78187e+05
      Equation: "HoleContinuityEquation"	RelError: 2.13975e-12	AbsError: 6.01128e+01
      Equation: "PotentialEquation"	RelError: 3.60777e-13	AbsError: 1.92598e-14
    Region: "oxide"	RelError: 5.63186e-15	AbsError: 6.08551e-17
      Equation: "PotentialEquation"	RelError: 5.63186e-15	AbsError: 6.08551e-17
number of equations 7095
Iteration: 0
  Device: "part1_baseline"	RelError: 3.43596e+03	AbsError: 7.93540e+16
    Region: "bulk"	RelError: 3.43533e+03	AbsError: 7.93540e+16
      Equation: "ElectronContinuityEquation"	RelError: 2.43096e+03	AbsError: 7.72787e+16
      Equation: "HoleContinuityEquation"	RelError: 9.99000e+02	AbsError: 2.07529e+15
      Equation: "PotentialEquation"	RelError: 5.36742e+00	AbsError: 4.09542e-02
    Region: "oxide"	RelError: 6.26578e-01	AbsError: 1.83324e-02
      Equation: "PotentialEquation"	RelError: 6.26578e-01	AbsError: 1.83324e-02
Iteration: 1
  Device: "part1_baseline"	RelError: 1.01277e+03	AbsError: 1.18803e+15
    Region: "bulk"	RelError: 1.01274e+03	AbsError: 1.18803e+15
      Equation: "ElectronContinuityEquation"	RelError: 9.99000e+02	AbsError: 9.41607e+14
      Equation: "HoleContinuityEquation"	RelError: 9.98561e-01	AbsError: 2.46426e+14
      Equation: "PotentialEquation"	RelError: 1.27387e+01	AbsError: 3.07633e-02
    Region: "oxide"	RelError: 3.04794e-02	AbsError: 8.33849e-03
      Equation: "PotentialEquation"	RelError: 3.04794e-02	AbsError: 8.33849e-03
Iteration: 2
  Device: "part1_baseline"	RelError: 5.48841e+00	AbsError: 1.39039e+14
    Region: "bulk"	RelError: 5.48834e+00	AbsError: 1.39039e+14
      Equation: "ElectronContinuityEquation"	RelError: 9.99990e-01	AbsError: 1.17185e+14
      Equation: "HoleContinuityEquation"	RelError: 4.43795e+00	AbsError: 2.18541e+13
      Equation: "PotentialEquation"	RelError: 5.04018e-02	AbsError: 2.51852e-02
    Region: "oxide"	RelError: 6.78545e-05	AbsError: 8.64437e-07
      Equation: "PotentialEquation"	RelError: 6.78545e-05	AbsError: 8.64437e-07
Iteration: 3
  Device: "part1_baseline"	RelError: 9.11066e-01	AbsError: 9.64665e+14
    Region: "bulk"	RelError: 9.11001e-01	AbsError: 9.64665e+14
      Equation: "ElectronContinuityEquation"	RelError: 3.58326e-01	AbsError: 9.63863e+14
      Equation: "HoleContinuityEquation"	RelError: 5.41375e-01	AbsError: 8.01667e+11
      Equation: "PotentialEquation"	RelError: 1.12989e-02	AbsError: 9.16551e-03
    Region: "oxide"	RelError: 6.53365e-05	AbsError: 4.32688e-07
      Equation: "PotentialEquation"	RelError: 6.53365e-05	AbsError: 4.32688e-07
Iteration: 4
  Device: "part1_baseline"	RelError: 5.13710e-02	AbsError: 1.06798e+15
    Region: "bulk"	RelError: 5.12642e-02	AbsError: 1.06798e+15
      Equation: "ElectronContinuityEquation"	RelError: 3.26838e-02	AbsError: 1.06705e+15
      Equation: "HoleContinuityEquation"	RelError: 4.42036e-03	AbsError: 9.36132e+11
      Equation: "PotentialEquation"	RelError: 1.41600e-02	AbsError: 1.26428e-04
    Region: "oxide"	RelError: 1.06808e-04	AbsError: 8.38402e-07
      Equation: "PotentialEquation"	RelError: 1.06808e-04	AbsError: 8.38402e-07
Iteration: 5
  Device: "part1_baseline"	RelError: 1.50495e-04	AbsError: 5.41643e+11
    Region: "bulk"	RelError: 1.50466e-04	AbsError: 5.41643e+11
      Equation: "ElectronContinuityEquation"	RelError: 2.21993e-05	AbsError: 5.41440e+11
      Equation: "HoleContinuityEquation"	RelError: 1.25335e-04	AbsError: 2.02703e+08
      Equation: "PotentialEquation"	RelError: 2.93129e-06	AbsError: 5.92021e-08
    Region: "oxide"	RelError: 2.91599e-08	AbsError: 2.14668e-10
      Equation: "PotentialEquation"	RelError: 2.91599e-08	AbsError: 2.14668e-10
Iteration: 6
  Device: "part1_baseline"	RelError: 1.96485e-11	AbsError: 1.30310e+05
    Region: "bulk"	RelError: 1.96421e-11	AbsError: 1.30310e+05
      Equation: "ElectronContinuityEquation"	RelError: 5.64531e-12	AbsError: 1.30268e+05
      Equation: "HoleContinuityEquation"	RelError: 1.35440e-11	AbsError: 4.19585e+01
      Equation: "PotentialEquation"	RelError: 4.52760e-13	AbsError: 1.41491e-14
    Region: "oxide"	RelError: 6.35391e-15	AbsError: 4.75267e-17
      Equation: "PotentialEquation"	RelError: 6.35391e-15	AbsError: 4.75267e-17
number of equations 7095
Iteration: 0
  Device: "part1_baseline"	RelError: 2.01873e+03	AbsError: 7.76341e+16
    Region: "bulk"	RelError: 2.01697e+03	AbsError: 7.76341e+16
      Equation: "ElectronContinuityEquation"	RelError: 9.99000e+02	AbsError: 7.55133e+16
      Equation: "HoleContinuityEquation"	RelError: 9.99000e+02	AbsError: 2.12079e+15
      Equation: "PotentialEquation"	RelError: 1.89720e+01	AbsError: 4.09542e-02
    Region: "oxide"	RelError: 1.75978e+00	AbsError: 1.83368e-02
      Equation: "PotentialEquation"	RelError: 1.75978e+00	AbsError: 1.83368e-02
Iteration: 1
  Device: "part1_baseline"	RelError: 1.00266e+03	AbsError: 1.24655e+15
    Region: "bulk"	RelError: 1.00263e+03	AbsError: 1.24655e+15
      Equation: "ElectronContinuityEquation"	RelError: 9.99000e+02	AbsError: 1.00762e+15
      Equation: "HoleContinuityEquation"	RelError: 9.98570e-01	AbsError: 2.38930e+14
      Equation: "PotentialEquation"	RelError: 2.63390e+00	AbsError: 3.07632e-02
    Region: "oxide"	RelError: 2.77881e-02	AbsError: 8.34357e-03
      Equation: "PotentialEquation"	RelError: 2.77881e-02	AbsError: 8.34357e-03
Iteration: 2
  Device: "part1_baseline"	RelError: 3.82184e+00	AbsError: 1.21086e+14
    Region: "bulk"	RelError: 3.82173e+00	AbsError: 1.21086e+14
      Equation: "ElectronContinuityEquation"	RelError: 9.99990e-01	AbsError: 1.06777e+14
      Equation: "HoleContinuityEquation"	RelError: 2.78190e+00	AbsError: 1.43089e+13
      Equation: "PotentialEquation"	RelError: 3.98420e-02	AbsError: 2.52334e-02
    Region: "oxide"	RelError: 1.09412e-04	AbsError: 4.49282e-07
      Equation: "PotentialEquation"	RelError: 1.09412e-04	AbsError: 4.49282e-07
Iteration: 3
  Device: "part1_baseline"	RelError: 7.68766e-01	AbsError: 8.54754e+14
    Region: "bulk"	RelError: 7.68592e-01	AbsError: 8.54754e+14
      Equation: "ElectronContinuityEquation"	RelError: 3.53521e-01	AbsError: 8.54090e+14
      Equation: "HoleContinuityEquation"	RelError: 4.06898e-01	AbsError: 6.64498e+11
      Equation: "PotentialEquation"	RelError: 8.17238e-03	AbsError: 9.16548e-03
    Region: "oxide"	RelError: 1.73917e-04	AbsError: 4.23969e-07
      Equation: "PotentialEquation"	RelError: 1.73917e-04	AbsError: 4.23969e-07
Iteration: 4
  Device: "part1_baseline"	RelError: 4.57429e-02	AbsError: 9.50537e+14
    Region: "bulk"	RelError: 4.54923e-02	AbsError: 9.50537e+14
      Equation: "ElectronContinuityEquation"	RelError: 3.33757e-02	AbsError: 9.49755e+14
      Equation: "HoleContinuityEquation"	RelError: 8.71655e-03	AbsError: 7.81287e+11
      Equation: "PotentialEquation"	RelError: 3.40004e-03	AbsError: 1.11767e-04
    Region: "oxide"	RelError: 2.50663e-04	AbsError: 6.77919e-07
      Equation: "PotentialEquation"	RelError: 2.50663e-04	AbsError: 6.77919e-07
Iteration: 5
  Device: "part1_baseline"	RelError: 2.35210e-04	AbsError: 4.41853e+11
    Region: "bulk"	RelError: 2.35142e-04	AbsError: 4.41853e+11
      Equation: "ElectronContinuityEquation"	RelError: 2.04827e-05	AbsError: 4.41696e+11
      Equation: "HoleContinuityEquation"	RelError: 2.13730e-04	AbsError: 1.56731e+08
      Equation: "PotentialEquation"	RelError: 9.29263e-07	AbsError: 4.84154e-08
    Region: "oxide"	RelError: 6.82252e-08	AbsError: 1.78701e-10
      Equation: "PotentialEquation"	RelError: 6.82252e-08	AbsError: 1.78701e-10
Iteration: 6
  Device: "part1_baseline"	RelError: 2.17337e-11	AbsError: 8.95109e+04
    Region: "bulk"	RelError: 2.17207e-11	AbsError: 8.95109e+04
      Equation: "ElectronContinuityEquation"	RelError: 4.37295e-12	AbsError: 8.94827e+04
      Equation: "HoleContinuityEquation"	RelError: 1.71719e-11	AbsError: 2.82328e+01
      Equation: "PotentialEquation"	RelError: 1.75842e-13	AbsError: 9.75864e-15
    Region: "oxide"	RelError: 1.29362e-14	AbsError: 3.44702e-17
      Equation: "PotentialEquation"	RelError: 1.29362e-14	AbsError: 3.44702e-17
number of equations 7095
Iteration: 0
  Device: "part1_baseline"	RelError: 2.01584e+03	AbsError: 7.55773e+16
    Region: "bulk"	RelError: 2.01092e+03	AbsError: 7.55773e+16
      Equation: "ElectronContinuityEquation"	RelError: 9.99000e+02	AbsError: 7.35695e+16
      Equation: "HoleContinuityEquation"	RelError: 9.99000e+02	AbsError: 2.00781e+15
      Equation: "PotentialEquation"	RelError: 1.29155e+01	AbsError: 4.09542e-02
    Region: "oxide"	RelError: 4.92452e+00	AbsError: 1.83422e-02
      Equation: "PotentialEquation"	RelError: 4.92452e+00	AbsError: 1.83422e-02
Iteration: 1
  Device: "part1_baseline"	RelError: 1.01626e+03	AbsError: 1.24541e+15
    Region: "bulk"	RelError: 1.01623e+03	AbsError: 1.24541e+15
      Equation: "ElectronContinuityEquation"	RelError: 9.99000e+02	AbsError: 1.05374e+15
      Equation: "HoleContinuityEquation"	RelError: 9.98496e-01	AbsError: 1.91666e+14
      Equation: "PotentialEquation"	RelError: 1.62303e+01	AbsError: 3.07632e-02
    Region: "oxide"	RelError: 2.74091e-02	AbsError: 8.34891e-03
      Equation: "PotentialEquation"	RelError: 2.74091e-02	AbsError: 8.34891e-03
Iteration: 2
  Device: "part1_baseline"	RelError: 3.19380e+00	AbsError: 1.06298e+14
    Region: "bulk"	RelError: 3.19359e+00	AbsError: 1.06298e+14
      Equation: "ElectronContinuityEquation"	RelError: 9.99990e-01	AbsError: 9.67726e+13
      Equation: "HoleContinuityEquation"	RelError: 2.16035e+00	AbsError: 9.52499e+12
      Equation: "PotentialEquation"	RelError: 3.32470e-02	AbsError: 2.52781e-02
    Region: "oxide"	RelError: 2.11016e-04	AbsError: 2.71039e-07
      Equation: "PotentialEquation"	RelError: 2.11016e-04	AbsError: 2.71039e-07
Iteration: 3
  Device: "part1_baseline"	RelError: 6.77562e-01	AbsError: 7.51184e+14
    Region: "bulk"	RelError: 6.77144e-01	AbsError: 7.51184e+14
      Equation: "ElectronContinuityEquation"	RelError: 3.24620e-01	AbsError: 7.50678e+14
      Equation: "HoleContinuityEquation"	RelError: 3.41665e-01	AbsError: 5.06621e+11
      Equation: "PotentialEquation"	RelError: 1.08596e-02	AbsError: 9.16546e-03
    Region: "oxide"	RelError: 4.17408e-04	AbsError: 3.89063e-07
      Equation: "PotentialEquation"	RelError: 4.17408e-04	AbsError: 3.89063e-07
Iteration: 4
  Device: "part1_baseline"	RelError: 5.80730e-02	AbsError: 8.38503e+14
    Region: "bulk"	RelError: 5.75037e-02	AbsError: 8.38503e+14
      Equation: "ElectronContinuityEquation"	RelError: 3.39441e-02	AbsError: 8.37902e+14
      Equation: "HoleContinuityEquation"	RelError: 9.58223e-03	AbsError: 6.00538e+11
      Equation: "PotentialEquation"	RelError: 1.39774e-02	AbsError: 9.80957e-05
    Region: "oxide"	RelError: 5.69244e-04	AbsError: 5.64227e-07
      Equation: "PotentialEquation"	RelError: 5.69244e-04	AbsError: 5.64227e-07
Iteration: 5
  Device: "part1_baseline"	RelError: 2.13485e-04	AbsError: 3.51566e+11
    Region: "bulk"	RelError: 2.13336e-04	AbsError: 3.51566e+11
      Equation: "ElectronContinuityEquation"	RelError: 1.84385e-05	AbsError: 3.51447e+11
      Equation: "HoleContinuityEquation"	RelError: 1.92948e-04	AbsError: 1.18954e+08
      Equation: "PotentialEquation"	RelError: 1.94944e-06	AbsError: 3.86197e-08
    Region: "oxide"	RelError: 1.48928e-07	AbsError: 1.45891e-10
      Equation: "PotentialEquation"	RelError: 1.48928e-07	AbsError: 1.45891e-10
Iteration: 6
  Device: "part1_baseline"	RelError: 1.31919e-11	AbsError: 5.81123e+04
    Region: "bulk"	RelError: 1.31684e-11	AbsError: 5.81123e+04
      Equation: "ElectronContinuityEquation"	RelError: 3.17301e-12	AbsError: 5.80949e+04
      Equation: "HoleContinuityEquation"	RelError: 9.74674e-12	AbsError: 1.73373e+01
      Equation: "PotentialEquation"	RelError: 2.48677e-13	AbsError: 6.35727e-15
    Region: "oxide"	RelError: 2.34960e-14	AbsError: 2.34144e-17
      Equation: "PotentialEquation"	RelError: 2.34960e-14	AbsError: 2.34144e-17
number of equations 7095
Iteration: 0
  Device: "part1_baseline"	RelError: 2.27665e+03	AbsError: 7.32818e+16
    Region: "bulk"	RelError: 2.27582e+03	AbsError: 7.32818e+16
      Equation: "ElectronContinuityEquation"	RelError: 1.26707e+03	AbsError: 7.14977e+16
      Equation: "HoleContinuityEquation"	RelError: 9.99000e+02	AbsError: 1.78408e+15
      Equation: "PotentialEquation"	RelError: 9.74140e+00	AbsError: 4.09542e-02
    Region: "oxide"	RelError: 8.28904e-01	AbsError: 1.83476e-02
      Equation: "PotentialEquation"	RelError: 8.28904e-01	AbsError: 1.83476e-02
Iteration: 1
  Device: "part1_baseline"	RelError: 2.56476e+02	AbsError: 1.25604e+15
    Region: "bulk"	RelError: 2.56453e+02	AbsError: 1.25604e+15
      Equation: "ElectronContinuityEquation"	RelError: 9.97876e-01	AbsError: 1.08681e+15
      Equation: "HoleContinuityEquation"	RelError: 9.98255e-01	AbsError: 1.69233e+14
      Equation: "PotentialEquation"	RelError: 2.54457e+02	AbsError: 3.07632e-02
    Region: "oxide"	RelError: 2.36225e-02	AbsError: 8.35407e-03
      Equation: "PotentialEquation"	RelError: 2.36225e-02	AbsError: 8.35407e-03
Iteration: 2
  Device: "part1_baseline"	RelError: 3.29047e+00	AbsError: 9.34326e+13
    Region: "bulk"	RelError: 3.29044e+00	AbsError: 9.34326e+13
      Equation: "ElectronContinuityEquation"	RelError: 7.63599e-01	AbsError: 8.72311e+13
      Equation: "HoleContinuityEquation"	RelError: 2.25733e+00	AbsError: 6.20143e+12
      Equation: "PotentialEquation"	RelError: 2.69507e-01	AbsError: 2.53193e-02
    Region: "oxide"	RelError: 2.77426e-05	AbsError: 1.86315e-07
      Equation: "PotentialEquation"	RelError: 2.77426e-05	AbsError: 1.86315e-07
Iteration: 3
  Device: "part1_baseline"	RelError: 8.08021e-01	AbsError: 6.55396e+14
    Region: "bulk"	RelError: 8.07959e-01	AbsError: 6.55396e+14
      Equation: "ElectronContinuityEquation"	RelError: 2.91377e-01	AbsError: 6.54953e+14
      Equation: "HoleContinuityEquation"	RelError: 3.56373e-01	AbsError: 4.42677e+11
      Equation: "PotentialEquation"	RelError: 1.60208e-01	AbsError: 9.16545e-03
    Region: "oxide"	RelError: 6.25243e-05	AbsError: 3.44927e-07
      Equation: "PotentialEquation"	RelError: 6.25243e-05	AbsError: 3.44927e-07
Iteration: 4
  Device: "part1_baseline"	RelError: 3.12444e-01	AbsError: 7.33886e+14
    Region: "bulk"	RelError: 3.12360e-01	AbsError: 7.33886e+14
      Equation: "ElectronContinuityEquation"	RelError: 3.44014e-02	AbsError: 7.33355e+14
      Equation: "HoleContinuityEquation"	RelError: 8.12194e-03	AbsError: 5.30608e+11
      Equation: "PotentialEquation"	RelError: 2.69837e-01	AbsError: 8.55265e-05
    Region: "oxide"	RelError: 8.34608e-05	AbsError: 4.76984e-07
      Equation: "PotentialEquation"	RelError: 8.34608e-05	AbsError: 4.76984e-07
Iteration: 5
  Device: "part1_baseline"	RelError: 1.97986e-04	AbsError: 2.73567e+11
    Region: "bulk"	RelError: 1.97966e-04	AbsError: 2.73567e+11
      Equation: "ElectronContinuityEquation"	RelError: 1.68741e-05	AbsError: 2.73477e+11
      Equation: "HoleContinuityEquation"	RelError: 1.39209e-04	AbsError: 8.92820e+07
      Equation: "PotentialEquation"	RelError: 4.18822e-05	AbsError: 3.01253e-08
    Region: "oxide"	RelError: 2.03900e-08	AbsError: 1.16657e-10
      Equation: "PotentialEquation"	RelError: 2.03900e-08	AbsError: 1.16657e-10
Iteration: 6
  Device: "part1_baseline"	RelError: 9.90642e-12	AbsError: 3.58619e+04
    Region: "bulk"	RelError: 9.90384e-12	AbsError: 3.58619e+04
      Equation: "ElectronContinuityEquation"	RelError: 2.10110e-12	AbsError: 3.58514e+04
      Equation: "HoleContinuityEquation"	RelError: 4.01925e-12	AbsError: 1.04691e+01
      Equation: "PotentialEquation"	RelError: 3.78349e-12	AbsError: 3.93466e-15
    Region: "oxide"	RelError: 2.58067e-15	AbsError: 1.50135e-17
      Equation: "PotentialEquation"	RelError: 2.58067e-15	AbsError: 1.50135e-17
number of equations 7095
Iteration: 0
  Device: "part1_baseline"	RelError: 2.01635e+03	AbsError: 7.10890e+16
    Region: "bulk"	RelError: 2.01590e+03	AbsError: 7.10890e+16
      Equation: "ElectronContinuityEquation"	RelError: 9.99000e+02	AbsError: 6.93307e+16
      Equation: "HoleContinuityEquation"	RelError: 9.99000e+02	AbsError: 1.75829e+15
      Equation: "PotentialEquation"	RelError: 1.78974e+01	AbsError: 4.09542e-02
    Region: "oxide"	RelError: 4.54678e-01	AbsError: 1.83527e-02
      Equation: "PotentialEquation"	RelError: 4.54678e-01	AbsError: 1.83527e-02
Iteration: 1
  Device: "part1_baseline"	RelError: 8.84160e+00	AbsError: 1.29810e+15
    Region: "bulk"	RelError: 8.81962e+00	AbsError: 1.29810e+15
      Equation: "ElectronContinuityEquation"	RelError: 9.96093e-01	AbsError: 1.11105e+15
      Equation: "HoleContinuityEquation"	RelError: 9.98464e-01	AbsError: 1.87055e+14
      Equation: "PotentialEquation"	RelError: 6.82507e+00	AbsError: 3.07632e-02
    Region: "oxide"	RelError: 2.19762e-02	AbsError: 8.35888e-03
      Equation: "PotentialEquation"	RelError: 2.19762e-02	AbsError: 8.35888e-03
Iteration: 2
  Device: "part1_baseline"	RelError: 2.49802e+00	AbsError: 8.18149e+13
    Region: "bulk"	RelError: 2.49801e+00	AbsError: 8.18149e+13
      Equation: "ElectronContinuityEquation"	RelError: 5.13277e-01	AbsError: 7.77024e+13
      Equation: "HoleContinuityEquation"	RelError: 1.95941e+00	AbsError: 4.11244e+12
      Equation: "PotentialEquation"	RelError: 2.53242e-02	AbsError: 2.53574e-02
    Region: "oxide"	RelError: 1.14196e-05	AbsError: 1.36262e-07
      Equation: "PotentialEquation"	RelError: 1.14196e-05	AbsError: 1.36262e-07
Iteration: 3
  Device: "part1_baseline"	RelError: 5.84779e-01	AbsError: 5.68096e+14
    Region: "bulk"	RelError: 5.84749e-01	AbsError: 5.68096e+14
      Equation: "ElectronContinuityEquation"	RelError: 2.50550e-01	AbsError: 5.67703e+14
      Equation: "HoleContinuityEquation"	RelError: 3.27812e-01	AbsError: 3.93224e+11
      Equation: "PotentialEquation"	RelError: 6.38680e-03	AbsError: 9.16543e-03
    Region: "oxide"	RelError: 2.94066e-05	AbsError: 2.97986e-07
      Equation: "PotentialEquation"	RelError: 2.94066e-05	AbsError: 2.97986e-07
Iteration: 4
  Device: "part1_baseline"	RelError: 4.67366e-02	AbsError: 6.37791e+14
    Region: "bulk"	RelError: 4.66974e-02	AbsError: 6.37791e+14
      Equation: "ElectronContinuityEquation"	RelError: 3.47329e-02	AbsError: 6.37313e+14
      Equation: "HoleContinuityEquation"	RelError: 6.86061e-03	AbsError: 4.77413e+11
      Equation: "PotentialEquation"	RelError: 5.10388e-03	AbsError: 7.41194e-05
    Region: "oxide"	RelError: 3.92035e-05	AbsError: 4.06447e-07
      Equation: "PotentialEquation"	RelError: 3.92035e-05	AbsError: 4.06447e-07
Iteration: 5
  Device: "part1_baseline"	RelError: 9.04367e-05	AbsError: 2.08708e+11
    Region: "bulk"	RelError: 9.04279e-05	AbsError: 2.08708e+11
      Equation: "ElectronContinuityEquation"	RelError: 1.52493e-05	AbsError: 2.08642e+11
      Equation: "HoleContinuityEquation"	RelError: 7.41163e-05	AbsError: 6.54974e+07
      Equation: "PotentialEquation"	RelError: 1.06223e-06	AbsError: 2.30372e-08
    Region: "oxide"	RelError: 8.73599e-09	AbsError: 9.14391e-11
      Equation: "PotentialEquation"	RelError: 8.73599e-09	AbsError: 9.14391e-11
Iteration: 6
  Device: "part1_baseline"	RelError: 2.80577e-12	AbsError: 2.11527e+04
    Region: "bulk"	RelError: 2.80491e-12	AbsError: 2.11527e+04
      Equation: "ElectronContinuityEquation"	RelError: 1.26029e-12	AbsError: 2.11468e+04
      Equation: "HoleContinuityEquation"	RelError: 1.44562e-12	AbsError: 5.88897e+00
      Equation: "PotentialEquation"	RelError: 9.89995e-14	AbsError: 2.32676e-15
    Region: "oxide"	RelError: 8.60421e-16	AbsError: 9.15320e-18
      Equation: "PotentialEquation"	RelError: 8.60421e-16	AbsError: 9.15320e-18
number of equations 7095
Iteration: 0
  Device: "part1_baseline"	RelError: 2.06649e+03	AbsError: 6.88867e+16
    Region: "bulk"	RelError: 2.06608e+03	AbsError: 6.88867e+16
      Equation: "ElectronContinuityEquation"	RelError: 9.99000e+02	AbsError: 6.70902e+16
      Equation: "HoleContinuityEquation"	RelError: 9.99000e+02	AbsError: 1.79642e+15
      Equation: "PotentialEquation"	RelError: 6.80833e+01	AbsError: 4.09542e-02
    Region: "oxide"	RelError: 4.09549e-01	AbsError: 1.83574e-02
      Equation: "PotentialEquation"	RelError: 4.09549e-01	AbsError: 1.83574e-02
Iteration: 1
  Device: "part1_baseline"	RelError: 8.36565e+00	AbsError: 1.30213e+15
    Region: "bulk"	RelError: 8.34510e+00	AbsError: 1.30213e+15
      Equation: "ElectronContinuityEquation"	RelError: 9.97020e-01	AbsError: 1.13026e+15
      Equation: "HoleContinuityEquation"	RelError: 9.98399e-01	AbsError: 1.71864e+14
      Equation: "PotentialEquation"	RelError: 6.34969e+00	AbsError: 3.07632e-02
    Region: "oxide"	RelError: 2.05447e-02	AbsError: 8.36334e-03
      Equation: "PotentialEquation"	RelError: 2.05447e-02	AbsError: 8.36334e-03
Iteration: 2
  Device: "part1_baseline"	RelError: 2.01207e+00	AbsError: 7.55535e+13
    Region: "bulk"	RelError: 2.01206e+00	AbsError: 7.55535e+13
      Equation: "ElectronContinuityEquation"	RelError: 3.88632e-01	AbsError: 6.92984e+13
      Equation: "HoleContinuityEquation"	RelError: 1.59813e+00	AbsError: 6.25512e+12
      Equation: "PotentialEquation"	RelError: 2.53009e-02	AbsError: 2.58778e-02
    Region: "oxide"	RelError: 9.09283e-06	AbsError: 1.12693e-07
      Equation: "PotentialEquation"	RelError: 9.09283e-06	AbsError: 1.12693e-07
Iteration: 3
  Device: "part1_baseline"	RelError: 4.87970e-01	AbsError: 9.38816e+14
    Region: "bulk"	RelError: 4.87917e-01	AbsError: 9.38816e+14
      Equation: "ElectronContinuityEquation"	RelError: 2.00998e-01	AbsError: 9.38341e+14
      Equation: "HoleContinuityEquation"	RelError: 2.79191e-01	AbsError: 4.75582e+11
      Equation: "PotentialEquation"	RelError: 7.72855e-03	AbsError: 9.16557e-03
    Region: "oxide"	RelError: 5.21502e-05	AbsError: 4.88693e-07
      Equation: "PotentialEquation"	RelError: 5.21502e-05	AbsError: 4.88693e-07
Iteration: 4
  Device: "part1_baseline"	RelError: 4.93157e-02	AbsError: 9.93797e+14
    Region: "bulk"	RelError: 4.92544e-02	AbsError: 9.93797e+14
      Equation: "ElectronContinuityEquation"	RelError: 3.49640e-02	AbsError: 9.93233e+14
      Equation: "HoleContinuityEquation"	RelError: 5.38569e-03	AbsError: 5.63598e+11
      Equation: "PotentialEquation"	RelError: 8.90470e-03	AbsError: 1.23996e-04
    Region: "oxide"	RelError: 6.13136e-05	AbsError: 5.83107e-07
      Equation: "PotentialEquation"	RelError: 6.13136e-05	AbsError: 5.83107e-07
Iteration: 5
  Device: "part1_baseline"	RelError: 6.82644e-05	AbsError: 4.96800e+11
    Region: "bulk"	RelError: 6.82457e-05	AbsError: 4.96800e+11
      Equation: "ElectronContinuityEquation"	RelError: 2.17907e-05	AbsError: 4.96645e+11
      Equation: "HoleContinuityEquation"	RelError: 4.36722e-05	AbsError: 1.54990e+08
      Equation: "PotentialEquation"	RelError: 2.78282e-06	AbsError: 5.74162e-08
    Region: "oxide"	RelError: 1.87317e-08	AbsError: 1.75062e-10
      Equation: "PotentialEquation"	RelError: 1.87317e-08	AbsError: 1.75062e-10
Iteration: 6
  Device: "part1_baseline"	RelError: 1.43465e-11	AbsError: 1.18359e+05
    Region: "bulk"	RelError: 1.43434e-11	AbsError: 1.18359e+05
      Equation: "ElectronContinuityEquation"	RelError: 5.31545e-12	AbsError: 1.18331e+05
      Equation: "HoleContinuityEquation"	RelError: 8.54665e-12	AbsError: 2.80436e+01
      Equation: "PotentialEquation"	RelError: 4.81280e-13	AbsError: 1.31416e-14
    Region: "oxide"	RelError: 3.17139e-15	AbsError: 2.95383e-17
      Equation: "PotentialEquation"	RelError: 3.17139e-15	AbsError: 2.95383e-17
number of equations 7095
Iteration: 0
  Device: "part1_baseline"	RelError: 2.00846e+03	AbsError: 6.65271e+16
    Region: "bulk"	RelError: 2.00775e+03	AbsError: 6.65271e+16
      Equation: "ElectronContinuityEquation"	RelError: 9.99000e+02	AbsError: 6.47911e+16
      Equation: "HoleContinuityEquation"	RelError: 9.99000e+02	AbsError: 1.73605e+15
      Equation: "PotentialEquation"	RelError: 9.74798e+00	AbsError: 4.09542e-02
    Region: "oxide"	RelError: 7.12155e-01	AbsError: 1.83617e-02
      Equation: "PotentialEquation"	RelError: 7.12155e-01	AbsError: 1.83617e-02
Iteration: 1
  Device: "part1_baseline"	RelError: 4.36354e+00	AbsError: 1.28835e+15
    Region: "bulk"	RelError: 4.34425e+00	AbsError: 1.28835e+15
      Equation: "ElectronContinuityEquation"	RelError: 9.96488e-01	AbsError: 1.14541e+15
      Equation: "HoleContinuityEquation"	RelError: 9.98324e-01	AbsError: 1.42938e+14
      Equation: "PotentialEquation"	RelError: 2.34944e+00	AbsError: 3.07632e-02
    Region: "oxide"	RelError: 1.92883e-02	AbsError: 8.36743e-03
      Equation: "PotentialEquation"	RelError: 1.92883e-02	AbsError: 8.36743e-03
Iteration: 2
  Device: "part1_baseline"	RelError: 1.59596e+00	AbsError: 6.69038e+13
    Region: "bulk"	RelError: 1.59595e+00	AbsError: 6.69038e+13
      Equation: "ElectronContinuityEquation"	RelError: 3.22848e-01	AbsError: 6.28206e+13
      Equation: "HoleContinuityEquation"	RelError: 1.25067e+00	AbsError: 4.08320e+12
      Equation: "PotentialEquation"	RelError: 2.24335e-02	AbsError: 2.58429e-02
    Region: "oxide"	RelError: 1.44671e-05	AbsError: 9.75763e-08
      Equation: "PotentialEquation"	RelError: 1.44671e-05	AbsError: 9.75763e-08
Iteration: 3
  Device: "part1_baseline"	RelError: 3.79379e-01	AbsError: 8.58412e+14
    Region: "bulk"	RelError: 3.79299e-01	AbsError: 8.58412e+14
      Equation: "ElectronContinuityEquation"	RelError: 1.49513e-01	AbsError: 8.58013e+14
      Equation: "HoleContinuityEquation"	RelError: 2.24212e-01	AbsError: 3.98782e+11
      Equation: "PotentialEquation"	RelError: 5.57371e-03	AbsError: 9.16553e-03
    Region: "oxide"	RelError: 8.02904e-05	AbsError: 4.32246e-07
      Equation: "PotentialEquation"	RelError: 8.02904e-05	AbsError: 4.32246e-07
Iteration: 4
  Device: "part1_baseline"	RelError: 4.11429e-02	AbsError: 9.10186e+14
    Region: "bulk"	RelError: 4.10481e-02	AbsError: 9.10186e+14
      Equation: "ElectronContinuityEquation"	RelError: 3.51658e-02	AbsError: 9.09709e+14
      Equation: "HoleContinuityEquation"	RelError: 3.90525e-03	AbsError: 4.76846e+11
      Equation: "PotentialEquation"	RelError: 1.97699e-03	AbsError: 1.12782e-04
    Region: "oxide"	RelError: 9.47899e-05	AbsError: 5.17339e-07
      Equation: "PotentialEquation"	RelError: 9.47899e-05	AbsError: 5.17339e-07
Iteration: 5
  Device: "part1_baseline"	RelError: 5.74122e-05	AbsError: 4.27056e+11
    Region: "bulk"	RelError: 5.73850e-05	AbsError: 4.27056e+11
      Equation: "ElectronContinuityEquation"	RelError: 2.07573e-05	AbsError: 4.26932e+11
      Equation: "HoleContinuityEquation"	RelError: 3.60517e-05	AbsError: 1.23974e+08
      Equation: "PotentialEquation"	RelError: 5.75991e-07	AbsError: 4.91354e-08
    Region: "oxide"	RelError: 2.72109e-08	AbsError: 1.46361e-10
      Equation: "PotentialEquation"	RelError: 2.72109e-08	AbsError: 1.46361e-10
Iteration: 6
  Device: "part1_baseline"	RelError: 8.36363e-12	AbsError: 8.92085e+04
    Region: "bulk"	RelError: 8.35954e-12	AbsError: 8.92085e+04
      Equation: "ElectronContinuityEquation"	RelError: 3.70326e-12	AbsError: 8.91887e+04
      Equation: "HoleContinuityEquation"	RelError: 4.56880e-12	AbsError: 1.98419e+01
      Equation: "PotentialEquation"	RelError: 8.74762e-14	AbsError: 9.88010e-15
    Region: "oxide"	RelError: 4.08487e-15	AbsError: 2.18911e-17
      Equation: "PotentialEquation"	RelError: 4.08487e-15	AbsError: 2.18911e-17
number of equations 7095
Iteration: 0
  Device: "part1_baseline"	RelError: 2.45981e+03	AbsError: 6.61241e+16
    Region: "bulk"	RelError: 2.45719e+03	AbsError: 6.61241e+16
      Equation: "ElectronContinuityEquation"	RelError: 9.99000e+02	AbsError: 6.45364e+16
      Equation: "HoleContinuityEquation"	RelError: 9.99000e+02	AbsError: 1.58774e+15
      Equation: "PotentialEquation"	RelError: 4.59190e+02	AbsError: 4.09542e-02
    Region: "oxide"	RelError: 2.61946e+00	AbsError: 1.83657e-02
      Equation: "PotentialEquation"	RelError: 2.61946e+00	AbsError: 1.83657e-02
Iteration: 1
  Device: "part1_baseline"	RelError: 4.81929e+00	AbsError: 1.28234e+15
    Region: "bulk"	RelError: 4.80111e+00	AbsError: 1.28234e+15
      Equation: "ElectronContinuityEquation"	RelError: 9.97083e-01	AbsError: 1.15797e+15
      Equation: "HoleContinuityEquation"	RelError: 9.98297e-01	AbsError: 1.24374e+14
      Equation: "PotentialEquation"	RelError: 2.80573e+00	AbsError: 3.07632e-02
    Region: "oxide"	RelError: 1.81766e-02	AbsError: 8.37118e-03
      Equation: "PotentialEquation"	RelError: 1.81766e-02	AbsError: 8.37118e-03
Iteration: 2
  Device: "part1_baseline"	RelError: 1.37338e+00	AbsError: 6.10291e+13
    Region: "bulk"	RelError: 1.37333e+00	AbsError: 6.10291e+13
      Equation: "ElectronContinuityEquation"	RelError: 2.66081e-01	AbsError: 5.82645e+13
      Equation: "HoleContinuityEquation"	RelError: 1.08705e+00	AbsError: 2.76458e+12
      Equation: "PotentialEquation"	RelError: 2.01988e-02	AbsError: 2.58116e-02
    Region: "oxide"	RelError: 5.09654e-05	AbsError: 9.01757e-08
      Equation: "PotentialEquation"	RelError: 5.09654e-05	AbsError: 9.01757e-08
Iteration: 3
  Device: "part1_baseline"	RelError: 3.04463e-01	AbsError: 7.81238e+14
    Region: "bulk"	RelError: 3.04201e-01	AbsError: 7.81238e+14
      Equation: "ElectronContinuityEquation"	RelError: 1.08267e-01	AbsError: 7.80900e+14
      Equation: "HoleContinuityEquation"	RelError: 1.83331e-01	AbsError: 3.38183e+11
      Equation: "PotentialEquation"	RelError: 1.26028e-02	AbsError: 9.16550e-03
    Region: "oxide"	RelError: 2.62726e-04	AbsError: 3.80270e-07
      Equation: "PotentialEquation"	RelError: 2.62726e-04	AbsError: 3.80270e-07
Iteration: 4
  Device: "part1_baseline"	RelError: 5.37332e-02	AbsError: 8.29563e+14
    Region: "bulk"	RelError: 5.34209e-02	AbsError: 8.29563e+14
      Equation: "ElectronContinuityEquation"	RelError: 3.54242e-02	AbsError: 8.29156e+14
      Equation: "HoleContinuityEquation"	RelError: 2.78298e-03	AbsError: 4.06713e+11
      Equation: "PotentialEquation"	RelError: 1.52137e-02	AbsError: 1.02153e-04
    Region: "oxide"	RelError: 3.12346e-04	AbsError: 4.58739e-07
      Equation: "PotentialEquation"	RelError: 3.12346e-04	AbsError: 4.58739e-07
Iteration: 5
  Device: "part1_baseline"	RelError: 7.23512e-05	AbsError: 3.61635e+11
    Region: "bulk"	RelError: 7.22679e-05	AbsError: 3.61635e+11
      Equation: "ElectronContinuityEquation"	RelError: 1.96165e-05	AbsError: 3.61537e+11
      Equation: "HoleContinuityEquation"	RelError: 4.85903e-05	AbsError: 9.81146e+07
      Equation: "PotentialEquation"	RelError: 4.06109e-06	AbsError: 4.14468e-08
    Region: "oxide"	RelError: 8.33650e-08	AbsError: 1.20895e-10
      Equation: "PotentialEquation"	RelError: 8.33650e-08	AbsError: 1.20895e-10
Iteration: 6
  Device: "part1_baseline"	RelError: 5.34178e-12	AbsError: 6.49546e+04
    Region: "bulk"	RelError: 5.33085e-12	AbsError: 6.49546e+04
      Equation: "ElectronContinuityEquation"	RelError: 2.69192e-12	AbsError: 6.49409e+04
      Equation: "HoleContinuityEquation"	RelError: 2.10630e-12	AbsError: 1.36601e+01
      Equation: "PotentialEquation"	RelError: 5.32629e-13	AbsError: 7.18218e-15
    Region: "oxide"	RelError: 1.09330e-14	AbsError: 1.58030e-17
      Equation: "PotentialEquation"	RelError: 1.09330e-14	AbsError: 1.58030e-17
number of equations 7095
Iteration: 0
  Device: "part1_baseline"	RelError: 2.00598e+03	AbsError: 6.69575e+16
    Region: "bulk"	RelError: 2.00269e+03	AbsError: 6.69575e+16
      Equation: "ElectronContinuityEquation"	RelError: 9.99000e+02	AbsError: 6.54791e+16
      Equation: "HoleContinuityEquation"	RelError: 9.99000e+02	AbsError: 1.47842e+15
      Equation: "PotentialEquation"	RelError: 4.69354e+00	AbsError: 4.09542e-02
    Region: "oxide"	RelError: 3.29028e+00	AbsError: 1.83694e-02
      Equation: "PotentialEquation"	RelError: 3.29028e+00	AbsError: 1.83694e-02
Iteration: 1
  Device: "part1_baseline"	RelError: 1.75125e+01	AbsError: 1.29979e+15
    Region: "bulk"	RelError: 1.74953e+01	AbsError: 1.29979e+15
      Equation: "ElectronContinuityEquation"	RelError: 9.96525e-01	AbsError: 1.16821e+15
      Equation: "HoleContinuityEquation"	RelError: 9.98355e-01	AbsError: 1.31581e+14
      Equation: "PotentialEquation"	RelError: 1.55004e+01	AbsError: 3.07632e-02
    Region: "oxide"	RelError: 1.71861e-02	AbsError: 8.37461e-03
      Equation: "PotentialEquation"	RelError: 1.71861e-02	AbsError: 8.37461e-03
Iteration: 2
  Device: "part1_baseline"	RelError: 1.28236e+00	AbsError: 5.53922e+13
    Region: "bulk"	RelError: 1.28231e+00	AbsError: 5.53922e+13
      Equation: "ElectronContinuityEquation"	RelError: 2.25946e-01	AbsError: 5.35813e+13
      Equation: "HoleContinuityEquation"	RelError: 1.03797e+00	AbsError: 1.81094e+12
      Equation: "PotentialEquation"	RelError: 1.83961e-02	AbsError: 2.57837e-02
    Region: "oxide"	RelError: 5.59784e-05	AbsError: 8.07887e-08
      Equation: "PotentialEquation"	RelError: 5.59784e-05	AbsError: 8.07887e-08
Iteration: 3
  Device: "part1_baseline"	RelError: 2.73733e-01	AbsError: 7.07924e+14
    Region: "bulk"	RelError: 2.73453e-01	AbsError: 7.07924e+14
      Equation: "ElectronContinuityEquation"	RelError: 8.53425e-02	AbsError: 7.07642e+14
      Equation: "HoleContinuityEquation"	RelError: 1.82429e-01	AbsError: 2.82541e+11
      Equation: "PotentialEquation"	RelError: 5.68096e-03	AbsError: 9.16548e-03
    Region: "oxide"	RelError: 2.80070e-04	AbsError: 3.32938e-07
      Equation: "PotentialEquation"	RelError: 2.80070e-04	AbsError: 3.32938e-07
Iteration: 4
  Device: "part1_baseline"	RelError: 4.61160e-02	AbsError: 7.52672e+14
    Region: "bulk"	RelError: 4.57795e-02	AbsError: 7.52672e+14
      Equation: "ElectronContinuityEquation"	RelError: 3.56048e-02	AbsError: 7.52329e+14
      Equation: "HoleContinuityEquation"	RelError: 2.92736e-03	AbsError: 3.42215e+11
      Equation: "PotentialEquation"	RelError: 7.24727e-03	AbsError: 9.21654e-05
    Region: "oxide"	RelError: 3.36500e-04	AbsError: 4.06436e-07
      Equation: "PotentialEquation"	RelError: 3.36500e-04	AbsError: 4.06436e-07
Iteration: 5
  Device: "part1_baseline"	RelError: 8.04392e-05	AbsError: 3.02072e+11
    Region: "bulk"	RelError: 8.03565e-05	AbsError: 3.02072e+11
      Equation: "ElectronContinuityEquation"	RelError: 1.83826e-05	AbsError: 3.01994e+11
      Equation: "HoleContinuityEquation"	RelError: 6.14951e-05	AbsError: 7.75556e+07
      Equation: "PotentialEquation"	RelError: 4.78815e-07	AbsError: 3.45049e-08
    Region: "oxide"	RelError: 8.27400e-08	AbsError: 9.88026e-11
      Equation: "PotentialEquation"	RelError: 8.27400e-08	AbsError: 9.88026e-11
Iteration: 6
  Device: "part1_baseline"	RelError: 3.01376e-12	AbsError: 4.58357e+04
    Region: "bulk"	RelError: 3.00442e-12	AbsError: 4.58357e+04
      Equation: "ElectronContinuityEquation"	RelError: 2.11033e-12	AbsError: 4.58264e+04
      Equation: "HoleContinuityEquation"	RelError: 8.72799e-13	AbsError: 9.30067e+00
      Equation: "PotentialEquation"	RelError: 2.12850e-14	AbsError: 5.06323e-15
    Region: "oxide"	RelError: 9.34135e-15	AbsError: 1.11283e-17
      Equation: "PotentialEquation"	RelError: 9.34135e-15	AbsError: 1.11283e-17
number of equations 7095
Iteration: 0
  Device: "part1_baseline"	RelError: 1.10068e+03	AbsError: 6.78362e+16
    Region: "bulk"	RelError: 1.09992e+03	AbsError: 6.78362e+16
      Equation: "ElectronContinuityEquation"	RelError: 3.09160e+01	AbsError: 6.64400e+16
      Equation: "HoleContinuityEquation"	RelError: 9.99000e+02	AbsError: 1.39624e+15
      Equation: "PotentialEquation"	RelError: 6.99998e+01	AbsError: 4.09542e-02
    Region: "oxide"	RelError: 7.65724e-01	AbsError: 1.83727e-02
      Equation: "PotentialEquation"	RelError: 7.65724e-01	AbsError: 1.83727e-02
Iteration: 1
  Device: "part1_baseline"	RelError: 2.06055e+01	AbsError: 1.31158e+15
    Region: "bulk"	RelError: 2.05892e+01	AbsError: 1.31158e+15
      Equation: "ElectronContinuityEquation"	RelError: 8.91921e-01	AbsError: 1.17663e+15
      Equation: "HoleContinuityEquation"	RelError: 9.98181e-01	AbsError: 1.34950e+14
      Equation: "PotentialEquation"	RelError: 1.86991e+01	AbsError: 3.07632e-02
    Region: "oxide"	RelError: 1.62978e-02	AbsError: 8.37775e-03
      Equation: "PotentialEquation"	RelError: 1.62978e-02	AbsError: 8.37775e-03
Iteration: 2
  Device: "part1_baseline"	RelError: 9.51505e-01	AbsError: 5.03876e+13
    Region: "bulk"	RelError: 9.51493e-01	AbsError: 5.03876e+13
      Equation: "ElectronContinuityEquation"	RelError: 1.97358e-01	AbsError: 4.91530e+13
      Equation: "HoleContinuityEquation"	RelError: 7.37234e-01	AbsError: 1.23468e+12
      Equation: "PotentialEquation"	RelError: 1.69008e-02	AbsError: 2.57591e-02
    Region: "oxide"	RelError: 1.23619e-05	AbsError: 7.57634e-08
      Equation: "PotentialEquation"	RelError: 1.23619e-05	AbsError: 7.57634e-08
Iteration: 3
  Device: "part1_baseline"	RelError: 2.04539e-01	AbsError: 6.38934e+14
    Region: "bulk"	RelError: 2.04481e-01	AbsError: 6.38934e+14
      Equation: "ElectronContinuityEquation"	RelError: 7.20029e-02	AbsError: 6.38698e+14
      Equation: "HoleContinuityEquation"	RelError: 1.25714e-01	AbsError: 2.36210e+11
      Equation: "PotentialEquation"	RelError: 6.76476e-03	AbsError: 9.16547e-03
    Region: "oxide"	RelError: 5.76936e-05	AbsError: 2.91209e-07
      Equation: "PotentialEquation"	RelError: 5.76936e-05	AbsError: 2.91209e-07
Iteration: 4
  Device: "part1_baseline"	RelError: 4.84333e-02	AbsError: 6.80076e+14
    Region: "bulk"	RelError: 4.83631e-02	AbsError: 6.80076e+14
      Equation: "ElectronContinuityEquation"	RelError: 3.56300e-02	AbsError: 6.79786e+14
      Equation: "HoleContinuityEquation"	RelError: 3.63072e-03	AbsError: 2.89763e+11
      Equation: "PotentialEquation"	RelError: 9.10243e-03	AbsError: 8.28549e-05
    Region: "oxide"	RelError: 7.01805e-05	AbsError: 3.59778e-07
      Equation: "PotentialEquation"	RelError: 7.01805e-05	AbsError: 3.59778e-07
Iteration: 5
  Device: "part1_baseline"	RelError: 9.01967e-05	AbsError: 2.49198e+11
    Region: "bulk"	RelError: 9.01810e-05	AbsError: 2.49198e+11
      Equation: "ElectronContinuityEquation"	RelError: 1.70572e-05	AbsError: 2.49138e+11
      Equation: "HoleContinuityEquation"	RelError: 7.20523e-05	AbsError: 5.98504e+07
      Equation: "PotentialEquation"	RelError: 1.07138e-06	AbsError: 2.83846e-08
    Region: "oxide"	RelError: 1.57697e-08	AbsError: 7.99905e-11
      Equation: "PotentialEquation"	RelError: 1.57697e-08	AbsError: 7.99905e-11
Iteration: 6
  Device: "part1_baseline"	RelError: 2.12138e-12	AbsError: 3.14399e+04
    Region: "bulk"	RelError: 2.11987e-12	AbsError: 3.14399e+04
      Equation: "ElectronContinuityEquation"	RelError: 1.61885e-12	AbsError: 3.14339e+04
      Equation: "HoleContinuityEquation"	RelError: 3.96760e-13	AbsError: 6.03901e+00
      Equation: "PotentialEquation"	RelError: 1.04254e-13	AbsError: 3.47133e-15
    Region: "oxide"	RelError: 1.51082e-15	AbsError: 7.65489e-18
      Equation: "PotentialEquation"	RelError: 1.51082e-15	AbsError: 7.65489e-18
number of equations 7095
Iteration: 0
  Device: "part1_baseline"	RelError: 1.05050e+03	AbsError: 6.88012e+16
    Region: "bulk"	RelError: 1.05006e+03	AbsError: 6.88012e+16
      Equation: "ElectronContinuityEquation"	RelError: 7.65301e+00	AbsError: 6.74155e+16
      Equation: "HoleContinuityEquation"	RelError: 9.99000e+02	AbsError: 1.38570e+15
      Equation: "PotentialEquation"	RelError: 4.34079e+01	AbsError: 4.09542e-02
    Region: "oxide"	RelError: 4.35072e-01	AbsError: 1.83757e-02
      Equation: "PotentialEquation"	RelError: 4.35072e-01	AbsError: 1.83757e-02
Iteration: 1
  Device: "part1_baseline"	RelError: 4.61688e+00	AbsError: 1.30495e+15
    Region: "bulk"	RelError: 4.60138e+00	AbsError: 1.30495e+15
      Equation: "ElectronContinuityEquation"	RelError: 6.47780e-01	AbsError: 1.18292e+15
      Equation: "HoleContinuityEquation"	RelError: 9.98315e-01	AbsError: 1.22034e+14
      Equation: "PotentialEquation"	RelError: 2.95529e+00	AbsError: 3.07632e-02
    Region: "oxide"	RelError: 1.54968e-02	AbsError: 8.38060e-03
      Equation: "PotentialEquation"	RelError: 1.54968e-02	AbsError: 8.38060e-03
Iteration: 2
  Device: "part1_baseline"	RelError: 8.22831e-01	AbsError: 4.54781e+13
    Region: "bulk"	RelError: 8.22825e-01	AbsError: 4.54781e+13
      Equation: "ElectronContinuityEquation"	RelError: 1.71676e-01	AbsError: 4.48005e+13
      Equation: "HoleContinuityEquation"	RelError: 6.35519e-01	AbsError: 6.77629e+11
      Equation: "PotentialEquation"	RelError: 1.56294e-02	AbsError: 2.57374e-02
    Region: "oxide"	RelError: 6.68340e-06	AbsError: 7.10454e-08
      Equation: "PotentialEquation"	RelError: 6.68340e-06	AbsError: 7.10454e-08
Iteration: 3
  Device: "part1_baseline"	RelError: 1.44403e-01	AbsError: 5.74558e+14
    Region: "bulk"	RelError: 1.44375e-01	AbsError: 5.74558e+14
      Equation: "ElectronContinuityEquation"	RelError: 6.08548e-02	AbsError: 5.74361e+14
      Equation: "HoleContinuityEquation"	RelError: 7.90800e-02	AbsError: 1.96807e+11
      Equation: "PotentialEquation"	RelError: 4.43991e-03	AbsError: 9.16545e-03
    Region: "oxide"	RelError: 2.85652e-05	AbsError: 2.53565e-07
      Equation: "PotentialEquation"	RelError: 2.85652e-05	AbsError: 2.53565e-07
Iteration: 4
  Device: "part1_baseline"	RelError: 4.17555e-02	AbsError: 6.12146e+14
    Region: "bulk"	RelError: 4.17202e-02	AbsError: 6.12146e+14
      Equation: "ElectronContinuityEquation"	RelError: 3.53659e-02	AbsError: 6.11899e+14
      Equation: "HoleContinuityEquation"	RelError: 4.21649e-03	AbsError: 2.46891e+11
      Equation: "PotentialEquation"	RelError: 2.13781e-03	AbsError: 7.42384e-05
    Region: "oxide"	RelError: 3.52931e-05	AbsError: 3.18225e-07
      Equation: "PotentialEquation"	RelError: 3.52931e-05	AbsError: 3.18225e-07
Iteration: 5
  Device: "part1_baseline"	RelError: 1.10475e-04	AbsError: 2.03277e+11
    Region: "bulk"	RelError: 1.10467e-04	AbsError: 2.03277e+11
      Equation: "ElectronContinuityEquation"	RelError: 1.56236e-05	AbsError: 2.03231e+11
      Equation: "HoleContinuityEquation"	RelError: 9.44007e-05	AbsError: 4.65874e+07
      Equation: "PotentialEquation"	RelError: 4.43046e-07	AbsError: 2.30987e-08
    Region: "oxide"	RelError: 7.19517e-09	AbsError: 6.42214e-11
      Equation: "PotentialEquation"	RelError: 7.19517e-09	AbsError: 6.42214e-11
Iteration: 6
  Device: "part1_baseline"	RelError: 1.63852e-12	AbsError: 2.10207e+04
    Region: "bulk"	RelError: 1.63794e-12	AbsError: 2.10207e+04
      Equation: "ElectronContinuityEquation"	RelError: 1.21299e-12	AbsError: 2.10168e+04
      Equation: "HoleContinuityEquation"	RelError: 3.88610e-13	AbsError: 3.91935e+00
      Equation: "PotentialEquation"	RelError: 3.63422e-14	AbsError: 2.32062e-15
    Region: "oxide"	RelError: 5.76889e-16	AbsError: 5.15098e-18
      Equation: "PotentialEquation"	RelError: 5.76889e-16	AbsError: 5.15098e-18
number of equations 7095
Iteration: 0
  Device: "part1_baseline"	RelError: 1.07767e+03	AbsError: 6.97718e+16
    Region: "bulk"	RelError: 1.07736e+03	AbsError: 6.97718e+16
      Equation: "ElectronContinuityEquation"	RelError: 4.15572e+00	AbsError: 6.84010e+16
      Equation: "HoleContinuityEquation"	RelError: 9.99000e+02	AbsError: 1.37078e+15
      Equation: "PotentialEquation"	RelError: 7.42067e+01	AbsError: 4.09542e-02
    Region: "oxide"	RelError: 3.04611e-01	AbsError: 1.83785e-02
      Equation: "PotentialEquation"	RelError: 3.04611e-01	AbsError: 1.83785e-02
Iteration: 1
  Device: "part1_baseline"	RelError: 1.58889e+01	AbsError: 1.29294e+15
    Region: "bulk"	RelError: 1.58742e+01	AbsError: 1.29294e+15
      Equation: "ElectronContinuityEquation"	RelError: 4.74099e-01	AbsError: 1.18696e+15
      Equation: "HoleContinuityEquation"	RelError: 9.98057e-01	AbsError: 1.05979e+14
      Equation: "PotentialEquation"	RelError: 1.44020e+01	AbsError: 3.07632e-02
    Region: "oxide"	RelError: 1.47706e-02	AbsError: 8.38320e-03
      Equation: "PotentialEquation"	RelError: 1.47706e-02	AbsError: 8.38320e-03
Iteration: 2
  Device: "part1_baseline"	RelError: 7.87673e-01	AbsError: 4.21048e+13
    Region: "bulk"	RelError: 7.87668e-01	AbsError: 4.21048e+13
      Equation: "ElectronContinuityEquation"	RelError: 1.47985e-01	AbsError: 4.07559e+13
      Equation: "HoleContinuityEquation"	RelError: 5.86482e-01	AbsError: 1.34890e+12
      Equation: "PotentialEquation"	RelError: 5.32012e-02	AbsError: 2.57183e-02
    Region: "oxide"	RelError: 4.47718e-06	AbsError: 6.78948e-08
      Equation: "PotentialEquation"	RelError: 4.47718e-06	AbsError: 6.78948e-08
Iteration: 3
  Device: "part1_baseline"	RelError: 2.26806e-01	AbsError: 5.14937e+14
    Region: "bulk"	RelError: 2.26789e-01	AbsError: 5.14937e+14
      Equation: "ElectronContinuityEquation"	RelError: 5.08159e-02	AbsError: 5.14773e+14
      Equation: "HoleContinuityEquation"	RelError: 3.79142e-02	AbsError: 1.63963e+11
      Equation: "PotentialEquation"	RelError: 1.38059e-01	AbsError: 9.16544e-03
    Region: "oxide"	RelError: 1.75771e-05	AbsError: 2.19680e-07
      Equation: "PotentialEquation"	RelError: 1.75771e-05	AbsError: 2.19680e-07
Iteration: 4
  Device: "part1_baseline"	RelError: 2.46757e-01	AbsError: 5.49087e+14
    Region: "bulk"	RelError: 2.46735e-01	AbsError: 5.49087e+14
      Equation: "ElectronContinuityEquation"	RelError: 3.45532e-02	AbsError: 5.48875e+14
      Equation: "HoleContinuityEquation"	RelError: 5.01679e-03	AbsError: 2.11216e+11
      Equation: "PotentialEquation"	RelError: 2.07165e-01	AbsError: 6.63164e-05
    Region: "oxide"	RelError: 2.20490e-05	AbsError: 2.81297e-07
      Equation: "PotentialEquation"	RelError: 2.20490e-05	AbsError: 2.81297e-07
Iteration: 5
  Device: "part1_baseline"	RelError: 1.74510e-04	AbsError: 1.64140e+11
    Region: "bulk"	RelError: 1.74506e-04	AbsError: 1.64140e+11
      Equation: "ElectronContinuityEquation"	RelError: 1.40404e-05	AbsError: 1.64105e+11
      Equation: "HoleContinuityEquation"	RelError: 1.22463e-04	AbsError: 3.51219e+07
      Equation: "PotentialEquation"	RelError: 3.80026e-05	AbsError: 1.86141e-08
    Region: "oxide"	RelError: 4.06525e-09	AbsError: 5.12017e-11
      Equation: "PotentialEquation"	RelError: 4.06525e-09	AbsError: 5.12017e-11
Iteration: 6
  Device: "part1_baseline"	RelError: 3.86357e-12	AbsError: 1.37343e+04
    Region: "bulk"	RelError: 3.86330e-12	AbsError: 1.37343e+04
      Equation: "ElectronContinuityEquation"	RelError: 8.83395e-13	AbsError: 1.37318e+04
      Equation: "HoleContinuityEquation"	RelError: 3.84712e-13	AbsError: 2.44477e+00
      Equation: "PotentialEquation"	RelError: 2.59519e-12	AbsError: 1.51641e-15
    Region: "oxide"	RelError: 2.69331e-16	AbsError: 3.39569e-18
      Equation: "PotentialEquation"	RelError: 2.69331e-16	AbsError: 3.39569e-18
number of equations 7095
Iteration: 0
  Device: "part1_baseline"	RelError: 1.00789e+03	AbsError: 7.06993e+16
    Region: "bulk"	RelError: 1.00751e+03	AbsError: 7.06993e+16
      Equation: "ElectronContinuityEquation"	RelError: 2.71620e+00	AbsError: 6.93910e+16
      Equation: "HoleContinuityEquation"	RelError: 9.99000e+02	AbsError: 1.30830e+15
      Equation: "PotentialEquation"	RelError: 5.79070e+00	AbsError: 4.09542e-02
    Region: "oxide"	RelError: 3.79846e-01	AbsError: 1.83810e-02
      Equation: "PotentialEquation"	RelError: 3.79846e-01	AbsError: 1.83810e-02
Iteration: 1
  Device: "part1_baseline"	RelError: 1.95213e+00	AbsError: 1.28354e+15
    Region: "bulk"	RelError: 1.93802e+00	AbsError: 1.28354e+15
      Equation: "ElectronContinuityEquation"	RelError: 3.48346e-01	AbsError: 1.18855e+15
      Equation: "HoleContinuityEquation"	RelError: 9.98049e-01	AbsError: 9.49981e+13
      Equation: "PotentialEquation"	RelError: 5.91626e-01	AbsError: 3.07632e-02
    Region: "oxide"	RelError: 1.41094e-02	AbsError: 8.38554e-03
      Equation: "PotentialEquation"	RelError: 1.41094e-02	AbsError: 8.38554e-03
Iteration: 2
  Device: "part1_baseline"	RelError: 6.34341e-01	AbsError: 3.85509e+13
    Region: "bulk"	RelError: 6.34335e-01	AbsError: 3.85509e+13
      Equation: "ElectronContinuityEquation"	RelError: 1.26206e-01	AbsError: 3.77244e+13
      Equation: "HoleContinuityEquation"	RelError: 4.94578e-01	AbsError: 8.26561e+11
      Equation: "PotentialEquation"	RelError: 1.35521e-02	AbsError: 2.57014e-02
    Region: "oxide"	RelError: 5.67121e-06	AbsError: 6.55571e-08
      Equation: "PotentialEquation"	RelError: 5.67121e-06	AbsError: 6.55571e-08
Iteration: 3
  Device: "part1_baseline"	RelError: 5.62264e-02	AbsError: 4.60090e+14
    Region: "bulk"	RelError: 5.62052e-02	AbsError: 4.60090e+14
      Equation: "ElectronContinuityEquation"	RelError: 4.16416e-02	AbsError: 4.59954e+14
      Equation: "HoleContinuityEquation"	RelError: 1.05354e-02	AbsError: 1.36431e+11
      Equation: "PotentialEquation"	RelError: 4.02815e-03	AbsError: 9.16543e-03
    Region: "oxide"	RelError: 2.12238e-05	AbsError: 1.89267e-07
      Equation: "PotentialEquation"	RelError: 2.12238e-05	AbsError: 1.89267e-07
Iteration: 4
  Device: "part1_baseline"	RelError: 3.98114e-02	AbsError: 4.90961e+14
    Region: "bulk"	RelError: 3.97842e-02	AbsError: 4.90961e+14
      Equation: "ElectronContinuityEquation"	RelError: 3.27483e-02	AbsError: 4.90783e+14
      Equation: "HoleContinuityEquation"	RelError: 6.32134e-03	AbsError: 1.78645e+11
      Equation: "PotentialEquation"	RelError: 7.14552e-04	AbsError: 5.90757e-05
    Region: "oxide"	RelError: 2.72179e-05	AbsError: 2.48555e-07
      Equation: "PotentialEquation"	RelError: 2.72179e-05	AbsError: 2.48555e-07
Iteration: 5
  Device: "part1_baseline"	RelError: 1.65448e-04	AbsError: 1.31329e+11
    Region: "bulk"	RelError: 1.65443e-04	AbsError: 1.31329e+11
      Equation: "ElectronContinuityEquation"	RelError: 1.22446e-05	AbsError: 1.31302e+11
      Equation: "HoleContinuityEquation"	RelError: 1.53079e-04	AbsError: 2.70842e+07
      Equation: "PotentialEquation"	RelError: 1.19373e-07	AbsError: 1.48684e-08
    Region: "oxide"	RelError: 4.49620e-09	AbsError: 4.05925e-11
      Equation: "PotentialEquation"	RelError: 4.49620e-09	AbsError: 4.05925e-11
Iteration: 6
  Device: "part1_baseline"	RelError: 9.92385e-13	AbsError: 8.78957e+03
    Region: "bulk"	RelError: 9.92142e-13	AbsError: 8.78957e+03
      Equation: "ElectronContinuityEquation"	RelError: 6.19118e-13	AbsError: 8.78806e+03
      Equation: "HoleContinuityEquation"	RelError: 3.66534e-13	AbsError: 1.51239e+00
      Equation: "PotentialEquation"	RelError: 6.49004e-15	AbsError: 9.70754e-16
    Region: "oxide"	RelError: 2.42933e-16	AbsError: 2.19640e-18
      Equation: "PotentialEquation"	RelError: 2.42933e-16	AbsError: 2.19640e-18
number of equations 7095
Iteration: 0
  Device: "part1_baseline"	RelError: 1.73140e+03	AbsError: 7.16005e+16
    Region: "bulk"	RelError: 1.73077e+03	AbsError: 7.16005e+16
      Equation: "ElectronContinuityEquation"	RelError: 1.91951e+00	AbsError: 7.03786e+16
      Equation: "HoleContinuityEquation"	RelError: 9.99000e+02	AbsError: 1.22199e+15
      Equation: "PotentialEquation"	RelError: 7.29851e+02	AbsError: 4.09542e-02
    Region: "oxide"	RelError: 6.25518e-01	AbsError: 1.83833e-02
      Equation: "PotentialEquation"	RelError: 6.25518e-01	AbsError: 1.83833e-02
Iteration: 1
  Device: "part1_baseline"	RelError: 2.67080e+01	AbsError: 1.27363e+15
    Region: "bulk"	RelError: 2.66945e+01	AbsError: 1.27363e+15
      Equation: "ElectronContinuityEquation"	RelError: 2.59268e-01	AbsError: 1.18754e+15
      Equation: "HoleContinuityEquation"	RelError: 9.98222e-01	AbsError: 8.60917e+13
      Equation: "PotentialEquation"	RelError: 2.54370e+01	AbsError: 3.07632e-02
    Region: "oxide"	RelError: 1.35046e-02	AbsError: 8.38765e-03
      Equation: "PotentialEquation"	RelError: 1.35046e-02	AbsError: 8.38765e-03
Iteration: 2
  Device: "part1_baseline"	RelError: 5.28487e-01	AbsError: 3.56289e+13
    Region: "bulk"	RelError: 5.28477e-01	AbsError: 3.56289e+13
      Equation: "ElectronContinuityEquation"	RelError: 1.05433e-01	AbsError: 3.51214e+13
      Equation: "HoleContinuityEquation"	RelError: 4.10358e-01	AbsError: 5.07533e+11
      Equation: "PotentialEquation"	RelError: 1.26869e-02	AbsError: 2.56863e-02
    Region: "oxide"	RelError: 9.17401e-06	AbsError: 6.41676e-08
      Equation: "PotentialEquation"	RelError: 9.17401e-06	AbsError: 6.41676e-08
Iteration: 3
  Device: "part1_baseline"	RelError: 5.02981e-02	AbsError: 4.09938e+14
    Region: "bulk"	RelError: 5.02680e-02	AbsError: 4.09938e+14
      Equation: "ElectronContinuityEquation"	RelError: 3.32130e-02	AbsError: 4.09823e+14
      Equation: "HoleContinuityEquation"	RelError: 5.54073e-03	AbsError: 1.14376e+11
      Equation: "PotentialEquation"	RelError: 1.15143e-02	AbsError: 9.16542e-03
    Region: "oxide"	RelError: 3.00471e-05	AbsError: 1.62034e-07
      Equation: "PotentialEquation"	RelError: 3.00471e-05	AbsError: 1.62034e-07
Iteration: 4
  Device: "part1_baseline"	RelError: 5.24638e-02	AbsError: 4.37726e+14
    Region: "bulk"	RelError: 5.24242e-02	AbsError: 4.37726e+14
      Equation: "ElectronContinuityEquation"	RelError: 2.93679e-02	AbsError: 4.37573e+14
      Equation: "HoleContinuityEquation"	RelError: 7.71225e-03	AbsError: 1.53020e+11
      Equation: "PotentialEquation"	RelError: 1.53440e-02	AbsError: 5.24929e-05
    Region: "oxide"	RelError: 3.95727e-05	AbsError: 2.19651e-07
      Equation: "PotentialEquation"	RelError: 3.95727e-05	AbsError: 2.19651e-07
Iteration: 5
  Device: "part1_baseline"	RelError: 1.95431e-04	AbsError: 1.04215e+11
    Region: "bulk"	RelError: 1.95426e-04	AbsError: 1.04215e+11
      Equation: "ElectronContinuityEquation"	RelError: 1.01801e-05	AbsError: 1.04194e+11
      Equation: "HoleContinuityEquation"	RelError: 1.82983e-04	AbsError: 2.04226e+07
      Equation: "PotentialEquation"	RelError: 2.26202e-06	AbsError: 1.17824e-08
    Region: "oxide"	RelError: 5.82501e-09	AbsError: 3.19836e-11
      Equation: "PotentialEquation"	RelError: 5.82501e-09	AbsError: 3.19836e-11
Iteration: 6
  Device: "part1_baseline"	RelError: 8.42794e-13	AbsError: 5.52145e+03
    Region: "bulk"	RelError: 8.42541e-13	AbsError: 5.52145e+03
      Equation: "ElectronContinuityEquation"	RelError: 4.10555e-13	AbsError: 5.52053e+03
      Equation: "HoleContinuityEquation"	RelError: 3.33443e-13	AbsError: 9.20198e-01
      Equation: "PotentialEquation"	RelError: 9.85425e-14	AbsError: 6.10068e-16
    Region: "oxide"	RelError: 2.53737e-16	AbsError: 1.39605e-18
      Equation: "PotentialEquation"	RelError: 2.53737e-16	AbsError: 1.39605e-18
number of equations 7095
Iteration: 0
  Device: "part1_baseline"	RelError: 1.04682e+03	AbsError: 7.25102e+16
    Region: "bulk"	RelError: 1.04509e+03	AbsError: 7.25102e+16
      Equation: "ElectronContinuityEquation"	RelError: 1.36233e+00	AbsError: 7.13553e+16
      Equation: "HoleContinuityEquation"	RelError: 9.99000e+02	AbsError: 1.15485e+15
      Equation: "PotentialEquation"	RelError: 4.47231e+01	AbsError: 4.09542e-02
    Region: "oxide"	RelError: 1.73183e+00	AbsError: 1.83853e-02
      Equation: "PotentialEquation"	RelError: 1.73183e+00	AbsError: 1.83853e-02
Iteration: 1
  Device: "part1_baseline"	RelError: 2.88803e+01	AbsError: 1.26273e+15
    Region: "bulk"	RelError: 2.88674e+01	AbsError: 1.26273e+15
      Equation: "ElectronContinuityEquation"	RelError: 2.29076e-01	AbsError: 1.18370e+15
      Equation: "HoleContinuityEquation"	RelError: 9.98154e-01	AbsError: 7.90336e+13
      Equation: "PotentialEquation"	RelError: 2.76402e+01	AbsError: 3.07632e-02
    Region: "oxide"	RelError: 1.29494e-02	AbsError: 8.38952e-03
      Equation: "PotentialEquation"	RelError: 1.29494e-02	AbsError: 8.38952e-03
Iteration: 2
  Device: "part1_baseline"	RelError: 4.69731e-01	AbsError: 3.28672e+13
    Region: "bulk"	RelError: 4.69706e-01	AbsError: 3.28672e+13
      Equation: "ElectronContinuityEquation"	RelError: 8.37806e-02	AbsError: 3.25709e+13
      Equation: "HoleContinuityEquation"	RelError: 3.74013e-01	AbsError: 2.96285e+11
      Equation: "PotentialEquation"	RelError: 1.19130e-02	AbsError: 2.56729e-02
    Region: "oxide"	RelError: 2.49686e-05	AbsError: 6.27393e-08
      Equation: "PotentialEquation"	RelError: 2.49686e-05	AbsError: 6.27393e-08
Iteration: 3
  Device: "part1_baseline"	RelError: 3.68888e-02	AbsError: 3.64321e+14
    Region: "bulk"	RelError: 3.68174e-02	AbsError: 3.64321e+14
      Equation: "ElectronContinuityEquation"	RelError: 2.54789e-02	AbsError: 3.64227e+14
      Equation: "HoleContinuityEquation"	RelError: 6.50428e-03	AbsError: 9.44365e+10
      Equation: "PotentialEquation"	RelError: 4.83422e-03	AbsError: 9.16541e-03
    Region: "oxide"	RelError: 7.13930e-05	AbsError: 1.37697e-07
      Equation: "PotentialEquation"	RelError: 7.13930e-05	AbsError: 1.37697e-07
Iteration: 4
  Device: "part1_baseline"	RelError: 4.48703e-02	AbsError: 3.89237e+14
    Region: "bulk"	RelError: 4.47732e-02	AbsError: 3.89237e+14
      Equation: "ElectronContinuityEquation"	RelError: 2.79908e-02	AbsError: 3.89109e+14
      Equation: "HoleContinuityEquation"	RelError: 9.05051e-03	AbsError: 1.28698e+11
      Equation: "PotentialEquation"	RelError: 7.73185e-03	AbsError: 4.65366e-05
    Region: "oxide"	RelError: 9.70919e-05	AbsError: 1.94243e-07
      Equation: "PotentialEquation"	RelError: 9.70919e-05	AbsError: 1.94243e-07
Iteration: 5
  Device: "part1_baseline"	RelError: 2.17031e-04	AbsError: 8.20878e+10
    Region: "bulk"	RelError: 2.17018e-04	AbsError: 8.20878e+10
      Equation: "ElectronContinuityEquation"	RelError: 9.05764e-06	AbsError: 8.20724e+10
      Equation: "HoleContinuityEquation"	RelError: 2.07492e-04	AbsError: 1.53316e+07
      Equation: "PotentialEquation"	RelError: 4.69146e-07	AbsError: 9.27032e-09
    Region: "oxide"	RelError: 1.26694e-08	AbsError: 2.50605e-11
      Equation: "PotentialEquation"	RelError: 1.26694e-08	AbsError: 2.50605e-11
Iteration: 6
  Device: "part1_baseline"	RelError: 6.37333e-13	AbsError: 3.41112e+03
    Region: "bulk"	RelError: 6.36893e-13	AbsError: 3.41112e+03
      Equation: "ElectronContinuityEquation"	RelError: 2.51611e-13	AbsError: 3.41057e+03
      Equation: "HoleContinuityEquation"	RelError: 3.70401e-13	AbsError: 5.44848e-01
      Equation: "PotentialEquation"	RelError: 1.48806e-14	AbsError: 3.77088e-16
    Region: "oxide"	RelError: 4.40253e-16	AbsError: 8.73268e-19
      Equation: "PotentialEquation"	RelError: 4.40253e-16	AbsError: 8.73268e-19
number of equations 7095
Iteration: 0
  Device: "part1_baseline"	RelError: 3.85278e-22	AbsError: 7.99689e-12
    Region: "bulk"	RelError: 3.85278e-22	AbsError: 7.99689e-12
      Equation: "ElectronContinuityEquation"	RelError: 3.85278e-22	AbsError: 7.99378e-12
      Equation: "HoleContinuityEquation"	RelError: 6.71558e-28	AbsError: 3.11346e-15
      Equation: "PotentialEquation"	RelError: 6.15563e-29	AbsError: 9.02432e-31
    Region: "oxide"	RelError: 3.75029e-31	AbsError: 4.04730e-33
      Equation: "PotentialEquation"	RelError: 3.75029e-31	AbsError: 4.04730e-33
PROBE_RESULT={"status": "OK", "Vg_V": 0.0, "Id_A_per_um": 1.071402825249497e-11, "Is_A_per_um": -8.28407837485487e-12, "Ib_A_per_um": -2.4299498776401005e-12, "current_balance_A_per_um": 8.077935669463161e-28, "relative_current_balance": 7.539587799371404e-17}
