Adding 668 nodes
Adding 1576 edges with 0 duplicates removed
Adding 908 triangles  with 0 duplicate removed
Adding 2340 nodes
Adding 6819 edges with 0 duplicates removed
Adding 4480 triangles  with 0 duplicate removed
Adding 125 nodes
Adding 316 edges with 0 duplicates removed
Adding 192 triangles  with 0 duplicate removed
Adding 75 nodes
Adding 170 edges with 0 duplicates removed
Adding 96 triangles  with 0 duplicate removed
Contact body in region bulk with 65 nodes
Contact drain in region bulk with 21 nodes
Contact gate in region oxide with 25 nodes
Contact source in region bulk with 21 nodes
Adding interface bulk_oxide with 23, 23 nodes
Replacing Node Model DrainDoping in region bulk of material Silicon
Replacing Node Model NetDoping in region bulk of material Silicon
Replacing Node Model SourceDoping in region bulk of material Silicon
Replacing Node Model gatenodemodel in region oxide of material Oxide
number of equations 2415
Iteration: 0
  Device: "part1_baseline"	RelError: 2.00000e+00	AbsError: 2.02815e-01
    Region: "bulk"	RelError: 1.00000e+00	AbsError: 2.02815e-01
      Equation: "PotentialEquation"	RelError: 1.00000e+00	AbsError: 2.02815e-01
    Region: "oxide"	RelError: 1.00000e+00	AbsError: 1.31163e-01
      Equation: "PotentialEquation"	RelError: 1.00000e+00	AbsError: 1.31163e-01
Iteration: 1
  Device: "part1_baseline"	RelError: 9.97502e-01	AbsError: 2.02373e-01
    Region: "bulk"	RelError: 4.99593e-01	AbsError: 2.02373e-01
      Equation: "PotentialEquation"	RelError: 4.99593e-01	AbsError: 2.02373e-01
    Region: "oxide"	RelError: 4.97908e-01	AbsError: 1.30070e-01
      Equation: "PotentialEquation"	RelError: 4.97908e-01	AbsError: 1.30070e-01
Iteration: 2
  Device: "part1_baseline"	RelError: 1.25157e+00	AbsError: 1.49618e-01
    Region: "bulk"	RelError: 7.15688e-01	AbsError: 1.49618e-01
      Equation: "PotentialEquation"	RelError: 7.15688e-01	AbsError: 1.49618e-01
    Region: "oxide"	RelError: 5.35878e-01	AbsError: 8.59894e-02
      Equation: "PotentialEquation"	RelError: 5.35878e-01	AbsError: 8.59894e-02
Iteration: 3
  Device: "part1_baseline"	RelError: 3.55275e+00	AbsError: 9.29839e-02
    Region: "bulk"	RelError: 2.64351e+00	AbsError: 9.29839e-02
      Equation: "PotentialEquation"	RelError: 2.64351e+00	AbsError: 9.29839e-02
    Region: "oxide"	RelError: 9.09237e-01	AbsError: 5.41683e-02
      Equation: "PotentialEquation"	RelError: 9.09237e-01	AbsError: 5.41683e-02
Iteration: 4
  Device: "part1_baseline"	RelError: 3.15311e+02	AbsError: 9.39883e-02
    Region: "bulk"	RelError: 3.12486e+02	AbsError: 9.39883e-02
      Equation: "PotentialEquation"	RelError: 3.12486e+02	AbsError: 9.39883e-02
    Region: "oxide"	RelError: 2.82471e+00	AbsError: 5.16117e-02
      Equation: "PotentialEquation"	RelError: 2.82471e+00	AbsError: 5.16117e-02
Iteration: 5
  Device: "part1_baseline"	RelError: 5.30576e+02	AbsError: 9.34716e-02
    Region: "bulk"	RelError: 5.17548e+02	AbsError: 9.34716e-02
      Equation: "PotentialEquation"	RelError: 5.17548e+02	AbsError: 9.34716e-02
    Region: "oxide"	RelError: 1.30277e+01	AbsError: 4.74678e-02
      Equation: "PotentialEquation"	RelError: 1.30277e+01	AbsError: 4.74678e-02
Iteration: 6
  Device: "part1_baseline"	RelError: 1.60178e+02	AbsError: 9.24562e-02
    Region: "bulk"	RelError: 1.43061e+02	AbsError: 9.24562e-02
      Equation: "PotentialEquation"	RelError: 1.43061e+02	AbsError: 9.24562e-02
    Region: "oxide"	RelError: 1.71168e+01	AbsError: 4.21387e-02
      Equation: "PotentialEquation"	RelError: 1.71168e+01	AbsError: 4.21387e-02
Iteration: 7
  Device: "part1_baseline"	RelError: 1.15509e+03	AbsError: 9.06820e-02
    Region: "bulk"	RelError: 1.06357e+03	AbsError: 9.06820e-02
      Equation: "PotentialEquation"	RelError: 1.06357e+03	AbsError: 9.06820e-02
    Region: "oxide"	RelError: 9.15180e+01	AbsError: 3.49089e-02
      Equation: "PotentialEquation"	RelError: 9.15180e+01	AbsError: 3.49089e-02
Iteration: 8
  Device: "part1_baseline"	RelError: 1.00927e+02	AbsError: 8.47279e-02
    Region: "bulk"	RelError: 9.96050e+01	AbsError: 8.47279e-02
      Equation: "PotentialEquation"	RelError: 9.96050e+01	AbsError: 8.47279e-02
    Region: "oxide"	RelError: 1.32197e+00	AbsError: 2.46715e-02
      Equation: "PotentialEquation"	RelError: 1.32197e+00	AbsError: 2.46715e-02
Iteration: 9
  Device: "part1_baseline"	RelError: 2.44483e+02	AbsError: 7.52815e-02
    Region: "bulk"	RelError: 2.39704e+02	AbsError: 7.52815e-02
      Equation: "PotentialEquation"	RelError: 2.39704e+02	AbsError: 7.52815e-02
    Region: "oxide"	RelError: 4.77825e+00	AbsError: 2.08472e-02
      Equation: "PotentialEquation"	RelError: 4.77825e+00	AbsError: 2.08472e-02
Iteration: 10
  Device: "part1_baseline"	RelError: 1.82078e+02	AbsError: 6.25336e-02
    Region: "bulk"	RelError: 1.80364e+02	AbsError: 6.25336e-02
      Equation: "PotentialEquation"	RelError: 1.80364e+02	AbsError: 6.25336e-02
    Region: "oxide"	RelError: 1.71383e+00	AbsError: 8.10630e-03
      Equation: "PotentialEquation"	RelError: 1.71383e+00	AbsError: 8.10630e-03
Iteration: 11
  Device: "part1_baseline"	RelError: 4.81559e+00	AbsError: 3.81851e-02
    Region: "bulk"	RelError: 4.59616e+00	AbsError: 3.81851e-02
      Equation: "PotentialEquation"	RelError: 4.59616e+00	AbsError: 3.81851e-02
    Region: "oxide"	RelError: 2.19424e-01	AbsError: 9.20866e-04
      Equation: "PotentialEquation"	RelError: 2.19424e-01	AbsError: 9.20866e-04
Iteration: 12
  Device: "part1_baseline"	RelError: 1.99283e+01	AbsError: 2.54413e-02
    Region: "bulk"	RelError: 1.99033e+01	AbsError: 2.54413e-02
      Equation: "PotentialEquation"	RelError: 1.99033e+01	AbsError: 2.54413e-02
    Region: "oxide"	RelError: 2.50721e-02	AbsError: 1.04450e-04
      Equation: "PotentialEquation"	RelError: 2.50721e-02	AbsError: 1.04450e-04
Iteration: 13
  Device: "part1_baseline"	RelError: 1.03843e+00	AbsError: 9.23280e-03
    Region: "bulk"	RelError: 1.03664e+00	AbsError: 9.23280e-03
      Equation: "PotentialEquation"	RelError: 1.03664e+00	AbsError: 9.23280e-03
    Region: "oxide"	RelError: 1.78761e-03	AbsError: 7.32097e-06
      Equation: "PotentialEquation"	RelError: 1.78761e-03	AbsError: 7.32097e-06
Iteration: 14
  Device: "part1_baseline"	RelError: 1.97210e-02	AbsError: 8.80859e-05
    Region: "bulk"	RelError: 1.97042e-02	AbsError: 8.80859e-05
      Equation: "PotentialEquation"	RelError: 1.97042e-02	AbsError: 8.80859e-05
    Region: "oxide"	RelError: 1.67298e-05	AbsError: 6.85175e-08
      Equation: "PotentialEquation"	RelError: 1.67298e-05	AbsError: 6.85175e-08
Iteration: 15
  Device: "part1_baseline"	RelError: 9.77088e-06	AbsError: 7.35678e-08
    Region: "bulk"	RelError: 9.76881e-06	AbsError: 7.35678e-08
      Equation: "PotentialEquation"	RelError: 9.76881e-06	AbsError: 7.35678e-08
    Region: "oxide"	RelError: 2.06859e-09	AbsError: 8.48873e-12
      Equation: "PotentialEquation"	RelError: 2.06859e-09	AbsError: 8.48873e-12
Iteration: 16
  Device: "part1_baseline"	RelError: 4.11762e-12	AbsError: 5.28013e-14
    Region: "bulk"	RelError: 4.11702e-12	AbsError: 5.28013e-14
      Equation: "PotentialEquation"	RelError: 4.11702e-12	AbsError: 5.28013e-14
    Region: "oxide"	RelError: 5.97529e-16	AbsError: 2.46534e-18
      Equation: "PotentialEquation"	RelError: 5.97529e-16	AbsError: 2.46534e-18
Warning: Replacing equation with equation of the same name.
Region: bulk, Equation: PotentialEquation, Variable: Potential
number of equations 7095
Iteration: 0
  Device: "part1_baseline"	RelError: 3.77220e-24	AbsError: 1.74252e-08
    Region: "bulk"	RelError: 3.77202e-24	AbsError: 1.74252e-08
      Equation: "ElectronContinuityEquation"	RelError: 1.10541e-24	AbsError: 3.85896e-09
      Equation: "HoleContinuityEquation"	RelError: 1.10541e-24	AbsError: 1.35663e-08
      Equation: "PotentialEquation"	RelError: 1.56120e-24	AbsError: 2.86160e-26
    Region: "oxide"	RelError: 1.77519e-28	AbsError: 7.32712e-31
      Equation: "PotentialEquation"	RelError: 1.77519e-28	AbsError: 7.32712e-31
number of equations 7095
Iteration: 0
  Device: "part1_baseline"	RelError: 2.02695e+03	AbsError: 4.66604e+16
    Region: "bulk"	RelError: 2.02623e+03	AbsError: 4.66604e+16
      Equation: "ElectronContinuityEquation"	RelError: 9.99000e+02	AbsError: 4.52606e+16
      Equation: "HoleContinuityEquation"	RelError: 9.99000e+02	AbsError: 1.39973e+15
      Equation: "PotentialEquation"	RelError: 2.82286e+01	AbsError: 2.78470e-02
    Region: "oxide"	RelError: 7.20770e-01	AbsError: 1.38282e-02
      Equation: "PotentialEquation"	RelError: 7.20770e-01	AbsError: 1.38282e-02
Iteration: 1
  Device: "part1_baseline"	RelError: 4.65555e+00	AbsError: 3.82185e+14
    Region: "bulk"	RelError: 4.65423e+00	AbsError: 3.82185e+14
      Equation: "ElectronContinuityEquation"	RelError: 9.98224e-01	AbsError: 2.80296e+14
      Equation: "HoleContinuityEquation"	RelError: 9.98448e-01	AbsError: 1.01889e+14
      Equation: "PotentialEquation"	RelError: 2.65756e+00	AbsError: 2.21530e-02
    Region: "oxide"	RelError: 1.32183e-03	AbsError: 8.96212e-06
      Equation: "PotentialEquation"	RelError: 1.32183e-03	AbsError: 8.96212e-06
Iteration: 2
  Device: "part1_baseline"	RelError: 1.60184e+00	AbsError: 7.07640e+13
    Region: "bulk"	RelError: 1.60159e+00	AbsError: 7.07640e+13
      Equation: "ElectronContinuityEquation"	RelError: 4.12247e-01	AbsError: 7.04583e+13
      Equation: "HoleContinuityEquation"	RelError: 1.18797e+00	AbsError: 3.05706e+11
      Equation: "PotentialEquation"	RelError: 1.37769e-03	AbsError: 1.73769e-05
    Region: "oxide"	RelError: 2.53059e-04	AbsError: 3.09670e-06
      Equation: "PotentialEquation"	RelError: 2.53059e-04	AbsError: 3.09670e-06
Iteration: 3
  Device: "part1_baseline"	RelError: 3.26938e-04	AbsError: 3.73922e+09
    Region: "bulk"	RelError: 3.26923e-04	AbsError: 3.73922e+09
      Equation: "ElectronContinuityEquation"	RelError: 4.34533e-05	AbsError: 3.73013e+09
      Equation: "HoleContinuityEquation"	RelError: 2.83408e-04	AbsError: 9.08936e+06
      Equation: "PotentialEquation"	RelError: 6.17176e-08	AbsError: 1.31696e-09
    Region: "oxide"	RelError: 1.54020e-08	AbsError: 1.36410e-10
      Equation: "PotentialEquation"	RelError: 1.54020e-08	AbsError: 1.36410e-10
Iteration: 4
  Device: "part1_baseline"	RelError: 6.85630e-13	AbsError: 2.88743e+01
    Region: "bulk"	RelError: 6.85554e-13	AbsError: 2.88743e+01
      Equation: "ElectronContinuityEquation"	RelError: 1.08477e-13	AbsError: 2.88346e+01
      Equation: "HoleContinuityEquation"	RelError: 5.76776e-13	AbsError: 3.96337e-02
      Equation: "PotentialEquation"	RelError: 3.01079e-16	AbsError: 7.61597e-18
    Region: "oxide"	RelError: 7.51094e-17	AbsError: 6.55025e-19
      Equation: "PotentialEquation"	RelError: 7.51094e-17	AbsError: 6.55025e-19
number of equations 7095
Iteration: 0
  Device: "part1_baseline"	RelError: 2.04083e+03	AbsError: 5.69563e+16
    Region: "bulk"	RelError: 2.00795e+03	AbsError: 5.69563e+16
      Equation: "ElectronContinuityEquation"	RelError: 7.74386e-01	AbsError: 5.24178e+16
      Equation: "HoleContinuityEquation"	RelError: 9.99000e+02	AbsError: 4.53854e+15
      Equation: "PotentialEquation"	RelError: 1.00817e+03	AbsError: 3.84042e-02
    Region: "oxide"	RelError: 3.28778e+01	AbsError: 4.01180e-02
      Equation: "PotentialEquation"	RelError: 3.28778e+01	AbsError: 4.01180e-02
Iteration: 1
  Device: "part1_baseline"	RelError: 7.40352e+01	AbsError: 1.78435e+15
    Region: "bulk"	RelError: 7.27094e+01	AbsError: 1.78435e+15
      Equation: "ElectronContinuityEquation"	RelError: 6.58430e-01	AbsError: 6.88554e+14
      Equation: "HoleContinuityEquation"	RelError: 9.97793e-01	AbsError: 1.09580e+15
      Equation: "PotentialEquation"	RelError: 7.10531e+01	AbsError: 2.79093e-02
    Region: "oxide"	RelError: 1.32586e+00	AbsError: 2.97802e-02
      Equation: "PotentialEquation"	RelError: 1.32586e+00	AbsError: 2.97802e-02
Iteration: 2
  Device: "part1_baseline"	RelError: 4.13106e+03	AbsError: 4.09208e+14
    Region: "bulk"	RelError: 4.13054e+03	AbsError: 4.09208e+14
      Equation: "ElectronContinuityEquation"	RelError: 4.53552e-01	AbsError: 1.40539e+14
      Equation: "HoleContinuityEquation"	RelError: 9.99000e+02	AbsError: 2.68669e+14
      Equation: "PotentialEquation"	RelError: 3.13109e+03	AbsError: 2.22331e-02
    Region: "oxide"	RelError: 5.13490e-01	AbsError: 2.58282e-02
      Equation: "PotentialEquation"	RelError: 5.13490e-01	AbsError: 2.58282e-02
Iteration: 3
  Device: "part1_baseline"	RelError: 1.56314e+00	AbsError: 1.57575e+13
    Region: "bulk"	RelError: 1.48880e+00	AbsError: 1.57575e+13
      Equation: "ElectronContinuityEquation"	RelError: 2.41408e-01	AbsError: 7.74209e+12
      Equation: "HoleContinuityEquation"	RelError: 9.96599e-01	AbsError: 8.01540e+12
      Equation: "PotentialEquation"	RelError: 2.50791e-01	AbsError: 5.14042e-06
    Region: "oxide"	RelError: 7.43452e-02	AbsError: 8.04859e-03
      Equation: "PotentialEquation"	RelError: 7.43452e-02	AbsError: 8.04859e-03
Iteration: 4
  Device: "part1_baseline"	RelError: 1.71236e-04	AbsError: 1.10322e+08
    Region: "bulk"	RelError: 1.71236e-04	AbsError: 1.10322e+08
      Equation: "ElectronContinuityEquation"	RelError: 3.84224e-05	AbsError: 1.08980e+07
      Equation: "HoleContinuityEquation"	RelError: 1.31834e-04	AbsError: 9.94243e+07
      Equation: "PotentialEquation"	RelError: 9.79481e-07	AbsError: 3.28770e-11
    Region: "oxide"	RelError: 5.90181e-11	AbsError: 3.07472e-12
      Equation: "PotentialEquation"	RelError: 5.90181e-11	AbsError: 3.07472e-12
Iteration: 5
  Device: "part1_baseline"	RelError: 6.15578e-14	AbsError: 7.38671e-03
    Region: "bulk"	RelError: 6.15578e-14	AbsError: 7.38671e-03
      Equation: "ElectronContinuityEquation"	RelError: 4.53969e-14	AbsError: 7.42699e-04
      Equation: "HoleContinuityEquation"	RelError: 1.60422e-14	AbsError: 6.64401e-03
      Equation: "PotentialEquation"	RelError: 1.18638e-16	AbsError: 4.64268e-21
    Region: "oxide"	RelError: 1.47321e-20	AbsError: 6.52535e-22
      Equation: "PotentialEquation"	RelError: 1.47321e-20	AbsError: 6.52535e-22
number of equations 7095
Iteration: 0
  Device: "part1_baseline"	RelError: 1.14394e+03	AbsError: 5.63813e+16
    Region: "bulk"	RelError: 1.14347e+03	AbsError: 5.63813e+16
      Equation: "ElectronContinuityEquation"	RelError: 7.75494e-01	AbsError: 5.24362e+16
      Equation: "HoleContinuityEquation"	RelError: 9.99000e+02	AbsError: 3.94507e+15
      Equation: "PotentialEquation"	RelError: 1.43695e+02	AbsError: 3.85585e-02
    Region: "oxide"	RelError: 4.71264e-01	AbsError: 4.01180e-02
      Equation: "PotentialEquation"	RelError: 4.71264e-01	AbsError: 4.01180e-02
Iteration: 1
  Device: "part1_baseline"	RelError: 4.10086e+01	AbsError: 2.49037e+15
    Region: "bulk"	RelError: 4.07532e+01	AbsError: 2.49037e+15
      Equation: "ElectronContinuityEquation"	RelError: 6.61175e-01	AbsError: 1.58891e+15
      Equation: "HoleContinuityEquation"	RelError: 9.97801e-01	AbsError: 9.01463e+14
      Equation: "PotentialEquation"	RelError: 3.90942e+01	AbsError: 2.80586e-02
    Region: "oxide"	RelError: 2.55375e-01	AbsError: 2.97802e-02
      Equation: "PotentialEquation"	RelError: 2.55375e-01	AbsError: 2.97802e-02
Iteration: 2
  Device: "part1_baseline"	RelError: 1.02499e+03	AbsError: 6.52541e+14
    Region: "bulk"	RelError: 1.02482e+03	AbsError: 6.52541e+14
      Equation: "ElectronContinuityEquation"	RelError: 4.56176e-01	AbsError: 4.63634e+14
      Equation: "HoleContinuityEquation"	RelError: 9.99000e+02	AbsError: 1.88907e+14
      Equation: "PotentialEquation"	RelError: 2.53609e+01	AbsError: 2.25372e-02
    Region: "oxide"	RelError: 1.70207e-01	AbsError: 2.58263e-02
      Equation: "PotentialEquation"	RelError: 1.70207e-01	AbsError: 2.58263e-02
Iteration: 3
  Device: "part1_baseline"	RelError: 1.27946e+00	AbsError: 6.86469e+13
    Region: "bulk"	RelError: 1.24006e+00	AbsError: 6.86469e+13
      Equation: "ElectronContinuityEquation"	RelError: 2.42642e-01	AbsError: 6.73425e+13
      Equation: "HoleContinuityEquation"	RelError: 9.96706e-01	AbsError: 1.30443e+12
      Equation: "PotentialEquation"	RelError: 7.10191e-04	AbsError: 3.94581e-06
    Region: "oxide"	RelError: 3.94037e-02	AbsError: 8.04859e-03
      Equation: "PotentialEquation"	RelError: 3.94037e-02	AbsError: 8.04859e-03
Iteration: 4
  Device: "part1_baseline"	RelError: 1.07456e-04	AbsError: 9.45536e+08
    Region: "bulk"	RelError: 1.07456e-04	AbsError: 9.45536e+08
      Equation: "ElectronContinuityEquation"	RelError: 1.63575e-05	AbsError: 9.43291e+08
      Equation: "HoleContinuityEquation"	RelError: 9.10952e-05	AbsError: 2.24500e+06
      Equation: "PotentialEquation"	RelError: 3.14227e-09	AbsError: 5.46446e-11
    Region: "oxide"	RelError: 1.52741e-10	AbsError: 4.17899e-11
      Equation: "PotentialEquation"	RelError: 1.52741e-10	AbsError: 4.17899e-11
Iteration: 5
  Device: "part1_baseline"	RelError: 1.33033e-13	AbsError: 1.54350e-01
    Region: "bulk"	RelError: 1.33033e-13	AbsError: 1.54350e-01
      Equation: "ElectronContinuityEquation"	RelError: 2.58979e-15	AbsError: 1.54252e-01
      Equation: "HoleContinuityEquation"	RelError: 1.30442e-13	AbsError: 9.77799e-05
      Equation: "PotentialEquation"	RelError: 7.90583e-19	AbsError: 1.32180e-20
    Region: "oxide"	RelError: 3.22011e-20	AbsError: 8.81019e-21
      Equation: "PotentialEquation"	RelError: 3.22011e-20	AbsError: 8.81019e-21
number of equations 7095
Iteration: 0
  Device: "part1_baseline"	RelError: 1.07382e+03	AbsError: 5.55730e+16
    Region: "bulk"	RelError: 1.07360e+03	AbsError: 5.55730e+16
      Equation: "ElectronContinuityEquation"	RelError: 7.76344e-01	AbsError: 5.20928e+16
      Equation: "HoleContinuityEquation"	RelError: 9.99000e+02	AbsError: 3.48018e+15
      Equation: "PotentialEquation"	RelError: 7.38206e+01	AbsError: 3.86770e-02
    Region: "oxide"	RelError: 2.26067e-01	AbsError: 4.01180e-02
      Equation: "PotentialEquation"	RelError: 2.26067e-01	AbsError: 4.01180e-02
Iteration: 1
  Device: "part1_baseline"	RelError: 1.78382e+02	AbsError: 5.50704e+15
    Region: "bulk"	RelError: 1.78241e+02	AbsError: 5.50704e+15
      Equation: "ElectronContinuityEquation"	RelError: 6.62615e-01	AbsError: 4.84397e+15
      Equation: "HoleContinuityEquation"	RelError: 9.97823e-01	AbsError: 6.63068e+14
      Equation: "PotentialEquation"	RelError: 1.76580e+02	AbsError: 2.81645e-02
    Region: "oxide"	RelError: 1.41352e-01	AbsError: 2.97802e-02
      Equation: "PotentialEquation"	RelError: 1.41352e-01	AbsError: 2.97802e-02
Iteration: 2
  Device: "part1_baseline"	RelError: 9.45085e+03	AbsError: 2.24748e+15
    Region: "bulk"	RelError: 9.45075e+03	AbsError: 2.24748e+15
      Equation: "ElectronContinuityEquation"	RelError: 4.57363e-01	AbsError: 2.13590e+15
      Equation: "HoleContinuityEquation"	RelError: 9.43011e+03	AbsError: 1.11577e+14
      Equation: "PotentialEquation"	RelError: 2.01799e+01	AbsError: 2.27552e-02
    Region: "oxide"	RelError: 1.02498e-01	AbsError: 2.58170e-02
      Equation: "PotentialEquation"	RelError: 1.02498e-01	AbsError: 2.58170e-02
Iteration: 3
  Device: "part1_baseline"	RelError: 1.27399e+00	AbsError: 5.37150e+14
    Region: "bulk"	RelError: 1.24718e+00	AbsError: 5.37150e+14
      Equation: "ElectronContinuityEquation"	RelError: 2.45789e-01	AbsError: 5.36780e+14
      Equation: "HoleContinuityEquation"	RelError: 9.99640e-01	AbsError: 3.70348e+11
      Equation: "PotentialEquation"	RelError: 1.75215e-03	AbsError: 2.31225e-05
    Region: "oxide"	RelError: 2.68054e-02	AbsError: 8.04859e-03
      Equation: "PotentialEquation"	RelError: 2.68054e-02	AbsError: 8.04859e-03
Iteration: 4
  Device: "part1_baseline"	RelError: 4.97048e-04	AbsError: 3.91253e+10
    Region: "bulk"	RelError: 4.97043e-04	AbsError: 3.91253e+10
      Equation: "ElectronContinuityEquation"	RelError: 1.12760e-04	AbsError: 3.91012e+10
      Equation: "HoleContinuityEquation"	RelError: 3.83921e-04	AbsError: 2.40328e+07
      Equation: "PotentialEquation"	RelError: 3.61850e-07	AbsError: 1.73006e-09
    Region: "oxide"	RelError: 5.20692e-09	AbsError: 1.47345e-09
      Equation: "PotentialEquation"	RelError: 5.20692e-09	AbsError: 1.47345e-09
Iteration: 5
  Device: "part1_baseline"	RelError: 2.02665e-11	AbsError: 1.99358e+02
    Region: "bulk"	RelError: 2.02664e-11	AbsError: 1.99358e+02
      Equation: "ElectronContinuityEquation"	RelError: 2.90344e-12	AbsError: 1.99196e+02
      Equation: "HoleContinuityEquation"	RelError: 1.73580e-11	AbsError: 1.61948e-01
      Equation: "PotentialEquation"	RelError: 4.97232e-15	AbsError: 3.44407e-17
    Region: "oxide"	RelError: 9.94805e-17	AbsError: 2.66247e-17
      Equation: "PotentialEquation"	RelError: 9.94805e-17	AbsError: 2.66247e-17
number of equations 7095
Iteration: 0
  Device: "part1_baseline"	RelError: 1.03528e+03	AbsError: 5.34672e+16
    Region: "bulk"	RelError: 1.03513e+03	AbsError: 5.34672e+16
      Equation: "ElectronContinuityEquation"	RelError: 7.76938e-01	AbsError: 5.02991e+16
      Equation: "HoleContinuityEquation"	RelError: 9.99000e+02	AbsError: 3.16808e+15
      Equation: "PotentialEquation"	RelError: 3.53580e+01	AbsError: 3.87573e-02
    Region: "oxide"	RelError: 1.48631e-01	AbsError: 4.01180e-02
      Equation: "PotentialEquation"	RelError: 1.48631e-01	AbsError: 4.01180e-02
Iteration: 1
  Device: "part1_baseline"	RelError: 9.09958e+00	AbsError: 2.02102e+16
    Region: "bulk"	RelError: 9.00190e+00	AbsError: 2.02102e+16
      Equation: "ElectronContinuityEquation"	RelError: 6.63645e-01	AbsError: 1.96594e+16
      Equation: "HoleContinuityEquation"	RelError: 9.97881e-01	AbsError: 5.50807e+14
      Equation: "PotentialEquation"	RelError: 7.34038e+00	AbsError: 2.82266e-02
    Region: "oxide"	RelError: 9.76736e-02	AbsError: 2.97802e-02
      Equation: "PotentialEquation"	RelError: 9.76736e-02	AbsError: 2.97802e-02
Iteration: 2
  Device: "part1_baseline"	RelError: 1.53170e+03	AbsError: 1.08204e+16
    Region: "bulk"	RelError: 1.53163e+03	AbsError: 1.08204e+16
      Equation: "ElectronContinuityEquation"	RelError: 4.59555e-01	AbsError: 1.07455e+16
      Equation: "HoleContinuityEquation"	RelError: 1.52829e+03	AbsError: 7.48269e+13
      Equation: "PotentialEquation"	RelError: 2.87649e+00	AbsError: 2.28522e-02
    Region: "oxide"	RelError: 7.32814e-02	AbsError: 2.57783e-02
      Equation: "PotentialEquation"	RelError: 7.32814e-02	AbsError: 2.57783e-02
Iteration: 3
  Device: "part1_baseline"	RelError: 1.27374e+00	AbsError: 3.51584e+15
    Region: "bulk"	RelError: 1.25343e+00	AbsError: 3.51584e+15
      Equation: "ElectronContinuityEquation"	RelError: 2.43327e-01	AbsError: 3.51410e+15
      Equation: "HoleContinuityEquation"	RelError: 9.97788e-01	AbsError: 1.73994e+12
      Equation: "PotentialEquation"	RelError: 1.23152e-02	AbsError: 1.98759e-04
    Region: "oxide"	RelError: 2.03114e-02	AbsError: 8.04859e-03
      Equation: "PotentialEquation"	RelError: 2.03114e-02	AbsError: 8.04859e-03
Iteration: 4
  Device: "part1_baseline"	RelError: 2.96443e-03	AbsError: 1.97722e+12
    Region: "bulk"	RelError: 2.96388e-03	AbsError: 1.97722e+12
      Equation: "ElectronContinuityEquation"	RelError: 8.00303e-04	AbsError: 1.97429e+12
      Equation: "HoleContinuityEquation"	RelError: 2.13943e-03	AbsError: 2.92712e+09
      Equation: "PotentialEquation"	RelError: 2.41426e-05	AbsError: 2.62307e-07
    Region: "oxide"	RelError: 5.52419e-07	AbsError: 2.03262e-07
      Equation: "PotentialEquation"	RelError: 5.52419e-07	AbsError: 2.03262e-07
Iteration: 5
  Device: "part1_baseline"	RelError: 1.12923e-08	AbsError: 4.66280e+06
    Region: "bulk"	RelError: 1.12910e-08	AbsError: 4.66280e+06
      Equation: "ElectronContinuityEquation"	RelError: 1.62939e-09	AbsError: 4.65936e+06
      Equation: "HoleContinuityEquation"	RelError: 9.63184e-09	AbsError: 3.44196e+03
      Equation: "PotentialEquation"	RelError: 2.97637e-11	AbsError: 6.46492e-13
    Region: "oxide"	RelError: 1.33476e-12	AbsError: 4.91123e-13
      Equation: "PotentialEquation"	RelError: 1.33476e-12	AbsError: 4.91123e-13
number of equations 7095
Iteration: 0
  Device: "part1_baseline"	RelError: 1.08445e+03	AbsError: 1.07863e+17
    Region: "bulk"	RelError: 1.08434e+03	AbsError: 1.07863e+17
      Equation: "ElectronContinuityEquation"	RelError: 7.76798e-01	AbsError: 1.04961e+17
      Equation: "HoleContinuityEquation"	RelError: 9.99000e+02	AbsError: 2.90238e+15
      Equation: "PotentialEquation"	RelError: 8.45635e+01	AbsError: 3.87502e-02
    Region: "oxide"	RelError: 1.10524e-01	AbsError: 4.01180e-02
      Equation: "PotentialEquation"	RelError: 1.10524e-01	AbsError: 4.01180e-02
Iteration: 1
  Device: "part1_baseline"	RelError: 5.20909e+02	AbsError: 1.06319e+17
    Region: "bulk"	RelError: 5.20835e+02	AbsError: 1.06319e+17
      Equation: "ElectronContinuityEquation"	RelError: 6.58402e-01	AbsError: 1.05855e+17
      Equation: "HoleContinuityEquation"	RelError: 9.97949e-01	AbsError: 4.64327e+14
      Equation: "PotentialEquation"	RelError: 5.19179e+02	AbsError: 2.79974e-02
    Region: "oxide"	RelError: 7.38724e-02	AbsError: 2.97802e-02
      Equation: "PotentialEquation"	RelError: 7.38724e-02	AbsError: 2.97802e-02
Iteration: 2
  Device: "part1_baseline"	RelError: 2.64423e+03	AbsError: 3.55551e+16
    Region: "bulk"	RelError: 2.64417e+03	AbsError: 3.55551e+16
      Equation: "ElectronContinuityEquation"	RelError: 4.48444e-01	AbsError: 3.55030e+16
      Equation: "HoleContinuityEquation"	RelError: 2.64278e+03	AbsError: 5.20412e+13
      Equation: "PotentialEquation"	RelError: 9.41165e-01	AbsError: 2.17702e-02
    Region: "oxide"	RelError: 5.41920e-02	AbsError: 2.56647e-02
      Equation: "PotentialEquation"	RelError: 5.41920e-02	AbsError: 2.56647e-02
Iteration: 3
  Device: "part1_baseline"	RelError: 1.51694e+00	AbsError: 9.93244e+15
    Region: "bulk"	RelError: 1.50059e+00	AbsError: 9.93244e+15
      Equation: "ElectronContinuityEquation"	RelError: 2.15541e-01	AbsError: 9.91500e+15
      Equation: "HoleContinuityEquation"	RelError: 9.98704e-01	AbsError: 1.74380e+13
      Equation: "PotentialEquation"	RelError: 2.86343e-01	AbsError: 7.83727e-04
    Region: "oxide"	RelError: 1.63503e-02	AbsError: 8.04859e-03
      Equation: "PotentialEquation"	RelError: 1.63503e-02	AbsError: 8.04859e-03
Iteration: 4
  Device: "part1_baseline"	RelError: 9.40705e-03	AbsError: 2.96803e+13
    Region: "bulk"	RelError: 9.39823e-03	AbsError: 2.96803e+13
      Equation: "ElectronContinuityEquation"	RelError: 9.26934e-04	AbsError: 2.96369e+13
      Equation: "HoleContinuityEquation"	RelError: 8.05872e-03	AbsError: 4.34763e+10
      Equation: "PotentialEquation"	RelError: 4.12573e-04	AbsError: 4.52072e-06
    Region: "oxide"	RelError: 8.82186e-06	AbsError: 3.65629e-06
      Equation: "PotentialEquation"	RelError: 8.82186e-06	AbsError: 3.65629e-06
Iteration: 5
  Device: "part1_baseline"	RelError: 3.06066e-07	AbsError: 1.19371e+09
    Region: "bulk"	RelError: 3.05742e-07	AbsError: 1.19371e+09
      Equation: "ElectronContinuityEquation"	RelError: 3.37697e-08	AbsError: 1.19278e+09
      Equation: "HoleContinuityEquation"	RelError: 2.57535e-07	AbsError: 9.33153e+05
      Equation: "PotentialEquation"	RelError: 1.44378e-08	AbsError: 1.62917e-10
    Region: "oxide"	RelError: 3.23567e-10	AbsError: 1.34305e-10
      Equation: "PotentialEquation"	RelError: 3.23567e-10	AbsError: 1.34305e-10
PROBE_RESULT={"status": "OK", "Vg_V": 0.48, "Id_A_per_um": 8.645501944484965e-08, "Is_A_per_um": -8.645501944075439e-08, "Ib_A_per_um": -4.095254459926812e-18, "current_balance_A_per_um": 4.256259920823586e-24, "relative_current_balance": 4.923091739674743e-17}
