Creating Region air
Creating Region bulk
Creating Region gate_metal
Creating Region oxide
Contact: source region bulk ni: 0 ci: 51 (0, 0, 0)
Contact: body region bulk ni: 70 ci: 86 (0, 5e-05, 0)
Contact: source region bulk ni: 2 ci: 95 (2.5e-06, 0, 0)
Contact: body region bulk ni: 71 ci: 130 (2.5e-06, 5e-05, 0)
Contact: source region bulk ni: 72 ci: 139 (5e-06, 0, 0)
Contact: body region bulk ni: 107 ci: 174 (5e-06, 5e-05, 0)
Contact: source region bulk ni: 108 ci: 183 (7.5e-06, 0, 0)
Contact: body region bulk ni: 143 ci: 218 (7.5e-06, 5e-05, 0)
Contact: source region bulk ni: 144 ci: 227 (1e-05, 0, 0)
Contact: body region bulk ni: 179 ci: 262 (1e-05, 5e-05, 0)
Contact: source region bulk ni: 180 ci: 271 (1.25e-05, 0, 0)
Contact: body region bulk ni: 215 ci: 306 (1.25e-05, 5e-05, 0)
Contact: source region bulk ni: 216 ci: 315 (1.5e-05, 0, 0)
Contact: body region bulk ni: 251 ci: 350 (1.5e-05, 5e-05, 0)
Contact: source region bulk ni: 252 ci: 359 (1.75e-05, 0, 0)
Contact: body region bulk ni: 287 ci: 394 (1.75e-05, 5e-05, 0)
Contact: source region bulk ni: 288 ci: 403 (2e-05, 0, 0)
Contact: body region bulk ni: 323 ci: 438 (2e-05, 5e-05, 0)
Contact: source region bulk ni: 324 ci: 447 (2.25e-05, 0, 0)
Contact: body region bulk ni: 359 ci: 482 (2.25e-05, 5e-05, 0)
Contact: source region bulk ni: 360 ci: 491 (2.5e-05, 0, 0)
Contact: body region bulk ni: 395 ci: 526 (2.5e-05, 5e-05, 0)
Contact: source region bulk ni: 396 ci: 535 (2.75e-05, 0, 0)
Contact: body region bulk ni: 431 ci: 570 (2.75e-05, 5e-05, 0)
Contact: source region bulk ni: 432 ci: 579 (3e-05, 0, 0)
Contact: body region bulk ni: 467 ci: 614 (3e-05, 5e-05, 0)
Contact: source region bulk ni: 468 ci: 623 (3.25e-05, 0, 0)
Contact: body region bulk ni: 503 ci: 658 (3.25e-05, 5e-05, 0)
Contact: source region bulk ni: 504 ci: 667 (3.5e-05, 0, 0)
Contact: body region bulk ni: 539 ci: 702 (3.5e-05, 5e-05, 0)
Contact: source region bulk ni: 540 ci: 711 (3.75e-05, 0, 0)
Contact: body region bulk ni: 575 ci: 746 (3.75e-05, 5e-05, 0)
Contact: source region bulk ni: 576 ci: 755 (4e-05, 0, 0)
Contact: body region bulk ni: 611 ci: 790 (4e-05, 5e-05, 0)
Contact: source region bulk ni: 612 ci: 799 (4.25e-05, 0, 0)
Contact: body region bulk ni: 647 ci: 834 (4.25e-05, 5e-05, 0)
Contact: source region bulk ni: 648 ci: 843 (4.5e-05, 0, 0)
Contact: body region bulk ni: 683 ci: 878 (4.5e-05, 5e-05, 0)
Contact: source region bulk ni: 684 ci: 887 (4.75e-05, 0, 0)
Contact: body region bulk ni: 719 ci: 922 (4.75e-05, 5e-05, 0)
Contact: gate region oxide ni: 0 ci: 929 (5e-05, -4.75e-07, 0)
Contact: source region bulk ni: 720 ci: 931 (5e-05, 0, 0)
Contact: body region bulk ni: 755 ci: 966 (5e-05, 5e-05, 0)
Contact: gate region oxide ni: 2 ci: 973 (5.25e-05, -4.75e-07, 0)
Contact: body region bulk ni: 791 ci: 1010 (5.25e-05, 5e-05, 0)
Contact: gate region oxide ni: 6 ci: 1017 (5.5e-05, -4.75e-07, 0)
Contact: body region bulk ni: 827 ci: 1054 (5.5e-05, 5e-05, 0)
Contact: gate region oxide ni: 9 ci: 1061 (5.75e-05, -4.75e-07, 0)
Contact: body region bulk ni: 863 ci: 1098 (5.75e-05, 5e-05, 0)
Contact: gate region oxide ni: 12 ci: 1105 (6e-05, -4.75e-07, 0)
Contact: body region bulk ni: 899 ci: 1142 (6e-05, 5e-05, 0)
Contact: gate region oxide ni: 15 ci: 1149 (6.25e-05, -4.75e-07, 0)
Contact: body region bulk ni: 935 ci: 1186 (6.25e-05, 5e-05, 0)
Contact: gate region oxide ni: 18 ci: 1193 (6.5e-05, -4.75e-07, 0)
Contact: body region bulk ni: 971 ci: 1230 (6.5e-05, 5e-05, 0)
Contact: gate region oxide ni: 21 ci: 1237 (6.75e-05, -4.75e-07, 0)
Contact: body region bulk ni: 1007 ci: 1274 (6.75e-05, 5e-05, 0)
Contact: gate region oxide ni: 24 ci: 1281 (7e-05, -4.75e-07, 0)
Contact: body region bulk ni: 1043 ci: 1318 (7e-05, 5e-05, 0)
Contact: gate region oxide ni: 27 ci: 1325 (7.25e-05, -4.75e-07, 0)
Contact: body region bulk ni: 1079 ci: 1362 (7.25e-05, 5e-05, 0)
Contact: gate region oxide ni: 30 ci: 1369 (7.5e-05, -4.75e-07, 0)
Contact: body region bulk ni: 1115 ci: 1406 (7.5e-05, 5e-05, 0)
Contact: gate region oxide ni: 33 ci: 1413 (7.75e-05, -4.75e-07, 0)
Contact: body region bulk ni: 1151 ci: 1450 (7.75e-05, 5e-05, 0)
Contact: gate region oxide ni: 36 ci: 1457 (8e-05, -4.75e-07, 0)
Contact: body region bulk ni: 1187 ci: 1494 (8e-05, 5e-05, 0)
Contact: gate region oxide ni: 39 ci: 1501 (8.25e-05, -4.75e-07, 0)
Contact: body region bulk ni: 1223 ci: 1538 (8.25e-05, 5e-05, 0)
Contact: gate region oxide ni: 42 ci: 1545 (8.5e-05, -4.75e-07, 0)
Contact: body region bulk ni: 1259 ci: 1582 (8.5e-05, 5e-05, 0)
Contact: gate region oxide ni: 45 ci: 1589 (8.75e-05, -4.75e-07, 0)
Contact: body region bulk ni: 1295 ci: 1626 (8.75e-05, 5e-05, 0)
Contact: gate region oxide ni: 48 ci: 1633 (9e-05, -4.75e-07, 0)
Contact: body region bulk ni: 1331 ci: 1670 (9e-05, 5e-05, 0)
Contact: gate region oxide ni: 51 ci: 1677 (9.25e-05, -4.75e-07, 0)
Contact: body region bulk ni: 1367 ci: 1714 (9.25e-05, 5e-05, 0)
Contact: gate region oxide ni: 54 ci: 1721 (9.5e-05, -4.75e-07, 0)
Contact: body region bulk ni: 1403 ci: 1758 (9.5e-05, 5e-05, 0)
Contact: gate region oxide ni: 57 ci: 1765 (9.75e-05, -4.75e-07, 0)
Contact: body region bulk ni: 1439 ci: 1802 (9.75e-05, 5e-05, 0)
Contact: gate region oxide ni: 60 ci: 1809 (0.0001, -4.75e-07, 0)
Contact: body region bulk ni: 1475 ci: 1846 (0.0001, 5e-05, 0)
Contact: gate region oxide ni: 63 ci: 1853 (0.0001025, -4.75e-07, 0)
Contact: body region bulk ni: 1511 ci: 1890 (0.0001025, 5e-05, 0)
Contact: gate region oxide ni: 66 ci: 1897 (0.000105, -4.75e-07, 0)
Contact: body region bulk ni: 1547 ci: 1934 (0.000105, 5e-05, 0)
Contact: gate region oxide ni: 69 ci: 1941 (0.0001075, -4.75e-07, 0)
Contact: body region bulk ni: 1583 ci: 1978 (0.0001075, 5e-05, 0)
Contact: gate region oxide ni: 72 ci: 1985 (0.00011, -4.75e-07, 0)
Contact: drain region bulk ni: 1584 ci: 1987 (0.00011, 0, 0)
Contact: body region bulk ni: 1619 ci: 2022 (0.00011, 5e-05, 0)
Contact: drain region bulk ni: 1620 ci: 2031 (0.0001125, 0, 0)
Contact: body region bulk ni: 1655 ci: 2066 (0.0001125, 5e-05, 0)
Contact: drain region bulk ni: 1656 ci: 2075 (0.000115, 0, 0)
Contact: body region bulk ni: 1691 ci: 2110 (0.000115, 5e-05, 0)
Contact: drain region bulk ni: 1692 ci: 2119 (0.0001175, 0, 0)
Contact: body region bulk ni: 1727 ci: 2154 (0.0001175, 5e-05, 0)
Contact: drain region bulk ni: 1728 ci: 2163 (0.00012, 0, 0)
Contact: body region bulk ni: 1763 ci: 2198 (0.00012, 5e-05, 0)
Contact: drain region bulk ni: 1764 ci: 2207 (0.0001225, 0, 0)
Contact: body region bulk ni: 1799 ci: 2242 (0.0001225, 5e-05, 0)
Contact: drain region bulk ni: 1800 ci: 2251 (0.000125, 0, 0)
Contact: body region bulk ni: 1835 ci: 2286 (0.000125, 5e-05, 0)
Contact: drain region bulk ni: 1836 ci: 2295 (0.0001275, 0, 0)
Contact: body region bulk ni: 1871 ci: 2330 (0.0001275, 5e-05, 0)
Contact: drain region bulk ni: 1872 ci: 2339 (0.00013, 0, 0)
Contact: body region bulk ni: 1907 ci: 2374 (0.00013, 5e-05, 0)
Contact: drain region bulk ni: 1908 ci: 2383 (0.0001325, 0, 0)
Contact: body region bulk ni: 1943 ci: 2418 (0.0001325, 5e-05, 0)
Contact: drain region bulk ni: 1944 ci: 2427 (0.000135, 0, 0)
Contact: body region bulk ni: 1979 ci: 2462 (0.000135, 5e-05, 0)
Contact: drain region bulk ni: 1980 ci: 2471 (0.0001375, 0, 0)
Contact: body region bulk ni: 2015 ci: 2506 (0.0001375, 5e-05, 0)
Contact: drain region bulk ni: 2016 ci: 2515 (0.00014, 0, 0)
Contact: body region bulk ni: 2051 ci: 2550 (0.00014, 5e-05, 0)
Contact: drain region bulk ni: 2052 ci: 2559 (0.0001425, 0, 0)
Contact: body region bulk ni: 2087 ci: 2594 (0.0001425, 5e-05, 0)
Contact: drain region bulk ni: 2088 ci: 2603 (0.000145, 0, 0)
Contact: body region bulk ni: 2123 ci: 2638 (0.000145, 5e-05, 0)
Contact: drain region bulk ni: 2124 ci: 2647 (0.0001475, 0, 0)
Contact: body region bulk ni: 2159 ci: 2682 (0.0001475, 5e-05, 0)
Contact: drain region bulk ni: 2160 ci: 2691 (0.00015, 0, 0)
Contact: body region bulk ni: 2195 ci: 2726 (0.00015, 5e-05, 0)
Contact: drain region bulk ni: 2196 ci: 2735 (0.0001525, 0, 0)
Contact: body region bulk ni: 2231 ci: 2770 (0.0001525, 5e-05, 0)
Contact: drain region bulk ni: 2232 ci: 2779 (0.000155, 0, 0)
Contact: body region bulk ni: 2267 ci: 2814 (0.000155, 5e-05, 0)
Contact: drain region bulk ni: 2268 ci: 2823 (0.0001575, 0, 0)
Contact: body region bulk ni: 2303 ci: 2858 (0.0001575, 5e-05, 0)
Contact: drain region bulk ni: 2304 ci: 2867 (0.00016, 0, 0)
Contact: body region bulk ni: 2339 ci: 2902 (0.00016, 5e-05, 0)
Adding 668 nodes
Adding 1576 edges with 1148 duplicates removed
Adding 908 triangles  with 0 duplicate removed
Adding 2340 nodes
Adding 6819 edges with 6621 duplicates removed
Adding 4480 triangles  with 0 duplicate removed
Adding 125 nodes
Adding 316 edges with 260 duplicates removed
Adding 192 triangles  with 0 duplicate removed
Adding 75 nodes
Adding 170 edges with 118 duplicates removed
Adding 96 triangles  with 0 duplicate removed
Contact body in region bulk with 65 nodes
Contact drain in region bulk with 21 nodes
Contact gate in region oxide with 25 nodes
Contact source in region bulk with 21 nodes
Interface bulk_oxide bulk oxide has 23 node pairs
Adding interface bulk_oxide with 23, 23 nodes
Replacing Node Model gatenodemodel in region oxide of material Oxide
number of equations 2415
Iteration: 0
  Device: "mos_light"	RelError: 2.00000e+00	AbsError: 2.02815e-01
    Region: "bulk"	RelError: 1.00000e+00	AbsError: 2.02815e-01
      Equation: "PotentialEquation"	RelError: 1.00000e+00	AbsError: 2.02815e-01
    Region: "oxide"	RelError: 1.00000e+00	AbsError: 1.31163e-01
      Equation: "PotentialEquation"	RelError: 1.00000e+00	AbsError: 1.31163e-01
Iteration: 1
  Device: "mos_light"	RelError: 9.97502e-01	AbsError: 2.02373e-01
    Region: "bulk"	RelError: 4.99593e-01	AbsError: 2.02373e-01
      Equation: "PotentialEquation"	RelError: 4.99593e-01	AbsError: 2.02373e-01
    Region: "oxide"	RelError: 4.97908e-01	AbsError: 1.30070e-01
      Equation: "PotentialEquation"	RelError: 4.97908e-01	AbsError: 1.30070e-01
Iteration: 2
  Device: "mos_light"	RelError: 1.25157e+00	AbsError: 1.49618e-01
    Region: "bulk"	RelError: 7.15688e-01	AbsError: 1.49618e-01
      Equation: "PotentialEquation"	RelError: 7.15688e-01	AbsError: 1.49618e-01
    Region: "oxide"	RelError: 5.35878e-01	AbsError: 8.59894e-02
      Equation: "PotentialEquation"	RelError: 5.35878e-01	AbsError: 8.59894e-02
Iteration: 3
  Device: "mos_light"	RelError: 3.55275e+00	AbsError: 9.29839e-02
    Region: "bulk"	RelError: 2.64351e+00	AbsError: 9.29839e-02
      Equation: "PotentialEquation"	RelError: 2.64351e+00	AbsError: 9.29839e-02
    Region: "oxide"	RelError: 9.09237e-01	AbsError: 5.41683e-02
      Equation: "PotentialEquation"	RelError: 9.09237e-01	AbsError: 5.41683e-02
Iteration: 4
  Device: "mos_light"	RelError: 3.15311e+02	AbsError: 9.39883e-02
    Region: "bulk"	RelError: 3.12486e+02	AbsError: 9.39883e-02
      Equation: "PotentialEquation"	RelError: 3.12486e+02	AbsError: 9.39883e-02
    Region: "oxide"	RelError: 2.82471e+00	AbsError: 5.16117e-02
      Equation: "PotentialEquation"	RelError: 2.82471e+00	AbsError: 5.16117e-02
Iteration: 5
  Device: "mos_light"	RelError: 5.30576e+02	AbsError: 9.34716e-02
    Region: "bulk"	RelError: 5.17548e+02	AbsError: 9.34716e-02
      Equation: "PotentialEquation"	RelError: 5.17548e+02	AbsError: 9.34716e-02
    Region: "oxide"	RelError: 1.30277e+01	AbsError: 4.74678e-02
      Equation: "PotentialEquation"	RelError: 1.30277e+01	AbsError: 4.74678e-02
Iteration: 6
  Device: "mos_light"	RelError: 1.60178e+02	AbsError: 9.24562e-02
    Region: "bulk"	RelError: 1.43061e+02	AbsError: 9.24562e-02
      Equation: "PotentialEquation"	RelError: 1.43061e+02	AbsError: 9.24562e-02
    Region: "oxide"	RelError: 1.71168e+01	AbsError: 4.21387e-02
      Equation: "PotentialEquation"	RelError: 1.71168e+01	AbsError: 4.21387e-02
Iteration: 7
  Device: "mos_light"	RelError: 1.15509e+03	AbsError: 9.06820e-02
    Region: "bulk"	RelError: 1.06357e+03	AbsError: 9.06820e-02
      Equation: "PotentialEquation"	RelError: 1.06357e+03	AbsError: 9.06820e-02
    Region: "oxide"	RelError: 9.15180e+01	AbsError: 3.49089e-02
      Equation: "PotentialEquation"	RelError: 9.15180e+01	AbsError: 3.49089e-02
Iteration: 8
  Device: "mos_light"	RelError: 1.00927e+02	AbsError: 8.47279e-02
    Region: "bulk"	RelError: 9.96050e+01	AbsError: 8.47279e-02
      Equation: "PotentialEquation"	RelError: 9.96050e+01	AbsError: 8.47279e-02
    Region: "oxide"	RelError: 1.32197e+00	AbsError: 2.46715e-02
      Equation: "PotentialEquation"	RelError: 1.32197e+00	AbsError: 2.46715e-02
Iteration: 9
  Device: "mos_light"	RelError: 2.44483e+02	AbsError: 7.52815e-02
    Region: "bulk"	RelError: 2.39704e+02	AbsError: 7.52815e-02
      Equation: "PotentialEquation"	RelError: 2.39704e+02	AbsError: 7.52815e-02
    Region: "oxide"	RelError: 4.77825e+00	AbsError: 2.08472e-02
      Equation: "PotentialEquation"	RelError: 4.77825e+00	AbsError: 2.08472e-02
Iteration: 10
  Device: "mos_light"	RelError: 1.82078e+02	AbsError: 6.25336e-02
    Region: "bulk"	RelError: 1.80364e+02	AbsError: 6.25336e-02
      Equation: "PotentialEquation"	RelError: 1.80364e+02	AbsError: 6.25336e-02
    Region: "oxide"	RelError: 1.71383e+00	AbsError: 8.10630e-03
      Equation: "PotentialEquation"	RelError: 1.71383e+00	AbsError: 8.10630e-03
Iteration: 11
  Device: "mos_light"	RelError: 4.81559e+00	AbsError: 3.81851e-02
    Region: "bulk"	RelError: 4.59616e+00	AbsError: 3.81851e-02
      Equation: "PotentialEquation"	RelError: 4.59616e+00	AbsError: 3.81851e-02
    Region: "oxide"	RelError: 2.19424e-01	AbsError: 9.20866e-04
      Equation: "PotentialEquation"	RelError: 2.19424e-01	AbsError: 9.20866e-04
Iteration: 12
  Device: "mos_light"	RelError: 1.99283e+01	AbsError: 2.54413e-02
    Region: "bulk"	RelError: 1.99033e+01	AbsError: 2.54413e-02
      Equation: "PotentialEquation"	RelError: 1.99033e+01	AbsError: 2.54413e-02
    Region: "oxide"	RelError: 2.50721e-02	AbsError: 1.04450e-04
      Equation: "PotentialEquation"	RelError: 2.50721e-02	AbsError: 1.04450e-04
Iteration: 13
  Device: "mos_light"	RelError: 1.03843e+00	AbsError: 9.23280e-03
    Region: "bulk"	RelError: 1.03664e+00	AbsError: 9.23280e-03
      Equation: "PotentialEquation"	RelError: 1.03664e+00	AbsError: 9.23280e-03
    Region: "oxide"	RelError: 1.78761e-03	AbsError: 7.32097e-06
      Equation: "PotentialEquation"	RelError: 1.78761e-03	AbsError: 7.32097e-06
Iteration: 14
  Device: "mos_light"	RelError: 1.97210e-02	AbsError: 8.80859e-05
    Region: "bulk"	RelError: 1.97042e-02	AbsError: 8.80859e-05
      Equation: "PotentialEquation"	RelError: 1.97042e-02	AbsError: 8.80859e-05
    Region: "oxide"	RelError: 1.67298e-05	AbsError: 6.85175e-08
      Equation: "PotentialEquation"	RelError: 1.67298e-05	AbsError: 6.85175e-08
Iteration: 15
  Device: "mos_light"	RelError: 9.77088e-06	AbsError: 7.35678e-08
    Region: "bulk"	RelError: 9.76881e-06	AbsError: 7.35678e-08
      Equation: "PotentialEquation"	RelError: 9.76881e-06	AbsError: 7.35678e-08
    Region: "oxide"	RelError: 2.06859e-09	AbsError: 8.48873e-12
      Equation: "PotentialEquation"	RelError: 2.06859e-09	AbsError: 8.48873e-12
Iteration: 16
  Device: "mos_light"	RelError: 4.11762e-12	AbsError: 5.28013e-14
    Region: "bulk"	RelError: 4.11702e-12	AbsError: 5.28013e-14
      Equation: "PotentialEquation"	RelError: 4.11702e-12	AbsError: 5.28013e-14
    Region: "oxide"	RelError: 5.97529e-16	AbsError: 2.46534e-18
      Equation: "PotentialEquation"	RelError: 5.97529e-16	AbsError: 2.46534e-18
Warning: Replacing equation with equation of the same name.
Region: bulk, Equation: PotentialEquation, Variable: Potential
number of equations 7095
Iteration: 0
  Device: "mos_light"	RelError: 3.76943e-24	AbsError: 1.74271e-08
    Region: "bulk"	RelError: 3.76926e-24	AbsError: 1.74271e-08
      Equation: "ElectronContinuityEquation"	RelError: 1.10537e-24	AbsError: 3.86132e-09
      Equation: "HoleContinuityEquation"	RelError: 1.10537e-24	AbsError: 1.35658e-08
      Equation: "PotentialEquation"	RelError: 1.55851e-24	AbsError: 2.86150e-26
    Region: "oxide"	RelError: 1.72944e-28	AbsError: 7.29904e-31
      Equation: "PotentialEquation"	RelError: 1.72944e-28	AbsError: 7.29904e-31
number of equations 7095
Iteration: 0
  Device: "mos_light"	RelError: 2.07063e+03	AbsError: 9.33207e+16
    Region: "bulk"	RelError: 2.06547e+03	AbsError: 9.33207e+16
      Equation: "ElectronContinuityEquation"	RelError: 1.04414e+03	AbsError: 9.05213e+16
      Equation: "HoleContinuityEquation"	RelError: 9.99000e+02	AbsError: 2.79945e+15
      Equation: "PotentialEquation"	RelError: 2.23221e+01	AbsError: 4.09542e-02
    Region: "oxide"	RelError: 5.16256e+00	AbsError: 1.88162e-02
      Equation: "PotentialEquation"	RelError: 5.16256e+00	AbsError: 1.88162e-02
Iteration: 1
  Device: "mos_light"	RelError: 1.00792e+03	AbsError: 1.42537e+15
    Region: "bulk"	RelError: 1.00786e+03	AbsError: 1.42537e+15
      Equation: "ElectronContinuityEquation"	RelError: 9.99000e+02	AbsError: 1.00179e+15
      Equation: "HoleContinuityEquation"	RelError: 9.98716e-01	AbsError: 4.23583e+14
      Equation: "PotentialEquation"	RelError: 7.86357e+00	AbsError: 3.07633e-02
    Region: "oxide"	RelError: 5.33459e-02	AbsError: 8.81679e-03
      Equation: "PotentialEquation"	RelError: 5.33459e-02	AbsError: 8.81679e-03
Iteration: 2
  Device: "mos_light"	RelError: 1.01345e+03	AbsError: 2.35772e+14
    Region: "bulk"	RelError: 1.01344e+03	AbsError: 2.35772e+14
      Equation: "ElectronContinuityEquation"	RelError: 1.26215e+01	AbsError: 2.03814e+14
      Equation: "HoleContinuityEquation"	RelError: 9.99000e+02	AbsError: 3.19580e+13
      Equation: "PotentialEquation"	RelError: 1.82164e+00	AbsError: 2.50196e-02
    Region: "oxide"	RelError: 2.97737e-03	AbsError: 9.76625e-06
      Equation: "PotentialEquation"	RelError: 2.97737e-03	AbsError: 9.76625e-06
Iteration: 3
  Device: "mos_light"	RelError: 1.76631e+00	AbsError: 1.50983e+15
    Region: "bulk"	RelError: 1.76612e+00	AbsError: 1.50983e+15
      Equation: "ElectronContinuityEquation"	RelError: 7.52093e-01	AbsError: 1.50863e+15
      Equation: "HoleContinuityEquation"	RelError: 9.97679e-01	AbsError: 1.19576e+12
      Equation: "PotentialEquation"	RelError: 1.63431e-02	AbsError: 9.16562e-03
    Region: "oxide"	RelError: 1.96500e-04	AbsError: 2.91477e-06
      Equation: "PotentialEquation"	RelError: 1.96500e-04	AbsError: 2.91477e-06
Iteration: 4
  Device: "mos_light"	RelError: 4.75313e-01	AbsError: 1.68046e+15
    Region: "bulk"	RelError: 4.73894e-01	AbsError: 1.68046e+15
      Equation: "ElectronContinuityEquation"	RelError: 5.83824e-02	AbsError: 1.67880e+15
      Equation: "HoleContinuityEquation"	RelError: 4.06257e-01	AbsError: 1.65857e+12
      Equation: "PotentialEquation"	RelError: 9.25441e-03	AbsError: 1.96128e-04
    Region: "oxide"	RelError: 1.41935e-03	AbsError: 2.17173e-06
      Equation: "PotentialEquation"	RelError: 1.41935e-03	AbsError: 2.17173e-06
Iteration: 5
  Device: "mos_light"	RelError: 6.35503e-04	AbsError: 1.59896e+12
    Region: "bulk"	RelError: 6.34955e-04	AbsError: 1.59896e+12
      Equation: "ElectronContinuityEquation"	RelError: 1.03210e-04	AbsError: 1.59816e+12
      Equation: "HoleContinuityEquation"	RelError: 5.27133e-04	AbsError: 7.96315e+08
      Equation: "PotentialEquation"	RelError: 4.61251e-06	AbsError: 1.72804e-07
    Region: "oxide"	RelError: 5.47676e-07	AbsError: 6.52989e-10
      Equation: "PotentialEquation"	RelError: 5.47676e-07	AbsError: 6.52989e-10
Iteration: 6
  Device: "mos_light"	RelError: 6.62864e-10	AbsError: 1.36675e+06
    Region: "bulk"	RelError: 6.62467e-10	AbsError: 1.36675e+06
      Equation: "ElectronContinuityEquation"	RelError: 1.14197e-10	AbsError: 1.36612e+06
      Equation: "HoleContinuityEquation"	RelError: 5.44736e-10	AbsError: 6.28184e+02
      Equation: "PotentialEquation"	RelError: 3.53427e-12	AbsError: 1.46813e-13
    Region: "oxide"	RelError: 3.97807e-13	AbsError: 4.69355e-16
      Equation: "PotentialEquation"	RelError: 3.97807e-13	AbsError: 4.69355e-16
number of equations 7095
Iteration: 0
  Device: "mos_light"	RelError: 2.19496e+03	AbsError: 9.19293e+16
    Region: "bulk"	RelError: 2.19304e+03	AbsError: 9.19293e+16
      Equation: "ElectronContinuityEquation"	RelError: 9.99000e+02	AbsError: 8.90785e+16
      Equation: "HoleContinuityEquation"	RelError: 9.99000e+02	AbsError: 2.85089e+15
      Equation: "PotentialEquation"	RelError: 1.95040e+02	AbsError: 4.09542e-02
    Region: "oxide"	RelError: 1.92250e+00	AbsError: 1.87877e-02
      Equation: "PotentialEquation"	RelError: 1.92250e+00	AbsError: 1.87877e-02
Iteration: 1
  Device: "mos_light"	RelError: 1.01411e+03	AbsError: 1.52239e+15
    Region: "bulk"	RelError: 1.01406e+03	AbsError: 1.52239e+15
      Equation: "ElectronContinuityEquation"	RelError: 9.99000e+02	AbsError: 1.08518e+15
      Equation: "HoleContinuityEquation"	RelError: 9.98613e-01	AbsError: 4.37212e+14
      Equation: "PotentialEquation"	RelError: 1.40608e+01	AbsError: 3.07633e-02
    Region: "oxide"	RelError: 4.56863e-02	AbsError: 8.81106e-03
      Equation: "PotentialEquation"	RelError: 4.56863e-02	AbsError: 8.81106e-03
Iteration: 2
  Device: "mos_light"	RelError: 1.00581e+03	AbsError: 2.12490e+14
    Region: "bulk"	RelError: 1.00581e+03	AbsError: 2.12490e+14
      Equation: "ElectronContinuityEquation"	RelError: 5.98785e+00	AbsError: 1.79871e+14
      Equation: "HoleContinuityEquation"	RelError: 9.99000e+02	AbsError: 3.26189e+13
      Equation: "PotentialEquation"	RelError: 8.25816e-01	AbsError: 2.49201e-02
    Region: "oxide"	RelError: 4.15600e-04	AbsError: 2.86227e-06
      Equation: "PotentialEquation"	RelError: 4.15600e-04	AbsError: 2.86227e-06
Iteration: 3
  Device: "mos_light"	RelError: 1.79367e+00	AbsError: 1.28126e+15
    Region: "bulk"	RelError: 1.79349e+00	AbsError: 1.28126e+15
      Equation: "ElectronContinuityEquation"	RelError: 7.81623e-01	AbsError: 1.28036e+15
      Equation: "HoleContinuityEquation"	RelError: 9.98111e-01	AbsError: 9.05196e+11
      Equation: "PotentialEquation"	RelError: 1.37611e-02	AbsError: 9.16557e-03
    Region: "oxide"	RelError: 1.77391e-04	AbsError: 5.40088e-07
      Equation: "PotentialEquation"	RelError: 1.77391e-04	AbsError: 5.40088e-07
Iteration: 4
  Device: "mos_light"	RelError: 4.07778e-01	AbsError: 1.43573e+15
    Region: "bulk"	RelError: 4.07361e-01	AbsError: 1.43573e+15
      Equation: "ElectronContinuityEquation"	RelError: 6.02631e-02	AbsError: 1.43448e+15
      Equation: "HoleContinuityEquation"	RelError: 3.33247e-01	AbsError: 1.24571e+12
      Equation: "PotentialEquation"	RelError: 1.38511e-02	AbsError: 1.66011e-04
    Region: "oxide"	RelError: 4.17367e-04	AbsError: 1.17802e-06
      Equation: "PotentialEquation"	RelError: 4.17367e-04	AbsError: 1.17802e-06
Iteration: 5
  Device: "mos_light"	RelError: 2.02581e-04	AbsError: 1.23143e+12
    Region: "bulk"	RelError: 2.02386e-04	AbsError: 1.23143e+12
      Equation: "ElectronContinuityEquation"	RelError: 8.80211e-05	AbsError: 1.23084e+12
      Equation: "HoleContinuityEquation"	RelError: 1.09602e-04	AbsError: 5.82286e+08
      Equation: "PotentialEquation"	RelError: 4.76359e-06	AbsError: 1.33515e-07
    Region: "oxide"	RelError: 1.94811e-07	AbsError: 4.87876e-10
      Equation: "PotentialEquation"	RelError: 1.94811e-07	AbsError: 4.87876e-10
Iteration: 6
  Device: "mos_light"	RelError: 1.70572e-10	AbsError: 8.55837e+05
    Region: "bulk"	RelError: 1.70446e-10	AbsError: 8.55837e+05
      Equation: "ElectronContinuityEquation"	RelError: 7.87863e-11	AbsError: 8.55463e+05
      Equation: "HoleContinuityEquation"	RelError: 8.90167e-11	AbsError: 3.73824e+02
      Equation: "PotentialEquation"	RelError: 2.64319e-12	AbsError: 9.24023e-14
    Region: "oxide"	RelError: 1.25827e-13	AbsError: 3.17213e-16
      Equation: "PotentialEquation"	RelError: 1.25827e-13	AbsError: 3.17213e-16
number of equations 7095
Iteration: 0
  Device: "mos_light"	RelError: 2.37635e+03	AbsError: 8.97983e+16
    Region: "bulk"	RelError: 2.37433e+03	AbsError: 8.97983e+16
      Equation: "ElectronContinuityEquation"	RelError: 9.99000e+02	AbsError: 8.71176e+16
      Equation: "HoleContinuityEquation"	RelError: 9.99000e+02	AbsError: 2.68066e+15
      Equation: "PotentialEquation"	RelError: 3.76326e+02	AbsError: 4.09542e-02
    Region: "oxide"	RelError: 2.02308e+00	AbsError: 1.87866e-02
      Equation: "PotentialEquation"	RelError: 2.02308e+00	AbsError: 1.87866e-02
Iteration: 1
  Device: "mos_light"	RelError: 2.00157e+03	AbsError: 1.51332e+15
    Region: "bulk"	RelError: 2.00153e+03	AbsError: 1.51332e+15
      Equation: "ElectronContinuityEquation"	RelError: 9.99000e+02	AbsError: 1.18514e+15
      Equation: "HoleContinuityEquation"	RelError: 9.99000e+02	AbsError: 3.28182e+14
      Equation: "PotentialEquation"	RelError: 3.53304e+00	AbsError: 3.07633e-02
    Region: "oxide"	RelError: 3.99864e-02	AbsError: 8.81531e-03
      Equation: "PotentialEquation"	RelError: 3.99864e-02	AbsError: 8.81531e-03
Iteration: 2
  Device: "mos_light"	RelError: 1.00360e+03	AbsError: 1.72405e+14
    Region: "bulk"	RelError: 1.00360e+03	AbsError: 1.72405e+14
      Equation: "ElectronContinuityEquation"	RelError: 4.44813e+00	AbsError: 1.54785e+14
      Equation: "HoleContinuityEquation"	RelError: 9.99000e+02	AbsError: 1.76198e+13
      Equation: "PotentialEquation"	RelError: 1.49343e-01	AbsError: 2.58571e-02
    Region: "oxide"	RelError: 1.88634e-04	AbsError: 9.16427e-07
      Equation: "PotentialEquation"	RelError: 1.88634e-04	AbsError: 9.16427e-07
Iteration: 3
  Device: "mos_light"	RelError: 1.86282e+00	AbsError: 1.69660e+15
    Region: "bulk"	RelError: 1.86246e+00	AbsError: 1.69660e+15
      Equation: "ElectronContinuityEquation"	RelError: 8.03512e-01	AbsError: 1.69522e+15
      Equation: "HoleContinuityEquation"	RelError: 1.00000e+00	AbsError: 1.38851e+12
      Equation: "PotentialEquation"	RelError: 5.89448e-02	AbsError: 9.16579e-03
    Region: "oxide"	RelError: 3.58338e-04	AbsError: 8.07231e-07
      Equation: "PotentialEquation"	RelError: 3.58338e-04	AbsError: 8.07231e-07
Iteration: 4
  Device: "mos_light"	RelError: 2.01255e-01	AbsError: 1.79739e+15
    Region: "bulk"	RelError: 2.00773e-01	AbsError: 1.79739e+15
      Equation: "ElectronContinuityEquation"	RelError: 6.16350e-02	AbsError: 1.79574e+15
      Equation: "HoleContinuityEquation"	RelError: 5.28359e-02	AbsError: 1.64866e+12
      Equation: "PotentialEquation"	RelError: 8.63026e-02	AbsError: 2.25575e-04
    Region: "oxide"	RelError: 4.81140e-04	AbsError: 1.20432e-06
      Equation: "PotentialEquation"	RelError: 4.81140e-04	AbsError: 1.20432e-06
Iteration: 5
  Device: "mos_light"	RelError: 2.11195e-04	AbsError: 1.77828e+12
    Region: "bulk"	RelError: 2.10907e-04	AbsError: 1.77828e+12
      Equation: "ElectronContinuityEquation"	RelError: 1.45458e-04	AbsError: 1.77729e+12
      Equation: "HoleContinuityEquation"	RelError: 1.43132e-05	AbsError: 9.91273e+08
      Equation: "PotentialEquation"	RelError: 5.11359e-05	AbsError: 2.07164e-07
    Region: "oxide"	RelError: 2.87311e-07	AbsError: 6.82048e-10
      Equation: "PotentialEquation"	RelError: 2.87311e-07	AbsError: 6.82048e-10
Iteration: 6
  Device: "mos_light"	RelError: 2.62619e-10	AbsError: 1.70667e+06
    Region: "bulk"	RelError: 2.62420e-10	AbsError: 1.70667e+06
      Equation: "ElectronContinuityEquation"	RelError: 2.12210e-10	AbsError: 1.70594e+06
      Equation: "HoleContinuityEquation"	RelError: 1.48217e-11	AbsError: 7.38061e+02
      Equation: "PotentialEquation"	RelError: 3.53881e-11	AbsError: 1.91245e-13
    Region: "oxide"	RelError: 1.99004e-13	AbsError: 4.71635e-16
      Equation: "PotentialEquation"	RelError: 1.99004e-13	AbsError: 4.71635e-16
number of equations 7095
Iteration: 0
  Device: "mos_light"	RelError: 2.06580e+03	AbsError: 8.71739e+16
    Region: "bulk"	RelError: 2.06497e+03	AbsError: 8.71739e+16
      Equation: "ElectronContinuityEquation"	RelError: 9.99000e+02	AbsError: 8.48693e+16
      Equation: "HoleContinuityEquation"	RelError: 9.99000e+02	AbsError: 2.30457e+15
      Equation: "PotentialEquation"	RelError: 6.69744e+01	AbsError: 4.09542e-02
    Region: "oxide"	RelError: 8.30152e-01	AbsError: 1.87920e-02
      Equation: "PotentialEquation"	RelError: 8.30152e-01	AbsError: 1.87920e-02
Iteration: 1
  Device: "mos_light"	RelError: 2.01505e+03	AbsError: 1.57171e+15
    Region: "bulk"	RelError: 2.01501e+03	AbsError: 1.57171e+15
      Equation: "ElectronContinuityEquation"	RelError: 9.99000e+02	AbsError: 1.24105e+15
      Equation: "HoleContinuityEquation"	RelError: 9.99000e+02	AbsError: 3.30661e+14
      Equation: "PotentialEquation"	RelError: 1.70118e+01	AbsError: 3.07632e-02
    Region: "oxide"	RelError: 3.55618e-02	AbsError: 8.82182e-03
      Equation: "PotentialEquation"	RelError: 3.55618e-02	AbsError: 8.82182e-03
Iteration: 2
  Device: "mos_light"	RelError: 1.00256e+03	AbsError: 1.44879e+14
    Region: "bulk"	RelError: 1.00256e+03	AbsError: 1.44879e+14
      Equation: "ElectronContinuityEquation"	RelError: 3.38158e+00	AbsError: 1.33284e+14
      Equation: "HoleContinuityEquation"	RelError: 9.99000e+02	AbsError: 1.15947e+13
      Equation: "PotentialEquation"	RelError: 1.79272e-01	AbsError: 2.57952e-02
    Region: "oxide"	RelError: 4.22045e-05	AbsError: 3.90325e-07
      Equation: "PotentialEquation"	RelError: 4.22045e-05	AbsError: 3.90325e-07
Iteration: 3
  Device: "mos_light"	RelError: 1.84446e+00	AbsError: 1.52169e+15
    Region: "bulk"	RelError: 1.84432e+00	AbsError: 1.52169e+15
      Equation: "ElectronContinuityEquation"	RelError: 8.20025e-01	AbsError: 1.52060e+15
      Equation: "HoleContinuityEquation"	RelError: 1.00000e+00	AbsError: 1.08415e+12
      Equation: "PotentialEquation"	RelError: 2.42980e-02	AbsError: 9.16572e-03
    Region: "oxide"	RelError: 1.34919e-04	AbsError: 7.50906e-07
      Equation: "PotentialEquation"	RelError: 1.34919e-04	AbsError: 7.50906e-07
Iteration: 4
  Device: "mos_light"	RelError: 9.51980e-02	AbsError: 1.61709e+15
    Region: "bulk"	RelError: 9.50311e-02	AbsError: 1.61709e+15
      Equation: "ElectronContinuityEquation"	RelError: 6.29763e-02	AbsError: 1.61577e+15
      Equation: "HoleContinuityEquation"	RelError: 2.80080e-03	AbsError: 1.31399e+12
      Equation: "PotentialEquation"	RelError: 2.92539e-02	AbsError: 2.00755e-04
    Region: "oxide"	RelError: 1.66935e-04	AbsError: 9.78093e-07
      Equation: "PotentialEquation"	RelError: 1.66935e-04	AbsError: 9.78093e-07
Iteration: 5
  Device: "mos_light"	RelError: 3.67330e-04	AbsError: 1.53827e+12
    Region: "bulk"	RelError: 3.67231e-04	AbsError: 1.53827e+12
      Equation: "ElectronContinuityEquation"	RelError: 1.26589e-04	AbsError: 1.53752e+12
      Equation: "HoleContinuityEquation"	RelError: 2.22159e-04	AbsError: 7.52617e+08
      Equation: "PotentialEquation"	RelError: 1.84831e-05	AbsError: 1.77792e-07
    Region: "oxide"	RelError: 9.86294e-08	AbsError: 5.61625e-10
      Equation: "PotentialEquation"	RelError: 9.86294e-08	AbsError: 5.61625e-10
Iteration: 6
  Device: "mos_light"	RelError: 3.50244e-10	AbsError: 1.35157e+06
    Region: "bulk"	RelError: 3.50183e-10	AbsError: 1.35157e+06
      Equation: "ElectronContinuityEquation"	RelError: 1.54058e-10	AbsError: 1.35106e+06
      Equation: "HoleContinuityEquation"	RelError: 1.84064e-10	AbsError: 5.11721e+02
      Equation: "PotentialEquation"	RelError: 1.20611e-11	AbsError: 1.50001e-13
    Region: "oxide"	RelError: 6.14751e-14	AbsError: 3.48992e-16
      Equation: "PotentialEquation"	RelError: 6.14751e-14	AbsError: 3.48992e-16
number of equations 7095
Iteration: 0
  Device: "mos_light"	RelError: 4.83734e+03	AbsError: 8.48701e+16
    Region: "bulk"	RelError: 4.83189e+03	AbsError: 8.48701e+16
      Equation: "ElectronContinuityEquation"	RelError: 9.99000e+02	AbsError: 8.24484e+16
      Equation: "HoleContinuityEquation"	RelError: 3.75405e+03	AbsError: 2.42164e+15
      Equation: "PotentialEquation"	RelError: 7.88416e+01	AbsError: 4.09542e-02
    Region: "oxide"	RelError: 5.44101e+00	AbsError: 1.87986e-02
      Equation: "PotentialEquation"	RelError: 5.44101e+00	AbsError: 1.87986e-02
Iteration: 1
  Device: "mos_light"	RelError: 2.02469e+03	AbsError: 1.59161e+15
    Region: "bulk"	RelError: 2.02466e+03	AbsError: 1.59161e+15
      Equation: "ElectronContinuityEquation"	RelError: 9.99000e+02	AbsError: 1.27352e+15
      Equation: "HoleContinuityEquation"	RelError: 9.99000e+02	AbsError: 3.18084e+14
      Equation: "PotentialEquation"	RelError: 2.66610e+01	AbsError: 3.07632e-02
    Region: "oxide"	RelError: 3.21885e-02	AbsError: 8.82847e-03
      Equation: "PotentialEquation"	RelError: 3.21885e-02	AbsError: 8.82847e-03
Iteration: 2
  Device: "mos_light"	RelError: 1.00089e+03	AbsError: 1.27873e+14
    Region: "bulk"	RelError: 1.00089e+03	AbsError: 1.27873e+14
      Equation: "ElectronContinuityEquation"	RelError: 1.80128e+00	AbsError: 1.12567e+14
      Equation: "HoleContinuityEquation"	RelError: 9.99000e+02	AbsError: 1.53068e+13
      Equation: "PotentialEquation"	RelError: 8.68305e-02	AbsError: 2.57415e-02
    Region: "oxide"	RelError: 1.75290e-04	AbsError: 2.00243e-07
      Equation: "PotentialEquation"	RelError: 1.75290e-04	AbsError: 2.00243e-07
Iteration: 3
  Device: "mos_light"	RelError: 1.84902e+00	AbsError: 1.35098e+15
    Region: "bulk"	RelError: 1.84824e+00	AbsError: 1.35098e+15
      Equation: "ElectronContinuityEquation"	RelError: 8.31781e-01	AbsError: 1.35011e+15
      Equation: "HoleContinuityEquation"	RelError: 1.00000e+00	AbsError: 8.74787e+11
      Equation: "PotentialEquation"	RelError: 1.64555e-02	AbsError: 9.16566e-03
    Region: "oxide"	RelError: 7.83426e-04	AbsError: 6.61659e-07
      Equation: "PotentialEquation"	RelError: 7.83426e-04	AbsError: 6.61659e-07
Iteration: 4
  Device: "mos_light"	RelError: 1.23956e-01	AbsError: 1.43938e+15
    Region: "bulk"	RelError: 1.23014e-01	AbsError: 1.43938e+15
      Equation: "ElectronContinuityEquation"	RelError: 6.41228e-02	AbsError: 1.43832e+15
      Equation: "HoleContinuityEquation"	RelError: 3.89059e-02	AbsError: 1.06379e+12
      Equation: "PotentialEquation"	RelError: 1.99853e-02	AbsError: 1.77003e-04
    Region: "oxide"	RelError: 9.42220e-04	AbsError: 8.14319e-07
      Equation: "PotentialEquation"	RelError: 9.42220e-04	AbsError: 8.14319e-07
Iteration: 5
  Device: "mos_light"	RelError: 2.79951e-03	AbsError: 1.28245e+12
    Region: "bulk"	RelError: 2.79898e-03	AbsError: 1.28245e+12
      Equation: "ElectronContinuityEquation"	RelError: 1.12916e-04	AbsError: 1.28188e+12
      Equation: "HoleContinuityEquation"	RelError: 2.67481e-03	AbsError: 5.71565e+08
      Equation: "PotentialEquation"	RelError: 1.12616e-05	AbsError: 1.47177e-07
    Region: "oxide"	RelError: 5.27541e-07	AbsError: 4.48094e-10
      Equation: "PotentialEquation"	RelError: 5.27541e-07	AbsError: 4.48094e-10
Iteration: 6
  Device: "mos_light"	RelError: 1.68053e-09	AbsError: 9.80045e+05
    Region: "bulk"	RelError: 1.68024e-09	AbsError: 9.80045e+05
      Equation: "ElectronContinuityEquation"	RelError: 1.01803e-10	AbsError: 9.79705e+05
      Equation: "HoleContinuityEquation"	RelError: 1.57233e-09	AbsError: 3.40272e+02
      Equation: "PotentialEquation"	RelError: 6.11147e-12	AbsError: 1.08087e-13
    Region: "oxide"	RelError: 2.85785e-13	AbsError: 2.41785e-16
      Equation: "PotentialEquation"	RelError: 2.85785e-13	AbsError: 2.41785e-16
number of equations 7095
Iteration: 0
  Device: "mos_light"	RelError: 2.02223e+03	AbsError: 8.22697e+16
    Region: "bulk"	RelError: 2.02087e+03	AbsError: 8.22697e+16
      Equation: "ElectronContinuityEquation"	RelError: 9.99000e+02	AbsError: 7.99139e+16
      Equation: "HoleContinuityEquation"	RelError: 9.99000e+02	AbsError: 2.35578e+15
      Equation: "PotentialEquation"	RelError: 2.28744e+01	AbsError: 4.09542e-02
    Region: "oxide"	RelError: 1.35207e+00	AbsError: 1.88050e-02
      Equation: "PotentialEquation"	RelError: 1.35207e+00	AbsError: 1.88050e-02
Iteration: 1
  Device: "mos_light"	RelError: 2.00803e+03	AbsError: 1.54535e+15
    Region: "bulk"	RelError: 2.00800e+03	AbsError: 1.54535e+15
      Equation: "ElectronContinuityEquation"	RelError: 9.99000e+02	AbsError: 1.29604e+15
      Equation: "HoleContinuityEquation"	RelError: 9.99000e+02	AbsError: 2.49317e+14
      Equation: "PotentialEquation"	RelError: 9.99867e+00	AbsError: 3.07632e-02
    Region: "oxide"	RelError: 2.91253e-02	AbsError: 8.83475e-03
      Equation: "PotentialEquation"	RelError: 2.91253e-02	AbsError: 8.83475e-03
Iteration: 2
  Device: "mos_light"	RelError: 1.00006e+03	AbsError: 1.09315e+14
    Region: "bulk"	RelError: 1.00006e+03	AbsError: 1.09315e+14
      Equation: "ElectronContinuityEquation"	RelError: 9.99998e-01	AbsError: 1.00758e+14
      Equation: "HoleContinuityEquation"	RelError: 9.99000e+02	AbsError: 8.55653e+12
      Equation: "PotentialEquation"	RelError: 5.72590e-02	AbsError: 2.56957e-02
    Region: "oxide"	RelError: 3.82758e-05	AbsError: 1.50722e-07
      Equation: "PotentialEquation"	RelError: 3.82758e-05	AbsError: 1.50722e-07
Iteration: 3
  Device: "mos_light"	RelError: 1.84303e+00	AbsError: 1.18823e+15
    Region: "bulk"	RelError: 1.84284e+00	AbsError: 1.18823e+15
      Equation: "ElectronContinuityEquation"	RelError: 8.31966e-01	AbsError: 1.18754e+15
      Equation: "HoleContinuityEquation"	RelError: 1.00000e+00	AbsError: 6.93505e+11
      Equation: "PotentialEquation"	RelError: 1.08727e-02	AbsError: 9.16561e-03
    Region: "oxide"	RelError: 1.91377e-04	AbsError: 5.64759e-07
      Equation: "PotentialEquation"	RelError: 1.91377e-04	AbsError: 5.64759e-07
Iteration: 4
  Device: "mos_light"	RelError: 1.36214e-01	AbsError: 1.26866e+15
    Region: "bulk"	RelError: 1.35986e-01	AbsError: 1.26866e+15
      Equation: "ElectronContinuityEquation"	RelError: 6.51127e-02	AbsError: 1.26782e+15
      Equation: "HoleContinuityEquation"	RelError: 5.79316e-02	AbsError: 8.47494e+11
      Equation: "PotentialEquation"	RelError: 1.29413e-02	AbsError: 1.54722e-04
    Region: "oxide"	RelError: 2.28389e-04	AbsError: 6.83706e-07
      Equation: "PotentialEquation"	RelError: 2.28389e-04	AbsError: 6.83706e-07
Iteration: 5
  Device: "mos_light"	RelError: 4.08569e-03	AbsError: 1.03493e+12
    Region: "bulk"	RelError: 4.08557e-03	AbsError: 1.03493e+12
      Equation: "ElectronContinuityEquation"	RelError: 9.83538e-05	AbsError: 1.03450e+12
      Equation: "HoleContinuityEquation"	RelError: 3.98030e-03	AbsError: 4.21897e+08
      Equation: "PotentialEquation"	RelError: 6.91786e-06	AbsError: 1.18051e-07
    Region: "oxide"	RelError: 1.18279e-07	AbsError: 3.47933e-10
      Equation: "PotentialEquation"	RelError: 1.18279e-07	AbsError: 3.47933e-10
Iteration: 6
  Device: "mos_light"	RelError: 2.20165e-09	AbsError: 6.58231e+05
    Region: "bulk"	RelError: 2.20159e-09	AbsError: 6.58231e+05
      Equation: "ElectronContinuityEquation"	RelError: 7.47736e-11	AbsError: 6.58019e+05
      Equation: "HoleContinuityEquation"	RelError: 2.12334e-09	AbsError: 2.12124e+02
      Equation: "PotentialEquation"	RelError: 3.47823e-12	AbsError: 7.23126e-14
    Region: "oxide"	RelError: 5.41086e-14	AbsError: 1.58189e-16
      Equation: "PotentialEquation"	RelError: 5.41086e-14	AbsError: 1.58189e-16
number of equations 7095
Iteration: 0
  Device: "mos_light"	RelError: 2.04191e+03	AbsError: 7.93859e+16
    Region: "bulk"	RelError: 2.03832e+03	AbsError: 7.93859e+16
      Equation: "ElectronContinuityEquation"	RelError: 9.99000e+02	AbsError: 7.72975e+16
      Equation: "HoleContinuityEquation"	RelError: 9.99000e+02	AbsError: 2.08841e+15
      Equation: "PotentialEquation"	RelError: 4.03175e+01	AbsError: 4.09542e-02
    Region: "oxide"	RelError: 3.58919e+00	AbsError: 1.88109e-02
      Equation: "PotentialEquation"	RelError: 3.58919e+00	AbsError: 1.88109e-02
Iteration: 1
  Device: "mos_light"	RelError: 6.92457e+03	AbsError: 1.53405e+15
    Region: "bulk"	RelError: 6.92455e+03	AbsError: 1.53405e+15
      Equation: "ElectronContinuityEquation"	RelError: 5.91455e+03	AbsError: 1.31333e+15
      Equation: "HoleContinuityEquation"	RelError: 9.99000e+02	AbsError: 2.20728e+14
      Equation: "PotentialEquation"	RelError: 1.09920e+01	AbsError: 3.07632e-02
    Region: "oxide"	RelError: 2.67095e-02	AbsError: 8.84052e-03
      Equation: "PotentialEquation"	RelError: 2.67095e-02	AbsError: 8.84052e-03
Iteration: 2
  Device: "mos_light"	RelError: 3.99995e+01	AbsError: 9.53537e+13
    Region: "bulk"	RelError: 3.99994e+01	AbsError: 9.53537e+13
      Equation: "ElectronContinuityEquation"	RelError: 9.99998e-01	AbsError: 9.00218e+13
      Equation: "HoleContinuityEquation"	RelError: 3.89562e+01	AbsError: 5.33192e+12
      Equation: "PotentialEquation"	RelError: 4.32209e-02	AbsError: 2.56578e-02
    Region: "oxide"	RelError: 7.85460e-05	AbsError: 1.19665e-07
      Equation: "PotentialEquation"	RelError: 7.85460e-05	AbsError: 1.19665e-07
Iteration: 3
  Device: "mos_light"	RelError: 1.70924e+00	AbsError: 1.03632e+15
    Region: "bulk"	RelError: 1.70883e+00	AbsError: 1.03632e+15
      Equation: "ElectronContinuityEquation"	RelError: 7.78559e-01	AbsError: 1.03578e+15
      Equation: "HoleContinuityEquation"	RelError: 9.22556e-01	AbsError: 5.39406e+11
      Equation: "PotentialEquation"	RelError: 7.71635e-03	AbsError: 9.16556e-03
    Region: "oxide"	RelError: 4.10933e-04	AbsError: 4.74609e-07
      Equation: "PotentialEquation"	RelError: 4.10933e-04	AbsError: 4.74609e-07
Iteration: 4
  Device: "mos_light"	RelError: 1.35916e-01	AbsError: 1.10834e+15
    Region: "bulk"	RelError: 1.35423e-01	AbsError: 1.10834e+15
      Equation: "ElectronContinuityEquation"	RelError: 6.59749e-02	AbsError: 1.10768e+15
      Equation: "HoleContinuityEquation"	RelError: 6.01751e-02	AbsError: 6.64003e+11
      Equation: "PotentialEquation"	RelError: 9.27283e-03	AbsError: 1.34196e-04
    Region: "oxide"	RelError: 4.93244e-04	AbsError: 5.75101e-07
      Equation: "PotentialEquation"	RelError: 4.93244e-04	AbsError: 5.75101e-07
Iteration: 5
  Device: "mos_light"	RelError: 4.27490e-03	AbsError: 8.11722e+11
    Region: "bulk"	RelError: 4.27467e-03	AbsError: 8.11722e+11
      Equation: "ElectronContinuityEquation"	RelError: 8.11439e-05	AbsError: 8.11418e+11
      Equation: "HoleContinuityEquation"	RelError: 4.18912e-03	AbsError: 3.03861e+08
      Equation: "PotentialEquation"	RelError: 4.41000e-06	AbsError: 9.21236e-08
    Region: "oxide"	RelError: 2.29713e-07	AbsError: 2.64078e-10
      Equation: "PotentialEquation"	RelError: 2.29713e-07	AbsError: 2.64078e-10
Iteration: 6
  Device: "mos_light"	RelError: 2.13753e-09	AbsError: 4.13728e+05
    Region: "bulk"	RelError: 2.13744e-09	AbsError: 4.13728e+05
      Equation: "ElectronContinuityEquation"	RelError: 5.24550e-11	AbsError: 4.13605e+05
      Equation: "HoleContinuityEquation"	RelError: 2.08331e-09	AbsError: 1.23063e+02
      Equation: "PotentialEquation"	RelError: 1.68345e-12	AbsError: 4.53495e-14
    Region: "oxide"	RelError: 8.59986e-14	AbsError: 9.83173e-17
      Equation: "PotentialEquation"	RelError: 8.59986e-14	AbsError: 9.83173e-17
number of equations 7095
Iteration: 0
  Device: "mos_light"	RelError: 2.03860e+03	AbsError: 7.65518e+16
    Region: "bulk"	RelError: 2.03782e+03	AbsError: 7.65518e+16
      Equation: "ElectronContinuityEquation"	RelError: 9.99000e+02	AbsError: 7.46148e+16
      Equation: "HoleContinuityEquation"	RelError: 9.99000e+02	AbsError: 1.93698e+15
      Equation: "PotentialEquation"	RelError: 3.98152e+01	AbsError: 4.09542e-02
    Region: "oxide"	RelError: 7.80237e-01	AbsError: 1.88164e-02
      Equation: "PotentialEquation"	RelError: 7.80237e-01	AbsError: 1.88164e-02
Iteration: 1
  Device: "mos_light"	RelError: 2.02685e+03	AbsError: 1.58085e+15
    Region: "bulk"	RelError: 2.02683e+03	AbsError: 1.58085e+15
      Equation: "ElectronContinuityEquation"	RelError: 9.99000e+02	AbsError: 1.32911e+15
      Equation: "HoleContinuityEquation"	RelError: 9.99000e+02	AbsError: 2.51739e+14
      Equation: "PotentialEquation"	RelError: 2.88257e+01	AbsError: 3.07632e-02
    Region: "oxide"	RelError: 2.46642e-02	AbsError: 8.84580e-03
      Equation: "PotentialEquation"	RelError: 2.46642e-02	AbsError: 8.84580e-03
Iteration: 2
  Device: "mos_light"	RelError: 1.83709e+01	AbsError: 8.23537e+13
    Region: "bulk"	RelError: 1.83708e+01	AbsError: 8.23537e+13
      Equation: "ElectronContinuityEquation"	RelError: 9.99997e-01	AbsError: 7.92386e+13
      Equation: "HoleContinuityEquation"	RelError: 1.73354e+01	AbsError: 3.11516e+12
      Equation: "PotentialEquation"	RelError: 3.54203e-02	AbsError: 2.56273e-02
    Region: "oxide"	RelError: 1.47689e-05	AbsError: 9.81062e-08
      Equation: "PotentialEquation"	RelError: 1.47689e-05	AbsError: 9.81062e-08
Iteration: 3
  Device: "mos_light"	RelError: 1.52825e+00	AbsError: 8.97141e+14
    Region: "bulk"	RelError: 1.52818e+00	AbsError: 8.97141e+14
      Equation: "ElectronContinuityEquation"	RelError: 6.77722e-01	AbsError: 8.96719e+14
      Equation: "HoleContinuityEquation"	RelError: 8.43393e-01	AbsError: 4.22068e+11
      Equation: "PotentialEquation"	RelError: 7.06009e-03	AbsError: 9.16551e-03
    Region: "oxide"	RelError: 7.57982e-05	AbsError: 3.94947e-07
      Equation: "PotentialEquation"	RelError: 7.57982e-05	AbsError: 3.94947e-07
Iteration: 4
  Device: "mos_light"	RelError: 1.35622e-01	AbsError: 9.60745e+14
    Region: "bulk"	RelError: 1.35530e-01	AbsError: 9.60745e+14
      Equation: "ElectronContinuityEquation"	RelError: 6.67316e-02	AbsError: 9.60216e+14
      Equation: "HoleContinuityEquation"	RelError: 5.93592e-02	AbsError: 5.28388e+11
      Equation: "PotentialEquation"	RelError: 9.43944e-03	AbsError: 1.15591e-04
    Region: "oxide"	RelError: 9.19134e-05	AbsError: 4.83500e-07
      Equation: "PotentialEquation"	RelError: 9.19134e-05	AbsError: 4.83500e-07
Iteration: 5
  Device: "mos_light"	RelError: 4.13138e-03	AbsError: 6.21142e+11
    Region: "bulk"	RelError: 4.13134e-03	AbsError: 6.21142e+11
      Equation: "ElectronContinuityEquation"	RelError: 7.30936e-05	AbsError: 6.20933e+11
      Equation: "HoleContinuityEquation"	RelError: 4.05539e-03	AbsError: 2.09634e+08
      Equation: "PotentialEquation"	RelError: 2.85390e-06	AbsError: 7.02039e-08
    Region: "oxide"	RelError: 3.78479e-08	AbsError: 1.96665e-10
      Equation: "PotentialEquation"	RelError: 3.78479e-08	AbsError: 1.96665e-10
Iteration: 6
  Device: "mos_light"	RelError: 1.84925e-09	AbsError: 2.45640e+05
    Region: "bulk"	RelError: 1.84924e-09	AbsError: 2.45640e+05
      Equation: "ElectronContinuityEquation"	RelError: 3.44115e-11	AbsError: 2.45572e+05
      Equation: "HoleContinuityEquation"	RelError: 1.81398e-09	AbsError: 6.77808e+01
      Equation: "PotentialEquation"	RelError: 8.49966e-13	AbsError: 2.68938e-14
    Region: "oxide"	RelError: 1.12744e-14	AbsError: 5.83321e-17
      Equation: "PotentialEquation"	RelError: 1.12744e-14	AbsError: 5.83321e-17
number of equations 7095
Iteration: 0
  Device: "mos_light"	RelError: 2.07175e+03	AbsError: 7.39263e+16
    Region: "bulk"	RelError: 2.07100e+03	AbsError: 7.39263e+16
      Equation: "ElectronContinuityEquation"	RelError: 9.99000e+02	AbsError: 7.18727e+16
      Equation: "HoleContinuityEquation"	RelError: 9.99000e+02	AbsError: 2.05359e+15
      Equation: "PotentialEquation"	RelError: 7.30001e+01	AbsError: 4.09542e-02
    Region: "oxide"	RelError: 7.47145e-01	AbsError: 1.88213e-02
      Equation: "PotentialEquation"	RelError: 7.47145e-01	AbsError: 1.88213e-02
Iteration: 1
  Device: "mos_light"	RelError: 2.13648e+03	AbsError: 1.56895e+15
    Region: "bulk"	RelError: 2.13645e+03	AbsError: 1.56895e+15
      Equation: "ElectronContinuityEquation"	RelError: 9.99000e+02	AbsError: 1.34505e+15
      Equation: "HoleContinuityEquation"	RelError: 9.99000e+02	AbsError: 2.23898e+14
      Equation: "PotentialEquation"	RelError: 1.38454e+02	AbsError: 3.07632e-02
    Region: "oxide"	RelError: 2.29101e-02	AbsError: 8.85064e-03
      Equation: "PotentialEquation"	RelError: 2.29101e-02	AbsError: 8.85064e-03
Iteration: 2
  Device: "mos_light"	RelError: 2.22350e+01	AbsError: 7.47141e+13
    Region: "bulk"	RelError: 2.22350e+01	AbsError: 7.47141e+13
      Equation: "ElectronContinuityEquation"	RelError: 9.99998e-01	AbsError: 6.92653e+13
      Equation: "HoleContinuityEquation"	RelError: 2.12048e+01	AbsError: 5.44886e+12
      Equation: "PotentialEquation"	RelError: 3.01737e-02	AbsError: 2.56036e-02
    Region: "oxide"	RelError: 1.29823e-05	AbsError: 8.59293e-08
      Equation: "PotentialEquation"	RelError: 1.29823e-05	AbsError: 8.59293e-08
Iteration: 3
  Device: "mos_light"	RelError: 1.52174e+00	AbsError: 7.71648e+14
    Region: "bulk"	RelError: 1.52168e+00	AbsError: 7.71648e+14
      Equation: "ElectronContinuityEquation"	RelError: 5.71005e-01	AbsError: 7.71319e+14
      Equation: "HoleContinuityEquation"	RelError: 8.69205e-01	AbsError: 3.28780e+11
      Equation: "PotentialEquation"	RelError: 8.14720e-02	AbsError: 9.16547e-03
    Region: "oxide"	RelError: 6.05959e-05	AbsError: 3.26079e-07
      Equation: "PotentialEquation"	RelError: 6.05959e-05	AbsError: 3.26079e-07
Iteration: 4
  Device: "mos_light"	RelError: 2.34274e-01	AbsError: 8.27157e+14
    Region: "bulk"	RelError: 2.34199e-01	AbsError: 8.27157e+14
      Equation: "ElectronContinuityEquation"	RelError: 6.74001e-02	AbsError: 8.26730e+14
      Equation: "HoleContinuityEquation"	RelError: 5.47479e-02	AbsError: 4.26324e+11
      Equation: "PotentialEquation"	RelError: 1.12051e-01	AbsError: 9.89674e-05
    Region: "oxide"	RelError: 7.45961e-05	AbsError: 4.06041e-07
      Equation: "PotentialEquation"	RelError: 7.45961e-05	AbsError: 4.06041e-07
Iteration: 5
  Device: "mos_light"	RelError: 3.42429e-03	AbsError: 4.65376e+11
    Region: "bulk"	RelError: 3.42426e-03	AbsError: 4.65376e+11
      Equation: "ElectronContinuityEquation"	RelError: 6.52097e-05	AbsError: 4.65228e+11
      Equation: "HoleContinuityEquation"	RelError: 3.31741e-03	AbsError: 1.47563e+08
      Equation: "PotentialEquation"	RelError: 4.16359e-05	AbsError: 5.24230e-08
    Region: "oxide"	RelError: 2.67845e-08	AbsError: 1.44165e-10
      Equation: "PotentialEquation"	RelError: 2.67845e-08	AbsError: 1.44165e-10
Iteration: 6
  Device: "mos_light"	RelError: 1.43791e-09	AbsError: 1.38924e+05
    Region: "bulk"	RelError: 1.43790e-09	AbsError: 1.38924e+05
      Equation: "ElectronContinuityEquation"	RelError: 2.14731e-11	AbsError: 1.38888e+05
      Equation: "HoleContinuityEquation"	RelError: 1.40634e-09	AbsError: 3.62513e+01
      Equation: "PotentialEquation"	RelError: 1.00909e-11	AbsError: 1.52030e-14
    Region: "oxide"	RelError: 6.18446e-15	AbsError: 3.31983e-17
      Equation: "PotentialEquation"	RelError: 6.18446e-15	AbsError: 3.31983e-17
number of equations 7095
Iteration: 0
  Device: "mos_light"	RelError: 2.00766e+03	AbsError: 7.11030e+16
    Region: "bulk"	RelError: 2.00451e+03	AbsError: 7.11030e+16
      Equation: "ElectronContinuityEquation"	RelError: 9.99000e+02	AbsError: 6.90746e+16
      Equation: "HoleContinuityEquation"	RelError: 9.99000e+02	AbsError: 2.02838e+15
      Equation: "PotentialEquation"	RelError: 6.51197e+00	AbsError: 4.09542e-02
    Region: "oxide"	RelError: 3.15031e+00	AbsError: 1.88259e-02
      Equation: "PotentialEquation"	RelError: 3.15031e+00	AbsError: 1.88259e-02
Iteration: 1
  Device: "mos_light"	RelError: 1.02515e+03	AbsError: 1.54666e+15
    Region: "bulk"	RelError: 1.02512e+03	AbsError: 1.54666e+15
      Equation: "ElectronContinuityEquation"	RelError: 9.99000e+02	AbsError: 1.36110e+15
      Equation: "HoleContinuityEquation"	RelError: 1.33440e+01	AbsError: 1.85557e+14
      Equation: "PotentialEquation"	RelError: 1.27799e+01	AbsError: 3.07632e-02
    Region: "oxide"	RelError: 2.13890e-02	AbsError: 8.85508e-03
      Equation: "PotentialEquation"	RelError: 2.13890e-02	AbsError: 8.85508e-03
Iteration: 2
  Device: "mos_light"	RelError: 8.58252e+00	AbsError: 6.48885e+13
    Region: "bulk"	RelError: 8.58246e+00	AbsError: 6.48885e+13
      Equation: "ElectronContinuityEquation"	RelError: 9.99997e-01	AbsError: 6.18267e+13
      Equation: "HoleContinuityEquation"	RelError: 7.55001e+00	AbsError: 3.06189e+12
      Equation: "PotentialEquation"	RelError: 3.24553e-02	AbsError: 2.55859e-02
    Region: "oxide"	RelError: 5.21388e-05	AbsError: 7.96073e-08
      Equation: "PotentialEquation"	RelError: 5.21388e-05	AbsError: 7.96073e-08
Iteration: 3
  Device: "mos_light"	RelError: 1.13387e+00	AbsError: 6.60032e+14
    Region: "bulk"	RelError: 1.13366e+00	AbsError: 6.60032e+14
      Equation: "ElectronContinuityEquation"	RelError: 4.32699e-01	AbsError: 6.59777e+14
      Equation: "HoleContinuityEquation"	RelError: 6.94888e-01	AbsError: 2.54411e+11
      Equation: "PotentialEquation"	RelError: 6.07337e-03	AbsError: 9.16544e-03
    Region: "oxide"	RelError: 2.12584e-04	AbsError: 2.67206e-07
      Equation: "PotentialEquation"	RelError: 2.12584e-04	AbsError: 2.67206e-07
Iteration: 4
  Device: "mos_light"	RelError: 1.17963e-01	AbsError: 7.07986e+14
    Region: "bulk"	RelError: 1.17696e-01	AbsError: 7.07986e+14
      Equation: "ElectronContinuityEquation"	RelError: 6.79938e-02	AbsError: 7.07645e+14
      Equation: "HoleContinuityEquation"	RelError: 4.35786e-02	AbsError: 3.40888e+11
      Equation: "PotentialEquation"	RelError: 6.12381e-03	AbsError: 8.42983e-05
    Region: "oxide"	RelError: 2.66973e-04	AbsError: 3.40666e-07
      Equation: "PotentialEquation"	RelError: 2.66973e-04	AbsError: 3.40666e-07
Iteration: 5
  Device: "mos_light"	RelError: 2.09885e-03	AbsError: 3.42476e+11
    Region: "bulk"	RelError: 2.09877e-03	AbsError: 3.42476e+11
      Equation: "ElectronContinuityEquation"	RelError: 5.76444e-05	AbsError: 3.42374e+11
      Equation: "HoleContinuityEquation"	RelError: 2.03944e-03	AbsError: 1.02142e+08
      Equation: "PotentialEquation"	RelError: 1.68824e-06	AbsError: 3.84757e-08
    Region: "oxide"	RelError: 8.26143e-08	AbsError: 1.04301e-10
      Equation: "PotentialEquation"	RelError: 8.26143e-08	AbsError: 1.04301e-10
Iteration: 6
  Device: "mos_light"	RelError: 9.67103e-10	AbsError: 7.54043e+04
    Region: "bulk"	RelError: 9.67088e-10	AbsError: 7.54043e+04
      Equation: "ElectronContinuityEquation"	RelError: 1.40014e-11	AbsError: 7.53853e+04
      Equation: "HoleContinuityEquation"	RelError: 9.52771e-10	AbsError: 1.89226e+01
      Equation: "PotentialEquation"	RelError: 3.15713e-13	AbsError: 8.25162e-15
    Region: "oxide"	RelError: 1.44393e-14	AbsError: 1.82148e-17
      Equation: "PotentialEquation"	RelError: 1.44393e-14	AbsError: 1.82148e-17
number of equations 7095
Iteration: 0
  Device: "mos_light"	RelError: 2.03063e+03	AbsError: 6.80817e+16
    Region: "bulk"	RelError: 2.02918e+03	AbsError: 6.80817e+16
      Equation: "ElectronContinuityEquation"	RelError: 9.99000e+02	AbsError: 6.62230e+16
      Equation: "HoleContinuityEquation"	RelError: 9.99000e+02	AbsError: 1.85870e+15
      Equation: "PotentialEquation"	RelError: 3.11803e+01	AbsError: 4.09542e-02
    Region: "oxide"	RelError: 1.44666e+00	AbsError: 1.88300e-02
      Equation: "PotentialEquation"	RelError: 1.44666e+00	AbsError: 1.88300e-02
Iteration: 1
  Device: "mos_light"	RelError: 1.00226e+03	AbsError: 1.54019e+15
    Region: "bulk"	RelError: 1.00224e+03	AbsError: 1.54019e+15
      Equation: "ElectronContinuityEquation"	RelError: 9.99000e+02	AbsError: 1.37720e+15
      Equation: "HoleContinuityEquation"	RelError: 9.98182e-01	AbsError: 1.62988e+14
      Equation: "PotentialEquation"	RelError: 2.24665e+00	AbsError: 3.07632e-02
    Region: "oxide"	RelError: 2.00573e-02	AbsError: 8.85914e-03
      Equation: "PotentialEquation"	RelError: 2.00573e-02	AbsError: 8.85914e-03
Iteration: 2
  Device: "mos_light"	RelError: 4.61488e+00	AbsError: 5.71332e+13
    Region: "bulk"	RelError: 4.61485e+00	AbsError: 5.71332e+13
      Equation: "ElectronContinuityEquation"	RelError: 9.99997e-01	AbsError: 5.54134e+13
      Equation: "HoleContinuityEquation"	RelError: 3.58728e+00	AbsError: 1.71980e+12
      Equation: "PotentialEquation"	RelError: 2.75808e-02	AbsError: 2.55732e-02
    Region: "oxide"	RelError: 2.20106e-05	AbsError: 7.41823e-08
      Equation: "PotentialEquation"	RelError: 2.20106e-05	AbsError: 7.41823e-08
Iteration: 3
  Device: "mos_light"	RelError: 7.96831e-01	AbsError: 5.61906e+14
    Region: "bulk"	RelError: 7.96754e-01	AbsError: 5.61906e+14
      Equation: "ElectronContinuityEquation"	RelError: 2.93278e-01	AbsError: 5.61706e+14
      Equation: "HoleContinuityEquation"	RelError: 4.97799e-01	AbsError: 1.99964e+11
      Equation: "PotentialEquation"	RelError: 5.67647e-03	AbsError: 9.16542e-03
    Region: "oxide"	RelError: 7.77087e-05	AbsError: 2.18262e-07
      Equation: "PotentialEquation"	RelError: 7.77087e-05	AbsError: 2.18262e-07
Iteration: 4
  Device: "mos_light"	RelError: 1.06160e-01	AbsError: 6.02985e+14
    Region: "bulk"	RelError: 1.06060e-01	AbsError: 6.02985e+14
      Equation: "ElectronContinuityEquation"	RelError: 6.85228e-02	AbsError: 6.02709e+14
      Equation: "HoleContinuityEquation"	RelError: 3.47926e-02	AbsError: 2.75919e+11
      Equation: "PotentialEquation"	RelError: 2.74437e-03	AbsError: 7.14898e-05
    Region: "oxide"	RelError: 1.00184e-04	AbsError: 2.85676e-07
      Equation: "PotentialEquation"	RelError: 1.00184e-04	AbsError: 2.85676e-07
Iteration: 5
  Device: "mos_light"	RelError: 1.86700e-03	AbsError: 2.48262e+11
    Region: "bulk"	RelError: 1.86697e-03	AbsError: 2.48262e+11
      Equation: "ElectronContinuityEquation"	RelError: 5.04502e-05	AbsError: 2.48192e+11
      Equation: "HoleContinuityEquation"	RelError: 1.81579e-03	AbsError: 6.95728e+07
      Equation: "PotentialEquation"	RelError: 7.30391e-07	AbsError: 2.78318e-08
    Region: "oxide"	RelError: 2.64513e-08	AbsError: 7.46416e-11
      Equation: "PotentialEquation"	RelError: 2.64513e-08	AbsError: 7.46416e-11
Iteration: 6
  Device: "mos_light"	RelError: 5.53527e-10	AbsError: 3.95387e+04
    Region: "bulk"	RelError: 5.53524e-10	AbsError: 3.95387e+04
      Equation: "ElectronContinuityEquation"	RelError: 8.91547e-12	AbsError: 3.95291e+04
      Equation: "HoleContinuityEquation"	RelError: 5.44513e-10	AbsError: 9.54233e+00
      Equation: "PotentialEquation"	RelError: 9.48830e-14	AbsError: 4.32790e-15
    Region: "oxide"	RelError: 3.42639e-15	AbsError: 9.67883e-18
      Equation: "PotentialEquation"	RelError: 3.42639e-15	AbsError: 9.67883e-18
number of equations 7095
Iteration: 0
  Device: "mos_light"	RelError: 2.09713e+03	AbsError: 6.77966e+16
    Region: "bulk"	RelError: 2.06738e+03	AbsError: 6.77966e+16
      Equation: "ElectronContinuityEquation"	RelError: 9.99000e+02	AbsError: 6.60733e+16
      Equation: "HoleContinuityEquation"	RelError: 9.99000e+02	AbsError: 1.72332e+15
      Equation: "PotentialEquation"	RelError: 6.93824e+01	AbsError: 4.09542e-02
    Region: "oxide"	RelError: 2.97485e+01	AbsError: 1.88338e-02
      Equation: "PotentialEquation"	RelError: 2.97485e+01	AbsError: 1.88338e-02
Iteration: 1
  Device: "mos_light"	RelError: 1.00828e+03	AbsError: 1.57133e+15
    Region: "bulk"	RelError: 1.00804e+03	AbsError: 1.57133e+15
      Equation: "ElectronContinuityEquation"	RelError: 9.99000e+02	AbsError: 1.39350e+15
      Equation: "HoleContinuityEquation"	RelError: 9.98528e-01	AbsError: 1.77833e+14
      Equation: "PotentialEquation"	RelError: 8.04243e+00	AbsError: 3.07632e-02
    Region: "oxide"	RelError: 2.39297e-01	AbsError: 8.86287e-03
      Equation: "PotentialEquation"	RelError: 2.39297e-01	AbsError: 8.86287e-03
Iteration: 2
  Device: "mos_light"	RelError: 4.71138e+00	AbsError: 5.01847e+13
    Region: "bulk"	RelError: 4.71085e+00	AbsError: 5.01847e+13
      Equation: "ElectronContinuityEquation"	RelError: 9.99994e-01	AbsError: 4.92884e+13
      Equation: "HoleContinuityEquation"	RelError: 3.68676e+00	AbsError: 8.96273e+11
      Equation: "PotentialEquation"	RelError: 2.40932e-02	AbsError: 2.55649e-02
    Region: "oxide"	RelError: 5.34889e-04	AbsError: 6.86017e-08
      Equation: "PotentialEquation"	RelError: 5.34889e-04	AbsError: 6.86017e-08
Iteration: 3
  Device: "mos_light"	RelError: 7.29412e-01	AbsError: 4.76476e+14
    Region: "bulk"	RelError: 7.27579e-01	AbsError: 4.76476e+14
      Equation: "ElectronContinuityEquation"	RelError: 2.21071e-01	AbsError: 4.76319e+14
      Equation: "HoleContinuityEquation"	RelError: 5.01174e-01	AbsError: 1.56351e+11
      Equation: "PotentialEquation"	RelError: 5.33358e-03	AbsError: 9.16541e-03
    Region: "oxide"	RelError: 1.83270e-03	AbsError: 1.76763e-07
      Equation: "PotentialEquation"	RelError: 1.83270e-03	AbsError: 1.76763e-07
Iteration: 4
  Device: "mos_light"	RelError: 1.16201e-01	AbsError: 5.11417e+14
    Region: "bulk"	RelError: 1.13773e-01	AbsError: 5.11417e+14
      Equation: "ElectronContinuityEquation"	RelError: 6.89930e-02	AbsError: 5.11197e+14
      Equation: "HoleContinuityEquation"	RelError: 4.14218e-02	AbsError: 2.19894e+11
      Equation: "PotentialEquation"	RelError: 3.35853e-03	AbsError: 6.04062e-05
    Region: "oxide"	RelError: 2.42725e-03	AbsError: 2.39595e-07
      Equation: "PotentialEquation"	RelError: 2.42725e-03	AbsError: 2.39595e-07
Iteration: 5
  Device: "mos_light"	RelError: 2.27840e-03	AbsError: 1.77722e+11
    Region: "bulk"	RelError: 2.27785e-03	AbsError: 1.77722e+11
      Equation: "ElectronContinuityEquation"	RelError: 4.35142e-05	AbsError: 1.77674e+11
      Equation: "HoleContinuityEquation"	RelError: 2.23358e-03	AbsError: 4.78960e+07
      Equation: "PotentialEquation"	RelError: 7.58344e-07	AbsError: 1.98901e-08
    Region: "oxide"	RelError: 5.43929e-07	AbsError: 5.29380e-11
      Equation: "PotentialEquation"	RelError: 5.43929e-07	AbsError: 5.29380e-11
Iteration: 6
  Device: "mos_light"	RelError: 2.59237e-10	AbsError: 2.01452e+04
    Region: "bulk"	RelError: 2.59186e-10	AbsError: 2.01452e+04
      Equation: "ElectronContinuityEquation"	RelError: 5.53111e-12	AbsError: 2.01405e+04
      Equation: "HoleContinuityEquation"	RelError: 2.53583e-10	AbsError: 4.70763e+00
      Equation: "PotentialEquation"	RelError: 7.17104e-14	AbsError: 2.20603e-15
    Region: "oxide"	RelError: 5.12951e-14	AbsError: 5.00524e-18
      Equation: "PotentialEquation"	RelError: 5.12951e-14	AbsError: 5.00524e-18
number of equations 7095
Iteration: 0
  Device: "mos_light"	RelError: 2.89358e+03	AbsError: 6.90761e+16
    Region: "bulk"	RelError: 2.89255e+03	AbsError: 6.90761e+16
      Equation: "ElectronContinuityEquation"	RelError: 9.99000e+02	AbsError: 6.74511e+16
      Equation: "HoleContinuityEquation"	RelError: 9.99000e+02	AbsError: 1.62498e+15
      Equation: "PotentialEquation"	RelError: 8.94553e+02	AbsError: 4.09542e-02
    Region: "oxide"	RelError: 1.02755e+00	AbsError: 1.88373e-02
      Equation: "PotentialEquation"	RelError: 1.02755e+00	AbsError: 1.88373e-02
Iteration: 1
  Device: "mos_light"	RelError: 1.00445e+03	AbsError: 1.59153e+15
    Region: "bulk"	RelError: 1.00443e+03	AbsError: 1.59153e+15
      Equation: "ElectronContinuityEquation"	RelError: 9.99000e+02	AbsError: 1.40931e+15
      Equation: "HoleContinuityEquation"	RelError: 9.98368e-01	AbsError: 1.82219e+14
      Equation: "PotentialEquation"	RelError: 4.43422e+00	AbsError: 3.07632e-02
    Region: "oxide"	RelError: 1.78364e-02	AbsError: 8.86630e-03
      Equation: "PotentialEquation"	RelError: 1.78364e-02	AbsError: 8.86630e-03
Iteration: 2
  Device: "mos_light"	RelError: 3.32382e+00	AbsError: 4.47995e+13
    Region: "bulk"	RelError: 3.32381e+00	AbsError: 4.47995e+13
      Equation: "ElectronContinuityEquation"	RelError: 9.99212e-01	AbsError: 4.39889e+13
      Equation: "HoleContinuityEquation"	RelError: 2.30314e+00	AbsError: 8.10581e+11
      Equation: "PotentialEquation"	RelError: 2.14592e-02	AbsError: 2.55602e-02
    Region: "oxide"	RelError: 1.42889e-05	AbsError: 6.52978e-08
      Equation: "PotentialEquation"	RelError: 1.42889e-05	AbsError: 6.52978e-08
Iteration: 3
  Device: "mos_light"	RelError: 5.69283e-01	AbsError: 4.02705e+14
    Region: "bulk"	RelError: 5.69243e-01	AbsError: 4.02705e+14
      Equation: "ElectronContinuityEquation"	RelError: 1.78407e-01	AbsError: 4.02585e+14
      Equation: "HoleContinuityEquation"	RelError: 3.80934e-01	AbsError: 1.19828e+11
      Equation: "PotentialEquation"	RelError: 9.90206e-03	AbsError: 9.16540e-03
    Region: "oxide"	RelError: 4.07744e-05	AbsError: 1.41690e-07
      Equation: "PotentialEquation"	RelError: 4.07744e-05	AbsError: 1.41690e-07
Iteration: 4
  Device: "mos_light"	RelError: 1.30514e-01	AbsError: 4.32255e+14
    Region: "bulk"	RelError: 1.30458e-01	AbsError: 4.32255e+14
      Equation: "ElectronContinuityEquation"	RelError: 6.94030e-02	AbsError: 4.32079e+14
      Equation: "HoleContinuityEquation"	RelError: 4.71768e-02	AbsError: 1.75356e+11
      Equation: "PotentialEquation"	RelError: 1.38779e-02	AbsError: 5.08873e-05
    Region: "oxide"	RelError: 5.63705e-05	AbsError: 2.01118e-07
      Equation: "PotentialEquation"	RelError: 5.63705e-05	AbsError: 2.01118e-07
Iteration: 5
  Device: "mos_light"	RelError: 2.63672e-03	AbsError: 1.25913e+11
    Region: "bulk"	RelError: 2.63671e-03	AbsError: 1.25913e+11
      Equation: "ElectronContinuityEquation"	RelError: 3.64228e-05	AbsError: 1.25881e+11
      Equation: "HoleContinuityEquation"	RelError: 2.59768e-03	AbsError: 3.17347e+07
      Equation: "PotentialEquation"	RelError: 2.60664e-06	AbsError: 1.40731e-08
    Region: "oxide"	RelError: 1.06025e-08	AbsError: 3.73086e-11
      Equation: "PotentialEquation"	RelError: 1.06025e-08	AbsError: 3.73086e-11
Iteration: 6
  Device: "mos_light"	RelError: 9.84946e-11	AbsError: 1.00237e+04
    Region: "bulk"	RelError: 9.84939e-11	AbsError: 1.00237e+04
      Equation: "ElectronContinuityEquation"	RelError: 3.29869e-12	AbsError: 1.00215e+04
      Equation: "HoleContinuityEquation"	RelError: 9.50191e-11	AbsError: 2.22642e+00
      Equation: "PotentialEquation"	RelError: 1.76031e-13	AbsError: 1.09823e-15
    Region: "oxide"	RelError: 7.16165e-16	AbsError: 2.52949e-18
      Equation: "PotentialEquation"	RelError: 7.16165e-16	AbsError: 2.52949e-18
number of equations 7095
Iteration: 0
  Device: "mos_light"	RelError: 2.00447e+03	AbsError: 7.04932e+16
    Region: "bulk"	RelError: 2.00396e+03	AbsError: 7.04932e+16
      Equation: "ElectronContinuityEquation"	RelError: 9.99000e+02	AbsError: 6.88788e+16
      Equation: "HoleContinuityEquation"	RelError: 9.99000e+02	AbsError: 1.61444e+15
      Equation: "PotentialEquation"	RelError: 5.96189e+00	AbsError: 4.09542e-02
    Region: "oxide"	RelError: 5.08219e-01	AbsError: 1.88405e-02
      Equation: "PotentialEquation"	RelError: 5.08219e-01	AbsError: 1.88405e-02
Iteration: 1
  Device: "mos_light"	RelError: 1.00353e+03	AbsError: 1.58208e+15
    Region: "bulk"	RelError: 1.00352e+03	AbsError: 1.58208e+15
      Equation: "ElectronContinuityEquation"	RelError: 9.99000e+02	AbsError: 1.42305e+15
      Equation: "HoleContinuityEquation"	RelError: 9.98227e-01	AbsError: 1.59033e+14
      Equation: "PotentialEquation"	RelError: 3.51788e+00	AbsError: 3.07632e-02
    Region: "oxide"	RelError: 1.69006e-02	AbsError: 8.86945e-03
      Equation: "PotentialEquation"	RelError: 1.69006e-02	AbsError: 8.86945e-03
Iteration: 2
  Device: "mos_light"	RelError: 2.31167e+00	AbsError: 4.49824e+13
    Region: "bulk"	RelError: 2.31167e+00	AbsError: 4.49824e+13
      Equation: "ElectronContinuityEquation"	RelError: 9.99614e-01	AbsError: 4.43434e+13
      Equation: "HoleContinuityEquation"	RelError: 1.29268e+00	AbsError: 6.38948e+11
      Equation: "PotentialEquation"	RelError: 1.93728e-02	AbsError: 2.55584e-02
    Region: "oxide"	RelError: 6.88912e-06	AbsError: 6.29617e-08
      Equation: "PotentialEquation"	RelError: 6.88912e-06	AbsError: 6.29617e-08
Iteration: 3
  Device: "mos_light"	RelError: 3.98057e-01	AbsError: 3.39432e+14
    Region: "bulk"	RelError: 3.98041e-01	AbsError: 3.39432e+14
      Equation: "ElectronContinuityEquation"	RelError: 1.55294e-01	AbsError: 3.39339e+14
      Equation: "HoleContinuityEquation"	RelError: 2.37970e-01	AbsError: 9.31040e+10
      Equation: "PotentialEquation"	RelError: 4.77754e-03	AbsError: 9.16539e-03
    Region: "oxide"	RelError: 1.61080e-05	AbsError: 1.12109e-07
      Equation: "PotentialEquation"	RelError: 1.61080e-05	AbsError: 1.12109e-07
Iteration: 4
  Device: "mos_light"	RelError: 1.22042e-01	AbsError: 3.64306e+14
    Region: "bulk"	RelError: 1.22019e-01	AbsError: 3.64306e+14
      Equation: "ElectronContinuityEquation"	RelError: 6.97335e-02	AbsError: 3.64166e+14
      Equation: "HoleContinuityEquation"	RelError: 5.14352e-02	AbsError: 1.40425e+11
      Equation: "PotentialEquation"	RelError: 8.49804e-04	AbsError: 4.27631e-05
    Region: "oxide"	RelError: 2.34463e-05	AbsError: 1.69093e-07
      Equation: "PotentialEquation"	RelError: 2.34463e-05	AbsError: 1.69093e-07
Iteration: 5
  Device: "mos_light"	RelError: 2.89087e-03	AbsError: 8.84547e+10
    Region: "bulk"	RelError: 2.89087e-03	AbsError: 8.84547e+10
      Equation: "ElectronContinuityEquation"	RelError: 3.11955e-05	AbsError: 8.84332e+10
      Equation: "HoleContinuityEquation"	RelError: 2.85956e-03	AbsError: 2.15889e+07
      Equation: "PotentialEquation"	RelError: 1.16738e-07	AbsError: 9.87611e-09
    Region: "oxide"	RelError: 3.67582e-09	AbsError: 2.61498e-11
      Equation: "PotentialEquation"	RelError: 3.67582e-09	AbsError: 2.61498e-11
Iteration: 6
  Device: "mos_light"	RelError: 3.10701e-11	AbsError: 4.89180e+03
    Region: "bulk"	RelError: 3.10699e-11	AbsError: 4.89180e+03
      Equation: "ElectronContinuityEquation"	RelError: 1.81498e-12	AbsError: 4.89074e+03
      Equation: "HoleContinuityEquation"	RelError: 2.92492e-11	AbsError: 1.05880e+00
      Equation: "PotentialEquation"	RelError: 5.70509e-15	AbsError: 5.36261e-16
    Region: "oxide"	RelError: 1.75523e-16	AbsError: 1.25407e-18
      Equation: "PotentialEquation"	RelError: 1.75523e-16	AbsError: 1.25407e-18
number of equations 7095
Iteration: 0
  Device: "mos_light"	RelError: 3.30901e+03	AbsError: 7.19675e+16
    Region: "bulk"	RelError: 3.30843e+03	AbsError: 7.19675e+16
      Equation: "ElectronContinuityEquation"	RelError: 2.30014e+03	AbsError: 7.03488e+16
      Equation: "HoleContinuityEquation"	RelError: 9.99000e+02	AbsError: 1.61869e+15
      Equation: "PotentialEquation"	RelError: 9.28945e+00	AbsError: 4.09542e-02
    Region: "oxide"	RelError: 5.82991e-01	AbsError: 1.88434e-02
      Equation: "PotentialEquation"	RelError: 5.82991e-01	AbsError: 1.88434e-02
Iteration: 1
  Device: "mos_light"	RelError: 1.00929e+03	AbsError: 1.57302e+15
    Region: "bulk"	RelError: 1.00928e+03	AbsError: 1.57302e+15
      Equation: "ElectronContinuityEquation"	RelError: 9.99000e+02	AbsError: 1.43332e+15
      Equation: "HoleContinuityEquation"	RelError: 9.98290e-01	AbsError: 1.39696e+14
      Equation: "PotentialEquation"	RelError: 9.27985e+00	AbsError: 3.07632e-02
    Region: "oxide"	RelError: 1.60580e-02	AbsError: 8.87232e-03
      Equation: "PotentialEquation"	RelError: 1.60580e-02	AbsError: 8.87232e-03
Iteration: 2
  Device: "mos_light"	RelError: 2.43366e+00	AbsError: 4.84121e+13
    Region: "bulk"	RelError: 2.43365e+00	AbsError: 4.84121e+13
      Equation: "ElectronContinuityEquation"	RelError: 9.99323e-01	AbsError: 4.79332e+13
      Equation: "HoleContinuityEquation"	RelError: 1.41668e+00	AbsError: 4.78834e+11
      Equation: "PotentialEquation"	RelError: 1.76534e-02	AbsError: 2.55586e-02
    Region: "oxide"	RelError: 7.74455e-06	AbsError: 6.11003e-08
      Equation: "PotentialEquation"	RelError: 7.74455e-06	AbsError: 6.11003e-08
Iteration: 3
  Device: "mos_light"	RelError: 2.02591e-01	AbsError: 2.85454e+14
    Region: "bulk"	RelError: 2.02576e-01	AbsError: 2.85454e+14
      Equation: "ElectronContinuityEquation"	RelError: 1.34472e-01	AbsError: 2.85383e+14
      Equation: "HoleContinuityEquation"	RelError: 6.35634e-02	AbsError: 7.03876e+10
      Equation: "PotentialEquation"	RelError: 4.54084e-03	AbsError: 9.16538e-03
    Region: "oxide"	RelError: 1.46099e-05	AbsError: 8.71809e-08
      Equation: "PotentialEquation"	RelError: 1.46099e-05	AbsError: 8.71809e-08
Iteration: 4
  Device: "mos_light"	RelError: 1.25969e-01	AbsError: 3.06320e+14
    Region: "bulk"	RelError: 1.25946e-01	AbsError: 3.06320e+14
      Equation: "ElectronContinuityEquation"	RelError: 6.99387e-02	AbsError: 3.06207e+14
      Equation: "HoleContinuityEquation"	RelError: 5.39560e-02	AbsError: 1.13144e+11
      Equation: "PotentialEquation"	RelError: 2.05120e-03	AbsError: 3.58644e-05
    Region: "oxide"	RelError: 2.27208e-05	AbsError: 1.42510e-07
      Equation: "PotentialEquation"	RelError: 2.27208e-05	AbsError: 1.42510e-07
Iteration: 5
  Device: "mos_light"	RelError: 3.02172e-03	AbsError: 6.17117e+10
    Region: "bulk"	RelError: 3.02172e-03	AbsError: 6.17117e+10
      Equation: "ElectronContinuityEquation"	RelError: 2.69099e-05	AbsError: 6.16976e+10
      Equation: "HoleContinuityEquation"	RelError: 2.99456e-03	AbsError: 1.41213e+07
      Equation: "PotentialEquation"	RelError: 2.45431e-07	AbsError: 6.88465e-09
    Region: "oxide"	RelError: 2.95027e-09	AbsError: 1.82380e-11
      Equation: "PotentialEquation"	RelError: 2.95027e-09	AbsError: 1.82380e-11
Iteration: 6
  Device: "mos_light"	RelError: 2.13182e-11	AbsError: 2.34989e+03
    Region: "bulk"	RelError: 2.13181e-11	AbsError: 2.34989e+03
      Equation: "ElectronContinuityEquation"	RelError: 9.09365e-13	AbsError: 2.34940e+03
      Equation: "HoleContinuityEquation"	RelError: 2.04004e-11	AbsError: 4.84456e-01
      Equation: "PotentialEquation"	RelError: 8.33801e-15	AbsError: 2.57764e-16
    Region: "oxide"	RelError: 9.85251e-17	AbsError: 6.12132e-19
      Equation: "PotentialEquation"	RelError: 9.85251e-17	AbsError: 6.12132e-19
number of equations 7095
Iteration: 0
  Device: "mos_light"	RelError: 2.01973e+03	AbsError: 7.33959e+16
    Region: "bulk"	RelError: 2.01829e+03	AbsError: 7.33959e+16
      Equation: "ElectronContinuityEquation"	RelError: 9.99000e+02	AbsError: 7.18525e+16
      Equation: "HoleContinuityEquation"	RelError: 9.99000e+02	AbsError: 1.54338e+15
      Equation: "PotentialEquation"	RelError: 2.02855e+01	AbsError: 4.09542e-02
    Region: "oxide"	RelError: 1.44439e+00	AbsError: 1.88461e-02
      Equation: "PotentialEquation"	RelError: 1.44439e+00	AbsError: 1.88461e-02
Iteration: 1
  Device: "mos_light"	RelError: 1.00560e+03	AbsError: 1.56502e+15
    Region: "bulk"	RelError: 1.00559e+03	AbsError: 1.56502e+15
      Equation: "ElectronContinuityEquation"	RelError: 9.99000e+02	AbsError: 1.43928e+15
      Equation: "HoleContinuityEquation"	RelError: 9.98105e-01	AbsError: 1.25748e+14
      Equation: "PotentialEquation"	RelError: 5.58978e+00	AbsError: 3.07632e-02
    Region: "oxide"	RelError: 1.52953e-02	AbsError: 8.87493e-03
      Equation: "PotentialEquation"	RelError: 1.52953e-02	AbsError: 8.87493e-03
Iteration: 2
  Device: "mos_light"	RelError: 2.15551e+00	AbsError: 5.15809e+13
    Region: "bulk"	RelError: 2.15549e+00	AbsError: 5.15809e+13
      Equation: "ElectronContinuityEquation"	RelError: 9.99448e-01	AbsError: 5.11720e+13
      Equation: "HoleContinuityEquation"	RelError: 1.13984e+00	AbsError: 4.08874e+11
      Equation: "PotentialEquation"	RelError: 1.61984e-02	AbsError: 2.55602e-02
    Region: "oxide"	RelError: 1.89539e-05	AbsError: 5.99750e-08
      Equation: "PotentialEquation"	RelError: 1.89539e-05	AbsError: 5.99750e-08
Iteration: 3
  Device: "mos_light"	RelError: 1.57757e-01	AbsError: 2.39608e+14
    Region: "bulk"	RelError: 1.57729e-01	AbsError: 2.39608e+14
      Equation: "ElectronContinuityEquation"	RelError: 1.14732e-01	AbsError: 2.39554e+14
      Equation: "HoleContinuityEquation"	RelError: 3.86697e-02	AbsError: 5.35511e+10
      Equation: "PotentialEquation"	RelError: 4.32649e-03	AbsError: 9.16537e-03
    Region: "oxide"	RelError: 2.80503e-05	AbsError: 6.61787e-08
      Equation: "PotentialEquation"	RelError: 2.80503e-05	AbsError: 6.61787e-08
Iteration: 4
  Device: "mos_light"	RelError: 1.25716e-01	AbsError: 2.57065e+14
    Region: "bulk"	RelError: 1.25668e-01	AbsError: 2.57065e+14
      Equation: "ElectronContinuityEquation"	RelError: 6.98254e-02	AbsError: 2.56973e+14
      Equation: "HoleContinuityEquation"	RelError: 5.47309e-02	AbsError: 9.11805e+10
      Equation: "PotentialEquation"	RelError: 1.11209e-03	AbsError: 3.00300e-05
    Region: "oxide"	RelError: 4.75481e-05	AbsError: 1.20497e-07
      Equation: "PotentialEquation"	RelError: 4.75481e-05	AbsError: 1.20497e-07
Iteration: 5
  Device: "mos_light"	RelError: 3.01453e-03	AbsError: 4.28129e+10
    Region: "bulk"	RelError: 3.01453e-03	AbsError: 4.28129e+10
      Equation: "ElectronContinuityEquation"	RelError: 2.31164e-05	AbsError: 4.28034e+10
      Equation: "HoleContinuityEquation"	RelError: 2.99130e-03	AbsError: 9.51867e+06
      Equation: "PotentialEquation"	RelError: 1.13873e-07	AbsError: 4.77329e-09
    Region: "oxide"	RelError: 5.08277e-09	AbsError: 1.26698e-11
      Equation: "PotentialEquation"	RelError: 5.08277e-09	AbsError: 1.26698e-11
Iteration: 6
  Device: "mos_light"	RelError: 2.17144e-11	AbsError: 1.11443e+03
    Region: "bulk"	RelError: 2.17143e-11	AbsError: 1.11443e+03
      Equation: "ElectronContinuityEquation"	RelError: 5.46542e-13	AbsError: 1.11421e+03
      Equation: "HoleContinuityEquation"	RelError: 2.11651e-11	AbsError: 2.23282e-01
      Equation: "PotentialEquation"	RelError: 2.66580e-15	AbsError: 1.22316e-16
    Region: "oxide"	RelError: 1.17561e-16	AbsError: 2.94724e-19
      Equation: "PotentialEquation"	RelError: 1.17561e-16	AbsError: 2.94724e-19
number of equations 7095
Iteration: 0
  Device: "mos_light"	RelError: 3.35506e+05	AbsError: 7.48160e+16
    Region: "bulk"	RelError: 3.35503e+05	AbsError: 7.48160e+16
      Equation: "ElectronContinuityEquation"	RelError: 9.99000e+02	AbsError: 7.33789e+16
      Equation: "HoleContinuityEquation"	RelError: 3.34497e+05	AbsError: 1.43712e+15
      Equation: "PotentialEquation"	RelError: 6.38798e+00	AbsError: 4.09542e-02
    Region: "oxide"	RelError: 3.13235e+00	AbsError: 1.88486e-02
      Equation: "PotentialEquation"	RelError: 3.13235e+00	AbsError: 1.88486e-02
Iteration: 1
  Device: "mos_light"	RelError: 1.00209e+03	AbsError: 1.55412e+15
    Region: "bulk"	RelError: 1.00208e+03	AbsError: 1.55412e+15
      Equation: "ElectronContinuityEquation"	RelError: 9.99000e+02	AbsError: 1.44027e+15
      Equation: "HoleContinuityEquation"	RelError: 9.99991e-01	AbsError: 1.13858e+14
      Equation: "PotentialEquation"	RelError: 2.07636e+00	AbsError: 3.07632e-02
    Region: "oxide"	RelError: 1.46017e-02	AbsError: 8.87728e-03
      Equation: "PotentialEquation"	RelError: 1.46017e-02	AbsError: 8.87728e-03
Iteration: 2
  Device: "mos_light"	RelError: 1.92928e+00	AbsError: 5.43159e+13
    Region: "bulk"	RelError: 1.92924e+00	AbsError: 5.43159e+13
      Equation: "ElectronContinuityEquation"	RelError: 9.99306e-01	AbsError: 5.40072e+13
      Equation: "HoleContinuityEquation"	RelError: 9.14988e-01	AbsError: 3.08757e+11
      Equation: "PotentialEquation"	RelError: 1.49508e-02	AbsError: 2.55626e-02
    Region: "oxide"	RelError: 3.95019e-05	AbsError: 5.92040e-08
      Equation: "PotentialEquation"	RelError: 3.95019e-05	AbsError: 5.92040e-08
Iteration: 3
  Device: "mos_light"	RelError: 1.38592e-01	AbsError: 2.00807e+14
    Region: "bulk"	RelError: 1.38547e-01	AbsError: 2.00807e+14
      Equation: "ElectronContinuityEquation"	RelError: 9.61810e-02	AbsError: 2.00767e+14
      Equation: "HoleContinuityEquation"	RelError: 3.82344e-02	AbsError: 4.00599e+10
      Equation: "PotentialEquation"	RelError: 4.13147e-03	AbsError: 9.16537e-03
    Region: "oxide"	RelError: 4.48148e-05	AbsError: 4.84828e-08
      Equation: "PotentialEquation"	RelError: 4.48148e-05	AbsError: 4.84828e-08
Iteration: 4
  Device: "mos_light"	RelError: 1.22993e-01	AbsError: 2.15384e+14
    Region: "bulk"	RelError: 1.22908e-01	AbsError: 2.15384e+14
      Equation: "ElectronContinuityEquation"	RelError: 6.89137e-02	AbsError: 2.15309e+14
      Equation: "HoleContinuityEquation"	RelError: 5.37522e-02	AbsError: 7.46404e+10
      Equation: "PotentialEquation"	RelError: 2.41808e-04	AbsError: 2.51119e-05
    Region: "oxide"	RelError: 8.51407e-05	AbsError: 1.02303e-07
      Equation: "PotentialEquation"	RelError: 8.51407e-05	AbsError: 1.02303e-07
Iteration: 5
  Device: "mos_light"	RelError: 2.85875e-03	AbsError: 2.95660e+10
    Region: "bulk"	RelError: 2.85874e-03	AbsError: 2.95660e+10
      Equation: "ElectronContinuityEquation"	RelError: 1.97784e-05	AbsError: 2.95597e+10
      Equation: "HoleContinuityEquation"	RelError: 2.83894e-03	AbsError: 6.26436e+06
      Equation: "PotentialEquation"	RelError: 1.81542e-08	AbsError: 3.29484e-09
    Region: "oxide"	RelError: 7.44882e-09	AbsError: 8.77455e-12
      Equation: "PotentialEquation"	RelError: 7.44882e-09	AbsError: 8.77455e-12
Iteration: 6
  Device: "mos_light"	RelError: 2.11762e-11	AbsError: 5.23051e+02
    Region: "bulk"	RelError: 2.11760e-11	AbsError: 5.23051e+02
      Equation: "ElectronContinuityEquation"	RelError: 3.25780e-13	AbsError: 5.22950e+02
      Equation: "HoleContinuityEquation"	RelError: 2.08500e-11	AbsError: 1.01208e-01
      Equation: "PotentialEquation"	RelError: 2.89082e-16	AbsError: 5.74395e-17
    Region: "oxide"	RelError: 1.18700e-16	AbsError: 1.40780e-19
      Equation: "PotentialEquation"	RelError: 1.18700e-16	AbsError: 1.40780e-19
number of equations 7095
Iteration: 0
  Device: "mos_light"	RelError: 1.59048e+03	AbsError: 7.62696e+16
    Region: "bulk"	RelError: 1.58857e+03	AbsError: 7.62696e+16
      Equation: "ElectronContinuityEquation"	RelError: 4.07478e+01	AbsError: 7.49134e+16
      Equation: "HoleContinuityEquation"	RelError: 9.99000e+02	AbsError: 1.35615e+15
      Equation: "PotentialEquation"	RelError: 5.48822e+02	AbsError: 4.09542e-02
    Region: "oxide"	RelError: 1.91298e+00	AbsError: 1.88507e-02
      Equation: "PotentialEquation"	RelError: 1.91298e+00	AbsError: 1.88507e-02
Iteration: 1
  Device: "mos_light"	RelError: 1.00173e+03	AbsError: 1.53925e+15
    Region: "bulk"	RelError: 1.00172e+03	AbsError: 1.53925e+15
      Equation: "ElectronContinuityEquation"	RelError: 9.99000e+02	AbsError: 1.43548e+15
      Equation: "HoleContinuityEquation"	RelError: 9.98388e-01	AbsError: 1.03764e+14
      Equation: "PotentialEquation"	RelError: 1.72153e+00	AbsError: 3.07632e-02
    Region: "oxide"	RelError: 1.39681e-02	AbsError: 8.87940e-03
      Equation: "PotentialEquation"	RelError: 1.39681e-02	AbsError: 8.87940e-03
Iteration: 2
  Device: "mos_light"	RelError: 1.84251e+00	AbsError: 5.66220e+13
    Region: "bulk"	RelError: 1.84248e+00	AbsError: 5.66220e+13
      Equation: "ElectronContinuityEquation"	RelError: 9.99133e-01	AbsError: 5.63661e+13
      Equation: "HoleContinuityEquation"	RelError: 8.29479e-01	AbsError: 2.55904e+11
      Equation: "PotentialEquation"	RelError: 1.38715e-02	AbsError: 2.55654e-02
    Region: "oxide"	RelError: 2.46749e-05	AbsError: 5.87691e-08
      Equation: "PotentialEquation"	RelError: 2.46749e-05	AbsError: 5.87691e-08
Iteration: 3
  Device: "mos_light"	RelError: 1.19569e-01	AbsError: 1.68064e+14
    Region: "bulk"	RelError: 1.19547e-01	AbsError: 1.68064e+14
      Equation: "ElectronContinuityEquation"	RelError: 7.87829e-02	AbsError: 1.68035e+14
      Equation: "HoleContinuityEquation"	RelError: 3.65797e-02	AbsError: 2.89344e+10
      Equation: "PotentialEquation"	RelError: 4.18405e-03	AbsError: 9.16536e-03
    Region: "oxide"	RelError: 2.27355e-05	AbsError: 3.35719e-08
      Equation: "PotentialEquation"	RelError: 2.27355e-05	AbsError: 3.35719e-08
Iteration: 4
  Device: "mos_light"	RelError: 1.28036e-01	AbsError: 1.80218e+14
    Region: "bulk"	RelError: 1.27987e-01	AbsError: 1.80218e+14
      Equation: "ElectronContinuityEquation"	RelError: 6.60494e-02	AbsError: 1.80158e+14
      Equation: "HoleContinuityEquation"	RelError: 5.25820e-02	AbsError: 6.01720e+10
      Equation: "PotentialEquation"	RelError: 9.35546e-03	AbsError: 2.09770e-05
    Region: "oxide"	RelError: 4.92116e-05	AbsError: 8.72900e-08
      Equation: "PotentialEquation"	RelError: 4.92116e-05	AbsError: 8.72900e-08
Iteration: 5
  Device: "mos_light"	RelError: 2.89106e-03	AbsError: 2.03421e+10
    Region: "bulk"	RelError: 2.89106e-03	AbsError: 2.03421e+10
      Equation: "ElectronContinuityEquation"	RelError: 1.68505e-05	AbsError: 2.03379e+10
      Equation: "HoleContinuityEquation"	RelError: 2.87354e-03	AbsError: 4.17676e+06
      Equation: "PotentialEquation"	RelError: 6.66048e-07	AbsError: 2.26618e-09
    Region: "oxide"	RelError: 3.52051e-09	AbsError: 6.06274e-12
      Equation: "PotentialEquation"	RelError: 3.52051e-09	AbsError: 6.06274e-12
Iteration: 6
  Device: "mos_light"	RelError: 1.96224e-11	AbsError: 2.43434e+02
    Region: "bulk"	RelError: 1.96224e-11	AbsError: 2.43434e+02
      Equation: "ElectronContinuityEquation"	RelError: 1.92671e-13	AbsError: 2.43388e+02
      Equation: "HoleContinuityEquation"	RelError: 1.94224e-11	AbsError: 4.57115e-02
      Equation: "PotentialEquation"	RelError: 7.27096e-15	AbsError: 2.67557e-17
    Region: "oxide"	RelError: 3.83922e-17	AbsError: 6.67197e-20
      Equation: "PotentialEquation"	RelError: 3.83922e-17	AbsError: 6.67197e-20
number of equations 7095
Iteration: 0
  Device: "mos_light"	RelError: 1.03245e+03	AbsError: 7.77280e+16
    Region: "bulk"	RelError: 1.03040e+03	AbsError: 7.77280e+16
      Equation: "ElectronContinuityEquation"	RelError: 1.85577e+01	AbsError: 7.64387e+16
      Equation: "HoleContinuityEquation"	RelError: 9.99000e+02	AbsError: 1.28932e+15
      Equation: "PotentialEquation"	RelError: 1.28465e+01	AbsError: 4.09542e-02
    Region: "oxide"	RelError: 2.04497e+00	AbsError: 1.88527e-02
      Equation: "PotentialEquation"	RelError: 2.04497e+00	AbsError: 1.88527e-02
Iteration: 1
  Device: "mos_light"	RelError: 1.00932e+03	AbsError: 1.52714e+15
    Region: "bulk"	RelError: 1.00931e+03	AbsError: 1.52714e+15
      Equation: "ElectronContinuityEquation"	RelError: 9.99000e+02	AbsError: 1.42392e+15
      Equation: "HoleContinuityEquation"	RelError: 9.98381e-01	AbsError: 1.03214e+14
      Equation: "PotentialEquation"	RelError: 9.31226e+00	AbsError: 3.07632e-02
    Region: "oxide"	RelError: 1.33870e-02	AbsError: 8.88130e-03
      Equation: "PotentialEquation"	RelError: 1.33870e-02	AbsError: 8.88130e-03
Iteration: 2
  Device: "mos_light"	RelError: 1.82355e+00	AbsError: 5.84395e+13
    Region: "bulk"	RelError: 1.82352e+00	AbsError: 5.84395e+13
      Equation: "ElectronContinuityEquation"	RelError: 9.99004e-01	AbsError: 5.81728e+13
      Equation: "HoleContinuityEquation"	RelError: 8.11590e-01	AbsError: 2.66623e+11
      Equation: "PotentialEquation"	RelError: 1.29308e-02	AbsError: 2.55684e-02
    Region: "oxide"	RelError: 2.56997e-05	AbsError: 5.86530e-08
      Equation: "PotentialEquation"	RelError: 2.56997e-05	AbsError: 5.86530e-08
Iteration: 3
  Device: "mos_light"	RelError: 1.02802e-01	AbsError: 1.40503e+14
    Region: "bulk"	RelError: 1.02785e-01	AbsError: 1.40503e+14
      Equation: "ElectronContinuityEquation"	RelError: 6.25677e-02	AbsError: 1.40482e+14
      Equation: "HoleContinuityEquation"	RelError: 3.64276e-02	AbsError: 2.11887e+10
      Equation: "PotentialEquation"	RelError: 3.78980e-03	AbsError: 9.16536e-03
    Region: "oxide"	RelError: 1.64705e-05	AbsError: 2.16480e-08
      Equation: "PotentialEquation"	RelError: 1.64705e-05	AbsError: 2.16480e-08
Iteration: 4
  Device: "mos_light"	RelError: 1.14823e-01	AbsError: 1.50626e+14
    Region: "bulk"	RelError: 1.14779e-01	AbsError: 1.50626e+14
      Equation: "ElectronContinuityEquation"	RelError: 5.93866e-02	AbsError: 1.50577e+14
      Equation: "HoleContinuityEquation"	RelError: 5.41437e-02	AbsError: 4.91793e+10
      Equation: "PotentialEquation"	RelError: 1.24907e-03	AbsError: 1.75081e-05
    Region: "oxide"	RelError: 4.37041e-05	AbsError: 7.49194e-08
      Equation: "PotentialEquation"	RelError: 4.37041e-05	AbsError: 7.49194e-08
Iteration: 5
  Device: "mos_light"	RelError: 2.95878e-03	AbsError: 1.39538e+10
    Region: "bulk"	RelError: 2.95877e-03	AbsError: 1.39538e+10
      Equation: "ElectronContinuityEquation"	RelError: 1.42786e-05	AbsError: 1.39510e+10
      Equation: "HoleContinuityEquation"	RelError: 2.94442e-03	AbsError: 2.75366e+06
      Equation: "PotentialEquation"	RelError: 7.52242e-08	AbsError: 1.55416e-09
    Region: "oxide"	RelError: 2.53121e-09	AbsError: 4.18218e-12
      Equation: "PotentialEquation"	RelError: 2.53121e-09	AbsError: 4.18218e-12
Iteration: 6
  Device: "mos_light"	RelError: 1.72609e-11	AbsError: 1.12534e+02
    Region: "bulk"	RelError: 1.72608e-11	AbsError: 1.12534e+02
      Equation: "ElectronContinuityEquation"	RelError: 1.12988e-13	AbsError: 1.12514e+02
      Equation: "HoleContinuityEquation"	RelError: 1.71473e-11	AbsError: 2.04696e-02
      Equation: "PotentialEquation"	RelError: 5.55258e-16	AbsError: 1.23750e-17
    Region: "oxide"	RelError: 1.86911e-17	AbsError: 3.11379e-20
      Equation: "PotentialEquation"	RelError: 1.86911e-17	AbsError: 3.11379e-20
number of equations 7095
Iteration: 0
  Device: "mos_light"	RelError: 1.02418e+03	AbsError: 7.91637e+16
    Region: "bulk"	RelError: 1.02351e+03	AbsError: 7.91637e+16
      Equation: "ElectronContinuityEquation"	RelError: 7.60405e+00	AbsError: 7.79344e+16
      Equation: "HoleContinuityEquation"	RelError: 9.99000e+02	AbsError: 1.22925e+15
      Equation: "PotentialEquation"	RelError: 1.69037e+01	AbsError: 4.09542e-02
    Region: "oxide"	RelError: 6.71515e-01	AbsError: 1.88545e-02
      Equation: "PotentialEquation"	RelError: 6.71515e-01	AbsError: 1.88545e-02
Iteration: 1
  Device: "mos_light"	RelError: 3.45644e+00	AbsError: 1.50024e+15
    Region: "bulk"	RelError: 3.44359e+00	AbsError: 1.50024e+15
      Equation: "ElectronContinuityEquation"	RelError: 1.37336e+00	AbsError: 1.40456e+15
      Equation: "HoleContinuityEquation"	RelError: 9.98163e-01	AbsError: 9.56736e+13
      Equation: "PotentialEquation"	RelError: 1.07206e+00	AbsError: 3.07632e-02
    Region: "oxide"	RelError: 1.28522e-02	AbsError: 8.88299e-03
      Equation: "PotentialEquation"	RelError: 1.28522e-02	AbsError: 8.88299e-03
Iteration: 2
  Device: "mos_light"	RelError: 1.36316e+00	AbsError: 5.95905e+13
    Region: "bulk"	RelError: 1.36315e+00	AbsError: 5.95905e+13
      Equation: "ElectronContinuityEquation"	RelError: 5.80537e-01	AbsError: 5.93616e+13
      Equation: "HoleContinuityEquation"	RelError: 7.70507e-01	AbsError: 2.28855e+11
      Equation: "PotentialEquation"	RelError: 1.21033e-02	AbsError: 2.55715e-02
    Region: "oxide"	RelError: 8.48408e-06	AbsError: 5.88130e-08
      Equation: "PotentialEquation"	RelError: 8.48408e-06	AbsError: 5.88130e-08
Iteration: 3
  Device: "mos_light"	RelError: 9.71575e-02	AbsError: 1.17349e+14
    Region: "bulk"	RelError: 9.71540e-02	AbsError: 1.17349e+14
      Equation: "ElectronContinuityEquation"	RelError: 5.65134e-02	AbsError: 1.17335e+14
      Equation: "HoleContinuityEquation"	RelError: 3.70013e-02	AbsError: 1.46155e+10
      Equation: "PotentialEquation"	RelError: 3.63932e-03	AbsError: 9.16535e-03
    Region: "oxide"	RelError: 3.43879e-06	AbsError: 1.20835e-08
      Equation: "PotentialEquation"	RelError: 3.43879e-06	AbsError: 1.20835e-08
Iteration: 4
  Device: "mos_light"	RelError: 1.15328e-01	AbsError: 1.25772e+14
    Region: "bulk"	RelError: 1.15316e-01	AbsError: 1.25772e+14
      Equation: "ElectronContinuityEquation"	RelError: 5.99147e-02	AbsError: 1.25733e+14
      Equation: "HoleContinuityEquation"	RelError: 5.48982e-02	AbsError: 3.96069e+10
      Equation: "PotentialEquation"	RelError: 5.03162e-04	AbsError: 1.46029e-05
    Region: "oxide"	RelError: 1.23439e-05	AbsError: 6.47369e-08
      Equation: "PotentialEquation"	RelError: 1.23439e-05	AbsError: 6.47369e-08
Iteration: 5
  Device: "mos_light"	RelError: 2.97463e-03	AbsError: 9.54845e+09
    Region: "bulk"	RelError: 2.97463e-03	AbsError: 9.54845e+09
      Equation: "ElectronContinuityEquation"	RelError: 1.19970e-05	AbsError: 9.54661e+09
      Equation: "HoleContinuityEquation"	RelError: 2.96261e-03	AbsError: 1.84203e+06
      Equation: "PotentialEquation"	RelError: 2.41026e-08	AbsError: 1.06337e-09
    Region: "oxide"	RelError: 5.75484e-10	AbsError: 2.88202e-12
      Equation: "PotentialEquation"	RelError: 5.75484e-10	AbsError: 2.88202e-12
Iteration: 6
  Device: "mos_light"	RelError: 1.44464e-11	AbsError: 5.17426e+01
    Region: "bulk"	RelError: 1.44464e-11	AbsError: 5.17426e+01
      Equation: "ElectronContinuityEquation"	RelError: 6.55279e-14	AbsError: 5.17335e+01
      Equation: "HoleContinuityEquation"	RelError: 1.43807e-11	AbsError: 9.12222e-03
      Equation: "PotentialEquation"	RelError: 1.18481e-16	AbsError: 5.68608e-18
    Region: "oxide"	RelError: 2.83161e-18	AbsError: 1.43108e-20
      Equation: "PotentialEquation"	RelError: 2.83161e-18	AbsError: 1.43108e-20
number of equations 7095
Iteration: 0
  Device: "mos_light"	RelError: 5.34315e-17	AbsError: 2.03004e-10
    Region: "bulk"	RelError: 5.34315e-17	AbsError: 2.03004e-10
      Equation: "ElectronContinuityEquation"	RelError: 5.34315e-17	AbsError: 2.02881e-10
      Equation: "HoleContinuityEquation"	RelError: 2.86361e-26	AbsError: 1.22677e-13
      Equation: "PotentialEquation"	RelError: 1.49927e-27	AbsError: 4.59422e-29
    Region: "oxide"	RelError: 3.43444e-29	AbsError: 1.62634e-31
      Equation: "PotentialEquation"	RelError: 3.43444e-29	AbsError: 1.62634e-31
PROBE_RESULT={"status": "OK", "Vg_V": 0.0, "Id_A_per_um": 1.2637363016685948e-14, "Is_A_per_um": -1.2603906085206943e-14, "Ib_A_per_um": -3.3456931479003495e-17, "current_balance_A_per_um": 1.953663335586412e-30, "relative_current_balance": 1.5459422452349125e-16}
