Adding 668 nodes
Adding 1576 edges with 0 duplicates removed
Adding 908 triangles  with 0 duplicate removed
Adding 2340 nodes
Adding 6819 edges with 0 duplicates removed
Adding 4480 triangles  with 0 duplicate removed
Adding 125 nodes
Adding 316 edges with 0 duplicates removed
Adding 192 triangles  with 0 duplicate removed
Adding 75 nodes
Adding 170 edges with 0 duplicates removed
Adding 96 triangles  with 0 duplicate removed
Contact body in region bulk with 65 nodes
Contact drain in region bulk with 21 nodes
Contact gate in region oxide with 25 nodes
Contact source in region bulk with 21 nodes
Adding interface bulk_oxide with 23, 23 nodes
Replacing Node Model DrainDoping in region bulk of material Silicon
Replacing Node Model NetDoping in region bulk of material Silicon
Replacing Node Model SourceDoping in region bulk of material Silicon
Replacing Node Model gatenodemodel in region oxide of material Oxide
number of equations 2415
Iteration: 0
  Device: "part1_baseline"	RelError: 2.00000e+00	AbsError: 2.02815e-01
    Region: "bulk"	RelError: 1.00000e+00	AbsError: 2.02815e-01
      Equation: "PotentialEquation"	RelError: 1.00000e+00	AbsError: 2.02815e-01
    Region: "oxide"	RelError: 1.00000e+00	AbsError: 1.31163e-01
      Equation: "PotentialEquation"	RelError: 1.00000e+00	AbsError: 1.31163e-01
Iteration: 1
  Device: "part1_baseline"	RelError: 9.97502e-01	AbsError: 2.02373e-01
    Region: "bulk"	RelError: 4.99593e-01	AbsError: 2.02373e-01
      Equation: "PotentialEquation"	RelError: 4.99593e-01	AbsError: 2.02373e-01
    Region: "oxide"	RelError: 4.97908e-01	AbsError: 1.30070e-01
      Equation: "PotentialEquation"	RelError: 4.97908e-01	AbsError: 1.30070e-01
Iteration: 2
  Device: "part1_baseline"	RelError: 1.25157e+00	AbsError: 1.49618e-01
    Region: "bulk"	RelError: 7.15688e-01	AbsError: 1.49618e-01
      Equation: "PotentialEquation"	RelError: 7.15688e-01	AbsError: 1.49618e-01
    Region: "oxide"	RelError: 5.35878e-01	AbsError: 8.59894e-02
      Equation: "PotentialEquation"	RelError: 5.35878e-01	AbsError: 8.59894e-02
Iteration: 3
  Device: "part1_baseline"	RelError: 3.55275e+00	AbsError: 9.29839e-02
    Region: "bulk"	RelError: 2.64351e+00	AbsError: 9.29839e-02
      Equation: "PotentialEquation"	RelError: 2.64351e+00	AbsError: 9.29839e-02
    Region: "oxide"	RelError: 9.09237e-01	AbsError: 5.41683e-02
      Equation: "PotentialEquation"	RelError: 9.09237e-01	AbsError: 5.41683e-02
Iteration: 4
  Device: "part1_baseline"	RelError: 3.15311e+02	AbsError: 9.39883e-02
    Region: "bulk"	RelError: 3.12486e+02	AbsError: 9.39883e-02
      Equation: "PotentialEquation"	RelError: 3.12486e+02	AbsError: 9.39883e-02
    Region: "oxide"	RelError: 2.82471e+00	AbsError: 5.16117e-02
      Equation: "PotentialEquation"	RelError: 2.82471e+00	AbsError: 5.16117e-02
Iteration: 5
  Device: "part1_baseline"	RelError: 5.30576e+02	AbsError: 9.34716e-02
    Region: "bulk"	RelError: 5.17548e+02	AbsError: 9.34716e-02
      Equation: "PotentialEquation"	RelError: 5.17548e+02	AbsError: 9.34716e-02
    Region: "oxide"	RelError: 1.30277e+01	AbsError: 4.74678e-02
      Equation: "PotentialEquation"	RelError: 1.30277e+01	AbsError: 4.74678e-02
Iteration: 6
  Device: "part1_baseline"	RelError: 1.60178e+02	AbsError: 9.24562e-02
    Region: "bulk"	RelError: 1.43061e+02	AbsError: 9.24562e-02
      Equation: "PotentialEquation"	RelError: 1.43061e+02	AbsError: 9.24562e-02
    Region: "oxide"	RelError: 1.71168e+01	AbsError: 4.21387e-02
      Equation: "PotentialEquation"	RelError: 1.71168e+01	AbsError: 4.21387e-02
Iteration: 7
  Device: "part1_baseline"	RelError: 1.15509e+03	AbsError: 9.06820e-02
    Region: "bulk"	RelError: 1.06357e+03	AbsError: 9.06820e-02
      Equation: "PotentialEquation"	RelError: 1.06357e+03	AbsError: 9.06820e-02
    Region: "oxide"	RelError: 9.15180e+01	AbsError: 3.49089e-02
      Equation: "PotentialEquation"	RelError: 9.15180e+01	AbsError: 3.49089e-02
Iteration: 8
  Device: "part1_baseline"	RelError: 1.00927e+02	AbsError: 8.47279e-02
    Region: "bulk"	RelError: 9.96050e+01	AbsError: 8.47279e-02
      Equation: "PotentialEquation"	RelError: 9.96050e+01	AbsError: 8.47279e-02
    Region: "oxide"	RelError: 1.32197e+00	AbsError: 2.46715e-02
      Equation: "PotentialEquation"	RelError: 1.32197e+00	AbsError: 2.46715e-02
Iteration: 9
  Device: "part1_baseline"	RelError: 2.44483e+02	AbsError: 7.52815e-02
    Region: "bulk"	RelError: 2.39704e+02	AbsError: 7.52815e-02
      Equation: "PotentialEquation"	RelError: 2.39704e+02	AbsError: 7.52815e-02
    Region: "oxide"	RelError: 4.77825e+00	AbsError: 2.08472e-02
      Equation: "PotentialEquation"	RelError: 4.77825e+00	AbsError: 2.08472e-02
Iteration: 10
  Device: "part1_baseline"	RelError: 1.82078e+02	AbsError: 6.25336e-02
    Region: "bulk"	RelError: 1.80364e+02	AbsError: 6.25336e-02
      Equation: "PotentialEquation"	RelError: 1.80364e+02	AbsError: 6.25336e-02
    Region: "oxide"	RelError: 1.71383e+00	AbsError: 8.10630e-03
      Equation: "PotentialEquation"	RelError: 1.71383e+00	AbsError: 8.10630e-03
Iteration: 11
  Device: "part1_baseline"	RelError: 4.81559e+00	AbsError: 3.81851e-02
    Region: "bulk"	RelError: 4.59616e+00	AbsError: 3.81851e-02
      Equation: "PotentialEquation"	RelError: 4.59616e+00	AbsError: 3.81851e-02
    Region: "oxide"	RelError: 2.19424e-01	AbsError: 9.20866e-04
      Equation: "PotentialEquation"	RelError: 2.19424e-01	AbsError: 9.20866e-04
Iteration: 12
  Device: "part1_baseline"	RelError: 1.99283e+01	AbsError: 2.54413e-02
    Region: "bulk"	RelError: 1.99033e+01	AbsError: 2.54413e-02
      Equation: "PotentialEquation"	RelError: 1.99033e+01	AbsError: 2.54413e-02
    Region: "oxide"	RelError: 2.50721e-02	AbsError: 1.04450e-04
      Equation: "PotentialEquation"	RelError: 2.50721e-02	AbsError: 1.04450e-04
Iteration: 13
  Device: "part1_baseline"	RelError: 1.03843e+00	AbsError: 9.23280e-03
    Region: "bulk"	RelError: 1.03664e+00	AbsError: 9.23280e-03
      Equation: "PotentialEquation"	RelError: 1.03664e+00	AbsError: 9.23280e-03
    Region: "oxide"	RelError: 1.78761e-03	AbsError: 7.32097e-06
      Equation: "PotentialEquation"	RelError: 1.78761e-03	AbsError: 7.32097e-06
Iteration: 14
  Device: "part1_baseline"	RelError: 1.97210e-02	AbsError: 8.80859e-05
    Region: "bulk"	RelError: 1.97042e-02	AbsError: 8.80859e-05
      Equation: "PotentialEquation"	RelError: 1.97042e-02	AbsError: 8.80859e-05
    Region: "oxide"	RelError: 1.67298e-05	AbsError: 6.85175e-08
      Equation: "PotentialEquation"	RelError: 1.67298e-05	AbsError: 6.85175e-08
Iteration: 15
  Device: "part1_baseline"	RelError: 9.77088e-06	AbsError: 7.35678e-08
    Region: "bulk"	RelError: 9.76881e-06	AbsError: 7.35678e-08
      Equation: "PotentialEquation"	RelError: 9.76881e-06	AbsError: 7.35678e-08
    Region: "oxide"	RelError: 2.06859e-09	AbsError: 8.48873e-12
      Equation: "PotentialEquation"	RelError: 2.06859e-09	AbsError: 8.48873e-12
Iteration: 16
  Device: "part1_baseline"	RelError: 4.11762e-12	AbsError: 5.28013e-14
    Region: "bulk"	RelError: 4.11702e-12	AbsError: 5.28013e-14
      Equation: "PotentialEquation"	RelError: 4.11702e-12	AbsError: 5.28013e-14
    Region: "oxide"	RelError: 5.97529e-16	AbsError: 2.46534e-18
      Equation: "PotentialEquation"	RelError: 5.97529e-16	AbsError: 2.46534e-18
Warning: Replacing equation with equation of the same name.
Region: bulk, Equation: PotentialEquation, Variable: Potential
number of equations 7095
Iteration: 0
  Device: "part1_baseline"	RelError: 3.77210e-24	AbsError: 1.74295e-08
    Region: "bulk"	RelError: 3.77192e-24	AbsError: 1.74295e-08
      Equation: "ElectronContinuityEquation"	RelError: 1.10550e-24	AbsError: 3.86220e-09
      Equation: "HoleContinuityEquation"	RelError: 1.10550e-24	AbsError: 1.35673e-08
      Equation: "PotentialEquation"	RelError: 1.56093e-24	AbsError: 2.86182e-26
    Region: "oxide"	RelError: 1.77353e-28	AbsError: 7.32410e-31
      Equation: "PotentialEquation"	RelError: 1.77353e-28	AbsError: 7.32410e-31
number of equations 7095
Iteration: 0
  Device: "part1_baseline"	RelError: 2.03416e+03	AbsError: 7.11306e+16
    Region: "bulk"	RelError: 2.01960e+03	AbsError: 7.11306e+16
      Equation: "ElectronContinuityEquation"	RelError: 9.99000e+02	AbsError: 6.60404e+16
      Equation: "HoleContinuityEquation"	RelError: 9.99000e+02	AbsError: 5.09020e+15
      Equation: "PotentialEquation"	RelError: 2.15990e+01	AbsError: 4.09542e-02
    Region: "oxide"	RelError: 1.45613e+01	AbsError: 7.87202e-03
      Equation: "PotentialEquation"	RelError: 1.45613e+01	AbsError: 7.87202e-03
Iteration: 1
  Device: "part1_baseline"	RelError: 1.33176e+01	AbsError: 3.58206e+15
    Region: "bulk"	RelError: 4.95397e+00	AbsError: 3.58206e+15
      Equation: "ElectronContinuityEquation"	RelError: 9.98654e-01	AbsError: 2.19768e+15
      Equation: "HoleContinuityEquation"	RelError: 9.98675e-01	AbsError: 1.38438e+15
      Equation: "PotentialEquation"	RelError: 2.95664e+00	AbsError: 3.07632e-02
    Region: "oxide"	RelError: 8.36363e+00	AbsError: 6.73449e-04
      Equation: "PotentialEquation"	RelError: 8.36363e+00	AbsError: 6.73449e-04
Iteration: 2
  Device: "part1_baseline"	RelError: 1.00839e+03	AbsError: 4.21661e+14
    Region: "bulk"	RelError: 1.00794e+03	AbsError: 4.21661e+14
      Equation: "ElectronContinuityEquation"	RelError: 9.99000e+02	AbsError: 1.89348e+14
      Equation: "HoleContinuityEquation"	RelError: 8.71412e+00	AbsError: 2.32313e+14
      Equation: "PotentialEquation"	RelError: 2.23950e-01	AbsError: 2.57830e-02
    Region: "oxide"	RelError: 4.56606e-01	AbsError: 7.20055e-05
      Equation: "PotentialEquation"	RelError: 4.56606e-01	AbsError: 7.20055e-05
Iteration: 3
  Device: "part1_baseline"	RelError: 1.55983e+00	AbsError: 8.40584e+13
    Region: "bulk"	RelError: 1.52375e+00	AbsError: 8.40584e+13
      Equation: "ElectronContinuityEquation"	RelError: 9.97883e-01	AbsError: 8.03587e+12
      Equation: "HoleContinuityEquation"	RelError: 5.06588e-01	AbsError: 7.60225e+13
      Equation: "PotentialEquation"	RelError: 1.92769e-02	AbsError: 9.16778e-03
    Region: "oxide"	RelError: 3.60840e-02	AbsError: 7.45632e-06
      Equation: "PotentialEquation"	RelError: 3.60840e-02	AbsError: 7.45632e-06
Iteration: 4
  Device: "part1_baseline"	RelError: 3.61240e-01	AbsError: 6.08357e+13
    Region: "bulk"	RelError: 3.21031e-01	AbsError: 6.08357e+13
      Equation: "ElectronContinuityEquation"	RelError: 2.94444e-01	AbsError: 3.78384e+13
      Equation: "HoleContinuityEquation"	RelError: 4.45260e-03	AbsError: 2.29973e+13
      Equation: "PotentialEquation"	RelError: 2.21339e-02	AbsError: 6.73078e-05
    Region: "oxide"	RelError: 4.02094e-02	AbsError: 3.67076e-06
      Equation: "PotentialEquation"	RelError: 4.02094e-02	AbsError: 3.67076e-06
Iteration: 5
  Device: "part1_baseline"	RelError: 7.38766e-05	AbsError: 6.35189e+09
    Region: "bulk"	RelError: 7.28039e-05	AbsError: 6.35189e+09
      Equation: "ElectronContinuityEquation"	RelError: 6.44346e-05	AbsError: 1.60420e+09
      Equation: "HoleContinuityEquation"	RelError: 7.95505e-06	AbsError: 4.74769e+09
      Equation: "PotentialEquation"	RelError: 4.14180e-07	AbsError: 6.43195e-09
    Region: "oxide"	RelError: 1.07276e-06	AbsError: 2.09619e-10
      Equation: "PotentialEquation"	RelError: 1.07276e-06	AbsError: 2.09619e-10
Iteration: 6
  Device: "part1_baseline"	RelError: 5.08990e-12	AbsError: 2.18994e+02
    Region: "bulk"	RelError: 5.08188e-12	AbsError: 2.18994e+02
      Equation: "ElectronContinuityEquation"	RelError: 4.35077e-12	AbsError: 5.76453e+01
      Equation: "HoleContinuityEquation"	RelError: 7.23732e-13	AbsError: 1.61349e+02
      Equation: "PotentialEquation"	RelError: 7.37631e-15	AbsError: 2.58833e-16
    Region: "oxide"	RelError: 8.02278e-15	AbsError: 6.10946e-19
      Equation: "PotentialEquation"	RelError: 8.02278e-15	AbsError: 6.10946e-19
number of equations 7095
Iteration: 0
  Device: "part1_baseline"	RelError: 2.02681e+03	AbsError: 6.65407e+16
    Region: "bulk"	RelError: 2.02582e+03	AbsError: 6.65407e+16
      Equation: "ElectronContinuityEquation"	RelError: 9.99000e+02	AbsError: 6.20320e+16
      Equation: "HoleContinuityEquation"	RelError: 9.99000e+02	AbsError: 4.50875e+15
      Equation: "PotentialEquation"	RelError: 2.78248e+01	AbsError: 4.09542e-02
    Region: "oxide"	RelError: 9.86178e-01	AbsError: 6.72154e-03
      Equation: "PotentialEquation"	RelError: 9.86178e-01	AbsError: 6.72154e-03
Iteration: 1
  Device: "part1_baseline"	RelError: 1.00491e+03	AbsError: 3.13272e+15
    Region: "bulk"	RelError: 1.00486e+03	AbsError: 3.13272e+15
      Equation: "ElectronContinuityEquation"	RelError: 9.99000e+02	AbsError: 1.96249e+15
      Equation: "HoleContinuityEquation"	RelError: 9.98651e-01	AbsError: 1.17023e+15
      Equation: "PotentialEquation"	RelError: 4.86394e+00	AbsError: 3.07632e-02
    Region: "oxide"	RelError: 5.23308e-02	AbsError: 4.65109e-04
      Equation: "PotentialEquation"	RelError: 5.23308e-02	AbsError: 4.65109e-04
Iteration: 2
  Device: "part1_baseline"	RelError: 1.29657e+01	AbsError: 3.34147e+14
    Region: "bulk"	RelError: 1.29607e+01	AbsError: 3.34147e+14
      Equation: "ElectronContinuityEquation"	RelError: 4.05556e+00	AbsError: 1.52357e+14
      Equation: "HoleContinuityEquation"	RelError: 8.78471e+00	AbsError: 1.81790e+14
      Equation: "PotentialEquation"	RelError: 1.20462e-01	AbsError: 2.58882e-02
    Region: "oxide"	RelError: 4.99987e-03	AbsError: 4.88351e-05
      Equation: "PotentialEquation"	RelError: 4.99987e-03	AbsError: 4.88351e-05
Iteration: 3
  Device: "part1_baseline"	RelError: 1.16399e+00	AbsError: 5.44478e+13
    Region: "bulk"	RelError: 1.16381e+00	AbsError: 5.44478e+13
      Equation: "ElectronContinuityEquation"	RelError: 6.39213e-01	AbsError: 1.25379e+13
      Equation: "HoleContinuityEquation"	RelError: 5.08672e-01	AbsError: 4.19099e+13
      Equation: "PotentialEquation"	RelError: 1.59273e-02	AbsError: 9.16739e-03
    Region: "oxide"	RelError: 1.78101e-04	AbsError: 3.75414e-06
      Equation: "PotentialEquation"	RelError: 1.78101e-04	AbsError: 3.75414e-06
Iteration: 4
  Device: "part1_baseline"	RelError: 2.68866e-02	AbsError: 6.43454e+13
    Region: "bulk"	RelError: 2.63046e-02	AbsError: 6.43454e+13
      Equation: "ElectronContinuityEquation"	RelError: 4.42118e-03	AbsError: 3.83730e+13
      Equation: "HoleContinuityEquation"	RelError: 6.02282e-03	AbsError: 2.59724e+13
      Equation: "PotentialEquation"	RelError: 1.58606e-02	AbsError: 7.55385e-05
    Region: "oxide"	RelError: 5.82005e-04	AbsError: 3.60581e-06
      Equation: "PotentialEquation"	RelError: 5.82005e-04	AbsError: 3.60581e-06
Iteration: 5
  Device: "part1_baseline"	RelError: 1.46602e-05	AbsError: 9.64143e+09
    Region: "bulk"	RelError: 1.46509e-05	AbsError: 9.64143e+09
      Equation: "ElectronContinuityEquation"	RelError: 1.97948e-06	AbsError: 2.77741e+09
      Equation: "HoleContinuityEquation"	RelError: 1.18474e-05	AbsError: 6.86402e+09
      Equation: "PotentialEquation"	RelError: 8.24000e-07	AbsError: 1.18891e-08
    Region: "oxide"	RelError: 9.33330e-09	AbsError: 1.57540e-10
      Equation: "PotentialEquation"	RelError: 9.33330e-09	AbsError: 1.57540e-10
Iteration: 6
  Device: "part1_baseline"	RelError: 2.29068e-12	AbsError: 5.97931e+02
    Region: "bulk"	RelError: 2.29059e-12	AbsError: 5.97931e+02
      Equation: "ElectronContinuityEquation"	RelError: 3.38376e-13	AbsError: 2.29352e+02
      Equation: "HoleContinuityEquation"	RelError: 1.90660e-12	AbsError: 3.68578e+02
      Equation: "PotentialEquation"	RelError: 4.56156e-14	AbsError: 1.11306e-15
    Region: "oxide"	RelError: 9.09801e-17	AbsError: 1.15823e-18
      Equation: "PotentialEquation"	RelError: 9.09801e-17	AbsError: 1.15823e-18
number of equations 7095
Iteration: 0
  Device: "part1_baseline"	RelError: 2.02927e+03	AbsError: 6.26184e+16
    Region: "bulk"	RelError: 2.02879e+03	AbsError: 6.26184e+16
      Equation: "ElectronContinuityEquation"	RelError: 1.02167e+03	AbsError: 5.84224e+16
      Equation: "HoleContinuityEquation"	RelError: 9.99000e+02	AbsError: 4.19598e+15
      Equation: "PotentialEquation"	RelError: 8.12080e+00	AbsError: 4.09542e-02
    Region: "oxide"	RelError: 4.84983e-01	AbsError: 5.91814e-03
      Equation: "PotentialEquation"	RelError: 4.84983e-01	AbsError: 5.91814e-03
Iteration: 1
  Device: "part1_baseline"	RelError: 1.00220e+03	AbsError: 2.75391e+15
    Region: "bulk"	RelError: 1.00218e+03	AbsError: 2.75391e+15
      Equation: "ElectronContinuityEquation"	RelError: 9.99000e+02	AbsError: 1.75784e+15
      Equation: "HoleContinuityEquation"	RelError: 9.98163e-01	AbsError: 9.96073e+14
      Equation: "PotentialEquation"	RelError: 2.17698e+00	AbsError: 3.07632e-02
    Region: "oxide"	RelError: 2.12526e-02	AbsError: 3.39293e-04
      Equation: "PotentialEquation"	RelError: 2.12526e-02	AbsError: 3.39293e-04
Iteration: 2
  Device: "part1_baseline"	RelError: 1.00647e+01	AbsError: 2.68110e+14
    Region: "bulk"	RelError: 1.00628e+01	AbsError: 2.68110e+14
      Equation: "ElectronContinuityEquation"	RelError: 1.07030e+00	AbsError: 1.23437e+14
      Equation: "HoleContinuityEquation"	RelError: 8.95070e+00	AbsError: 1.44673e+14
      Equation: "PotentialEquation"	RelError: 4.17897e-02	AbsError: 2.58196e-02
    Region: "oxide"	RelError: 1.92821e-03	AbsError: 3.41759e-05
      Equation: "PotentialEquation"	RelError: 1.92821e-03	AbsError: 3.41759e-05
Iteration: 3
  Device: "part1_baseline"	RelError: 7.83268e-01	AbsError: 4.25801e+13
    Region: "bulk"	RelError: 7.83235e-01	AbsError: 4.25801e+13
      Equation: "ElectronContinuityEquation"	RelError: 2.53436e-01	AbsError: 1.65077e+13
      Equation: "HoleContinuityEquation"	RelError: 5.16231e-01	AbsError: 2.60724e+13
      Equation: "PotentialEquation"	RelError: 1.35684e-02	AbsError: 9.16662e-03
    Region: "oxide"	RelError: 3.23859e-05	AbsError: 1.38193e-06
      Equation: "PotentialEquation"	RelError: 3.23859e-05	AbsError: 1.38193e-06
Iteration: 4
  Device: "part1_baseline"	RelError: 2.31282e-02	AbsError: 6.48562e+13
    Region: "bulk"	RelError: 2.28212e-02	AbsError: 6.48562e+13
      Equation: "ElectronContinuityEquation"	RelError: 7.65639e-03	AbsError: 3.86012e+13
      Equation: "HoleContinuityEquation"	RelError: 7.91520e-03	AbsError: 2.62550e+13
      Equation: "PotentialEquation"	RelError: 7.24964e-03	AbsError: 7.30087e-05
    Region: "oxide"	RelError: 3.07005e-04	AbsError: 3.55981e-06
      Equation: "PotentialEquation"	RelError: 3.07005e-04	AbsError: 3.55981e-06
Iteration: 5
  Device: "part1_baseline"	RelError: 1.66517e-05	AbsError: 1.17781e+10
    Region: "bulk"	RelError: 1.66499e-05	AbsError: 1.17781e+10
      Equation: "ElectronContinuityEquation"	RelError: 1.40879e-06	AbsError: 3.42331e+09
      Equation: "HoleContinuityEquation"	RelError: 1.43492e-05	AbsError: 8.35483e+09
      Equation: "PotentialEquation"	RelError: 8.91981e-07	AbsError: 1.51152e-08
    Region: "oxide"	RelError: 1.73916e-09	AbsError: 9.30117e-11
      Equation: "PotentialEquation"	RelError: 1.73916e-09	AbsError: 9.30117e-11
Iteration: 6
  Device: "part1_baseline"	RelError: 2.97036e-12	AbsError: 1.20674e+03
    Region: "bulk"	RelError: 2.97014e-12	AbsError: 1.20674e+03
      Equation: "ElectronContinuityEquation"	RelError: 1.29003e-13	AbsError: 4.33667e+02
      Equation: "HoleContinuityEquation"	RelError: 2.74628e-12	AbsError: 7.73072e+02
      Equation: "PotentialEquation"	RelError: 9.48565e-14	AbsError: 2.05264e-15
    Region: "oxide"	RelError: 2.21335e-16	AbsError: 1.42245e-18
      Equation: "PotentialEquation"	RelError: 2.21335e-16	AbsError: 1.42245e-18
number of equations 7095
Iteration: 0
  Device: "part1_baseline"	RelError: 2.06225e+03	AbsError: 5.90628e+16
    Region: "bulk"	RelError: 2.06153e+03	AbsError: 5.90628e+16
      Equation: "ElectronContinuityEquation"	RelError: 9.99000e+02	AbsError: 5.51643e+16
      Equation: "HoleContinuityEquation"	RelError: 9.99000e+02	AbsError: 3.89849e+15
      Equation: "PotentialEquation"	RelError: 6.35311e+01	AbsError: 4.09542e-02
    Region: "oxide"	RelError: 7.14929e-01	AbsError: 5.32578e-03
      Equation: "PotentialEquation"	RelError: 7.14929e-01	AbsError: 5.32578e-03
Iteration: 1
  Device: "part1_baseline"	RelError: 1.00411e+03	AbsError: 2.41834e+15
    Region: "bulk"	RelError: 1.00409e+03	AbsError: 2.41834e+15
      Equation: "ElectronContinuityEquation"	RelError: 9.99000e+02	AbsError: 1.57992e+15
      Equation: "HoleContinuityEquation"	RelError: 9.98184e-01	AbsError: 8.38422e+14
      Equation: "PotentialEquation"	RelError: 4.09107e+00	AbsError: 3.07632e-02
    Region: "oxide"	RelError: 2.48770e-02	AbsError: 2.57807e-04
      Equation: "PotentialEquation"	RelError: 2.48770e-02	AbsError: 2.57807e-04
Iteration: 2
  Device: "part1_baseline"	RelError: 1.01518e+01	AbsError: 2.21551e+14
    Region: "bulk"	RelError: 1.01497e+01	AbsError: 2.21551e+14
      Equation: "ElectronContinuityEquation"	RelError: 9.99998e-01	AbsError: 1.00799e+14
      Equation: "HoleContinuityEquation"	RelError: 8.76331e+00	AbsError: 1.20752e+14
      Equation: "PotentialEquation"	RelError: 3.86339e-01	AbsError: 2.58989e-02
    Region: "oxide"	RelError: 2.10685e-03	AbsError: 2.46300e-05
      Equation: "PotentialEquation"	RelError: 2.10685e-03	AbsError: 2.46300e-05
Iteration: 3
  Device: "part1_baseline"	RelError: 8.53769e-01	AbsError: 4.43487e+13
    Region: "bulk"	RelError: 8.53635e-01	AbsError: 4.43487e+13
      Equation: "ElectronContinuityEquation"	RelError: 2.11748e-01	AbsError: 1.88747e+13
      Equation: "HoleContinuityEquation"	RelError: 5.20179e-01	AbsError: 2.54740e+13
      Equation: "PotentialEquation"	RelError: 1.21708e-01	AbsError: 9.16634e-03
    Region: "oxide"	RelError: 1.33571e-04	AbsError: 5.49069e-07
      Equation: "PotentialEquation"	RelError: 1.33571e-04	AbsError: 5.49069e-07
Iteration: 4
  Device: "part1_baseline"	RelError: 2.01748e-01	AbsError: 6.42187e+13
    Region: "bulk"	RelError: 2.01270e-01	AbsError: 6.42187e+13
      Equation: "ElectronContinuityEquation"	RelError: 1.37621e-02	AbsError: 3.88277e+13
      Equation: "HoleContinuityEquation"	RelError: 5.50312e-03	AbsError: 2.53910e+13
      Equation: "PotentialEquation"	RelError: 1.82005e-01	AbsError: 7.58903e-05
    Region: "oxide"	RelError: 4.77914e-04	AbsError: 3.60657e-06
      Equation: "PotentialEquation"	RelError: 4.77914e-04	AbsError: 3.60657e-06
Iteration: 5
  Device: "part1_baseline"	RelError: 2.30017e-05	AbsError: 9.29965e+09
    Region: "bulk"	RelError: 2.29952e-05	AbsError: 9.29965e+09
      Equation: "ElectronContinuityEquation"	RelError: 2.56191e-06	AbsError: 2.05610e+09
      Equation: "HoleContinuityEquation"	RelError: 8.18461e-06	AbsError: 7.24354e+09
      Equation: "PotentialEquation"	RelError: 1.22487e-05	AbsError: 8.85223e-09
    Region: "oxide"	RelError: 6.47049e-09	AbsError: 4.30287e-11
      Equation: "PotentialEquation"	RelError: 6.47049e-09	AbsError: 4.30287e-11
Iteration: 6
  Device: "part1_baseline"	RelError: 1.74059e-12	AbsError: 7.54384e+02
    Region: "bulk"	RelError: 1.73979e-12	AbsError: 7.54384e+02
      Equation: "ElectronContinuityEquation"	RelError: 1.88296e-13	AbsError: 1.44769e+02
      Equation: "HoleContinuityEquation"	RelError: 6.23467e-13	AbsError: 6.09615e+02
      Equation: "PotentialEquation"	RelError: 9.28025e-13	AbsError: 9.02516e-16
    Region: "oxide"	RelError: 8.04495e-16	AbsError: 3.36245e-18
      Equation: "PotentialEquation"	RelError: 8.04495e-16	AbsError: 3.36245e-18
number of equations 7095
Iteration: 0
  Device: "part1_baseline"	RelError: 2.00401e+03	AbsError: 5.58151e+16
    Region: "bulk"	RelError: 2.00213e+03	AbsError: 5.58151e+16
      Equation: "ElectronContinuityEquation"	RelError: 9.99000e+02	AbsError: 5.22140e+16
      Equation: "HoleContinuityEquation"	RelError: 9.99000e+02	AbsError: 3.60105e+15
      Equation: "PotentialEquation"	RelError: 4.12900e+00	AbsError: 4.09542e-02
    Region: "oxide"	RelError: 1.88562e+00	AbsError: 4.87065e-03
      Equation: "PotentialEquation"	RelError: 1.88562e+00	AbsError: 4.87065e-03
Iteration: 1
  Device: "part1_baseline"	RelError: 1.00021e+03	AbsError: 2.15200e+15
    Region: "bulk"	RelError: 1.00015e+03	AbsError: 2.15200e+15
      Equation: "ElectronContinuityEquation"	RelError: 9.99000e+02	AbsError: 1.42600e+15
      Equation: "HoleContinuityEquation"	RelError: 9.98661e-01	AbsError: 7.25997e+14
      Equation: "PotentialEquation"	RelError: 1.50353e-01	AbsError: 3.07632e-02
    Region: "oxide"	RelError: 5.63345e-02	AbsError: 2.02353e-04
      Equation: "PotentialEquation"	RelError: 5.63345e-02	AbsError: 2.02353e-04
Iteration: 2
  Device: "part1_baseline"	RelError: 9.48678e+00	AbsError: 1.81561e+14
    Region: "bulk"	RelError: 9.48230e+00	AbsError: 1.81561e+14
      Equation: "ElectronContinuityEquation"	RelError: 9.99998e-01	AbsError: 8.25120e+13
      Equation: "HoleContinuityEquation"	RelError: 8.45241e+00	AbsError: 9.90486e+13
      Equation: "PotentialEquation"	RelError: 2.98866e-02	AbsError: 2.56647e-02
    Region: "oxide"	RelError: 4.48357e-03	AbsError: 1.81130e-05
      Equation: "PotentialEquation"	RelError: 4.48357e-03	AbsError: 1.81130e-05
Iteration: 3
  Device: "part1_baseline"	RelError: 7.24696e-01	AbsError: 4.81424e+13
    Region: "bulk"	RelError: 7.24154e-01	AbsError: 4.81424e+13
      Equation: "ElectronContinuityEquation"	RelError: 1.90723e-01	AbsError: 2.13313e+13
      Equation: "HoleContinuityEquation"	RelError: 5.22963e-01	AbsError: 2.68110e+13
      Equation: "PotentialEquation"	RelError: 1.04682e-02	AbsError: 9.16564e-03
    Region: "oxide"	RelError: 5.41432e-04	AbsError: 9.57060e-07
      Equation: "PotentialEquation"	RelError: 5.41432e-04	AbsError: 9.57060e-07
Iteration: 4
  Device: "part1_baseline"	RelError: 5.93224e-02	AbsError: 6.54562e+13
    Region: "bulk"	RelError: 5.79940e-02	AbsError: 6.54562e+13
      Equation: "ElectronContinuityEquation"	RelError: 4.89533e-02	AbsError: 3.93542e+13
      Equation: "HoleContinuityEquation"	RelError: 5.54217e-03	AbsError: 2.61021e+13
      Equation: "PotentialEquation"	RelError: 3.49856e-03	AbsError: 8.77944e-05
    Region: "oxide"	RelError: 1.32840e-03	AbsError: 3.62270e-06
      Equation: "PotentialEquation"	RelError: 1.32840e-03	AbsError: 3.62270e-06
Iteration: 5
  Device: "part1_baseline"	RelError: 1.41237e-05	AbsError: 1.05666e+10
    Region: "bulk"	RelError: 1.40901e-05	AbsError: 1.05666e+10
      Equation: "ElectronContinuityEquation"	RelError: 4.67968e-06	AbsError: 3.27319e+09
      Equation: "HoleContinuityEquation"	RelError: 9.25387e-06	AbsError: 7.29340e+09
      Equation: "PotentialEquation"	RelError: 1.56563e-07	AbsError: 1.56041e-08
    Region: "oxide"	RelError: 3.35573e-08	AbsError: 5.06163e-11
      Equation: "PotentialEquation"	RelError: 3.35573e-08	AbsError: 5.06163e-11
Iteration: 6
  Device: "part1_baseline"	RelError: 2.24890e-12	AbsError: 7.88402e+02
    Region: "bulk"	RelError: 2.24609e-12	AbsError: 7.88402e+02
      Equation: "ElectronContinuityEquation"	RelError: 8.77227e-13	AbsError: 2.84975e+02
      Equation: "HoleContinuityEquation"	RelError: 1.35430e-12	AbsError: 5.03426e+02
      Equation: "PotentialEquation"	RelError: 1.45723e-14	AbsError: 1.54164e-15
    Region: "oxide"	RelError: 2.80440e-15	AbsError: 4.52865e-18
      Equation: "PotentialEquation"	RelError: 2.80440e-15	AbsError: 4.52865e-18
number of equations 7095
Iteration: 0
  Device: "part1_baseline"	RelError: 2.24308e+03	AbsError: 4.14443e+16
    Region: "bulk"	RelError: 2.24231e+03	AbsError: 4.14443e+16
      Equation: "ElectronContinuityEquation"	RelError: 9.99000e+02	AbsError: 4.02654e+16
      Equation: "HoleContinuityEquation"	RelError: 9.99000e+02	AbsError: 1.17892e+15
      Equation: "PotentialEquation"	RelError: 2.44312e+02	AbsError: 2.78470e-02
    Region: "oxide"	RelError: 7.67774e-01	AbsError: 1.38691e-02
      Equation: "PotentialEquation"	RelError: 7.67774e-01	AbsError: 1.38691e-02
Iteration: 1
  Device: "part1_baseline"	RelError: 1.06966e+03	AbsError: 3.14030e+14
    Region: "bulk"	RelError: 1.06966e+03	AbsError: 3.14030e+14
      Equation: "ElectronContinuityEquation"	RelError: 9.98076e-01	AbsError: 2.49999e+14
      Equation: "HoleContinuityEquation"	RelError: 9.99000e+02	AbsError: 6.40310e+13
      Equation: "PotentialEquation"	RelError: 6.96593e+01	AbsError: 2.21530e-02
    Region: "oxide"	RelError: 2.38407e-04	AbsError: 4.14025e-06
      Equation: "PotentialEquation"	RelError: 2.38407e-04	AbsError: 4.14025e-06
Iteration: 2
  Device: "part1_baseline"	RelError: 1.33719e+00	AbsError: 3.77227e+13
    Region: "bulk"	RelError: 1.33708e+00	AbsError: 3.77227e+13
      Equation: "ElectronContinuityEquation"	RelError: 3.26793e-01	AbsError: 3.76015e+13
      Equation: "HoleContinuityEquation"	RelError: 9.99256e-01	AbsError: 1.21120e+11
      Equation: "PotentialEquation"	RelError: 1.10301e-02	AbsError: 6.71099e-06
    Region: "oxide"	RelError: 1.08648e-04	AbsError: 1.49214e-06
      Equation: "PotentialEquation"	RelError: 1.08648e-04	AbsError: 1.49214e-06
Iteration: 3
  Device: "part1_baseline"	RelError: 6.48779e-03	AbsError: 8.17664e+08
    Region: "bulk"	RelError: 6.48779e-03	AbsError: 8.17664e+08
      Equation: "ElectronContinuityEquation"	RelError: 1.22757e-05	AbsError: 8.16678e+08
      Equation: "HoleContinuityEquation"	RelError: 6.47545e-03	AbsError: 9.86007e+05
      Equation: "PotentialEquation"	RelError: 7.07148e-08	AbsError: 1.82370e-10
    Region: "oxide"	RelError: 2.36140e-09	AbsError: 2.36837e-11
      Equation: "PotentialEquation"	RelError: 2.36140e-09	AbsError: 2.36837e-11
Iteration: 4
  Device: "part1_baseline"	RelError: 1.71488e-11	AbsError: 5.83985e-01
    Region: "bulk"	RelError: 1.71488e-11	AbsError: 5.83985e-01
      Equation: "ElectronContinuityEquation"	RelError: 1.42776e-14	AbsError: 5.83787e-01
      Equation: "HoleContinuityEquation"	RelError: 1.71345e-11	AbsError: 1.97809e-04
      Equation: "PotentialEquation"	RelError: 6.87241e-17	AbsError: 1.22025e-19
    Region: "oxide"	RelError: 4.34207e-18	AbsError: 3.04172e-20
      Equation: "PotentialEquation"	RelError: 4.34207e-18	AbsError: 3.04172e-20
number of equations 7095
Iteration: 0
  Device: "part1_baseline"	RelError: 1.11141e+03	AbsError: 5.52348e+16
    Region: "bulk"	RelError: 1.05559e+03	AbsError: 5.52348e+16
      Equation: "ElectronContinuityEquation"	RelError: 7.78272e-01	AbsError: 5.27485e+16
      Equation: "HoleContinuityEquation"	RelError: 9.99000e+02	AbsError: 2.48630e+15
      Equation: "PotentialEquation"	RelError: 5.58148e+01	AbsError: 3.89545e-02
    Region: "oxide"	RelError: 5.58148e+01	AbsError: 4.01180e-02
      Equation: "PotentialEquation"	RelError: 5.58148e+01	AbsError: 4.01180e-02
Iteration: 1
  Device: "part1_baseline"	RelError: 3.11323e+03	AbsError: 6.75954e+14
    Region: "bulk"	RelError: 3.08420e+03	AbsError: 6.75954e+14
      Equation: "ElectronContinuityEquation"	RelError: 3.05418e+03	AbsError: 3.10346e+14
      Equation: "HoleContinuityEquation"	RelError: 9.98119e-01	AbsError: 3.65608e+14
      Equation: "PotentialEquation"	RelError: 2.90231e+01	AbsError: 2.84414e-02
    Region: "oxide"	RelError: 2.90231e+01	AbsError: 2.97802e-02
      Equation: "PotentialEquation"	RelError: 2.90231e+01	AbsError: 2.97802e-02
Iteration: 2
  Device: "part1_baseline"	RelError: 1.82481e+03	AbsError: 1.00753e+14
    Region: "bulk"	RelError: 1.82341e+03	AbsError: 1.00753e+14
      Equation: "ElectronContinuityEquation"	RelError: 9.99687e-01	AbsError: 7.68120e+13
      Equation: "HoleContinuityEquation"	RelError: 1.64173e+03	AbsError: 2.39407e+13
      Equation: "PotentialEquation"	RelError: 1.80686e+02	AbsError: 2.33186e-02
    Region: "oxide"	RelError: 1.39564e+00	AbsError: 2.58308e-02
      Equation: "PotentialEquation"	RelError: 1.39564e+00	AbsError: 2.58308e-02
Iteration: 3
  Device: "part1_baseline"	RelError: 1.37520e+00	AbsError: 6.05738e+12
    Region: "bulk"	RelError: 1.30085e+00	AbsError: 6.05738e+12
      Equation: "ElectronContinuityEquation"	RelError: 3.02838e-01	AbsError: 6.05434e+12
      Equation: "HoleContinuityEquation"	RelError: 9.98006e-01	AbsError: 3.03378e+09
      Equation: "PotentialEquation"	RelError: 8.35944e-06	AbsError: 3.09852e-07
    Region: "oxide"	RelError: 7.43452e-02	AbsError: 8.04859e-03
      Equation: "PotentialEquation"	RelError: 7.43452e-02	AbsError: 8.04859e-03
Iteration: 4
  Device: "part1_baseline"	RelError: 1.76080e-02	AbsError: 6.60894e+06
    Region: "bulk"	RelError: 1.76080e-02	AbsError: 6.60894e+06
      Equation: "ElectronContinuityEquation"	RelError: 5.93931e-04	AbsError: 6.60884e+06
      Equation: "HoleContinuityEquation"	RelError: 1.70141e-02	AbsError: 1.05929e+02
      Equation: "PotentialEquation"	RelError: 5.36795e-12	AbsError: 3.07651e-13
    Region: "oxide"	RelError: 1.14173e-12	AbsError: 2.29308e-13
      Equation: "PotentialEquation"	RelError: 1.14173e-12	AbsError: 2.29308e-13
Iteration: 5
  Device: "part1_baseline"	RelError: 1.12433e-13	AbsError: 1.84012e-02
    Region: "bulk"	RelError: 1.12433e-13	AbsError: 1.84012e-02
      Equation: "ElectronContinuityEquation"	RelError: 1.28588e-18	AbsError: 1.75742e-02
      Equation: "HoleContinuityEquation"	RelError: 1.12392e-13	AbsError: 8.26996e-04
      Equation: "PotentialEquation"	RelError: 3.92353e-17	AbsError: 5.33042e-20
    Region: "oxide"	RelError: 2.49948e-19	AbsError: 4.17618e-21
      Equation: "PotentialEquation"	RelError: 2.49948e-19	AbsError: 4.17618e-21
number of equations 7095
Iteration: 0
  Device: "part1_baseline"	RelError: 1.06407e+03	AbsError: 5.51828e+16
    Region: "bulk"	RelError: 1.06337e+03	AbsError: 5.51828e+16
      Equation: "ElectronContinuityEquation"	RelError: 7.78560e-01	AbsError: 5.27671e+16
      Equation: "HoleContinuityEquation"	RelError: 1.01836e+03	AbsError: 2.41564e+15
      Equation: "PotentialEquation"	RelError: 4.42313e+01	AbsError: 3.89842e-02
    Region: "oxide"	RelError: 6.99991e-01	AbsError: 4.01180e-02
      Equation: "PotentialEquation"	RelError: 6.99991e-01	AbsError: 4.01180e-02
Iteration: 1
  Device: "part1_baseline"	RelError: 1.04446e+03	AbsError: 1.26081e+15
    Region: "bulk"	RelError: 1.04412e+03	AbsError: 1.26081e+15
      Equation: "ElectronContinuityEquation"	RelError: 9.99000e+02	AbsError: 9.45368e+14
      Equation: "HoleContinuityEquation"	RelError: 9.97983e-01	AbsError: 3.15439e+14
      Equation: "PotentialEquation"	RelError: 4.41232e+01	AbsError: 2.84710e-02
    Region: "oxide"	RelError: 3.38282e-01	AbsError: 2.97802e-02
      Equation: "PotentialEquation"	RelError: 3.38282e-01	AbsError: 2.97802e-02
Iteration: 2
  Device: "part1_baseline"	RelError: 1.01146e+03	AbsError: 3.52088e+14
    Region: "bulk"	RelError: 1.01125e+03	AbsError: 3.52088e+14
      Equation: "ElectronContinuityEquation"	RelError: 9.99649e-01	AbsError: 3.32260e+14
      Equation: "HoleContinuityEquation"	RelError: 9.99000e+02	AbsError: 1.98274e+13
      Equation: "PotentialEquation"	RelError: 1.12455e+01	AbsError: 2.33788e-02
    Region: "oxide"	RelError: 2.17391e-01	AbsError: 2.58295e-02
      Equation: "PotentialEquation"	RelError: 2.17391e-01	AbsError: 2.58295e-02
Iteration: 3
  Device: "part1_baseline"	RelError: 1.33045e+00	AbsError: 5.48883e+13
    Region: "bulk"	RelError: 1.29105e+00	AbsError: 5.48883e+13
      Equation: "ElectronContinuityEquation"	RelError: 2.92949e-01	AbsError: 5.48850e+13
      Equation: "HoleContinuityEquation"	RelError: 9.98001e-01	AbsError: 3.30604e+09
      Equation: "PotentialEquation"	RelError: 1.01413e-04	AbsError: 3.22044e-06
    Region: "oxide"	RelError: 3.94037e-02	AbsError: 8.04859e-03
      Equation: "PotentialEquation"	RelError: 3.94037e-02	AbsError: 8.04859e-03
Iteration: 4
  Device: "part1_baseline"	RelError: 3.78808e-02	AbsError: 6.23863e+08
    Region: "bulk"	RelError: 3.78808e-02	AbsError: 6.23863e+08
      Equation: "ElectronContinuityEquation"	RelError: 9.64186e-06	AbsError: 6.23849e+08
      Equation: "HoleContinuityEquation"	RelError: 3.78711e-02	AbsError: 1.45440e+04
      Equation: "PotentialEquation"	RelError: 8.33670e-10	AbsError: 3.65890e-11
    Region: "oxide"	RelError: 1.05366e-10	AbsError: 2.83490e-11
      Equation: "PotentialEquation"	RelError: 1.05366e-10	AbsError: 2.83490e-11
Iteration: 5
  Device: "part1_baseline"	RelError: 4.31513e-11	AbsError: 6.98736e-02
    Region: "bulk"	RelError: 4.31513e-11	AbsError: 6.98736e-02
      Equation: "ElectronContinuityEquation"	RelError: 8.53744e-16	AbsError: 6.98640e-02
      Equation: "HoleContinuityEquation"	RelError: 4.31504e-11	AbsError: 9.62112e-06
      Equation: "PotentialEquation"	RelError: 4.69504e-19	AbsError: 6.16267e-21
    Region: "oxide"	RelError: 1.57542e-20	AbsError: 4.23871e-21
      Equation: "PotentialEquation"	RelError: 1.57542e-20	AbsError: 4.23871e-21
number of equations 7095
Iteration: 0
  Device: "part1_baseline"	RelError: 1.12921e+03	AbsError: 5.47378e+16
    Region: "bulk"	RelError: 1.12895e+03	AbsError: 5.47378e+16
      Equation: "ElectronContinuityEquation"	RelError: 7.78752e-01	AbsError: 5.25670e+16
      Equation: "HoleContinuityEquation"	RelError: 9.99000e+02	AbsError: 2.17088e+15
      Equation: "PotentialEquation"	RelError: 1.29168e+02	AbsError: 3.90077e-02
    Region: "oxide"	RelError: 2.66173e-01	AbsError: 4.01180e-02
      Equation: "PotentialEquation"	RelError: 2.66173e-01	AbsError: 4.01180e-02
Iteration: 1
  Device: "part1_baseline"	RelError: 2.43750e+03	AbsError: 3.87919e+15
    Region: "bulk"	RelError: 2.43734e+03	AbsError: 3.87919e+15
      Equation: "ElectronContinuityEquation"	RelError: 9.99000e+02	AbsError: 3.60717e+15
      Equation: "HoleContinuityEquation"	RelError: 9.98998e+02	AbsError: 2.72016e+14
      Equation: "PotentialEquation"	RelError: 4.39341e+02	AbsError: 2.84940e-02
    Region: "oxide"	RelError: 1.62782e-01	AbsError: 2.97802e-02
      Equation: "PotentialEquation"	RelError: 1.62782e-01	AbsError: 2.97802e-02
Iteration: 2
  Device: "part1_baseline"	RelError: 1.01154e+03	AbsError: 1.82472e+15
    Region: "bulk"	RelError: 1.01142e+03	AbsError: 1.82472e+15
      Equation: "ElectronContinuityEquation"	RelError: 9.99671e-01	AbsError: 1.81427e+15
      Equation: "HoleContinuityEquation"	RelError: 9.99000e+02	AbsError: 1.04421e+13
      Equation: "PotentialEquation"	RelError: 1.14214e+01	AbsError: 2.34237e-02
    Region: "oxide"	RelError: 1.18023e-01	AbsError: 2.58228e-02
      Equation: "PotentialEquation"	RelError: 1.18023e-01	AbsError: 2.58228e-02
Iteration: 3
  Device: "part1_baseline"	RelError: 1.34982e+00	AbsError: 4.05722e+14
    Region: "bulk"	RelError: 1.32302e+00	AbsError: 4.05722e+14
      Equation: "ElectronContinuityEquation"	RelError: 3.24056e-01	AbsError: 4.05678e+14
      Equation: "HoleContinuityEquation"	RelError: 9.96801e-01	AbsError: 4.35795e+10
      Equation: "PotentialEquation"	RelError: 2.15825e-03	AbsError: 2.82495e-05
    Region: "oxide"	RelError: 2.68054e-02	AbsError: 8.04859e-03
      Equation: "PotentialEquation"	RelError: 2.68054e-02	AbsError: 8.04859e-03
Iteration: 4
  Device: "part1_baseline"	RelError: 5.59753e-02	AbsError: 4.78208e+10
    Region: "bulk"	RelError: 5.59753e-02	AbsError: 4.78208e+10
      Equation: "ElectronContinuityEquation"	RelError: 1.04255e-04	AbsError: 4.78146e+10
      Equation: "HoleContinuityEquation"	RelError: 5.58707e-02	AbsError: 6.19597e+06
      Equation: "PotentialEquation"	RelError: 3.40534e-07	AbsError: 2.82156e-09
    Region: "oxide"	RelError: 6.90060e-09	AbsError: 2.31838e-09
      Equation: "PotentialEquation"	RelError: 6.90060e-09	AbsError: 2.31838e-09
Iteration: 5
  Device: "part1_baseline"	RelError: 6.76890e-09	AbsError: 3.89911e+02
    Region: "bulk"	RelError: 6.76890e-09	AbsError: 3.89911e+02
      Equation: "ElectronContinuityEquation"	RelError: 2.22944e-12	AbsError: 3.89848e+02
      Equation: "HoleContinuityEquation"	RelError: 6.76666e-09	AbsError: 6.34653e-02
      Equation: "PotentialEquation"	RelError: 4.58318e-15	AbsError: 4.36345e-17
    Region: "oxide"	RelError: 9.51869e-17	AbsError: 3.19797e-17
      Equation: "PotentialEquation"	RelError: 9.51869e-17	AbsError: 3.19797e-17
number of equations 7095
Iteration: 0
  Device: "part1_baseline"	RelError: 1.18145e+03	AbsError: 5.33424e+16
    Region: "bulk"	RelError: 1.18128e+03	AbsError: 5.33424e+16
      Equation: "ElectronContinuityEquation"	RelError: 7.78893e-01	AbsError: 5.12633e+16
      Equation: "HoleContinuityEquation"	RelError: 1.10486e+03	AbsError: 2.07907e+15
      Equation: "PotentialEquation"	RelError: 7.56487e+01	AbsError: 3.90241e-02
    Region: "oxide"	RelError: 1.64318e-01	AbsError: 4.01180e-02
      Equation: "PotentialEquation"	RelError: 1.64318e-01	AbsError: 4.01180e-02
Iteration: 1
  Device: "part1_baseline"	RelError: 2.23128e+03	AbsError: 1.80669e+16
    Region: "bulk"	RelError: 2.23118e+03	AbsError: 1.80669e+16
      Equation: "ElectronContinuityEquation"	RelError: 9.99000e+02	AbsError: 1.78284e+16
      Equation: "HoleContinuityEquation"	RelError: 9.98996e+02	AbsError: 2.38512e+14
      Equation: "PotentialEquation"	RelError: 2.33181e+02	AbsError: 2.85046e-02
    Region: "oxide"	RelError: 1.07162e-01	AbsError: 2.97802e-02
      Equation: "PotentialEquation"	RelError: 1.07162e-01	AbsError: 2.97802e-02
Iteration: 2
  Device: "part1_baseline"	RelError: 1.00386e+03	AbsError: 1.06161e+16
    Region: "bulk"	RelError: 1.00378e+03	AbsError: 1.06161e+16
      Equation: "ElectronContinuityEquation"	RelError: 9.99685e-01	AbsError: 1.06120e+16
      Equation: "HoleContinuityEquation"	RelError: 9.99000e+02	AbsError: 4.16223e+12
      Equation: "PotentialEquation"	RelError: 3.77550e+00	AbsError: 2.34329e-02
    Region: "oxide"	RelError: 8.09626e-02	AbsError: 2.57902e-02
      Equation: "PotentialEquation"	RelError: 8.09626e-02	AbsError: 2.57902e-02
Iteration: 3
  Device: "part1_baseline"	RelError: 1.33141e+00	AbsError: 3.65379e+15
    Region: "bulk"	RelError: 1.31110e+00	AbsError: 3.65379e+15
      Equation: "ElectronContinuityEquation"	RelError: 2.52304e-01	AbsError: 3.65322e+15
      Equation: "HoleContinuityEquation"	RelError: 9.96721e-01	AbsError: 5.74508e+11
      Equation: "PotentialEquation"	RelError: 6.20767e-02	AbsError: 1.57401e-04
    Region: "oxide"	RelError: 2.03114e-02	AbsError: 8.04859e-03
      Equation: "PotentialEquation"	RelError: 2.03114e-02	AbsError: 8.04859e-03
Iteration: 4
  Device: "part1_baseline"	RelError: 5.77600e-02	AbsError: 1.45439e+12
    Region: "bulk"	RelError: 5.77596e-02	AbsError: 1.45439e+12
      Equation: "ElectronContinuityEquation"	RelError: 7.18461e-04	AbsError: 1.45376e+12
      Equation: "HoleContinuityEquation"	RelError: 5.70035e-02	AbsError: 6.34751e+08
      Equation: "PotentialEquation"	RelError: 3.76679e-05	AbsError: 1.65446e-07
    Region: "oxide"	RelError: 3.67160e-07	AbsError: 1.32570e-07
      Equation: "PotentialEquation"	RelError: 3.67160e-07	AbsError: 1.32570e-07
Iteration: 5
  Device: "part1_baseline"	RelError: 3.56927e-07	AbsError: 2.12924e+06
    Region: "bulk"	RelError: 3.56926e-07	AbsError: 2.12924e+06
      Equation: "ElectronContinuityEquation"	RelError: 5.01289e-10	AbsError: 2.12872e+06
      Equation: "HoleContinuityEquation"	RelError: 3.56415e-07	AbsError: 5.22341e+02
      Equation: "PotentialEquation"	RelError: 9.85627e-12	AbsError: 2.83558e-13
    Region: "oxide"	RelError: 6.27616e-13	AbsError: 2.26612e-13
      Equation: "PotentialEquation"	RelError: 6.27616e-13	AbsError: 2.26612e-13
number of equations 7095
Iteration: 0
  Device: "part1_baseline"	RelError: 1.23704e+03	AbsError: 1.01259e+17
    Region: "bulk"	RelError: 1.23692e+03	AbsError: 1.01259e+17
      Equation: "ElectronContinuityEquation"	RelError: 7.78736e-01	AbsError: 9.92851e+16
      Equation: "HoleContinuityEquation"	RelError: 1.18394e+03	AbsError: 1.97387e+15
      Equation: "PotentialEquation"	RelError: 5.22006e+01	AbsError: 3.90085e-02
    Region: "oxide"	RelError: 1.18773e-01	AbsError: 4.01180e-02
      Equation: "PotentialEquation"	RelError: 1.18773e-01	AbsError: 4.01180e-02
Iteration: 1
  Device: "part1_baseline"	RelError: 2.03419e+03	AbsError: 1.05391e+17
    Region: "bulk"	RelError: 2.03411e+03	AbsError: 1.05391e+17
      Equation: "ElectronContinuityEquation"	RelError: 9.99000e+02	AbsError: 1.05165e+17
      Equation: "HoleContinuityEquation"	RelError: 9.98994e+02	AbsError: 2.26483e+14
      Equation: "PotentialEquation"	RelError: 3.61194e+01	AbsError: 2.83976e-02
    Region: "oxide"	RelError: 7.95662e-02	AbsError: 2.97802e-02
      Equation: "PotentialEquation"	RelError: 7.95662e-02	AbsError: 2.97802e-02
Iteration: 2
  Device: "part1_baseline"	RelError: 2.15660e+02	AbsError: 3.70379e+16
    Region: "bulk"	RelError: 2.15599e+02	AbsError: 3.70379e+16
      Equation: "ElectronContinuityEquation"	RelError: 9.99474e-01	AbsError: 3.70214e+16
      Equation: "HoleContinuityEquation"	RelError: 1.09875e+02	AbsError: 1.64499e+13
      Equation: "PotentialEquation"	RelError: 1.04725e+02	AbsError: 2.29288e-02
    Region: "oxide"	RelError: 6.03085e-02	AbsError: 2.56804e-02
      Equation: "PotentialEquation"	RelError: 6.03085e-02	AbsError: 2.56804e-02
Iteration: 3
  Device: "part1_baseline"	RelError: 1.87504e+00	AbsError: 9.68044e+15
    Region: "bulk"	RelError: 1.85869e+00	AbsError: 9.68044e+15
      Equation: "ElectronContinuityEquation"	RelError: 2.35544e-01	AbsError: 9.67399e+15
      Equation: "HoleContinuityEquation"	RelError: 9.70291e-01	AbsError: 6.45311e+12
      Equation: "PotentialEquation"	RelError: 6.52856e-01	AbsError: 6.49298e-04
    Region: "oxide"	RelError: 1.63503e-02	AbsError: 8.04859e-03
      Equation: "PotentialEquation"	RelError: 1.63503e-02	AbsError: 8.04859e-03
Iteration: 4
  Device: "part1_baseline"	RelError: 4.27411e-02	AbsError: 2.49091e+13
    Region: "bulk"	RelError: 4.27353e-02	AbsError: 2.49091e+13
      Equation: "ElectronContinuityEquation"	RelError: 1.76615e-03	AbsError: 2.48909e+13
      Equation: "HoleContinuityEquation"	RelError: 3.86035e-02	AbsError: 1.81229e+10
      Equation: "PotentialEquation"	RelError: 2.36557e-03	AbsError: 2.87140e-06
    Region: "oxide"	RelError: 5.85926e-06	AbsError: 2.42818e-06
      Equation: "PotentialEquation"	RelError: 5.85926e-06	AbsError: 2.42818e-06
Iteration: 5
  Device: "part1_baseline"	RelError: 2.01416e-06	AbsError: 6.91495e+08
    Region: "bulk"	RelError: 2.01402e-06	AbsError: 6.91495e+08
      Equation: "ElectronContinuityEquation"	RelError: 2.52497e-08	AbsError: 6.91369e+08
      Equation: "HoleContinuityEquation"	RelError: 1.96892e-06	AbsError: 1.25991e+05
      Equation: "PotentialEquation"	RelError: 1.98507e-08	AbsError: 6.38597e-11
    Region: "oxide"	RelError: 1.32910e-10	AbsError: 5.50801e-11
      Equation: "PotentialEquation"	RelError: 1.32910e-10	AbsError: 5.50801e-11
Iteration: 6
  Device: "part1_baseline"	RelError: 2.33753e-16	AbsError: 5.42189e-01
    Region: "bulk"	RelError: 2.33668e-16	AbsError: 5.42189e-01
      Equation: "ElectronContinuityEquation"	RelError: 9.59063e-18	AbsError: 5.42145e-01
      Equation: "HoleContinuityEquation"	RelError: 2.15160e-16	AbsError: 4.45613e-05
      Equation: "PotentialEquation"	RelError: 8.91698e-18	AbsError: 3.96955e-20
    Region: "oxide"	RelError: 8.49757e-20	AbsError: 3.52155e-20
      Equation: "PotentialEquation"	RelError: 8.49757e-20	AbsError: 3.52155e-20
PROBE_RESULT={"status": "OK", "Vg_V": 0.48, "Id_A_per_um": 3.630436000527122e-08, "Is_A_per_um": -3.630435998278375e-08, "Ib_A_per_um": -2.248746823585925e-17, "current_balance_A_per_um": -8.007886577527644e-25, "relative_current_balance": 2.2057644250896966e-17}
