Creating Region air
Creating Region bulk
Creating Region gate_metal
Creating Region oxide
Contact: source region bulk ni: 0 ci: 51 (0, 0, 0)
Contact: body region bulk ni: 70 ci: 86 (0, 5e-05, 0)
Contact: source region bulk ni: 2 ci: 95 (2.5e-06, 0, 0)
Contact: body region bulk ni: 71 ci: 130 (2.5e-06, 5e-05, 0)
Contact: source region bulk ni: 72 ci: 139 (5e-06, 0, 0)
Contact: body region bulk ni: 107 ci: 174 (5e-06, 5e-05, 0)
Contact: source region bulk ni: 108 ci: 183 (7.5e-06, 0, 0)
Contact: body region bulk ni: 143 ci: 218 (7.5e-06, 5e-05, 0)
Contact: source region bulk ni: 144 ci: 227 (1e-05, 0, 0)
Contact: body region bulk ni: 179 ci: 262 (1e-05, 5e-05, 0)
Contact: source region bulk ni: 180 ci: 271 (1.25e-05, 0, 0)
Contact: body region bulk ni: 215 ci: 306 (1.25e-05, 5e-05, 0)
Contact: source region bulk ni: 216 ci: 315 (1.5e-05, 0, 0)
Contact: body region bulk ni: 251 ci: 350 (1.5e-05, 5e-05, 0)
Contact: source region bulk ni: 252 ci: 359 (1.75e-05, 0, 0)
Contact: body region bulk ni: 287 ci: 394 (1.75e-05, 5e-05, 0)
Contact: source region bulk ni: 288 ci: 403 (2e-05, 0, 0)
Contact: body region bulk ni: 323 ci: 438 (2e-05, 5e-05, 0)
Contact: source region bulk ni: 324 ci: 447 (2.25e-05, 0, 0)
Contact: body region bulk ni: 359 ci: 482 (2.25e-05, 5e-05, 0)
Contact: source region bulk ni: 360 ci: 491 (2.5e-05, 0, 0)
Contact: body region bulk ni: 395 ci: 526 (2.5e-05, 5e-05, 0)
Contact: source region bulk ni: 396 ci: 535 (2.75e-05, 0, 0)
Contact: body region bulk ni: 431 ci: 570 (2.75e-05, 5e-05, 0)
Contact: source region bulk ni: 432 ci: 579 (3e-05, 0, 0)
Contact: body region bulk ni: 467 ci: 614 (3e-05, 5e-05, 0)
Contact: source region bulk ni: 468 ci: 623 (3.25e-05, 0, 0)
Contact: body region bulk ni: 503 ci: 658 (3.25e-05, 5e-05, 0)
Contact: source region bulk ni: 504 ci: 667 (3.5e-05, 0, 0)
Contact: body region bulk ni: 539 ci: 702 (3.5e-05, 5e-05, 0)
Contact: source region bulk ni: 540 ci: 711 (3.75e-05, 0, 0)
Contact: body region bulk ni: 575 ci: 746 (3.75e-05, 5e-05, 0)
Contact: source region bulk ni: 576 ci: 755 (4e-05, 0, 0)
Contact: body region bulk ni: 611 ci: 790 (4e-05, 5e-05, 0)
Contact: source region bulk ni: 612 ci: 799 (4.25e-05, 0, 0)
Contact: body region bulk ni: 647 ci: 834 (4.25e-05, 5e-05, 0)
Contact: source region bulk ni: 648 ci: 843 (4.5e-05, 0, 0)
Contact: body region bulk ni: 683 ci: 878 (4.5e-05, 5e-05, 0)
Contact: source region bulk ni: 684 ci: 887 (4.75e-05, 0, 0)
Contact: body region bulk ni: 719 ci: 922 (4.75e-05, 5e-05, 0)
Contact: gate region oxide ni: 0 ci: 929 (5e-05, -4.75e-07, 0)
Contact: source region bulk ni: 720 ci: 931 (5e-05, 0, 0)
Contact: body region bulk ni: 755 ci: 966 (5e-05, 5e-05, 0)
Contact: gate region oxide ni: 2 ci: 973 (5.25e-05, -4.75e-07, 0)
Contact: body region bulk ni: 791 ci: 1010 (5.25e-05, 5e-05, 0)
Contact: gate region oxide ni: 6 ci: 1017 (5.5e-05, -4.75e-07, 0)
Contact: body region bulk ni: 827 ci: 1054 (5.5e-05, 5e-05, 0)
Contact: gate region oxide ni: 9 ci: 1061 (5.75e-05, -4.75e-07, 0)
Contact: body region bulk ni: 863 ci: 1098 (5.75e-05, 5e-05, 0)
Contact: gate region oxide ni: 12 ci: 1105 (6e-05, -4.75e-07, 0)
Contact: body region bulk ni: 899 ci: 1142 (6e-05, 5e-05, 0)
Contact: gate region oxide ni: 15 ci: 1149 (6.25e-05, -4.75e-07, 0)
Contact: body region bulk ni: 935 ci: 1186 (6.25e-05, 5e-05, 0)
Contact: gate region oxide ni: 18 ci: 1193 (6.5e-05, -4.75e-07, 0)
Contact: body region bulk ni: 971 ci: 1230 (6.5e-05, 5e-05, 0)
Contact: gate region oxide ni: 21 ci: 1237 (6.75e-05, -4.75e-07, 0)
Contact: body region bulk ni: 1007 ci: 1274 (6.75e-05, 5e-05, 0)
Contact: gate region oxide ni: 24 ci: 1281 (7e-05, -4.75e-07, 0)
Contact: body region bulk ni: 1043 ci: 1318 (7e-05, 5e-05, 0)
Contact: gate region oxide ni: 27 ci: 1325 (7.25e-05, -4.75e-07, 0)
Contact: body region bulk ni: 1079 ci: 1362 (7.25e-05, 5e-05, 0)
Contact: gate region oxide ni: 30 ci: 1369 (7.5e-05, -4.75e-07, 0)
Contact: body region bulk ni: 1115 ci: 1406 (7.5e-05, 5e-05, 0)
Contact: gate region oxide ni: 33 ci: 1413 (7.75e-05, -4.75e-07, 0)
Contact: body region bulk ni: 1151 ci: 1450 (7.75e-05, 5e-05, 0)
Contact: gate region oxide ni: 36 ci: 1457 (8e-05, -4.75e-07, 0)
Contact: body region bulk ni: 1187 ci: 1494 (8e-05, 5e-05, 0)
Contact: gate region oxide ni: 39 ci: 1501 (8.25e-05, -4.75e-07, 0)
Contact: body region bulk ni: 1223 ci: 1538 (8.25e-05, 5e-05, 0)
Contact: gate region oxide ni: 42 ci: 1545 (8.5e-05, -4.75e-07, 0)
Contact: body region bulk ni: 1259 ci: 1582 (8.5e-05, 5e-05, 0)
Contact: gate region oxide ni: 45 ci: 1589 (8.75e-05, -4.75e-07, 0)
Contact: body region bulk ni: 1295 ci: 1626 (8.75e-05, 5e-05, 0)
Contact: gate region oxide ni: 48 ci: 1633 (9e-05, -4.75e-07, 0)
Contact: body region bulk ni: 1331 ci: 1670 (9e-05, 5e-05, 0)
Contact: gate region oxide ni: 51 ci: 1677 (9.25e-05, -4.75e-07, 0)
Contact: body region bulk ni: 1367 ci: 1714 (9.25e-05, 5e-05, 0)
Contact: gate region oxide ni: 54 ci: 1721 (9.5e-05, -4.75e-07, 0)
Contact: body region bulk ni: 1403 ci: 1758 (9.5e-05, 5e-05, 0)
Contact: gate region oxide ni: 57 ci: 1765 (9.75e-05, -4.75e-07, 0)
Contact: body region bulk ni: 1439 ci: 1802 (9.75e-05, 5e-05, 0)
Contact: gate region oxide ni: 60 ci: 1809 (0.0001, -4.75e-07, 0)
Contact: body region bulk ni: 1475 ci: 1846 (0.0001, 5e-05, 0)
Contact: gate region oxide ni: 63 ci: 1853 (0.0001025, -4.75e-07, 0)
Contact: body region bulk ni: 1511 ci: 1890 (0.0001025, 5e-05, 0)
Contact: gate region oxide ni: 66 ci: 1897 (0.000105, -4.75e-07, 0)
Contact: body region bulk ni: 1547 ci: 1934 (0.000105, 5e-05, 0)
Contact: gate region oxide ni: 69 ci: 1941 (0.0001075, -4.75e-07, 0)
Contact: body region bulk ni: 1583 ci: 1978 (0.0001075, 5e-05, 0)
Contact: gate region oxide ni: 72 ci: 1985 (0.00011, -4.75e-07, 0)
Contact: drain region bulk ni: 1584 ci: 1987 (0.00011, 0, 0)
Contact: body region bulk ni: 1619 ci: 2022 (0.00011, 5e-05, 0)
Contact: drain region bulk ni: 1620 ci: 2031 (0.0001125, 0, 0)
Contact: body region bulk ni: 1655 ci: 2066 (0.0001125, 5e-05, 0)
Contact: drain region bulk ni: 1656 ci: 2075 (0.000115, 0, 0)
Contact: body region bulk ni: 1691 ci: 2110 (0.000115, 5e-05, 0)
Contact: drain region bulk ni: 1692 ci: 2119 (0.0001175, 0, 0)
Contact: body region bulk ni: 1727 ci: 2154 (0.0001175, 5e-05, 0)
Contact: drain region bulk ni: 1728 ci: 2163 (0.00012, 0, 0)
Contact: body region bulk ni: 1763 ci: 2198 (0.00012, 5e-05, 0)
Contact: drain region bulk ni: 1764 ci: 2207 (0.0001225, 0, 0)
Contact: body region bulk ni: 1799 ci: 2242 (0.0001225, 5e-05, 0)
Contact: drain region bulk ni: 1800 ci: 2251 (0.000125, 0, 0)
Contact: body region bulk ni: 1835 ci: 2286 (0.000125, 5e-05, 0)
Contact: drain region bulk ni: 1836 ci: 2295 (0.0001275, 0, 0)
Contact: body region bulk ni: 1871 ci: 2330 (0.0001275, 5e-05, 0)
Contact: drain region bulk ni: 1872 ci: 2339 (0.00013, 0, 0)
Contact: body region bulk ni: 1907 ci: 2374 (0.00013, 5e-05, 0)
Contact: drain region bulk ni: 1908 ci: 2383 (0.0001325, 0, 0)
Contact: body region bulk ni: 1943 ci: 2418 (0.0001325, 5e-05, 0)
Contact: drain region bulk ni: 1944 ci: 2427 (0.000135, 0, 0)
Contact: body region bulk ni: 1979 ci: 2462 (0.000135, 5e-05, 0)
Contact: drain region bulk ni: 1980 ci: 2471 (0.0001375, 0, 0)
Contact: body region bulk ni: 2015 ci: 2506 (0.0001375, 5e-05, 0)
Contact: drain region bulk ni: 2016 ci: 2515 (0.00014, 0, 0)
Contact: body region bulk ni: 2051 ci: 2550 (0.00014, 5e-05, 0)
Contact: drain region bulk ni: 2052 ci: 2559 (0.0001425, 0, 0)
Contact: body region bulk ni: 2087 ci: 2594 (0.0001425, 5e-05, 0)
Contact: drain region bulk ni: 2088 ci: 2603 (0.000145, 0, 0)
Contact: body region bulk ni: 2123 ci: 2638 (0.000145, 5e-05, 0)
Contact: drain region bulk ni: 2124 ci: 2647 (0.0001475, 0, 0)
Contact: body region bulk ni: 2159 ci: 2682 (0.0001475, 5e-05, 0)
Contact: drain region bulk ni: 2160 ci: 2691 (0.00015, 0, 0)
Contact: body region bulk ni: 2195 ci: 2726 (0.00015, 5e-05, 0)
Contact: drain region bulk ni: 2196 ci: 2735 (0.0001525, 0, 0)
Contact: body region bulk ni: 2231 ci: 2770 (0.0001525, 5e-05, 0)
Contact: drain region bulk ni: 2232 ci: 2779 (0.000155, 0, 0)
Contact: body region bulk ni: 2267 ci: 2814 (0.000155, 5e-05, 0)
Contact: drain region bulk ni: 2268 ci: 2823 (0.0001575, 0, 0)
Contact: body region bulk ni: 2303 ci: 2858 (0.0001575, 5e-05, 0)
Contact: drain region bulk ni: 2304 ci: 2867 (0.00016, 0, 0)
Contact: body region bulk ni: 2339 ci: 2902 (0.00016, 5e-05, 0)
Adding 668 nodes
Adding 1576 edges with 1148 duplicates removed
Adding 908 triangles  with 0 duplicate removed
Adding 2340 nodes
Adding 6819 edges with 6621 duplicates removed
Adding 4480 triangles  with 0 duplicate removed
Adding 125 nodes
Adding 316 edges with 260 duplicates removed
Adding 192 triangles  with 0 duplicate removed
Adding 75 nodes
Adding 170 edges with 118 duplicates removed
Adding 96 triangles  with 0 duplicate removed
Contact body in region bulk with 65 nodes
Contact drain in region bulk with 21 nodes
Contact gate in region oxide with 25 nodes
Contact source in region bulk with 21 nodes
Interface bulk_oxide bulk oxide has 23 node pairs
Adding interface bulk_oxide with 23, 23 nodes
Replacing Node Model gatenodemodel in region oxide of material Oxide
number of equations 2415
Iteration: 0
  Device: "mos_light"	RelError: 2.00000e+00	AbsError: 2.02674e-01
    Region: "bulk"	RelError: 1.00000e+00	AbsError: 2.02674e-01
      Equation: "PotentialEquation"	RelError: 1.00000e+00	AbsError: 2.02674e-01
    Region: "oxide"	RelError: 1.00000e+00	AbsError: 1.30907e-01
      Equation: "PotentialEquation"	RelError: 1.00000e+00	AbsError: 1.30907e-01
Iteration: 1
  Device: "mos_light"	RelError: 9.70750e-01	AbsError: 1.90580e-01
    Region: "bulk"	RelError: 4.91337e-01	AbsError: 1.90580e-01
      Equation: "PotentialEquation"	RelError: 4.91337e-01	AbsError: 1.90580e-01
    Region: "oxide"	RelError: 4.79412e-01	AbsError: 1.20553e-01
      Equation: "PotentialEquation"	RelError: 4.79412e-01	AbsError: 1.20553e-01
Iteration: 2
  Device: "mos_light"	RelError: 5.51313e+00	AbsError: 1.16586e-01
    Region: "bulk"	RelError: 4.40682e+00	AbsError: 1.16586e-01
      Equation: "PotentialEquation"	RelError: 4.40682e+00	AbsError: 1.16586e-01
    Region: "oxide"	RelError: 1.10631e+00	AbsError: 5.10329e-02
      Equation: "PotentialEquation"	RelError: 1.10631e+00	AbsError: 5.10329e-02
Iteration: 3
  Device: "mos_light"	RelError: 2.37601e+01	AbsError: 7.66277e-02
    Region: "bulk"	RelError: 1.21372e+01	AbsError: 7.66277e-02
      Equation: "PotentialEquation"	RelError: 1.21372e+01	AbsError: 7.66277e-02
    Region: "oxide"	RelError: 1.16229e+01	AbsError: 4.71074e-02
      Equation: "PotentialEquation"	RelError: 1.16229e+01	AbsError: 4.71074e-02
Iteration: 4
  Device: "mos_light"	RelError: 3.24587e+02	AbsError: 8.64104e-02
    Region: "bulk"	RelError: 2.87360e+02	AbsError: 8.64104e-02
      Equation: "PotentialEquation"	RelError: 2.87360e+02	AbsError: 8.64104e-02
    Region: "oxide"	RelError: 3.72267e+01	AbsError: 4.30913e-02
      Equation: "PotentialEquation"	RelError: 3.72267e+01	AbsError: 4.30913e-02
Iteration: 5
  Device: "mos_light"	RelError: 4.19623e+02	AbsError: 9.18744e-02
    Region: "bulk"	RelError: 3.43161e+02	AbsError: 9.18744e-02
      Equation: "PotentialEquation"	RelError: 3.43161e+02	AbsError: 9.18744e-02
    Region: "oxide"	RelError: 7.64622e+01	AbsError: 3.89379e-02
      Equation: "PotentialEquation"	RelError: 7.64622e+01	AbsError: 3.89379e-02
Iteration: 6
  Device: "mos_light"	RelError: 4.76903e+03	AbsError: 9.17212e-02
    Region: "bulk"	RelError: 4.75821e+03	AbsError: 9.17212e-02
      Equation: "PotentialEquation"	RelError: 4.75821e+03	AbsError: 9.17212e-02
    Region: "oxide"	RelError: 1.08210e+01	AbsError: 3.20953e-02
      Equation: "PotentialEquation"	RelError: 1.08210e+01	AbsError: 3.20953e-02
Iteration: 7
  Device: "mos_light"	RelError: 2.60419e+02	AbsError: 8.55588e-02
    Region: "bulk"	RelError: 2.27430e+02	AbsError: 8.55588e-02
      Equation: "PotentialEquation"	RelError: 2.27430e+02	AbsError: 8.55588e-02
    Region: "oxide"	RelError: 3.29888e+01	AbsError: 2.55688e-02
      Equation: "PotentialEquation"	RelError: 3.29888e+01	AbsError: 2.55688e-02
Iteration: 8
  Device: "mos_light"	RelError: 5.09597e+01	AbsError: 7.99025e-02
    Region: "bulk"	RelError: 4.98112e+01	AbsError: 7.99025e-02
      Equation: "PotentialEquation"	RelError: 4.98112e+01	AbsError: 7.99025e-02
    Region: "oxide"	RelError: 1.14857e+00	AbsError: 1.99023e-02
      Equation: "PotentialEquation"	RelError: 1.14857e+00	AbsError: 1.99023e-02
Iteration: 9
  Device: "mos_light"	RelError: 1.75712e+03	AbsError: 7.16725e-02
    Region: "bulk"	RelError: 9.72514e+01	AbsError: 7.16725e-02
      Equation: "PotentialEquation"	RelError: 9.72514e+01	AbsError: 7.16725e-02
    Region: "oxide"	RelError: 1.65987e+03	AbsError: 1.16003e-02
      Equation: "PotentialEquation"	RelError: 1.65987e+03	AbsError: 1.16003e-02
Iteration: 10
  Device: "mos_light"	RelError: 1.13939e+02	AbsError: 5.67322e-02
    Region: "bulk"	RelError: 1.12941e+02	AbsError: 5.67322e-02
      Equation: "PotentialEquation"	RelError: 1.12941e+02	AbsError: 5.67322e-02
    Region: "oxide"	RelError: 9.98009e-01	AbsError: 2.13612e-03
      Equation: "PotentialEquation"	RelError: 9.98009e-01	AbsError: 2.13612e-03
Iteration: 11
  Device: "mos_light"	RelError: 1.19914e+01	AbsError: 3.97427e-02
    Region: "bulk"	RelError: 1.18261e+01	AbsError: 3.97427e-02
      Equation: "PotentialEquation"	RelError: 1.18261e+01	AbsError: 3.97427e-02
    Region: "oxide"	RelError: 1.65333e-01	AbsError: 3.58269e-04
      Equation: "PotentialEquation"	RelError: 1.65333e-01	AbsError: 3.58269e-04
Iteration: 12
  Device: "mos_light"	RelError: 2.32195e+00	AbsError: 2.58999e-02
    Region: "bulk"	RelError: 2.30188e+00	AbsError: 2.58999e-02
      Equation: "PotentialEquation"	RelError: 2.30188e+00	AbsError: 2.58999e-02
    Region: "oxide"	RelError: 2.00698e-02	AbsError: 4.19817e-05
      Equation: "PotentialEquation"	RelError: 2.00698e-02	AbsError: 4.19817e-05
Iteration: 13
  Device: "mos_light"	RelError: 9.06841e-01	AbsError: 8.48204e-03
    Region: "bulk"	RelError: 9.05554e-01	AbsError: 8.48204e-03
      Equation: "PotentialEquation"	RelError: 9.05554e-01	AbsError: 8.48204e-03
    Region: "oxide"	RelError: 1.28717e-03	AbsError: 2.56903e-06
      Equation: "PotentialEquation"	RelError: 1.28717e-03	AbsError: 2.56903e-06
Iteration: 14
  Device: "mos_light"	RelError: 6.56783e-02	AbsError: 2.78719e-04
    Region: "bulk"	RelError: 6.56591e-02	AbsError: 2.78719e-04
      Equation: "PotentialEquation"	RelError: 6.56591e-02	AbsError: 2.78719e-04
    Region: "oxide"	RelError: 1.92847e-05	AbsError: 3.84913e-08
      Equation: "PotentialEquation"	RelError: 1.92847e-05	AbsError: 3.84913e-08
Iteration: 15
  Device: "mos_light"	RelError: 9.64141e-05	AbsError: 4.31176e-07
    Region: "bulk"	RelError: 9.63996e-05	AbsError: 4.31176e-07
      Equation: "PotentialEquation"	RelError: 9.63996e-05	AbsError: 4.31176e-07
    Region: "oxide"	RelError: 1.44435e-08	AbsError: 2.88287e-11
      Equation: "PotentialEquation"	RelError: 1.44435e-08	AbsError: 2.88287e-11
Iteration: 16
  Device: "mos_light"	RelError: 2.44646e-10	AbsError: 1.16540e-12
    Region: "bulk"	RelError: 2.44625e-10	AbsError: 1.16540e-12
      Equation: "PotentialEquation"	RelError: 2.44625e-10	AbsError: 1.16540e-12
    Region: "oxide"	RelError: 2.02319e-14	AbsError: 4.03821e-17
      Equation: "PotentialEquation"	RelError: 2.02319e-14	AbsError: 4.03821e-17
Iteration: 17
  Device: "mos_light"	RelError: 1.81052e-21	AbsError: 9.79354e-24
    Region: "bulk"	RelError: 1.81043e-21	AbsError: 9.79354e-24
      Equation: "PotentialEquation"	RelError: 1.81043e-21	AbsError: 9.79354e-24
    Region: "oxide"	RelError: 8.96417e-26	AbsError: 1.78920e-28
      Equation: "PotentialEquation"	RelError: 8.96417e-26	AbsError: 1.78920e-28
Warning: Replacing equation with equation of the same name.
Region: bulk, Equation: PotentialEquation, Variable: Potential
number of equations 7095
Iteration: 0
  Device: "mos_light"	RelError: 5.50766e-31	AbsError: 3.37805e-14
    Region: "bulk"	RelError: 5.47979e-31	AbsError: 3.37805e-14
      Equation: "ElectronContinuityEquation"	RelError: 2.60634e-31	AbsError: 3.37508e-14
      Equation: "HoleContinuityEquation"	RelError: 2.05046e-31	AbsError: 2.96980e-17
      Equation: "PotentialEquation"	RelError: 8.22984e-32	AbsError: 1.11627e-34
    Region: "oxide"	RelError: 2.78746e-33	AbsError: 1.41957e-35
      Equation: "PotentialEquation"	RelError: 2.78746e-33	AbsError: 1.41957e-35
number of equations 7095
Iteration: 0
  Device: "mos_light"	RelError: 2.01600e+03	AbsError: 8.13404e+16
    Region: "bulk"	RelError: 2.01518e+03	AbsError: 8.13404e+16
      Equation: "ElectronContinuityEquation"	RelError: 9.99000e+02	AbsError: 7.83900e+16
      Equation: "HoleContinuityEquation"	RelError: 9.99000e+02	AbsError: 2.95041e+15
      Equation: "PotentialEquation"	RelError: 1.71815e+01	AbsError: 4.09542e-02
    Region: "oxide"	RelError: 8.21508e-01	AbsError: 1.92335e-02
      Equation: "PotentialEquation"	RelError: 8.21508e-01	AbsError: 1.92335e-02
Iteration: 1
  Device: "mos_light"	RelError: 6.32589e+00	AbsError: 2.36962e+15
    Region: "bulk"	RelError: 6.26357e+00	AbsError: 2.36962e+15
      Equation: "ElectronContinuityEquation"	RelError: 9.98561e-01	AbsError: 1.90586e+15
      Equation: "HoleContinuityEquation"	RelError: 9.98640e-01	AbsError: 4.63762e+14
      Equation: "PotentialEquation"	RelError: 4.26637e+00	AbsError: 3.07635e-02
    Region: "oxide"	RelError: 6.23155e-02	AbsError: 9.02248e-03
      Equation: "PotentialEquation"	RelError: 6.23155e-02	AbsError: 9.02248e-03
Iteration: 2
  Device: "mos_light"	RelError: 1.13424e+03	AbsError: 5.84307e+14
    Region: "bulk"	RelError: 1.13423e+03	AbsError: 5.84307e+14
      Equation: "ElectronContinuityEquation"	RelError: 2.57338e+00	AbsError: 5.20433e+14
      Equation: "HoleContinuityEquation"	RelError: 1.13121e+03	AbsError: 6.38739e+13
      Equation: "PotentialEquation"	RelError: 4.50489e-01	AbsError: 2.56183e-02
    Region: "oxide"	RelError: 2.19288e-03	AbsError: 5.12318e-05
      Equation: "PotentialEquation"	RelError: 2.19288e-03	AbsError: 5.12318e-05
Iteration: 3
  Device: "mos_light"	RelError: 1.32776e+00	AbsError: 1.52948e+15
    Region: "bulk"	RelError: 1.32680e+00	AbsError: 1.52948e+15
      Equation: "ElectronContinuityEquation"	RelError: 3.10515e-01	AbsError: 1.52744e+15
      Equation: "HoleContinuityEquation"	RelError: 9.97801e-01	AbsError: 2.04098e+12
      Equation: "PotentialEquation"	RelError: 1.84888e-02	AbsError: 9.16546e-03
    Region: "oxide"	RelError: 9.57989e-04	AbsError: 2.95231e-05
      Equation: "PotentialEquation"	RelError: 9.57989e-04	AbsError: 2.95231e-05
Iteration: 4
  Device: "mos_light"	RelError: 3.17708e-01	AbsError: 1.62342e+15
    Region: "bulk"	RelError: 3.16985e-01	AbsError: 1.62342e+15
      Equation: "ElectronContinuityEquation"	RelError: 2.70462e-02	AbsError: 1.62078e+15
      Equation: "HoleContinuityEquation"	RelError: 2.78516e-01	AbsError: 2.64851e+12
      Equation: "PotentialEquation"	RelError: 1.14229e-02	AbsError: 2.07733e-04
    Region: "oxide"	RelError: 7.23558e-04	AbsError: 1.21624e-05
      Equation: "PotentialEquation"	RelError: 7.23558e-04	AbsError: 1.21624e-05
Iteration: 5
  Device: "mos_light"	RelError: 4.29520e-04	AbsError: 9.12661e+11
    Region: "bulk"	RelError: 4.29355e-04	AbsError: 9.12661e+11
      Equation: "ElectronContinuityEquation"	RelError: 3.62119e-05	AbsError: 9.11994e+11
      Equation: "HoleContinuityEquation"	RelError: 3.89979e-04	AbsError: 6.66975e+08
      Equation: "PotentialEquation"	RelError: 3.16387e-06	AbsError: 1.00421e-07
    Region: "oxide"	RelError: 1.64880e-07	AbsError: 2.22174e-09
      Equation: "PotentialEquation"	RelError: 1.64880e-07	AbsError: 2.22174e-09
Iteration: 6
  Device: "mos_light"	RelError: 1.89667e-10	AbsError: 2.86380e+05
    Region: "bulk"	RelError: 1.89652e-10	AbsError: 2.86380e+05
      Equation: "ElectronContinuityEquation"	RelError: 1.21052e-11	AbsError: 2.86265e+05
      Equation: "HoleContinuityEquation"	RelError: 1.77064e-10	AbsError: 1.15110e+02
      Equation: "PotentialEquation"	RelError: 4.82658e-13	AbsError: 3.00706e-14
    Region: "oxide"	RelError: 1.48179e-14	AbsError: 1.80302e-16
      Equation: "PotentialEquation"	RelError: 1.48179e-14	AbsError: 1.80302e-16
number of equations 7095
Iteration: 0
  Device: "mos_light"	RelError: 2.45391e+03	AbsError: 8.28337e+16
    Region: "bulk"	RelError: 2.45288e+03	AbsError: 8.28337e+16
      Equation: "ElectronContinuityEquation"	RelError: 1.16614e+03	AbsError: 8.00121e+16
      Equation: "HoleContinuityEquation"	RelError: 9.99000e+02	AbsError: 2.82158e+15
      Equation: "PotentialEquation"	RelError: 2.87738e+02	AbsError: 4.09542e-02
    Region: "oxide"	RelError: 1.02902e+00	AbsError: 1.89342e-02
      Equation: "PotentialEquation"	RelError: 1.02902e+00	AbsError: 1.89342e-02
Iteration: 1
  Device: "mos_light"	RelError: 1.67431e+03	AbsError: 1.73631e+15
    Region: "bulk"	RelError: 1.67426e+03	AbsError: 1.73631e+15
      Equation: "ElectronContinuityEquation"	RelError: 9.99000e+02	AbsError: 1.32006e+15
      Equation: "HoleContinuityEquation"	RelError: 9.98563e-01	AbsError: 4.16245e+14
      Equation: "PotentialEquation"	RelError: 6.74264e+02	AbsError: 3.07634e-02
    Region: "oxide"	RelError: 5.14386e-02	AbsError: 8.87324e-03
      Equation: "PotentialEquation"	RelError: 5.14386e-02	AbsError: 8.87324e-03
Iteration: 2
  Device: "mos_light"	RelError: 1.00226e+03	AbsError: 3.20539e+14
    Region: "bulk"	RelError: 1.00226e+03	AbsError: 3.20539e+14
      Equation: "ElectronContinuityEquation"	RelError: 1.44137e+00	AbsError: 2.78312e+14
      Equation: "HoleContinuityEquation"	RelError: 9.99000e+02	AbsError: 4.22270e+13
      Equation: "PotentialEquation"	RelError: 1.81395e+00	AbsError: 2.54865e-02
    Region: "oxide"	RelError: 1.48226e-03	AbsError: 2.26944e-05
      Equation: "PotentialEquation"	RelError: 1.48226e-03	AbsError: 2.26944e-05
Iteration: 3
  Device: "mos_light"	RelError: 1.34371e+00	AbsError: 1.42375e+15
    Region: "bulk"	RelError: 1.34329e+00	AbsError: 1.42375e+15
      Equation: "ElectronContinuityEquation"	RelError: 3.23956e-01	AbsError: 1.42220e+15
      Equation: "HoleContinuityEquation"	RelError: 9.97240e-01	AbsError: 1.54660e+12
      Equation: "PotentialEquation"	RelError: 2.20979e-02	AbsError: 9.16560e-03
    Region: "oxide"	RelError: 4.17210e-04	AbsError: 1.07913e-05
      Equation: "PotentialEquation"	RelError: 4.17210e-04	AbsError: 1.07913e-05
Iteration: 4
  Device: "mos_light"	RelError: 7.93715e-01	AbsError: 1.53047e+15
    Region: "bulk"	RelError: 7.93148e-01	AbsError: 1.53047e+15
      Equation: "ElectronContinuityEquation"	RelError: 2.84773e-02	AbsError: 1.52847e+15
      Equation: "HoleContinuityEquation"	RelError: 2.45772e-01	AbsError: 2.00111e+12
      Equation: "PotentialEquation"	RelError: 5.18899e-01	AbsError: 1.91192e-04
    Region: "oxide"	RelError: 5.67202e-04	AbsError: 5.51603e-06
      Equation: "PotentialEquation"	RelError: 5.67202e-04	AbsError: 5.51603e-06
Iteration: 5
  Device: "mos_light"	RelError: 3.31858e-04	AbsError: 8.93270e+11
    Region: "bulk"	RelError: 3.31750e-04	AbsError: 8.93270e+11
      Equation: "ElectronContinuityEquation"	RelError: 3.00853e-05	AbsError: 8.92759e+11
      Equation: "HoleContinuityEquation"	RelError: 1.75032e-04	AbsError: 5.10564e+08
      Equation: "PotentialEquation"	RelError: 1.26632e-04	AbsError: 9.74767e-08
    Region: "oxide"	RelError: 1.08721e-07	AbsError: 7.98806e-10
      Equation: "PotentialEquation"	RelError: 1.08721e-07	AbsError: 7.98806e-10
Iteration: 6
  Device: "mos_light"	RelError: 1.15792e-10	AbsError: 2.92541e+05
    Region: "bulk"	RelError: 1.15777e-10	AbsError: 2.92541e+05
      Equation: "ElectronContinuityEquation"	RelError: 1.04090e-11	AbsError: 2.92431e+05
      Equation: "HoleContinuityEquation"	RelError: 8.33682e-11	AbsError: 1.09443e+02
      Equation: "PotentialEquation"	RelError: 2.20001e-11	AbsError: 3.09563e-14
    Region: "oxide"	RelError: 1.42803e-14	AbsError: 8.69184e-17
      Equation: "PotentialEquation"	RelError: 1.42803e-14	AbsError: 8.69184e-17
number of equations 7095
Iteration: 0
  Device: "mos_light"	RelError: 2.06660e+03	AbsError: 8.28057e+16
    Region: "bulk"	RelError: 2.03230e+03	AbsError: 8.28057e+16
      Equation: "ElectronContinuityEquation"	RelError: 9.99000e+02	AbsError: 8.03558e+16
      Equation: "HoleContinuityEquation"	RelError: 9.99000e+02	AbsError: 2.44991e+15
      Equation: "PotentialEquation"	RelError: 3.43019e+01	AbsError: 4.09542e-02
    Region: "oxide"	RelError: 3.43019e+01	AbsError: 1.88251e-02
      Equation: "PotentialEquation"	RelError: 3.43019e+01	AbsError: 1.88251e-02
Iteration: 1
  Device: "mos_light"	RelError: 1.03336e+03	AbsError: 1.35299e+15
    Region: "bulk"	RelError: 1.03323e+03	AbsError: 1.35299e+15
      Equation: "ElectronContinuityEquation"	RelError: 9.99000e+02	AbsError: 1.03014e+15
      Equation: "HoleContinuityEquation"	RelError: 9.98603e-01	AbsError: 3.22854e+14
      Equation: "PotentialEquation"	RelError: 3.32334e+01	AbsError: 3.07633e-02
    Region: "oxide"	RelError: 1.24859e-01	AbsError: 8.82160e-03
      Equation: "PotentialEquation"	RelError: 1.24859e-01	AbsError: 8.82160e-03
Iteration: 2
  Device: "mos_light"	RelError: 1.00025e+03	AbsError: 1.91792e+14
    Region: "bulk"	RelError: 1.00022e+03	AbsError: 1.91792e+14
      Equation: "ElectronContinuityEquation"	RelError: 1.10041e+00	AbsError: 1.51001e+14
      Equation: "HoleContinuityEquation"	RelError: 9.99000e+02	AbsError: 4.07910e+13
      Equation: "PotentialEquation"	RelError: 1.22861e-01	AbsError: 2.53711e-02
    Region: "oxide"	RelError: 2.19566e-02	AbsError: 9.71738e-06
      Equation: "PotentialEquation"	RelError: 2.19566e-02	AbsError: 9.71738e-06
Iteration: 3
  Device: "mos_light"	RelError: 1.37908e+00	AbsError: 1.31172e+15
    Region: "bulk"	RelError: 1.37575e+00	AbsError: 1.31172e+15
      Equation: "ElectronContinuityEquation"	RelError: 3.36085e-01	AbsError: 1.31035e+15
      Equation: "HoleContinuityEquation"	RelError: 9.96507e-01	AbsError: 1.37217e+12
      Equation: "PotentialEquation"	RelError: 4.31529e-02	AbsError: 9.16562e-03
    Region: "oxide"	RelError: 3.33409e-03	AbsError: 3.84431e-06
      Equation: "PotentialEquation"	RelError: 3.33409e-03	AbsError: 3.84431e-06
Iteration: 4
  Device: "mos_light"	RelError: 2.22645e-01	AbsError: 1.42388e+15
    Region: "bulk"	RelError: 2.11995e-01	AbsError: 1.42388e+15
      Equation: "ElectronContinuityEquation"	RelError: 2.98490e-02	AbsError: 1.42228e+15
      Equation: "HoleContinuityEquation"	RelError: 1.28191e-01	AbsError: 1.59646e+12
      Equation: "PotentialEquation"	RelError: 5.39556e-02	AbsError: 1.74558e-04
    Region: "oxide"	RelError: 1.06495e-02	AbsError: 2.91982e-06
      Equation: "PotentialEquation"	RelError: 1.06495e-02	AbsError: 2.91982e-06
Iteration: 5
  Device: "mos_light"	RelError: 8.43429e-05	AbsError: 8.33205e+11
    Region: "bulk"	RelError: 8.22813e-05	AbsError: 8.33205e+11
      Equation: "ElectronContinuityEquation"	RelError: 2.66218e-05	AbsError: 8.32794e+11
      Equation: "HoleContinuityEquation"	RelError: 4.39110e-05	AbsError: 4.10530e+08
      Equation: "PotentialEquation"	RelError: 1.17484e-05	AbsError: 9.06896e-08
    Region: "oxide"	RelError: 2.06159e-06	AbsError: 4.26035e-10
      Equation: "PotentialEquation"	RelError: 2.06159e-06	AbsError: 4.26035e-10
Iteration: 6
  Device: "mos_light"	RelError: 1.99237e-11	AbsError: 2.69516e+05
    Region: "bulk"	RelError: 1.95126e-11	AbsError: 2.69516e+05
      Equation: "ElectronContinuityEquation"	RelError: 9.19372e-12	AbsError: 2.69420e+05
      Equation: "HoleContinuityEquation"	RelError: 9.19514e-12	AbsError: 9.54133e+01
      Equation: "PotentialEquation"	RelError: 1.12369e-12	AbsError: 2.87480e-14
    Region: "oxide"	RelError: 4.11190e-13	AbsError: 8.14278e-17
      Equation: "PotentialEquation"	RelError: 4.11190e-13	AbsError: 8.14278e-17
number of equations 7095
Iteration: 0
  Device: "mos_light"	RelError: 6.52322e+03	AbsError: 8.22921e+16
    Region: "bulk"	RelError: 6.52204e+03	AbsError: 8.22921e+16
      Equation: "ElectronContinuityEquation"	RelError: 9.99000e+02	AbsError: 7.98116e+16
      Equation: "HoleContinuityEquation"	RelError: 9.99000e+02	AbsError: 2.48044e+15
      Equation: "PotentialEquation"	RelError: 4.52404e+03	AbsError: 4.09542e-02
    Region: "oxide"	RelError: 1.17463e+00	AbsError: 1.87892e-02
      Equation: "PotentialEquation"	RelError: 1.17463e+00	AbsError: 1.87892e-02
Iteration: 1
  Device: "mos_light"	RelError: 1.79487e+03	AbsError: 1.09991e+15
    Region: "bulk"	RelError: 1.79484e+03	AbsError: 1.09991e+15
      Equation: "ElectronContinuityEquation"	RelError: 9.99000e+02	AbsError: 7.75087e+14
      Equation: "HoleContinuityEquation"	RelError: 9.98393e-01	AbsError: 3.24824e+14
      Equation: "PotentialEquation"	RelError: 7.94837e+02	AbsError: 3.07633e-02
    Region: "oxide"	RelError: 3.86789e-02	AbsError: 8.80677e-03
      Equation: "PotentialEquation"	RelError: 3.86789e-02	AbsError: 8.80677e-03
Iteration: 2
  Device: "mos_light"	RelError: 1.84695e+01	AbsError: 1.67451e+14
    Region: "bulk"	RelError: 1.84691e+01	AbsError: 1.67451e+14
      Equation: "ElectronContinuityEquation"	RelError: 9.99989e-01	AbsError: 1.40660e+14
      Equation: "HoleContinuityEquation"	RelError: 1.33626e+01	AbsError: 2.67917e+13
      Equation: "PotentialEquation"	RelError: 4.10649e+00	AbsError: 2.52695e-02
    Region: "oxide"	RelError: 4.22207e-04	AbsError: 4.19508e-06
      Equation: "PotentialEquation"	RelError: 4.22207e-04	AbsError: 4.19508e-06
Iteration: 3
  Device: "mos_light"	RelError: 2.55199e+00	AbsError: 1.19593e+15
    Region: "bulk"	RelError: 2.55197e+00	AbsError: 1.19593e+15
      Equation: "ElectronContinuityEquation"	RelError: 3.46278e-01	AbsError: 1.19483e+15
      Equation: "HoleContinuityEquation"	RelError: 7.95255e-01	AbsError: 1.10474e+12
      Equation: "PotentialEquation"	RelError: 1.41043e+00	AbsError: 9.16559e-03
    Region: "oxide"	RelError: 2.05512e-05	AbsError: 1.26705e-06
      Equation: "PotentialEquation"	RelError: 2.05512e-05	AbsError: 1.26705e-06
Iteration: 4
  Device: "mos_light"	RelError: 2.24314e+00	AbsError: 1.30842e+15
    Region: "bulk"	RelError: 2.24287e+00	AbsError: 1.30842e+15
      Equation: "ElectronContinuityEquation"	RelError: 3.09881e-02	AbsError: 1.30714e+15
      Equation: "HoleContinuityEquation"	RelError: 1.46999e-02	AbsError: 1.28327e+12
      Equation: "PotentialEquation"	RelError: 2.19718e+00	AbsError: 1.58070e-04
    Region: "oxide"	RelError: 2.72423e-04	AbsError: 1.72438e-06
      Equation: "PotentialEquation"	RelError: 2.72423e-04	AbsError: 1.72438e-06
Iteration: 5
  Device: "mos_light"	RelError: 6.92883e-04	AbsError: 7.46612e+11
    Region: "bulk"	RelError: 6.92823e-04	AbsError: 7.46612e+11
      Equation: "ElectronContinuityEquation"	RelError: 2.44612e-05	AbsError: 7.46286e+11
      Equation: "HoleContinuityEquation"	RelError: 4.35820e-06	AbsError: 3.26164e+08
      Equation: "PotentialEquation"	RelError: 6.64003e-04	AbsError: 8.12879e-08
    Region: "oxide"	RelError: 6.02602e-08	AbsError: 3.21224e-10
      Equation: "PotentialEquation"	RelError: 6.02602e-08	AbsError: 3.21224e-10
Iteration: 6
  Device: "mos_light"	RelError: 1.74365e-10	AbsError: 2.27780e+05
    Region: "bulk"	RelError: 1.74351e-10	AbsError: 2.27780e+05
      Equation: "ElectronContinuityEquation"	RelError: 8.36929e-12	AbsError: 2.27701e+05
      Equation: "HoleContinuityEquation"	RelError: 1.64390e-12	AbsError: 7.84460e+01
      Equation: "PotentialEquation"	RelError: 1.64338e-10	AbsError: 2.44671e-14
    Region: "oxide"	RelError: 1.41666e-14	AbsError: 7.50863e-17
      Equation: "PotentialEquation"	RelError: 1.41666e-14	AbsError: 7.50863e-17
number of equations 7095
Iteration: 0
  Device: "mos_light"	RelError: 2.29643e+03	AbsError: 8.09482e+16
    Region: "bulk"	RelError: 2.29589e+03	AbsError: 8.09482e+16
      Equation: "ElectronContinuityEquation"	RelError: 9.99000e+02	AbsError: 7.86864e+16
      Equation: "HoleContinuityEquation"	RelError: 1.28059e+03	AbsError: 2.26179e+15
      Equation: "PotentialEquation"	RelError: 1.62940e+01	AbsError: 4.09542e-02
    Region: "oxide"	RelError: 5.41015e-01	AbsError: 1.87806e-02
      Equation: "PotentialEquation"	RelError: 5.41015e-01	AbsError: 1.87806e-02
Iteration: 1
  Device: "mos_light"	RelError: 1.02746e+03	AbsError: 1.09335e+15
    Region: "bulk"	RelError: 1.02742e+03	AbsError: 1.09335e+15
      Equation: "ElectronContinuityEquation"	RelError: 9.99000e+02	AbsError: 8.42798e+14
      Equation: "HoleContinuityEquation"	RelError: 9.98511e-01	AbsError: 2.50554e+14
      Equation: "PotentialEquation"	RelError: 2.74254e+01	AbsError: 3.07633e-02
    Region: "oxide"	RelError: 3.44956e-02	AbsError: 8.80563e-03
      Equation: "PotentialEquation"	RelError: 3.44956e-02	AbsError: 8.80563e-03
Iteration: 2
  Device: "mos_light"	RelError: 7.30119e+00	AbsError: 1.46355e+14
    Region: "bulk"	RelError: 7.30109e+00	AbsError: 1.46355e+14
      Equation: "ElectronContinuityEquation"	RelError: 9.99989e-01	AbsError: 1.28155e+14
      Equation: "HoleContinuityEquation"	RelError: 6.23054e+00	AbsError: 1.81999e+13
      Equation: "PotentialEquation"	RelError: 7.05620e-02	AbsError: 2.51804e-02
    Region: "oxide"	RelError: 9.96421e-05	AbsError: 1.86720e-06
      Equation: "PotentialEquation"	RelError: 9.96421e-05	AbsError: 1.86720e-06
Iteration: 3
  Device: "mos_light"	RelError: 1.02262e+00	AbsError: 1.07952e+15
    Region: "bulk"	RelError: 1.02258e+00	AbsError: 1.07952e+15
      Equation: "ElectronContinuityEquation"	RelError: 3.54362e-01	AbsError: 1.07862e+15
      Equation: "HoleContinuityEquation"	RelError: 6.42246e-01	AbsError: 8.95228e+11
      Equation: "PotentialEquation"	RelError: 2.59713e-02	AbsError: 9.16555e-03
    Region: "oxide"	RelError: 3.75020e-05	AbsError: 3.80784e-07
      Equation: "PotentialEquation"	RelError: 3.75020e-05	AbsError: 3.80784e-07
Iteration: 4
  Device: "mos_light"	RelError: 6.35841e-02	AbsError: 1.18860e+15
    Region: "bulk"	RelError: 6.34908e-02	AbsError: 1.18860e+15
      Equation: "ElectronContinuityEquation"	RelError: 3.19098e-02	AbsError: 1.18756e+15
      Equation: "HoleContinuityEquation"	RelError: 1.49537e-03	AbsError: 1.04335e+12
      Equation: "PotentialEquation"	RelError: 3.00857e-02	AbsError: 1.41970e-04
    Region: "oxide"	RelError: 9.32732e-05	AbsError: 1.14833e-06
      Equation: "PotentialEquation"	RelError: 9.32732e-05	AbsError: 1.14833e-06
Iteration: 5
  Device: "mos_light"	RelError: 5.19702e-05	AbsError: 6.46104e+11
    Region: "bulk"	RelError: 5.19469e-05	AbsError: 6.46104e+11
      Equation: "ElectronContinuityEquation"	RelError: 2.35303e-05	AbsError: 6.45843e+11
      Equation: "HoleContinuityEquation"	RelError: 2.31020e-05	AbsError: 2.60774e+08
      Equation: "PotentialEquation"	RelError: 5.31462e-06	AbsError: 7.04607e-08
    Region: "oxide"	RelError: 2.32263e-08	AbsError: 2.66795e-10
      Equation: "PotentialEquation"	RelError: 2.32263e-08	AbsError: 2.66795e-10
Iteration: 6
  Device: "mos_light"	RelError: 9.39732e-12	AbsError: 1.78421e+05
    Region: "bulk"	RelError: 9.39181e-12	AbsError: 1.78421e+05
      Equation: "ElectronContinuityEquation"	RelError: 6.88830e-12	AbsError: 1.78361e+05
      Equation: "HoleContinuityEquation"	RelError: 2.14118e-12	AbsError: 6.01616e+01
      Equation: "PotentialEquation"	RelError: 3.62328e-13	AbsError: 1.92783e-14
    Region: "oxide"	RelError: 5.51210e-15	AbsError: 6.36881e-17
      Equation: "PotentialEquation"	RelError: 5.51210e-15	AbsError: 6.36881e-17
number of equations 7095
Iteration: 0
  Device: "mos_light"	RelError: 3.41565e+03	AbsError: 7.92554e+16
    Region: "bulk"	RelError: 3.41499e+03	AbsError: 7.92554e+16
      Equation: "ElectronContinuityEquation"	RelError: 2.41060e+03	AbsError: 7.71801e+16
      Equation: "HoleContinuityEquation"	RelError: 9.99000e+02	AbsError: 2.07530e+15
      Equation: "PotentialEquation"	RelError: 5.38343e+00	AbsError: 4.09542e-02
    Region: "oxide"	RelError: 6.58437e-01	AbsError: 1.87818e-02
      Equation: "PotentialEquation"	RelError: 6.58437e-01	AbsError: 1.87818e-02
Iteration: 1
  Device: "mos_light"	RelError: 1.01299e+03	AbsError: 1.18687e+15
    Region: "bulk"	RelError: 1.01295e+03	AbsError: 1.18687e+15
      Equation: "ElectronContinuityEquation"	RelError: 9.99000e+02	AbsError: 9.40438e+14
      Equation: "HoleContinuityEquation"	RelError: 9.98561e-01	AbsError: 2.46427e+14
      Equation: "PotentialEquation"	RelError: 1.29560e+01	AbsError: 3.07633e-02
    Region: "oxide"	RelError: 3.11446e-02	AbsError: 8.80946e-03
      Equation: "PotentialEquation"	RelError: 3.11446e-02	AbsError: 8.80946e-03
Iteration: 2
  Device: "mos_light"	RelError: 5.48905e+00	AbsError: 1.38930e+14
    Region: "bulk"	RelError: 5.48897e+00	AbsError: 1.38930e+14
      Equation: "ElectronContinuityEquation"	RelError: 9.99989e-01	AbsError: 1.17075e+14
      Equation: "HoleContinuityEquation"	RelError: 4.43858e+00	AbsError: 2.18547e+13
      Equation: "PotentialEquation"	RelError: 5.04021e-02	AbsError: 2.51852e-02
    Region: "oxide"	RelError: 7.19237e-05	AbsError: 9.19732e-07
      Equation: "PotentialEquation"	RelError: 7.19237e-05	AbsError: 9.19732e-07
Iteration: 3
  Device: "mos_light"	RelError: 9.12481e-01	AbsError: 9.65259e+14
    Region: "bulk"	RelError: 9.12413e-01	AbsError: 9.65259e+14
      Equation: "ElectronContinuityEquation"	RelError: 3.59497e-01	AbsError: 9.64457e+14
      Equation: "HoleContinuityEquation"	RelError: 5.41422e-01	AbsError: 8.01694e+11
      Equation: "PotentialEquation"	RelError: 1.14939e-02	AbsError: 9.16551e-03
    Region: "oxide"	RelError: 6.80490e-05	AbsError: 4.50887e-07
      Equation: "PotentialEquation"	RelError: 6.80490e-05	AbsError: 4.50887e-07
Iteration: 4
  Device: "mos_light"	RelError: 5.15547e-02	AbsError: 1.06845e+15
    Region: "bulk"	RelError: 5.14427e-02	AbsError: 1.06845e+15
      Equation: "ElectronContinuityEquation"	RelError: 3.26398e-02	AbsError: 1.06751e+15
      Equation: "HoleContinuityEquation"	RelError: 4.40386e-03	AbsError: 9.36154e+11
      Equation: "PotentialEquation"	RelError: 1.43990e-02	AbsError: 1.26490e-04
    Region: "oxide"	RelError: 1.11997e-04	AbsError: 8.81478e-07
      Equation: "PotentialEquation"	RelError: 1.11997e-04	AbsError: 8.81478e-07
Iteration: 5
  Device: "mos_light"	RelError: 1.50189e-04	AbsError: 5.42064e+11
    Region: "bulk"	RelError: 1.50159e-04	AbsError: 5.42064e+11
      Equation: "ElectronContinuityEquation"	RelError: 2.22066e-05	AbsError: 5.41861e+11
      Equation: "HoleContinuityEquation"	RelError: 1.24971e-04	AbsError: 2.02854e+08
      Equation: "PotentialEquation"	RelError: 2.98151e-06	AbsError: 5.92486e-08
    Region: "oxide"	RelError: 3.05014e-08	AbsError: 2.24773e-10
      Equation: "PotentialEquation"	RelError: 3.05014e-08	AbsError: 2.24773e-10
Iteration: 6
  Device: "mos_light"	RelError: 1.96793e-11	AbsError: 1.30499e+05
    Region: "bulk"	RelError: 1.96726e-11	AbsError: 1.30499e+05
      Equation: "ElectronContinuityEquation"	RelError: 5.65084e-12	AbsError: 1.30457e+05
      Equation: "HoleContinuityEquation"	RelError: 1.35609e-11	AbsError: 4.20074e+01
      Equation: "PotentialEquation"	RelError: 4.60847e-13	AbsError: 1.41694e-14
    Region: "oxide"	RelError: 6.64768e-15	AbsError: 4.97666e-17
      Equation: "PotentialEquation"	RelError: 6.64768e-15	AbsError: 4.97666e-17
number of equations 7095
Iteration: 0
  Device: "mos_light"	RelError: 2.05628e+03	AbsError: 7.75384e+16
    Region: "bulk"	RelError: 2.05425e+03	AbsError: 7.75384e+16
      Equation: "ElectronContinuityEquation"	RelError: 9.99000e+02	AbsError: 7.54176e+16
      Equation: "HoleContinuityEquation"	RelError: 9.99000e+02	AbsError: 2.12081e+15
      Equation: "PotentialEquation"	RelError: 5.62506e+01	AbsError: 4.09542e-02
    Region: "oxide"	RelError: 2.03229e+00	AbsError: 1.87864e-02
      Equation: "PotentialEquation"	RelError: 2.03229e+00	AbsError: 1.87864e-02
Iteration: 1
  Device: "mos_light"	RelError: 1.00268e+03	AbsError: 1.24503e+15
    Region: "bulk"	RelError: 1.00266e+03	AbsError: 1.24503e+15
      Equation: "ElectronContinuityEquation"	RelError: 9.99000e+02	AbsError: 1.00610e+15
      Equation: "HoleContinuityEquation"	RelError: 9.98571e-01	AbsError: 2.38931e+14
      Equation: "PotentialEquation"	RelError: 2.65705e+00	AbsError: 3.07632e-02
    Region: "oxide"	RelError: 2.83932e-02	AbsError: 8.81487e-03
      Equation: "PotentialEquation"	RelError: 2.83932e-02	AbsError: 8.81487e-03
Iteration: 2
  Device: "mos_light"	RelError: 3.82263e+00	AbsError: 1.20981e+14
    Region: "bulk"	RelError: 3.82250e+00	AbsError: 1.20981e+14
      Equation: "ElectronContinuityEquation"	RelError: 9.99989e-01	AbsError: 1.06671e+14
      Equation: "HoleContinuityEquation"	RelError: 2.78267e+00	AbsError: 1.43105e+13
      Equation: "PotentialEquation"	RelError: 3.98423e-02	AbsError: 2.52334e-02
    Region: "oxide"	RelError: 1.27106e-04	AbsError: 4.77217e-07
      Equation: "PotentialEquation"	RelError: 1.27106e-04	AbsError: 4.77217e-07
Iteration: 3
  Device: "mos_light"	RelError: 7.74313e-01	AbsError: 8.55410e+14
    Region: "bulk"	RelError: 7.74113e-01	AbsError: 8.55410e+14
      Equation: "ElectronContinuityEquation"	RelError: 3.56881e-01	AbsError: 8.54746e+14
      Equation: "HoleContinuityEquation"	RelError: 4.06990e-01	AbsError: 6.64526e+11
      Equation: "PotentialEquation"	RelError: 1.02411e-02	AbsError: 9.16548e-03
    Region: "oxide"	RelError: 1.99849e-04	AbsError: 4.43283e-07
      Equation: "PotentialEquation"	RelError: 1.99849e-04	AbsError: 4.43283e-07
Iteration: 4
  Device: "mos_light"	RelError: 5.67555e-02	AbsError: 9.51078e+14
    Region: "bulk"	RelError: 5.64665e-02	AbsError: 9.51078e+14
      Equation: "ElectronContinuityEquation"	RelError: 3.33427e-02	AbsError: 9.50297e+14
      Equation: "HoleContinuityEquation"	RelError: 8.74754e-03	AbsError: 7.81310e+11
      Equation: "PotentialEquation"	RelError: 1.43763e-02	AbsError: 1.11836e-04
    Region: "oxide"	RelError: 2.89013e-04	AbsError: 7.11615e-07
      Equation: "PotentialEquation"	RelError: 2.89013e-04	AbsError: 7.11615e-07
Iteration: 5
  Device: "mos_light"	RelError: 2.38033e-04	AbsError: 4.42320e+11
    Region: "bulk"	RelError: 2.37954e-04	AbsError: 4.42320e+11
      Equation: "ElectronContinuityEquation"	RelError: 2.04933e-05	AbsError: 4.42164e+11
      Equation: "HoleContinuityEquation"	RelError: 2.13536e-04	AbsError: 1.56876e+08
      Equation: "PotentialEquation"	RelError: 3.92464e-06	AbsError: 4.84667e-08
    Region: "oxide"	RelError: 7.85570e-08	AbsError: 1.87129e-10
      Equation: "PotentialEquation"	RelError: 7.85570e-08	AbsError: 1.87129e-10
Iteration: 6
  Device: "mos_light"	RelError: 2.23421e-11	AbsError: 8.96910e+04
    Region: "bulk"	RelError: 2.23272e-11	AbsError: 8.96910e+04
      Equation: "ElectronContinuityEquation"	RelError: 4.37938e-12	AbsError: 8.96627e+04
      Equation: "HoleContinuityEquation"	RelError: 1.72047e-11	AbsError: 2.82827e+01
      Equation: "PotentialEquation"	RelError: 7.43170e-13	AbsError: 9.77813e-15
    Region: "oxide"	RelError: 1.49058e-14	AbsError: 3.61177e-17
      Equation: "PotentialEquation"	RelError: 1.49058e-14	AbsError: 3.61177e-17
number of equations 7095
Iteration: 0
  Device: "mos_light"	RelError: 2.01559e+03	AbsError: 7.54851e+16
    Region: "bulk"	RelError: 2.01178e+03	AbsError: 7.54851e+16
      Equation: "ElectronContinuityEquation"	RelError: 9.99000e+02	AbsError: 7.34773e+16
      Equation: "HoleContinuityEquation"	RelError: 9.99000e+02	AbsError: 2.00782e+15
      Equation: "PotentialEquation"	RelError: 1.37784e+01	AbsError: 4.09542e-02
    Region: "oxide"	RelError: 3.80742e+00	AbsError: 1.87919e-02
      Equation: "PotentialEquation"	RelError: 3.80742e+00	AbsError: 1.87919e-02
Iteration: 1
  Device: "mos_light"	RelError: 1.01602e+03	AbsError: 1.24356e+15
    Region: "bulk"	RelError: 1.01599e+03	AbsError: 1.24356e+15
      Equation: "ElectronContinuityEquation"	RelError: 9.99000e+02	AbsError: 1.05188e+15
      Equation: "HoleContinuityEquation"	RelError: 9.98496e-01	AbsError: 1.91677e+14
      Equation: "PotentialEquation"	RelError: 1.59915e+01	AbsError: 3.07632e-02
    Region: "oxide"	RelError: 2.60911e-02	AbsError: 8.82059e-03
      Equation: "PotentialEquation"	RelError: 2.60911e-02	AbsError: 8.82059e-03
Iteration: 2
  Device: "mos_light"	RelError: 3.19466e+00	AbsError: 1.06203e+14
    Region: "bulk"	RelError: 3.19450e+00	AbsError: 1.06203e+14
      Equation: "ElectronContinuityEquation"	RelError: 9.99990e-01	AbsError: 9.66763e+13
      Equation: "HoleContinuityEquation"	RelError: 2.16126e+00	AbsError: 9.52641e+12
      Equation: "PotentialEquation"	RelError: 3.32473e-02	AbsError: 2.52781e-02
    Region: "oxide"	RelError: 1.64228e-04	AbsError: 2.86888e-07
      Equation: "PotentialEquation"	RelError: 1.64228e-04	AbsError: 2.86888e-07
Iteration: 3
  Device: "mos_light"	RelError: 6.85512e-01	AbsError: 7.51885e+14
    Region: "bulk"	RelError: 6.85189e-01	AbsError: 7.51885e+14
      Equation: "ElectronContinuityEquation"	RelError: 3.32681e-01	AbsError: 7.51378e+14
      Equation: "HoleContinuityEquation"	RelError: 3.41806e-01	AbsError: 5.06648e+11
      Equation: "PotentialEquation"	RelError: 1.07012e-02	AbsError: 9.16547e-03
    Region: "oxide"	RelError: 3.22955e-04	AbsError: 4.06677e-07
      Equation: "PotentialEquation"	RelError: 3.22955e-04	AbsError: 4.06677e-07
Iteration: 4
  Device: "mos_light"	RelError: 5.77297e-02	AbsError: 8.39106e+14
    Region: "bulk"	RelError: 5.72886e-02	AbsError: 8.39106e+14
      Equation: "ElectronContinuityEquation"	RelError: 3.39253e-02	AbsError: 8.38506e+14
      Equation: "HoleContinuityEquation"	RelError: 9.59459e-03	AbsError: 6.00558e+11
      Equation: "PotentialEquation"	RelError: 1.37687e-02	AbsError: 9.81703e-05
    Region: "oxide"	RelError: 4.41108e-04	AbsError: 5.91712e-07
      Equation: "PotentialEquation"	RelError: 4.41108e-04	AbsError: 5.91712e-07
Iteration: 5
  Device: "mos_light"	RelError: 2.15060e-04	AbsError: 3.52049e+11
    Region: "bulk"	RelError: 2.14945e-04	AbsError: 3.52049e+11
      Equation: "ElectronContinuityEquation"	RelError: 1.84488e-05	AbsError: 3.51930e+11
      Equation: "HoleContinuityEquation"	RelError: 1.94575e-04	AbsError: 1.19102e+08
      Equation: "PotentialEquation"	RelError: 1.92116e-06	AbsError: 3.86726e-08
    Region: "oxide"	RelError: 1.15340e-07	AbsError: 1.52809e-10
      Equation: "PotentialEquation"	RelError: 1.15340e-07	AbsError: 1.52809e-10
Iteration: 6
  Device: "mos_light"	RelError: 1.32383e-11	AbsError: 5.82662e+04
    Region: "bulk"	RelError: 1.32201e-11	AbsError: 5.82662e+04
      Equation: "ElectronContinuityEquation"	RelError: 3.17963e-12	AbsError: 5.82489e+04
      Equation: "HoleContinuityEquation"	RelError: 9.78027e-12	AbsError: 1.73813e+01
      Equation: "PotentialEquation"	RelError: 2.60190e-13	AbsError: 6.37402e-15
    Region: "oxide"	RelError: 1.82178e-14	AbsError: 2.45509e-17
      Equation: "PotentialEquation"	RelError: 1.82178e-14	AbsError: 2.45509e-17
number of equations 7095
Iteration: 0
  Device: "mos_light"	RelError: 2.00843e+03	AbsError: 7.31939e+16
    Region: "bulk"	RelError: 2.00764e+03	AbsError: 7.31939e+16
      Equation: "ElectronContinuityEquation"	RelError: 9.99000e+02	AbsError: 7.14097e+16
      Equation: "HoleContinuityEquation"	RelError: 9.99000e+02	AbsError: 1.78416e+15
      Equation: "PotentialEquation"	RelError: 9.63912e+00	AbsError: 4.09542e-02
    Region: "oxide"	RelError: 7.90305e-01	AbsError: 1.87975e-02
      Equation: "PotentialEquation"	RelError: 7.90305e-01	AbsError: 1.87975e-02
Iteration: 1
  Device: "mos_light"	RelError: 1.54066e+02	AbsError: 1.25388e+15
    Region: "bulk"	RelError: 1.54042e+02	AbsError: 1.25388e+15
      Equation: "ElectronContinuityEquation"	RelError: 9.97512e-01	AbsError: 1.08464e+15
      Equation: "HoleContinuityEquation"	RelError: 9.98261e-01	AbsError: 1.69237e+14
      Equation: "PotentialEquation"	RelError: 1.52046e+02	AbsError: 3.07632e-02
    Region: "oxide"	RelError: 2.41354e-02	AbsError: 8.82612e-03
      Equation: "PotentialEquation"	RelError: 2.41354e-02	AbsError: 8.82612e-03
Iteration: 2
  Device: "mos_light"	RelError: 3.17913e+00	AbsError: 9.33488e+13
    Region: "bulk"	RelError: 3.17910e+00	AbsError: 9.33488e+13
      Equation: "ElectronContinuityEquation"	RelError: 7.76454e-01	AbsError: 8.71467e+13
      Equation: "HoleContinuityEquation"	RelError: 2.25742e+00	AbsError: 6.20217e+12
      Equation: "PotentialEquation"	RelError: 1.45231e-01	AbsError: 2.53193e-02
    Region: "oxide"	RelError: 2.63877e-05	AbsError: 1.96140e-07
      Equation: "PotentialEquation"	RelError: 2.63877e-05	AbsError: 1.96140e-07
Iteration: 3
  Device: "mos_light"	RelError: 7.47458e-01	AbsError: 6.56123e+14
    Region: "bulk"	RelError: 7.47398e-01	AbsError: 6.56123e+14
      Equation: "ElectronContinuityEquation"	RelError: 2.97720e-01	AbsError: 6.55681e+14
      Equation: "HoleContinuityEquation"	RelError: 3.56385e-01	AbsError: 4.42713e+11
      Equation: "PotentialEquation"	RelError: 9.32932e-02	AbsError: 9.16545e-03
    Region: "oxide"	RelError: 5.93405e-05	AbsError: 3.61015e-07
      Equation: "PotentialEquation"	RelError: 5.93405e-05	AbsError: 3.61015e-07
Iteration: 4
  Device: "mos_light"	RelError: 1.83834e-01	AbsError: 7.34534e+14
    Region: "bulk"	RelError: 1.83754e-01	AbsError: 7.34534e+14
      Equation: "ElectronContinuityEquation"	RelError: 3.43943e-02	AbsError: 7.34004e+14
      Equation: "HoleContinuityEquation"	RelError: 8.19185e-03	AbsError: 5.30637e+11
      Equation: "PotentialEquation"	RelError: 1.41168e-01	AbsError: 8.56048e-05
    Region: "oxide"	RelError: 7.92618e-05	AbsError: 4.99968e-07
      Equation: "PotentialEquation"	RelError: 7.92618e-05	AbsError: 4.99968e-07
Iteration: 5
  Device: "mos_light"	RelError: 1.80566e-04	AbsError: 2.74037e+11
    Region: "bulk"	RelError: 1.80546e-04	AbsError: 2.74037e+11
      Equation: "ElectronContinuityEquation"	RelError: 1.68866e-05	AbsError: 2.73948e+11
      Equation: "HoleContinuityEquation"	RelError: 1.41731e-04	AbsError: 8.94068e+07
      Equation: "PotentialEquation"	RelError: 2.19282e-05	AbsError: 3.01769e-08
    Region: "oxide"	RelError: 1.93644e-08	AbsError: 1.22228e-10
      Equation: "PotentialEquation"	RelError: 1.93644e-08	AbsError: 1.22228e-10
Iteration: 6
  Device: "mos_light"	RelError: 8.13441e-12	AbsError: 3.59823e+04
    Region: "bulk"	RelError: 8.13195e-12	AbsError: 3.59823e+04
      Equation: "ElectronContinuityEquation"	RelError: 2.10733e-12	AbsError: 3.59718e+04
      Equation: "HoleContinuityEquation"	RelError: 4.03987e-12	AbsError: 1.05012e+01
      Equation: "PotentialEquation"	RelError: 1.98476e-12	AbsError: 3.94781e-15
    Region: "oxide"	RelError: 2.45477e-15	AbsError: 1.57543e-17
      Equation: "PotentialEquation"	RelError: 2.45477e-15	AbsError: 1.57543e-17
number of equations 7095
Iteration: 0
  Device: "mos_light"	RelError: 2.55608e+03	AbsError: 7.10059e+16
    Region: "bulk"	RelError: 2.55564e+03	AbsError: 7.10059e+16
      Equation: "ElectronContinuityEquation"	RelError: 9.99000e+02	AbsError: 6.92476e+16
      Equation: "HoleContinuityEquation"	RelError: 1.53942e+03	AbsError: 1.75831e+15
      Equation: "PotentialEquation"	RelError: 1.72251e+01	AbsError: 4.09542e-02
    Region: "oxide"	RelError: 4.42930e-01	AbsError: 1.88028e-02
      Equation: "PotentialEquation"	RelError: 4.42930e-01	AbsError: 1.88028e-02
Iteration: 1
  Device: "mos_light"	RelError: 8.01878e+00	AbsError: 1.29565e+15
    Region: "bulk"	RelError: 7.99633e+00	AbsError: 1.29565e+15
      Equation: "ElectronContinuityEquation"	RelError: 9.95636e-01	AbsError: 1.10860e+15
      Equation: "HoleContinuityEquation"	RelError: 9.98519e-01	AbsError: 1.87058e+14
      Equation: "PotentialEquation"	RelError: 6.00218e+00	AbsError: 3.07632e-02
    Region: "oxide"	RelError: 2.24529e-02	AbsError: 8.83130e-03
      Equation: "PotentialEquation"	RelError: 2.24529e-02	AbsError: 8.83130e-03
Iteration: 2
  Device: "mos_light"	RelError: 2.50725e+00	AbsError: 8.17432e+13
    Region: "bulk"	RelError: 2.50724e+00	AbsError: 8.17432e+13
      Equation: "ElectronContinuityEquation"	RelError: 5.22423e-01	AbsError: 7.76306e+13
      Equation: "HoleContinuityEquation"	RelError: 1.95949e+00	AbsError: 4.11268e+12
      Equation: "PotentialEquation"	RelError: 2.53244e-02	AbsError: 2.53574e-02
    Region: "oxide"	RelError: 1.10765e-05	AbsError: 1.43056e-07
      Equation: "PotentialEquation"	RelError: 1.10765e-05	AbsError: 1.43056e-07
Iteration: 3
  Device: "mos_light"	RelError: 5.92004e-01	AbsError: 5.68833e+14
    Region: "bulk"	RelError: 5.91975e-01	AbsError: 5.68833e+14
      Equation: "ElectronContinuityEquation"	RelError: 2.57763e-01	AbsError: 5.68440e+14
      Equation: "HoleContinuityEquation"	RelError: 3.27825e-01	AbsError: 3.93262e+11
      Equation: "PotentialEquation"	RelError: 6.38681e-03	AbsError: 9.16543e-03
    Region: "oxide"	RelError: 2.85276e-05	AbsError: 3.12144e-07
      Equation: "PotentialEquation"	RelError: 2.85276e-05	AbsError: 3.12144e-07
Iteration: 4
  Device: "mos_light"	RelError: 4.61935e-02	AbsError: 6.38466e+14
    Region: "bulk"	RelError: 4.61555e-02	AbsError: 6.38466e+14
      Equation: "ElectronContinuityEquation"	RelError: 3.47339e-02	AbsError: 6.37988e+14
      Equation: "HoleContinuityEquation"	RelError: 6.87509e-03	AbsError: 4.77443e+11
      Equation: "PotentialEquation"	RelError: 4.54646e-03	AbsError: 7.41996e-05
    Region: "oxide"	RelError: 3.80328e-05	AbsError: 4.25935e-07
      Equation: "PotentialEquation"	RelError: 3.80328e-05	AbsError: 4.25935e-07
Iteration: 5
  Device: "mos_light"	RelError: 9.07079e-05	AbsError: 2.09145e+11
    Region: "bulk"	RelError: 9.06994e-05	AbsError: 2.09145e+11
      Equation: "ElectronContinuityEquation"	RelError: 1.52637e-05	AbsError: 2.09079e+11
      Equation: "HoleContinuityEquation"	RelError: 7.44886e-05	AbsError: 6.56179e+07
      Equation: "PotentialEquation"	RelError: 9.47035e-07	AbsError: 2.30852e-08
    Region: "oxide"	RelError: 8.47906e-09	AbsError: 9.58410e-11
      Equation: "PotentialEquation"	RelError: 8.47906e-09	AbsError: 9.58410e-11
Iteration: 6
  Device: "mos_light"	RelError: 2.80772e-12	AbsError: 2.12400e+04
    Region: "bulk"	RelError: 2.80689e-12	AbsError: 2.12400e+04
      Equation: "ElectronContinuityEquation"	RelError: 1.26404e-12	AbsError: 2.12341e+04
      Equation: "HoleContinuityEquation"	RelError: 1.45446e-12	AbsError: 5.91284e+00
      Equation: "PotentialEquation"	RelError: 8.83925e-14	AbsError: 2.33633e-15
    Region: "oxide"	RelError: 8.36814e-16	AbsError: 9.61270e-18
      Equation: "PotentialEquation"	RelError: 8.36814e-16	AbsError: 9.61270e-18
number of equations 7095
Iteration: 0
  Device: "mos_light"	RelError: 4.82686e+03	AbsError: 6.88089e+16
    Region: "bulk"	RelError: 4.82642e+03	AbsError: 6.88089e+16
      Equation: "ElectronContinuityEquation"	RelError: 9.99000e+02	AbsError: 6.70125e+16
      Equation: "HoleContinuityEquation"	RelError: 3.76098e+03	AbsError: 1.79644e+15
      Equation: "PotentialEquation"	RelError: 6.64490e+01	AbsError: 4.09542e-02
    Region: "oxide"	RelError: 4.30914e-01	AbsError: 1.88077e-02
      Equation: "PotentialEquation"	RelError: 4.30914e-01	AbsError: 1.88077e-02
Iteration: 1
  Device: "mos_light"	RelError: 7.82575e+00	AbsError: 1.29941e+15
    Region: "bulk"	RelError: 7.80476e+00	AbsError: 1.29941e+15
      Equation: "ElectronContinuityEquation"	RelError: 9.97597e-01	AbsError: 1.12754e+15
      Equation: "HoleContinuityEquation"	RelError: 9.99510e-01	AbsError: 1.71867e+14
      Equation: "PotentialEquation"	RelError: 5.80765e+00	AbsError: 3.07632e-02
    Region: "oxide"	RelError: 2.09899e-02	AbsError: 8.83608e-03
      Equation: "PotentialEquation"	RelError: 2.09899e-02	AbsError: 8.83608e-03
Iteration: 2
  Device: "mos_light"	RelError: 2.01238e+00	AbsError: 7.54942e+13
    Region: "bulk"	RelError: 2.01237e+00	AbsError: 7.54942e+13
      Equation: "ElectronContinuityEquation"	RelError: 3.88720e-01	AbsError: 6.92388e+13
      Equation: "HoleContinuityEquation"	RelError: 1.59835e+00	AbsError: 6.25537e+12
      Equation: "PotentialEquation"	RelError: 2.53013e-02	AbsError: 2.58795e-02
    Region: "oxide"	RelError: 9.50829e-06	AbsError: 1.18048e-07
      Equation: "PotentialEquation"	RelError: 9.50829e-06	AbsError: 1.18048e-07
Iteration: 3
  Device: "mos_light"	RelError: 4.99325e-01	AbsError: 9.39315e+14
    Region: "bulk"	RelError: 4.99270e-01	AbsError: 9.39315e+14
      Equation: "ElectronContinuityEquation"	RelError: 2.07793e-01	AbsError: 9.38839e+14
      Equation: "HoleContinuityEquation"	RelError: 2.79232e-01	AbsError: 4.76003e+11
      Equation: "PotentialEquation"	RelError: 1.22445e-02	AbsError: 9.16557e-03
    Region: "oxide"	RelError: 5.46337e-05	AbsError: 5.11888e-07
      Equation: "PotentialEquation"	RelError: 5.46337e-05	AbsError: 5.11888e-07
Iteration: 4
  Device: "mos_light"	RelError: 5.44718e-02	AbsError: 9.94240e+14
    Region: "bulk"	RelError: 5.44076e-02	AbsError: 9.94240e+14
      Equation: "ElectronContinuityEquation"	RelError: 3.49716e-02	AbsError: 9.93676e+14
      Equation: "HoleContinuityEquation"	RelError: 5.40437e-03	AbsError: 5.63970e+11
      Equation: "PotentialEquation"	RelError: 1.40317e-02	AbsError: 1.24062e-04
    Region: "oxide"	RelError: 6.42247e-05	AbsError: 6.10752e-07
      Equation: "PotentialEquation"	RelError: 6.42247e-05	AbsError: 6.10752e-07
Iteration: 5
  Device: "mos_light"	RelError: 7.01676e-05	AbsError: 4.97175e+11
    Region: "bulk"	RelError: 7.01480e-05	AbsError: 4.97175e+11
      Equation: "ElectronContinuityEquation"	RelError: 2.17968e-05	AbsError: 4.97020e+11
      Equation: "HoleContinuityEquation"	RelError: 4.39647e-05	AbsError: 1.55136e+08
      Equation: "PotentialEquation"	RelError: 4.38656e-06	AbsError: 5.74640e-08
    Region: "oxide"	RelError: 1.96253e-08	AbsError: 1.83400e-10
      Equation: "PotentialEquation"	RelError: 1.96253e-08	AbsError: 1.83400e-10
Iteration: 6
  Device: "mos_light"	RelError: 1.46530e-11	AbsError: 1.18527e+05
    Region: "bulk"	RelError: 1.46497e-11	AbsError: 1.18527e+05
      Equation: "ElectronContinuityEquation"	RelError: 5.32368e-12	AbsError: 1.18499e+05
      Equation: "HoleContinuityEquation"	RelError: 8.56688e-12	AbsError: 2.80890e+01
      Equation: "PotentialEquation"	RelError: 7.59110e-13	AbsError: 1.31610e-14
    Region: "oxide"	RelError: 3.32471e-15	AbsError: 3.09653e-17
      Equation: "PotentialEquation"	RelError: 3.32471e-15	AbsError: 3.09653e-17
number of equations 7095
Iteration: 0
  Device: "mos_light"	RelError: 2.00866e+03	AbsError: 6.64554e+16
    Region: "bulk"	RelError: 2.00788e+03	AbsError: 6.64554e+16
      Equation: "ElectronContinuityEquation"	RelError: 9.99000e+02	AbsError: 6.47193e+16
      Equation: "HoleContinuityEquation"	RelError: 9.99000e+02	AbsError: 1.73607e+15
      Equation: "PotentialEquation"	RelError: 9.88324e+00	AbsError: 4.09542e-02
    Region: "oxide"	RelError: 7.78401e-01	AbsError: 1.88122e-02
      Equation: "PotentialEquation"	RelError: 7.78401e-01	AbsError: 1.88122e-02
Iteration: 1
  Device: "mos_light"	RelError: 4.38489e+00	AbsError: 1.28540e+15
    Region: "bulk"	RelError: 4.36518e+00	AbsError: 1.28540e+15
      Equation: "ElectronContinuityEquation"	RelError: 9.97455e-01	AbsError: 1.14245e+15
      Equation: "HoleContinuityEquation"	RelError: 9.98325e-01	AbsError: 1.42944e+14
      Equation: "PotentialEquation"	RelError: 2.36940e+00	AbsError: 3.07632e-02
    Region: "oxide"	RelError: 1.97059e-02	AbsError: 8.84049e-03
      Equation: "PotentialEquation"	RelError: 1.97059e-02	AbsError: 8.84049e-03
Iteration: 2
  Device: "mos_light"	RelError: 1.59909e+00	AbsError: 6.68478e+13
    Region: "bulk"	RelError: 1.59907e+00	AbsError: 6.68478e+13
      Equation: "ElectronContinuityEquation"	RelError: 3.25712e-01	AbsError: 6.27645e+13
      Equation: "HoleContinuityEquation"	RelError: 1.25092e+00	AbsError: 4.08331e+12
      Equation: "PotentialEquation"	RelError: 2.24339e-02	AbsError: 2.58447e-02
    Region: "oxide"	RelError: 1.57122e-05	AbsError: 1.02077e-07
      Equation: "PotentialEquation"	RelError: 1.57122e-05	AbsError: 1.02077e-07
Iteration: 3
  Device: "mos_light"	RelError: 3.91505e-01	AbsError: 8.58949e+14
    Region: "bulk"	RelError: 3.91417e-01	AbsError: 8.58949e+14
      Equation: "ElectronContinuityEquation"	RelError: 1.61570e-01	AbsError: 8.58550e+14
      Equation: "HoleContinuityEquation"	RelError: 2.24273e-01	AbsError: 3.99202e+11
      Equation: "PotentialEquation"	RelError: 5.57371e-03	AbsError: 9.16553e-03
    Region: "oxide"	RelError: 8.74225e-05	AbsError: 4.52896e-07
      Equation: "PotentialEquation"	RelError: 8.74225e-05	AbsError: 4.52896e-07
Iteration: 4
  Device: "mos_light"	RelError: 4.11632e-02	AbsError: 9.10673e+14
    Region: "bulk"	RelError: 4.10600e-02	AbsError: 9.10673e+14
      Equation: "ElectronContinuityEquation"	RelError: 3.51804e-02	AbsError: 9.10196e+14
      Equation: "HoleContinuityEquation"	RelError: 3.92273e-03	AbsError: 4.77136e+11
      Equation: "PotentialEquation"	RelError: 1.95684e-03	AbsError: 1.12852e-04
    Region: "oxide"	RelError: 1.03182e-04	AbsError: 5.41892e-07
      Equation: "PotentialEquation"	RelError: 1.03182e-04	AbsError: 5.41892e-07
Iteration: 5
  Device: "mos_light"	RelError: 5.72315e-05	AbsError: 4.27462e+11
    Region: "bulk"	RelError: 5.72018e-05	AbsError: 4.27462e+11
      Equation: "ElectronContinuityEquation"	RelError: 2.07648e-05	AbsError: 4.27338e+11
      Equation: "HoleContinuityEquation"	RelError: 3.59465e-05	AbsError: 1.24134e+08
      Equation: "PotentialEquation"	RelError: 4.90511e-07	AbsError: 4.91860e-08
    Region: "oxide"	RelError: 2.96316e-08	AbsError: 1.53372e-10
      Equation: "PotentialEquation"	RelError: 2.96316e-08	AbsError: 1.53372e-10
Iteration: 6
  Device: "mos_light"	RelError: 8.37610e-12	AbsError: 8.93723e+04
    Region: "bulk"	RelError: 8.37165e-12	AbsError: 8.93723e+04
      Equation: "ElectronContinuityEquation"	RelError: 3.71190e-12	AbsError: 8.93524e+04
      Equation: "HoleContinuityEquation"	RelError: 4.58520e-12	AbsError: 1.98840e+01
      Equation: "PotentialEquation"	RelError: 7.45507e-14	AbsError: 9.89871e-15
    Region: "oxide"	RelError: 4.45158e-15	AbsError: 2.29576e-17
      Equation: "PotentialEquation"	RelError: 4.45158e-15	AbsError: 2.29576e-17
number of equations 7095
Iteration: 0
  Device: "mos_light"	RelError: 2.12870e+03	AbsError: 6.59814e+16
    Region: "bulk"	RelError: 2.12490e+03	AbsError: 6.59814e+16
      Equation: "ElectronContinuityEquation"	RelError: 9.99000e+02	AbsError: 6.43936e+16
      Equation: "HoleContinuityEquation"	RelError: 9.99000e+02	AbsError: 1.58778e+15
      Equation: "PotentialEquation"	RelError: 1.26904e+02	AbsError: 4.09542e-02
    Region: "oxide"	RelError: 3.79260e+00	AbsError: 1.88163e-02
      Equation: "PotentialEquation"	RelError: 3.79260e+00	AbsError: 1.88163e-02
Iteration: 1
  Device: "mos_light"	RelError: 5.03483e+00	AbsError: 1.27917e+15
    Region: "bulk"	RelError: 5.01318e+00	AbsError: 1.27917e+15
      Equation: "ElectronContinuityEquation"	RelError: 9.96812e-01	AbsError: 1.15478e+15
      Equation: "HoleContinuityEquation"	RelError: 9.98298e-01	AbsError: 1.24391e+14
      Equation: "PotentialEquation"	RelError: 3.01807e+00	AbsError: 3.07632e-02
    Region: "oxide"	RelError: 2.16435e-02	AbsError: 8.84452e-03
      Equation: "PotentialEquation"	RelError: 2.16435e-02	AbsError: 8.84452e-03
Iteration: 2
  Device: "mos_light"	RelError: 1.37561e+00	AbsError: 6.09795e+13
    Region: "bulk"	RelError: 1.37554e+00	AbsError: 6.09795e+13
      Equation: "ElectronContinuityEquation"	RelError: 2.68227e-01	AbsError: 5.82150e+13
      Equation: "HoleContinuityEquation"	RelError: 1.08711e+00	AbsError: 2.76449e+12
      Equation: "PotentialEquation"	RelError: 2.01991e-02	AbsError: 2.58135e-02
    Region: "oxide"	RelError: 7.37480e-05	AbsError: 9.42468e-08
      Equation: "PotentialEquation"	RelError: 7.37480e-05	AbsError: 9.42468e-08
Iteration: 3
  Device: "mos_light"	RelError: 3.40311e-01	AbsError: 7.81806e+14
    Region: "bulk"	RelError: 3.39930e-01	AbsError: 7.81806e+14
      Equation: "ElectronContinuityEquation"	RelError: 1.11030e-01	AbsError: 7.81467e+14
      Equation: "HoleContinuityEquation"	RelError: 1.83345e-01	AbsError: 3.38531e+11
      Equation: "PotentialEquation"	RelError: 4.55553e-02	AbsError: 9.16550e-03
    Region: "oxide"	RelError: 3.81425e-04	AbsError: 3.98544e-07
      Equation: "PotentialEquation"	RelError: 3.81425e-04	AbsError: 3.98544e-07
Iteration: 4
  Device: "mos_light"	RelError: 9.00485e-02	AbsError: 8.30087e+14
    Region: "bulk"	RelError: 8.95953e-02	AbsError: 8.30087e+14
      Equation: "ElectronContinuityEquation"	RelError: 3.54287e-02	AbsError: 8.29680e+14
      Equation: "HoleContinuityEquation"	RelError: 2.79624e-03	AbsError: 4.07009e+11
      Equation: "PotentialEquation"	RelError: 5.13704e-02	AbsError: 1.02226e-04
    Region: "oxide"	RelError: 4.53236e-04	AbsError: 4.80551e-07
      Equation: "PotentialEquation"	RelError: 4.53236e-04	AbsError: 4.80551e-07
Iteration: 5
  Device: "mos_light"	RelError: 8.19254e-05	AbsError: 3.62057e+11
    Region: "bulk"	RelError: 8.18044e-05	AbsError: 3.62057e+11
      Equation: "ElectronContinuityEquation"	RelError: 1.96255e-05	AbsError: 3.61958e+11
      Equation: "HoleContinuityEquation"	RelError: 4.84592e-05	AbsError: 9.82707e+07
      Equation: "PotentialEquation"	RelError: 1.37196e-05	AbsError: 4.14984e-08
    Region: "oxide"	RelError: 1.21035e-07	AbsError: 1.26720e-10
      Equation: "PotentialEquation"	RelError: 1.21035e-07	AbsError: 1.26720e-10
Iteration: 6
  Device: "mos_light"	RelError: 6.62962e-12	AbsError: 6.51031e+04
    Region: "bulk"	RelError: 6.61373e-12	AbsError: 6.51031e+04
      Equation: "ElectronContinuityEquation"	RelError: 2.69628e-12	AbsError: 6.50894e+04
      Equation: "HoleContinuityEquation"	RelError: 2.11649e-12	AbsError: 1.36926e+01
      Equation: "PotentialEquation"	RelError: 1.80096e-12	AbsError: 7.19889e-15
    Region: "oxide"	RelError: 1.58876e-14	AbsError: 1.65798e-17
      Equation: "PotentialEquation"	RelError: 1.58876e-14	AbsError: 1.65798e-17
number of equations 7095
Iteration: 0
  Device: "mos_light"	RelError: 2.00619e+03	AbsError: 6.68095e+16
    Region: "bulk"	RelError: 2.00369e+03	AbsError: 6.68095e+16
      Equation: "ElectronContinuityEquation"	RelError: 9.99000e+02	AbsError: 6.53309e+16
      Equation: "HoleContinuityEquation"	RelError: 9.99000e+02	AbsError: 1.47851e+15
      Equation: "PotentialEquation"	RelError: 5.69005e+00	AbsError: 4.09542e-02
    Region: "oxide"	RelError: 2.50002e+00	AbsError: 1.88201e-02
      Equation: "PotentialEquation"	RelError: 2.50002e+00	AbsError: 1.88201e-02
Iteration: 1
  Device: "mos_light"	RelError: 1.75900e+01	AbsError: 1.29641e+15
    Region: "bulk"	RelError: 1.75724e+01	AbsError: 1.29641e+15
      Equation: "ElectronContinuityEquation"	RelError: 9.96348e-01	AbsError: 1.16482e+15
      Equation: "HoleContinuityEquation"	RelError: 9.98356e-01	AbsError: 1.31587e+14
      Equation: "PotentialEquation"	RelError: 1.55777e+01	AbsError: 3.07632e-02
    Region: "oxide"	RelError: 1.75577e-02	AbsError: 8.84822e-03
      Equation: "PotentialEquation"	RelError: 1.75577e-02	AbsError: 8.84822e-03
Iteration: 2
  Device: "mos_light"	RelError: 1.28317e+00	AbsError: 5.53492e+13
    Region: "bulk"	RelError: 1.28313e+00	AbsError: 5.53492e+13
      Equation: "ElectronContinuityEquation"	RelError: 2.26715e-01	AbsError: 5.35385e+13
      Equation: "HoleContinuityEquation"	RelError: 1.03802e+00	AbsError: 1.81069e+12
      Equation: "PotentialEquation"	RelError: 1.83965e-02	AbsError: 2.57857e-02
    Region: "oxide"	RelError: 4.23921e-05	AbsError: 8.43878e-08
      Equation: "PotentialEquation"	RelError: 4.23921e-05	AbsError: 8.43878e-08
Iteration: 3
  Device: "mos_light"	RelError: 2.75310e-01	AbsError: 7.08514e+14
    Region: "bulk"	RelError: 2.75097e-01	AbsError: 7.08514e+14
      Equation: "ElectronContinuityEquation"	RelError: 8.69441e-02	AbsError: 7.08231e+14
      Equation: "HoleContinuityEquation"	RelError: 1.82442e-01	AbsError: 2.82897e+11
      Equation: "PotentialEquation"	RelError: 5.71026e-03	AbsError: 9.16548e-03
    Region: "oxide"	RelError: 2.12847e-04	AbsError: 3.49360e-07
      Equation: "PotentialEquation"	RelError: 2.12847e-04	AbsError: 3.49360e-07
Iteration: 4
  Device: "mos_light"	RelError: 4.60784e-02	AbsError: 7.53224e+14
    Region: "bulk"	RelError: 4.58228e-02	AbsError: 7.53224e+14
      Equation: "ElectronContinuityEquation"	RelError: 3.56197e-02	AbsError: 7.52881e+14
      Equation: "HoleContinuityEquation"	RelError: 2.91925e-03	AbsError: 3.42526e+11
      Equation: "PotentialEquation"	RelError: 7.28384e-03	AbsError: 9.22408e-05
    Region: "oxide"	RelError: 2.55596e-04	AbsError: 4.25802e-07
      Equation: "PotentialEquation"	RelError: 2.55596e-04	AbsError: 4.25802e-07
Iteration: 5
  Device: "mos_light"	RelError: 8.02955e-05	AbsError: 3.02493e+11
    Region: "bulk"	RelError: 8.02326e-05	AbsError: 3.02493e+11
      Equation: "ElectronContinuityEquation"	RelError: 1.83931e-05	AbsError: 3.02416e+11
      Equation: "HoleContinuityEquation"	RelError: 6.13580e-05	AbsError: 7.76833e+07
      Equation: "PotentialEquation"	RelError: 4.81486e-07	AbsError: 3.45556e-08
    Region: "oxide"	RelError: 6.28910e-08	AbsError: 1.03591e-10
      Equation: "PotentialEquation"	RelError: 6.28910e-08	AbsError: 1.03591e-10
Iteration: 6
  Device: "mos_light"	RelError: 3.02553e-12	AbsError: 4.59625e+04
    Region: "bulk"	RelError: 3.01843e-12	AbsError: 4.59625e+04
      Equation: "ElectronContinuityEquation"	RelError: 2.11445e-12	AbsError: 4.59532e+04
      Equation: "HoleContinuityEquation"	RelError: 8.77923e-13	AbsError: 9.32749e+00
      Equation: "PotentialEquation"	RelError: 2.60564e-14	AbsError: 5.07741e-15
    Region: "oxide"	RelError: 7.10814e-15	AbsError: 1.16805e-17
      Equation: "PotentialEquation"	RelError: 7.10814e-15	AbsError: 1.16805e-17
number of equations 7095
Iteration: 0
  Device: "mos_light"	RelError: 1.25599e+03	AbsError: 6.76829e+16
    Region: "bulk"	RelError: 1.25528e+03	AbsError: 6.76829e+16
      Equation: "ElectronContinuityEquation"	RelError: 3.54577e+01	AbsError: 6.62865e+16
      Equation: "HoleContinuityEquation"	RelError: 9.99000e+02	AbsError: 1.39637e+15
      Equation: "PotentialEquation"	RelError: 2.20819e+02	AbsError: 4.09542e-02
    Region: "oxide"	RelError: 7.13747e-01	AbsError: 1.88236e-02
      Equation: "PotentialEquation"	RelError: 7.13747e-01	AbsError: 1.88236e-02
Iteration: 1
  Device: "mos_light"	RelError: 1.99020e+01	AbsError: 1.30802e+15
    Region: "bulk"	RelError: 1.98854e+01	AbsError: 1.30802e+15
      Equation: "ElectronContinuityEquation"	RelError: 9.03791e-01	AbsError: 1.17307e+15
      Equation: "HoleContinuityEquation"	RelError: 9.98182e-01	AbsError: 1.34955e+14
      Equation: "PotentialEquation"	RelError: 1.79834e+01	AbsError: 3.07632e-02
    Region: "oxide"	RelError: 1.66501e-02	AbsError: 8.85160e-03
      Equation: "PotentialEquation"	RelError: 1.66501e-02	AbsError: 8.85160e-03
Iteration: 2
  Device: "mos_light"	RelError: 9.52004e-01	AbsError: 5.03510e+13
    Region: "bulk"	RelError: 9.51992e-01	AbsError: 5.03510e+13
      Equation: "ElectronContinuityEquation"	RelError: 1.97805e-01	AbsError: 4.91166e+13
      Equation: "HoleContinuityEquation"	RelError: 7.37286e-01	AbsError: 1.23434e+12
      Equation: "PotentialEquation"	RelError: 1.69012e-02	AbsError: 2.57612e-02
    Region: "oxide"	RelError: 1.14405e-05	AbsError: 7.91068e-08
      Equation: "PotentialEquation"	RelError: 1.14405e-05	AbsError: 7.91068e-08
Iteration: 3
  Device: "mos_light"	RelError: 2.08031e-01	AbsError: 6.39538e+14
    Region: "bulk"	RelError: 2.07977e-01	AbsError: 6.39538e+14
      Equation: "ElectronContinuityEquation"	RelError: 7.32135e-02	AbsError: 6.39302e+14
      Equation: "HoleContinuityEquation"	RelError: 1.25739e-01	AbsError: 2.36496e+11
      Equation: "PotentialEquation"	RelError: 9.02491e-03	AbsError: 9.16547e-03
    Region: "oxide"	RelError: 5.35944e-05	AbsError: 3.05699e-07
      Equation: "PotentialEquation"	RelError: 5.35944e-05	AbsError: 3.05699e-07
Iteration: 4
  Device: "mos_light"	RelError: 5.00670e-02	AbsError: 6.80648e+14
    Region: "bulk"	RelError: 5.00019e-02	AbsError: 6.80648e+14
      Equation: "ElectronContinuityEquation"	RelError: 3.56671e-02	AbsError: 6.80358e+14
      Equation: "HoleContinuityEquation"	RelError: 3.62239e-03	AbsError: 2.89998e+11
      Equation: "PotentialEquation"	RelError: 1.07123e-02	AbsError: 8.29317e-05
    Region: "oxide"	RelError: 6.51576e-05	AbsError: 3.76960e-07
      Equation: "PotentialEquation"	RelError: 6.51576e-05	AbsError: 3.76960e-07
Iteration: 5
  Device: "mos_light"	RelError: 9.14794e-05	AbsError: 2.49606e+11
    Region: "bulk"	RelError: 9.14647e-05	AbsError: 2.49606e+11
      Equation: "ElectronContinuityEquation"	RelError: 1.70694e-05	AbsError: 2.49547e+11
      Equation: "HoleContinuityEquation"	RelError: 7.19462e-05	AbsError: 5.99727e+07
      Equation: "PotentialEquation"	RelError: 2.44913e-06	AbsError: 2.84332e-08
    Region: "oxide"	RelError: 1.46536e-08	AbsError: 8.38897e-11
      Equation: "PotentialEquation"	RelError: 1.46536e-08	AbsError: 8.38897e-11
Iteration: 6
  Device: "mos_light"	RelError: 2.25988e-12	AbsError: 3.15429e+04
    Region: "bulk"	RelError: 2.25848e-12	AbsError: 3.15429e+04
      Equation: "ElectronContinuityEquation"	RelError: 1.62261e-12	AbsError: 3.15368e+04
      Equation: "HoleContinuityEquation"	RelError: 3.97233e-13	AbsError: 6.05805e+00
      Equation: "PotentialEquation"	RelError: 2.38640e-13	AbsError: 3.48279e-15
    Region: "oxide"	RelError: 1.40571e-15	AbsError: 8.03852e-18
      Equation: "PotentialEquation"	RelError: 1.40571e-15	AbsError: 8.03852e-18
number of equations 7095
Iteration: 0
  Device: "mos_light"	RelError: 1.21828e+03	AbsError: 6.86426e+16
    Region: "bulk"	RelError: 1.21787e+03	AbsError: 6.86426e+16
      Equation: "ElectronContinuityEquation"	RelError: 8.03707e+00	AbsError: 6.72568e+16
      Equation: "HoleContinuityEquation"	RelError: 1.16960e+03	AbsError: 1.38574e+15
      Equation: "PotentialEquation"	RelError: 4.02308e+01	AbsError: 4.09542e-02
    Region: "oxide"	RelError: 4.17940e-01	AbsError: 1.88267e-02
      Equation: "PotentialEquation"	RelError: 4.17940e-01	AbsError: 1.88267e-02
Iteration: 1
  Device: "mos_light"	RelError: 4.66966e+00	AbsError: 1.30123e+15
    Region: "bulk"	RelError: 4.65383e+00	AbsError: 1.30123e+15
      Equation: "ElectronContinuityEquation"	RelError: 6.57349e-01	AbsError: 1.17919e+15
      Equation: "HoleContinuityEquation"	RelError: 9.98348e-01	AbsError: 1.22036e+14
      Equation: "PotentialEquation"	RelError: 2.99813e+00	AbsError: 3.07632e-02
    Region: "oxide"	RelError: 1.58315e-02	AbsError: 8.85468e-03
      Equation: "PotentialEquation"	RelError: 1.58315e-02	AbsError: 8.85468e-03
Iteration: 2
  Device: "mos_light"	RelError: 8.23517e-01	AbsError: 4.54476e+13
    Region: "bulk"	RelError: 8.23510e-01	AbsError: 4.54476e+13
      Equation: "ElectronContinuityEquation"	RelError: 1.72332e-01	AbsError: 4.47703e+13
      Equation: "HoleContinuityEquation"	RelError: 6.35549e-01	AbsError: 6.77321e+11
      Equation: "PotentialEquation"	RelError: 1.56298e-02	AbsError: 2.57395e-02
    Region: "oxide"	RelError: 6.37295e-06	AbsError: 7.41572e-08
      Equation: "PotentialEquation"	RelError: 6.37295e-06	AbsError: 7.41572e-08
Iteration: 3
  Device: "mos_light"	RelError: 1.45390e-01	AbsError: 5.75168e+14
    Region: "bulk"	RelError: 1.45362e-01	AbsError: 5.75168e+14
      Equation: "ElectronContinuityEquation"	RelError: 6.18507e-02	AbsError: 5.74971e+14
      Equation: "HoleContinuityEquation"	RelError: 7.90717e-02	AbsError: 1.97111e+11
      Equation: "PotentialEquation"	RelError: 4.43992e-03	AbsError: 9.16545e-03
    Region: "oxide"	RelError: 2.73486e-05	AbsError: 2.66253e-07
      Equation: "PotentialEquation"	RelError: 2.73486e-05	AbsError: 2.66253e-07
Iteration: 4
  Device: "mos_light"	RelError: 4.14984e-02	AbsError: 6.12729e+14
    Region: "bulk"	RelError: 4.14647e-02	AbsError: 6.12729e+14
      Equation: "ElectronContinuityEquation"	RelError: 3.54495e-02	AbsError: 6.12482e+14
      Equation: "HoleContinuityEquation"	RelError: 4.20962e-03	AbsError: 2.47132e+11
      Equation: "PotentialEquation"	RelError: 1.80552e-03	AbsError: 7.43156e-05
    Region: "oxide"	RelError: 3.37673e-05	AbsError: 3.33457e-07
      Equation: "PotentialEquation"	RelError: 3.37673e-05	AbsError: 3.33457e-07
Iteration: 5
  Device: "mos_light"	RelError: 1.09920e-04	AbsError: 2.03662e+11
    Region: "bulk"	RelError: 1.09913e-04	AbsError: 2.03662e+11
      Equation: "ElectronContinuityEquation"	RelError: 1.56376e-05	AbsError: 2.03615e+11
      Equation: "HoleContinuityEquation"	RelError: 9.39013e-05	AbsError: 4.66844e+07
      Equation: "PotentialEquation"	RelError: 3.74566e-07	AbsError: 2.31439e-08
    Region: "oxide"	RelError: 6.89104e-09	AbsError: 6.73702e-11
      Equation: "PotentialEquation"	RelError: 6.89104e-09	AbsError: 6.73702e-11
Iteration: 6
  Device: "mos_light"	RelError: 1.63529e-12	AbsError: 2.11007e+04
    Region: "bulk"	RelError: 1.63474e-12	AbsError: 2.11007e+04
      Equation: "ElectronContinuityEquation"	RelError: 1.21631e-12	AbsError: 2.10968e+04
      Equation: "HoleContinuityEquation"	RelError: 3.87650e-13	AbsError: 3.93425e+00
      Equation: "PotentialEquation"	RelError: 3.07741e-14	AbsError: 2.32950e-15
    Region: "oxide"	RelError: 5.53355e-16	AbsError: 5.41179e-18
      Equation: "PotentialEquation"	RelError: 5.53355e-16	AbsError: 5.41179e-18
number of equations 7095
Iteration: 0
  Device: "mos_light"	RelError: 1.31144e+03	AbsError: 6.96081e+16
    Region: "bulk"	RelError: 1.31114e+03	AbsError: 6.96081e+16
      Equation: "ElectronContinuityEquation"	RelError: 4.32178e+00	AbsError: 6.82373e+16
      Equation: "HoleContinuityEquation"	RelError: 9.99000e+02	AbsError: 1.37081e+15
      Equation: "PotentialEquation"	RelError: 3.07820e+02	AbsError: 4.09542e-02
    Region: "oxide"	RelError: 2.96183e-01	AbsError: 1.88296e-02
      Equation: "PotentialEquation"	RelError: 2.96183e-01	AbsError: 1.88296e-02
Iteration: 1
  Device: "mos_light"	RelError: 2.78469e+00	AbsError: 1.28911e+15
    Region: "bulk"	RelError: 2.76961e+00	AbsError: 1.28911e+15
      Equation: "ElectronContinuityEquation"	RelError: 4.82401e-01	AbsError: 1.18312e+15
      Equation: "HoleContinuityEquation"	RelError: 9.98058e-01	AbsError: 1.05986e+14
      Equation: "PotentialEquation"	RelError: 1.28915e+00	AbsError: 3.07632e-02
    Region: "oxide"	RelError: 1.50896e-02	AbsError: 8.85749e-03
      Equation: "PotentialEquation"	RelError: 1.50896e-02	AbsError: 8.85749e-03
Iteration: 2
  Device: "mos_light"	RelError: 7.50002e-01	AbsError: 4.20803e+13
    Region: "bulk"	RelError: 7.49998e-01	AbsError: 4.20803e+13
      Equation: "ElectronContinuityEquation"	RelError: 1.48954e-01	AbsError: 4.07314e+13
      Equation: "HoleContinuityEquation"	RelError: 5.86518e-01	AbsError: 1.34887e+12
      Equation: "PotentialEquation"	RelError: 1.45253e-02	AbsError: 2.57205e-02
    Region: "oxide"	RelError: 4.32110e-06	AbsError: 7.08507e-08
      Equation: "PotentialEquation"	RelError: 4.32110e-06	AbsError: 7.08507e-08
Iteration: 3
  Device: "mos_light"	RelError: 1.03093e-01	AbsError: 5.15546e+14
    Region: "bulk"	RelError: 1.03074e-01	AbsError: 5.15546e+14
      Equation: "ElectronContinuityEquation"	RelError: 5.16796e-02	AbsError: 5.15382e+14
      Equation: "HoleContinuityEquation"	RelError: 3.78905e-02	AbsError: 1.64206e+11
      Equation: "PotentialEquation"	RelError: 1.35041e-02	AbsError: 9.16544e-03
    Region: "oxide"	RelError: 1.84001e-05	AbsError: 2.30741e-07
      Equation: "PotentialEquation"	RelError: 1.84001e-05	AbsError: 2.30741e-07
Iteration: 4
  Device: "mos_light"	RelError: 5.68052e-02	AbsError: 5.49675e+14
    Region: "bulk"	RelError: 5.67822e-02	AbsError: 5.49675e+14
      Equation: "ElectronContinuityEquation"	RelError: 3.47294e-02	AbsError: 5.49463e+14
      Equation: "HoleContinuityEquation"	RelError: 4.98936e-03	AbsError: 2.11453e+11
      Equation: "PotentialEquation"	RelError: 1.70635e-02	AbsError: 6.63931e-05
    Region: "oxide"	RelError: 2.30636e-05	AbsError: 2.94790e-07
      Equation: "PotentialEquation"	RelError: 2.30636e-05	AbsError: 2.94790e-07
Iteration: 5
  Device: "mos_light"	RelError: 1.39056e-04	AbsError: 1.64494e+11
    Region: "bulk"	RelError: 1.39052e-04	AbsError: 1.64494e+11
      Equation: "ElectronContinuityEquation"	RelError: 1.40567e-05	AbsError: 1.64458e+11
      Equation: "HoleContinuityEquation"	RelError: 1.21861e-04	AbsError: 3.51954e+07
      Equation: "PotentialEquation"	RelError: 3.13403e-06	AbsError: 1.86554e-08
    Region: "oxide"	RelError: 4.25722e-09	AbsError: 5.37910e-11
      Equation: "PotentialEquation"	RelError: 4.25722e-09	AbsError: 5.37910e-11
Iteration: 6
  Device: "mos_light"	RelError: 1.48495e-12	AbsError: 1.37941e+04
    Region: "bulk"	RelError: 1.48467e-12	AbsError: 1.37941e+04
      Equation: "ElectronContinuityEquation"	RelError: 8.86267e-13	AbsError: 1.37916e+04
      Equation: "HoleContinuityEquation"	RelError: 3.83969e-13	AbsError: 2.45477e+00
      Equation: "PotentialEquation"	RelError: 2.14433e-13	AbsError: 1.52304e-15
    Region: "oxide"	RelError: 2.82557e-16	AbsError: 3.56949e-18
      Equation: "PotentialEquation"	RelError: 2.82557e-16	AbsError: 3.56949e-18
number of equations 7095
Iteration: 0
  Device: "mos_light"	RelError: 1.00948e+03	AbsError: 7.05308e+16
    Region: "bulk"	RelError: 1.00908e+03	AbsError: 7.05308e+16
      Equation: "ElectronContinuityEquation"	RelError: 2.82311e+00	AbsError: 6.92224e+16
      Equation: "HoleContinuityEquation"	RelError: 9.99000e+02	AbsError: 1.30832e+15
      Equation: "PotentialEquation"	RelError: 7.25424e+00	AbsError: 4.09542e-02
    Region: "oxide"	RelError: 4.06553e-01	AbsError: 1.88322e-02
      Equation: "PotentialEquation"	RelError: 4.06553e-01	AbsError: 1.88322e-02
Iteration: 1
  Device: "mos_light"	RelError: 1.95731e+00	AbsError: 1.27963e+15
    Region: "bulk"	RelError: 1.94290e+00	AbsError: 1.27963e+15
      Equation: "ElectronContinuityEquation"	RelError: 3.56020e-01	AbsError: 1.18462e+15
      Equation: "HoleContinuityEquation"	RelError: 9.98052e-01	AbsError: 9.50105e+13
      Equation: "PotentialEquation"	RelError: 5.88828e-01	AbsError: 3.07632e-02
    Region: "oxide"	RelError: 1.44139e-02	AbsError: 8.86002e-03
      Equation: "PotentialEquation"	RelError: 1.44139e-02	AbsError: 8.86002e-03
Iteration: 2
  Device: "mos_light"	RelError: 6.35788e-01	AbsError: 3.85260e+13
    Region: "bulk"	RelError: 6.35782e-01	AbsError: 3.85260e+13
      Equation: "ElectronContinuityEquation"	RelError: 1.27590e-01	AbsError: 3.76995e+13
      Equation: "HoleContinuityEquation"	RelError: 4.94639e-01	AbsError: 8.26486e+11
      Equation: "PotentialEquation"	RelError: 1.35525e-02	AbsError: 2.57036e-02
    Region: "oxide"	RelError: 6.02602e-06	AbsError: 6.83938e-08
      Equation: "PotentialEquation"	RelError: 6.02602e-06	AbsError: 6.83938e-08
Iteration: 3
  Device: "mos_light"	RelError: 5.70137e-02	AbsError: 4.60691e+14
    Region: "bulk"	RelError: 5.69911e-02	AbsError: 4.60691e+14
      Equation: "ElectronContinuityEquation"	RelError: 4.24383e-02	AbsError: 4.60555e+14
      Equation: "HoleContinuityEquation"	RelError: 1.05246e-02	AbsError: 1.36694e+11
      Equation: "PotentialEquation"	RelError: 4.02816e-03	AbsError: 9.16543e-03
    Region: "oxide"	RelError: 2.26569e-05	AbsError: 1.98863e-07
      Equation: "PotentialEquation"	RelError: 2.26569e-05	AbsError: 1.98863e-07
Iteration: 4
  Device: "mos_light"	RelError: 4.03195e-02	AbsError: 4.91547e+14
    Region: "bulk"	RelError: 4.02905e-02	AbsError: 4.91547e+14
      Equation: "ElectronContinuityEquation"	RelError: 3.30923e-02	AbsError: 4.91368e+14
      Equation: "HoleContinuityEquation"	RelError: 6.28900e-03	AbsError: 1.78833e+11
      Equation: "PotentialEquation"	RelError: 9.09172e-04	AbsError: 5.91512e-05
    Region: "oxide"	RelError: 2.90287e-05	AbsError: 2.60605e-07
      Equation: "PotentialEquation"	RelError: 2.90287e-05	AbsError: 2.60605e-07
Iteration: 5
  Device: "mos_light"	RelError: 1.64847e-04	AbsError: 1.31648e+11
    Region: "bulk"	RelError: 1.64843e-04	AbsError: 1.31648e+11
      Equation: "ElectronContinuityEquation"	RelError: 1.22638e-05	AbsError: 1.31621e+11
      Equation: "HoleContinuityEquation"	RelError: 1.52427e-04	AbsError: 2.71554e+07
      Equation: "PotentialEquation"	RelError: 1.52086e-07	AbsError: 1.49054e-08
    Region: "oxide"	RelError: 4.80165e-09	AbsError: 4.26571e-11
      Equation: "PotentialEquation"	RelError: 4.80165e-09	AbsError: 4.26571e-11
Iteration: 6
  Device: "mos_light"	RelError: 9.96218e-13	AbsError: 8.83286e+03
    Region: "bulk"	RelError: 9.95958e-13	AbsError: 8.83286e+03
      Equation: "ElectronContinuityEquation"	RelError: 6.21540e-13	AbsError: 8.83134e+03
      Equation: "HoleContinuityEquation"	RelError: 3.66132e-13	AbsError: 1.51981e+00
      Equation: "PotentialEquation"	RelError: 8.28608e-15	AbsError: 9.75547e-16
    Region: "oxide"	RelError: 2.59976e-16	AbsError: 2.31048e-18
      Equation: "PotentialEquation"	RelError: 2.59976e-16	AbsError: 2.31048e-18
number of equations 7095
Iteration: 0
  Device: "mos_light"	RelError: 1.07226e+03	AbsError: 7.14276e+16
    Region: "bulk"	RelError: 1.07156e+03	AbsError: 7.14276e+16
      Equation: "ElectronContinuityEquation"	RelError: 1.98160e+00	AbsError: 7.02055e+16
      Equation: "HoleContinuityEquation"	RelError: 9.99000e+02	AbsError: 1.22203e+15
      Equation: "PotentialEquation"	RelError: 7.05793e+01	AbsError: 4.09542e-02
    Region: "oxide"	RelError: 7.00455e-01	AbsError: 1.88346e-02
      Equation: "PotentialEquation"	RelError: 7.00455e-01	AbsError: 1.88346e-02
Iteration: 1
  Device: "mos_light"	RelError: 2.74072e+01	AbsError: 1.26967e+15
    Region: "bulk"	RelError: 2.73934e+01	AbsError: 1.26967e+15
      Equation: "ElectronContinuityEquation"	RelError: 2.62187e-01	AbsError: 1.18356e+15
      Equation: "HoleContinuityEquation"	RelError: 9.98222e-01	AbsError: 8.61129e+13
      Equation: "PotentialEquation"	RelError: 2.61330e+01	AbsError: 3.07632e-02
    Region: "oxide"	RelError: 1.37960e-02	AbsError: 8.86230e-03
      Equation: "PotentialEquation"	RelError: 1.37960e-02	AbsError: 8.86230e-03
Iteration: 2
  Device: "mos_light"	RelError: 5.30461e-01	AbsError: 3.56073e+13
    Region: "bulk"	RelError: 5.30451e-01	AbsError: 3.56073e+13
      Equation: "ElectronContinuityEquation"	RelError: 1.07340e-01	AbsError: 3.50999e+13
      Equation: "HoleContinuityEquation"	RelError: 4.10424e-01	AbsError: 5.07433e+11
      Equation: "PotentialEquation"	RelError: 1.26873e-02	AbsError: 2.56886e-02
    Region: "oxide"	RelError: 1.02005e-05	AbsError: 6.69257e-08
      Equation: "PotentialEquation"	RelError: 1.02005e-05	AbsError: 6.69257e-08
Iteration: 3
  Device: "mos_light"	RelError: 4.44472e-02	AbsError: 4.10526e+14
    Region: "bulk"	RelError: 4.44136e-02	AbsError: 4.10526e+14
      Equation: "ElectronContinuityEquation"	RelError: 3.39941e-02	AbsError: 4.10411e+14
      Equation: "HoleContinuityEquation"	RelError: 5.52228e-03	AbsError: 1.14600e+11
      Equation: "PotentialEquation"	RelError: 4.89718e-03	AbsError: 9.16542e-03
    Region: "oxide"	RelError: 3.35776e-05	AbsError: 1.70314e-07
      Equation: "PotentialEquation"	RelError: 3.35776e-05	AbsError: 1.70314e-07
Iteration: 4
  Device: "mos_light"	RelError: 4.50434e-02	AbsError: 4.38302e+14
    Region: "bulk"	RelError: 4.49992e-02	AbsError: 4.38302e+14
      Equation: "ElectronContinuityEquation"	RelError: 2.99664e-02	AbsError: 4.38149e+14
      Equation: "HoleContinuityEquation"	RelError: 7.67757e-03	AbsError: 1.53209e+11
      Equation: "PotentialEquation"	RelError: 7.35525e-03	AbsError: 5.25664e-05
    Region: "oxide"	RelError: 4.41726e-05	AbsError: 2.30518e-07
      Equation: "PotentialEquation"	RelError: 4.41726e-05	AbsError: 2.30518e-07
Iteration: 5
  Device: "mos_light"	RelError: 1.93091e-04	AbsError: 1.04497e+11
    Region: "bulk"	RelError: 1.93084e-04	AbsError: 1.04497e+11
      Equation: "ElectronContinuityEquation"	RelError: 1.02025e-05	AbsError: 1.04476e+11
      Equation: "HoleContinuityEquation"	RelError: 1.82384e-04	AbsError: 2.04762e+07
      Equation: "PotentialEquation"	RelError: 4.97915e-07	AbsError: 1.18150e-08
    Region: "oxide"	RelError: 6.51178e-09	AbsError: 3.36196e-11
      Equation: "PotentialEquation"	RelError: 6.51178e-09	AbsError: 3.36196e-11
Iteration: 6
  Device: "mos_light"	RelError: 7.68027e-13	AbsError: 5.55186e+03
    Region: "bulk"	RelError: 7.67743e-13	AbsError: 5.55186e+03
      Equation: "ElectronContinuityEquation"	RelError: 4.12529e-13	AbsError: 5.55093e+03
      Equation: "HoleContinuityEquation"	RelError: 3.33472e-13	AbsError: 9.24991e-01
      Equation: "PotentialEquation"	RelError: 2.17419e-14	AbsError: 6.13434e-16
    Region: "oxide"	RelError: 2.84325e-16	AbsError: 1.47023e-18
      Equation: "PotentialEquation"	RelError: 2.84325e-16	AbsError: 1.47023e-18
number of equations 7095
Iteration: 0
  Device: "mos_light"	RelError: 1.02392e+03	AbsError: 7.23332e+16
    Region: "bulk"	RelError: 1.02147e+03	AbsError: 7.23332e+16
      Equation: "ElectronContinuityEquation"	RelError: 1.42005e+00	AbsError: 7.11782e+16
      Equation: "HoleContinuityEquation"	RelError: 9.99000e+02	AbsError: 1.15493e+15
      Equation: "PotentialEquation"	RelError: 2.10547e+01	AbsError: 4.09542e-02
    Region: "oxide"	RelError: 2.45013e+00	AbsError: 1.88367e-02
      Equation: "PotentialEquation"	RelError: 2.45013e+00	AbsError: 1.88367e-02
Iteration: 1
  Device: "mos_light"	RelError: 2.65283e+01	AbsError: 1.25877e+15
    Region: "bulk"	RelError: 2.65151e+01	AbsError: 1.25877e+15
      Equation: "ElectronContinuityEquation"	RelError: 2.28575e-01	AbsError: 1.17972e+15
      Equation: "HoleContinuityEquation"	RelError: 9.98155e-01	AbsError: 7.90543e+13
      Equation: "PotentialEquation"	RelError: 2.52884e+01	AbsError: 3.07632e-02
    Region: "oxide"	RelError: 1.32287e-02	AbsError: 8.86434e-03
      Equation: "PotentialEquation"	RelError: 1.32287e-02	AbsError: 8.86434e-03
Iteration: 2
  Device: "mos_light"	RelError: 4.72257e-01	AbsError: 3.28488e+13
    Region: "bulk"	RelError: 4.72222e-01	AbsError: 3.28488e+13
      Equation: "ElectronContinuityEquation"	RelError: 8.62702e-02	AbsError: 3.25526e+13
      Equation: "HoleContinuityEquation"	RelError: 3.74038e-01	AbsError: 2.96190e+11
      Equation: "PotentialEquation"	RelError: 1.19133e-02	AbsError: 2.56752e-02
    Region: "oxide"	RelError: 3.51825e-05	AbsError: 6.54173e-08
      Equation: "PotentialEquation"	RelError: 3.51825e-05	AbsError: 6.54173e-08
Iteration: 3
  Device: "mos_light"	RelError: 3.71857e-02	AbsError: 3.64891e+14
    Region: "bulk"	RelError: 3.70845e-02	AbsError: 3.64891e+14
      Equation: "ElectronContinuityEquation"	RelError: 2.61687e-02	AbsError: 3.64796e+14
      Equation: "HoleContinuityEquation"	RelError: 6.48834e-03	AbsError: 9.46572e+10
      Equation: "PotentialEquation"	RelError: 4.42747e-03	AbsError: 9.16541e-03
    Region: "oxide"	RelError: 1.01148e-04	AbsError: 1.44799e-07
      Equation: "PotentialEquation"	RelError: 1.01148e-04	AbsError: 1.44799e-07
Iteration: 4
  Device: "mos_light"	RelError: 4.42126e-02	AbsError: 3.89800e+14
    Region: "bulk"	RelError: 4.40752e-02	AbsError: 3.89800e+14
      Equation: "ElectronContinuityEquation"	RelError: 2.79848e-02	AbsError: 3.89671e+14
      Equation: "HoleContinuityEquation"	RelError: 9.01795e-03	AbsError: 1.28889e+11
      Equation: "PotentialEquation"	RelError: 7.07246e-03	AbsError: 4.66076e-05
    Region: "oxide"	RelError: 1.37364e-04	AbsError: 2.03869e-07
      Equation: "PotentialEquation"	RelError: 1.37364e-04	AbsError: 2.03869e-07
Iteration: 5
  Device: "mos_light"	RelError: 2.16611e-04	AbsError: 8.23332e+10
    Region: "bulk"	RelError: 2.16593e-04	AbsError: 8.23332e+10
      Equation: "ElectronContinuityEquation"	RelError: 9.06777e-06	AbsError: 8.23178e+10
      Equation: "HoleContinuityEquation"	RelError: 2.07095e-04	AbsError: 1.53808e+07
      Equation: "PotentialEquation"	RelError: 4.30028e-07	AbsError: 9.29853e-09
    Region: "oxide"	RelError: 1.79544e-08	AbsError: 2.63497e-11
      Equation: "PotentialEquation"	RelError: 1.79544e-08	AbsError: 2.63497e-11
Iteration: 6
  Device: "mos_light"	RelError: 6.36236e-13	AbsError: 3.43193e+03
    Region: "bulk"	RelError: 6.35611e-13	AbsError: 3.43193e+03
      Equation: "ElectronContinuityEquation"	RelError: 2.53125e-13	AbsError: 3.43138e+03
      Equation: "HoleContinuityEquation"	RelError: 3.69698e-13	AbsError: 5.48188e-01
      Equation: "PotentialEquation"	RelError: 1.27876e-14	AbsError: 3.79391e-16
    Region: "oxide"	RelError: 6.25582e-16	AbsError: 9.20619e-19
      Equation: "PotentialEquation"	RelError: 6.25582e-16	AbsError: 9.20619e-19
number of equations 7095
Iteration: 0
  Device: "mos_light"	RelError: 1.09064e-21	AbsError: 3.60754e-11
    Region: "bulk"	RelError: 1.09064e-21	AbsError: 3.60754e-11
      Equation: "ElectronContinuityEquation"	RelError: 1.09064e-21	AbsError: 3.60624e-11
      Equation: "HoleContinuityEquation"	RelError: 9.27488e-28	AbsError: 1.30004e-14
      Equation: "PotentialEquation"	RelError: 2.71656e-28	AbsError: 9.45034e-30
    Region: "oxide"	RelError: 2.67883e-29	AbsError: 5.93803e-32
      Equation: "PotentialEquation"	RelError: 2.67883e-29	AbsError: 5.93803e-32
PROBE_RESULT={"status": "OK", "Vg_V": 0.0, "Id_A_per_um": 1.0375525641108488e-11, "Is_A_per_um": -7.945077479306916e-12, "Ib_A_per_um": -2.4304481618015713e-12, "current_balance_A_per_um": 4.0389678347315804e-28, "relative_current_balance": 3.8927838207338e-17}
